/usr/local/lib/python3.11/dist-packages/torch_frame/data/mapper.py:105: UserWarning: The given NumPy array is not writable, and PyTorch does not support non-writable tensors. This means writing to this tensor will result in undefined behavior. You may want to copy the array to protect its data or make it writable before converting it to a tensor. This type of warning will be suppressed for the rest of this program. (Triggered internally at /pytorch/torch/csrc/utils/tensor_numpy.cpp:203.)
  index = torch.from_numpy(index).to(device)

== cv tffm ==
  out:   ./runs/sweep/tffm_base
  cv     n_splits=5 n_repeats=5 quick=False
  model  seed=42 device=cuda epochs=50 batch_size=256 lr=0.0001 weight_decay=1e-05 early_stop_patience=10 channels=128 num_layers=3
  data   data_dir=./data/facebook-recruiting-iv-human-or-bot runs_dir=./runs cache_dir=./runs/cache

    [tffm] epoch 01/50: train_loss=1.1835 val_auc=0.8381 best=0.8381 patience=0/10 *
    [tffm] epoch 02/50: train_loss=1.0403 val_auc=0.8507 best=0.8507 patience=0/10 *
    [tffm] epoch 03/50: train_loss=0.9135 val_auc=0.8560 best=0.8560 patience=0/10 *
    [tffm] epoch 04/50: train_loss=0.8470 val_auc=0.8730 best=0.8730 patience=0/10 *
    [tffm] epoch 05/50: train_loss=0.8287 val_auc=0.8803 best=0.8803 patience=0/10 *
    [tffm] epoch 06/50: train_loss=0.8356 val_auc=0.8833 best=0.8833 patience=0/10 *
    [tffm] epoch 07/50: train_loss=0.7824 val_auc=0.8844 best=0.8844 patience=0/10 *
    [tffm] epoch 08/50: train_loss=0.8280 val_auc=0.8858 best=0.8858 patience=0/10 *
    [tffm] epoch 09/50: train_loss=0.7828 val_auc=0.8944 best=0.8944 patience=0/10 *
    [tffm] epoch 10/50: train_loss=0.7288 val_auc=0.8918 best=0.8944 patience=1/10
    [tffm] epoch 11/50: train_loss=0.7120 val_auc=0.8884 best=0.8944 patience=2/10
    [tffm] epoch 12/50: train_loss=0.6971 val_auc=0.8871 best=0.8944 patience=3/10
    [tffm] epoch 13/50: train_loss=0.7001 val_auc=0.8883 best=0.8944 patience=4/10
    [tffm] epoch 14/50: train_loss=0.6901 val_auc=0.8902 best=0.8944 patience=5/10
    [tffm] epoch 15/50: train_loss=0.7527 val_auc=0.8902 best=0.8944 patience=6/10
    [tffm] epoch 16/50: train_loss=0.7068 val_auc=0.8884 best=0.8944 patience=7/10
    [tffm] epoch 17/50: train_loss=0.6991 val_auc=0.8883 best=0.8944 patience=8/10
    [tffm] epoch 18/50: train_loss=0.6602 val_auc=0.8910 best=0.8944 patience=9/10
    [tffm] epoch 19/50: train_loss=0.6427 val_auc=0.8831 best=0.8944 patience=10/10
    [tffm] early stop at epoch 19
  [tffm] fold 1/25: AUC=0.8944
    [tffm] epoch 01/50: train_loss=1.2039 val_auc=0.8887 best=0.8887 patience=0/10 *
    [tffm] epoch 02/50: train_loss=1.0622 val_auc=0.8932 best=0.8932 patience=0/10 *
    [tffm] epoch 03/50: train_loss=0.9164 val_auc=0.8943 best=0.8943 patience=0/10 *
    [tffm] epoch 04/50: train_loss=0.8711 val_auc=0.9013 best=0.9013 patience=0/10 *
    [tffm] epoch 05/50: train_loss=0.8237 val_auc=0.9051 best=0.9051 patience=0/10 *
    [tffm] epoch 06/50: train_loss=0.7794 val_auc=0.9080 best=0.9080 patience=0/10 *
    [tffm] epoch 07/50: train_loss=0.9085 val_auc=0.9084 best=0.9084 patience=0/10 *
    [tffm] epoch 08/50: train_loss=0.7950 val_auc=0.9092 best=0.9092 patience=0/10 *
    [tffm] epoch 09/50: train_loss=0.7740 val_auc=0.9147 best=0.9147 patience=0/10 *
    [tffm] epoch 10/50: train_loss=0.7720 val_auc=0.9157 best=0.9157 patience=0/10 *
    [tffm] epoch 11/50: train_loss=0.7663 val_auc=0.9185 best=0.9185 patience=0/10 *
    [tffm] epoch 12/50: train_loss=0.8174 val_auc=0.9208 best=0.9208 patience=0/10 *
    [tffm] epoch 13/50: train_loss=0.7495 val_auc=0.9162 best=0.9208 patience=1/10
    [tffm] epoch 14/50: train_loss=0.7110 val_auc=0.9202 best=0.9208 patience=2/10
    [tffm] epoch 15/50: train_loss=0.8210 val_auc=0.9188 best=0.9208 patience=3/10
    [tffm] epoch 16/50: train_loss=0.6735 val_auc=0.9288 best=0.9288 patience=0/10 *
    [tffm] epoch 17/50: train_loss=0.8176 val_auc=0.9323 best=0.9323 patience=0/10 *
    [tffm] epoch 18/50: train_loss=0.7077 val_auc=0.9217 best=0.9323 patience=1/10
    [tffm] epoch 19/50: train_loss=0.7145 val_auc=0.9334 best=0.9334 patience=0/10 *
    [tffm] epoch 20/50: train_loss=0.6965 val_auc=0.9207 best=0.9334 patience=1/10
    [tffm] epoch 21/50: train_loss=0.6938 val_auc=0.9250 best=0.9334 patience=2/10
    [tffm] epoch 22/50: train_loss=0.7024 val_auc=0.9262 best=0.9334 patience=3/10
    [tffm] epoch 23/50: train_loss=0.7251 val_auc=0.9287 best=0.9334 patience=4/10
    [tffm] epoch 24/50: train_loss=0.6177 val_auc=0.9338 best=0.9338 patience=0/10 *
    [tffm] epoch 25/50: train_loss=0.6360 val_auc=0.9346 best=0.9346 patience=0/10 *
    [tffm] epoch 26/50: train_loss=0.6332 val_auc=0.9331 best=0.9346 patience=1/10
    [tffm] epoch 27/50: train_loss=0.6158 val_auc=0.9336 best=0.9346 patience=2/10
    [tffm] epoch 28/50: train_loss=0.6705 val_auc=0.9319 best=0.9346 patience=3/10
    [tffm] epoch 29/50: train_loss=0.7129 val_auc=0.9245 best=0.9346 patience=4/10
    [tffm] epoch 30/50: train_loss=0.6620 val_auc=0.9382 best=0.9382 patience=0/10 *
    [tffm] epoch 31/50: train_loss=0.6431 val_auc=0.9257 best=0.9382 patience=1/10
    [tffm] epoch 32/50: train_loss=0.7468 val_auc=0.9379 best=0.9382 patience=2/10
    [tffm] epoch 33/50: train_loss=0.6671 val_auc=0.9299 best=0.9382 patience=3/10
    [tffm] epoch 34/50: train_loss=0.5955 val_auc=0.9373 best=0.9382 patience=4/10
    [tffm] epoch 35/50: train_loss=0.5985 val_auc=0.9336 best=0.9382 patience=5/10
    [tffm] epoch 36/50: train_loss=0.6131 val_auc=0.9397 best=0.9397 patience=0/10 *
    [tffm] epoch 37/50: train_loss=0.5862 val_auc=0.9358 best=0.9397 patience=1/10
    [tffm] epoch 38/50: train_loss=0.7022 val_auc=0.9403 best=0.9403 patience=0/10 *
    [tffm] epoch 39/50: train_loss=0.5518 val_auc=0.9268 best=0.9403 patience=1/10
    [tffm] epoch 40/50: train_loss=0.6359 val_auc=0.9328 best=0.9403 patience=2/10
    [tffm] epoch 41/50: train_loss=0.5628 val_auc=0.9362 best=0.9403 patience=3/10
    [tffm] epoch 42/50: train_loss=0.5645 val_auc=0.9392 best=0.9403 patience=4/10
    [tffm] epoch 43/50: train_loss=0.5370 val_auc=0.9380 best=0.9403 patience=5/10
    [tffm] epoch 44/50: train_loss=0.5857 val_auc=0.9307 best=0.9403 patience=6/10
    [tffm] epoch 45/50: train_loss=0.6773 val_auc=0.9377 best=0.9403 patience=7/10
    [tffm] epoch 46/50: train_loss=0.5699 val_auc=0.9418 best=0.9418 patience=0/10 *
    [tffm] epoch 47/50: train_loss=0.5706 val_auc=0.9322 best=0.9418 patience=1/10
    [tffm] epoch 48/50: train_loss=0.5356 val_auc=0.9387 best=0.9418 patience=2/10
    [tffm] epoch 49/50: train_loss=0.5580 val_auc=0.9424 best=0.9424 patience=0/10 *
    [tffm] epoch 50/50: train_loss=0.5673 val_auc=0.9382 best=0.9424 patience=1/10
  [tffm] fold 2/25: AUC=0.9424
    [tffm] epoch 01/50: train_loss=1.1807 val_auc=0.8640 best=0.8640 patience=0/10 *
    [tffm] epoch 02/50: train_loss=0.9992 val_auc=0.8665 best=0.8665 patience=0/10 *
    [tffm] epoch 03/50: train_loss=0.9414 val_auc=0.8631 best=0.8665 patience=1/10
    [tffm] epoch 04/50: train_loss=0.8764 val_auc=0.8741 best=0.8741 patience=0/10 *
    [tffm] epoch 05/50: train_loss=0.8623 val_auc=0.8807 best=0.8807 patience=0/10 *
    [tffm] epoch 06/50: train_loss=0.7499 val_auc=0.8846 best=0.8846 patience=0/10 *
    [tffm] epoch 07/50: train_loss=0.8055 val_auc=0.8806 best=0.8846 patience=1/10
    [tffm] epoch 08/50: train_loss=0.8356 val_auc=0.8811 best=0.8846 patience=2/10
    [tffm] epoch 09/50: train_loss=0.8035 val_auc=0.8790 best=0.8846 patience=3/10
    [tffm] epoch 10/50: train_loss=0.7283 val_auc=0.8787 best=0.8846 patience=4/10
    [tffm] epoch 11/50: train_loss=0.7295 val_auc=0.8687 best=0.8846 patience=5/10
    [tffm] epoch 12/50: train_loss=0.6930 val_auc=0.8644 best=0.8846 patience=6/10
    [tffm] epoch 13/50: train_loss=0.7093 val_auc=0.8686 best=0.8846 patience=7/10
    [tffm] epoch 14/50: train_loss=0.7272 val_auc=0.8550 best=0.8846 patience=8/10
    [tffm] epoch 15/50: train_loss=0.6963 val_auc=0.8659 best=0.8846 patience=9/10
    [tffm] epoch 16/50: train_loss=0.7512 val_auc=0.8548 best=0.8846 patience=10/10
    [tffm] early stop at epoch 16
  [tffm] fold 3/25: AUC=0.8846
    [tffm] epoch 01/50: train_loss=1.2186 val_auc=0.8131 best=0.8131 patience=0/10 *
    [tffm] epoch 02/50: train_loss=1.0431 val_auc=0.8246 best=0.8246 patience=0/10 *
    [tffm] epoch 03/50: train_loss=0.8927 val_auc=0.8213 best=0.8246 patience=1/10
    [tffm] epoch 04/50: train_loss=0.8444 val_auc=0.8209 best=0.8246 patience=2/10
    [tffm] epoch 05/50: train_loss=0.8379 val_auc=0.8226 best=0.8246 patience=3/10
    [tffm] epoch 06/50: train_loss=0.7478 val_auc=0.8236 best=0.8246 patience=4/10
    [tffm] epoch 07/50: train_loss=0.8008 val_auc=0.8376 best=0.8376 patience=0/10 *
    [tffm] epoch 08/50: train_loss=0.7374 val_auc=0.8433 best=0.8433 patience=0/10 *
    [tffm] epoch 09/50: train_loss=0.7791 val_auc=0.8455 best=0.8455 patience=0/10 *
    [tffm] epoch 10/50: train_loss=0.6963 val_auc=0.8522 best=0.8522 patience=0/10 *
    [tffm] epoch 11/50: train_loss=0.7038 val_auc=0.8525 best=0.8525 patience=0/10 *
    [tffm] epoch 12/50: train_loss=0.6707 val_auc=0.8480 best=0.8525 patience=1/10
    [tffm] epoch 13/50: train_loss=0.6590 val_auc=0.8476 best=0.8525 patience=2/10
    [tffm] epoch 14/50: train_loss=0.6787 val_auc=0.8520 best=0.8525 patience=3/10
    [tffm] epoch 15/50: train_loss=0.7493 val_auc=0.8416 best=0.8525 patience=4/10
    [tffm] epoch 16/50: train_loss=0.6629 val_auc=0.8517 best=0.8525 patience=5/10
    [tffm] epoch 17/50: train_loss=0.6544 val_auc=0.8084 best=0.8525 patience=6/10
    [tffm] epoch 18/50: train_loss=0.6581 val_auc=0.8577 best=0.8577 patience=0/10 *
    [tffm] epoch 19/50: train_loss=0.6400 val_auc=0.8581 best=0.8581 patience=0/10 *
    [tffm] epoch 20/50: train_loss=0.6399 val_auc=0.8524 best=0.8581 patience=1/10
    [tffm] epoch 21/50: train_loss=0.6128 val_auc=0.8465 best=0.8581 patience=2/10
    [tffm] epoch 22/50: train_loss=0.6486 val_auc=0.8555 best=0.8581 patience=3/10
    [tffm] epoch 23/50: train_loss=0.6323 val_auc=0.8610 best=0.8610 patience=0/10 *
    [tffm] epoch 24/50: train_loss=0.7047 val_auc=0.8546 best=0.8610 patience=1/10
    [tffm] epoch 25/50: train_loss=0.6191 val_auc=0.8634 best=0.8634 patience=0/10 *
    [tffm] epoch 26/50: train_loss=0.6372 val_auc=0.8598 best=0.8634 patience=1/10
    [tffm] epoch 27/50: train_loss=0.5903 val_auc=0.8546 best=0.8634 patience=2/10
    [tffm] epoch 28/50: train_loss=0.6718 val_auc=0.8606 best=0.8634 patience=3/10
    [tffm] epoch 29/50: train_loss=0.6219 val_auc=0.8666 best=0.8666 patience=0/10 *
    [tffm] epoch 30/50: train_loss=0.6770 val_auc=0.8458 best=0.8666 patience=1/10
    [tffm] epoch 31/50: train_loss=0.6382 val_auc=0.8649 best=0.8666 patience=2/10
    [tffm] epoch 32/50: train_loss=0.6757 val_auc=0.8567 best=0.8666 patience=3/10
    [tffm] epoch 33/50: train_loss=0.5829 val_auc=0.8713 best=0.8713 patience=0/10 *
    [tffm] epoch 34/50: train_loss=0.5729 val_auc=0.8698 best=0.8713 patience=1/10
    [tffm] epoch 35/50: train_loss=0.6369 val_auc=0.8754 best=0.8754 patience=0/10 *
    [tffm] epoch 36/50: train_loss=0.5947 val_auc=0.8619 best=0.8754 patience=1/10
    [tffm] epoch 37/50: train_loss=0.5693 val_auc=0.8774 best=0.8774 patience=0/10 *
    [tffm] epoch 38/50: train_loss=0.6455 val_auc=0.8798 best=0.8798 patience=0/10 *
    [tffm] epoch 39/50: train_loss=0.5547 val_auc=0.8637 best=0.8798 patience=1/10
    [tffm] epoch 40/50: train_loss=0.5739 val_auc=0.8652 best=0.8798 patience=2/10
    [tffm] epoch 41/50: train_loss=0.5657 val_auc=0.8249 best=0.8798 patience=3/10
    [tffm] epoch 42/50: train_loss=0.5552 val_auc=0.8446 best=0.8798 patience=4/10
    [tffm] epoch 43/50: train_loss=0.5456 val_auc=0.8253 best=0.8798 patience=5/10
    [tffm] epoch 44/50: train_loss=0.5661 val_auc=0.8801 best=0.8801 patience=0/10 *
    [tffm] epoch 45/50: train_loss=0.5823 val_auc=0.8747 best=0.8801 patience=1/10
    [tffm] epoch 46/50: train_loss=0.6067 val_auc=0.8649 best=0.8801 patience=2/10
    [tffm] epoch 47/50: train_loss=0.6006 val_auc=0.8402 best=0.8801 patience=3/10
    [tffm] epoch 48/50: train_loss=0.5466 val_auc=0.8640 best=0.8801 patience=4/10
    [tffm] epoch 49/50: train_loss=0.6158 val_auc=0.8522 best=0.8801 patience=5/10
    [tffm] epoch 50/50: train_loss=0.5574 val_auc=0.8425 best=0.8801 patience=6/10
  [tffm] fold 4/25: AUC=0.8801
    [tffm] epoch 01/50: train_loss=1.2515 val_auc=0.8878 best=0.8878 patience=0/10 *
    [tffm] epoch 02/50: train_loss=1.0655 val_auc=0.8966 best=0.8966 patience=0/10 *
    [tffm] epoch 03/50: train_loss=0.9707 val_auc=0.9042 best=0.9042 patience=0/10 *
    [tffm] epoch 04/50: train_loss=0.8889 val_auc=0.8895 best=0.9042 patience=1/10
    [tffm] epoch 05/50: train_loss=0.8389 val_auc=0.8890 best=0.9042 patience=2/10
    [tffm] epoch 06/50: train_loss=0.7842 val_auc=0.8948 best=0.9042 patience=3/10
    [tffm] epoch 07/50: train_loss=0.8352 val_auc=0.8988 best=0.9042 patience=4/10
    [tffm] epoch 08/50: train_loss=0.7744 val_auc=0.8990 best=0.9042 patience=5/10
    [tffm] epoch 09/50: train_loss=0.7731 val_auc=0.9114 best=0.9114 patience=0/10 *
    [tffm] epoch 10/50: train_loss=0.7698 val_auc=0.9101 best=0.9114 patience=1/10
    [tffm] epoch 11/50: train_loss=0.8341 val_auc=0.9127 best=0.9127 patience=0/10 *
    [tffm] epoch 12/50: train_loss=0.7519 val_auc=0.9136 best=0.9136 patience=0/10 *
    [tffm] epoch 13/50: train_loss=0.7645 val_auc=0.9105 best=0.9136 patience=1/10
    [tffm] epoch 14/50: train_loss=0.7392 val_auc=0.9140 best=0.9140 patience=0/10 *
    [tffm] epoch 15/50: train_loss=0.8060 val_auc=0.9168 best=0.9168 patience=0/10 *
    [tffm] epoch 16/50: train_loss=0.7854 val_auc=0.9207 best=0.9207 patience=0/10 *
    [tffm] epoch 17/50: train_loss=0.7981 val_auc=0.9162 best=0.9207 patience=1/10
    [tffm] epoch 18/50: train_loss=0.7193 val_auc=0.9238 best=0.9238 patience=0/10 *
    [tffm] epoch 19/50: train_loss=0.7413 val_auc=0.9191 best=0.9238 patience=1/10
    [tffm] epoch 20/50: train_loss=0.7854 val_auc=0.9156 best=0.9238 patience=2/10
    [tffm] epoch 21/50: train_loss=0.7144 val_auc=0.9254 best=0.9254 patience=0/10 *
    [tffm] epoch 22/50: train_loss=0.7428 val_auc=0.9171 best=0.9254 patience=1/10
    [tffm] epoch 23/50: train_loss=0.7155 val_auc=0.9205 best=0.9254 patience=2/10
    [tffm] epoch 24/50: train_loss=0.7421 val_auc=0.9263 best=0.9263 patience=0/10 *
    [tffm] epoch 25/50: train_loss=0.6747 val_auc=0.9264 best=0.9264 patience=0/10 *
    [tffm] epoch 26/50: train_loss=0.7307 val_auc=0.9315 best=0.9315 patience=0/10 *
    [tffm] epoch 27/50: train_loss=0.7024 val_auc=0.9301 best=0.9315 patience=1/10
    [tffm] epoch 28/50: train_loss=0.7506 val_auc=0.9317 best=0.9317 patience=0/10 *
    [tffm] epoch 29/50: train_loss=0.6676 val_auc=0.9363 best=0.9363 patience=0/10 *
    [tffm] epoch 30/50: train_loss=0.6753 val_auc=0.9339 best=0.9363 patience=1/10
    [tffm] epoch 31/50: train_loss=0.6698 val_auc=0.9243 best=0.9363 patience=2/10
    [tffm] epoch 32/50: train_loss=0.7685 val_auc=0.9332 best=0.9363 patience=3/10
    [tffm] epoch 33/50: train_loss=0.6956 val_auc=0.9342 best=0.9363 patience=4/10
    [tffm] epoch 34/50: train_loss=0.6565 val_auc=0.9330 best=0.9363 patience=5/10
    [tffm] epoch 35/50: train_loss=0.7253 val_auc=0.9313 best=0.9363 patience=6/10
    [tffm] epoch 36/50: train_loss=0.6878 val_auc=0.9343 best=0.9363 patience=7/10
    [tffm] epoch 37/50: train_loss=0.6445 val_auc=0.9372 best=0.9372 patience=0/10 *
    [tffm] epoch 38/50: train_loss=0.6224 val_auc=0.9305 best=0.9372 patience=1/10
    [tffm] epoch 39/50: train_loss=0.6308 val_auc=0.9357 best=0.9372 patience=2/10
    [tffm] epoch 40/50: train_loss=0.6337 val_auc=0.9368 best=0.9372 patience=3/10
    [tffm] epoch 41/50: train_loss=0.8356 val_auc=0.9331 best=0.9372 patience=4/10
    [tffm] epoch 42/50: train_loss=0.6581 val_auc=0.9321 best=0.9372 patience=5/10
    [tffm] epoch 43/50: train_loss=0.6223 val_auc=0.9390 best=0.9390 patience=0/10 *
    [tffm] epoch 44/50: train_loss=0.6238 val_auc=0.9325 best=0.9390 patience=1/10
    [tffm] epoch 45/50: train_loss=0.6633 val_auc=0.9397 best=0.9397 patience=0/10 *
    [tffm] epoch 46/50: train_loss=0.7268 val_auc=0.9347 best=0.9397 patience=1/10
    [tffm] epoch 47/50: train_loss=0.6866 val_auc=0.9344 best=0.9397 patience=2/10
    [tffm] epoch 48/50: train_loss=0.6067 val_auc=0.9399 best=0.9399 patience=0/10 *
    [tffm] epoch 49/50: train_loss=0.6656 val_auc=0.9363 best=0.9399 patience=1/10
    [tffm] epoch 50/50: train_loss=0.6361 val_auc=0.9357 best=0.9399 patience=2/10
  [tffm] fold 5/25: AUC=0.9399
    [tffm] epoch 01/50: train_loss=1.1967 val_auc=0.8801 best=0.8801 patience=0/10 *
    [tffm] epoch 02/50: train_loss=1.0276 val_auc=0.8909 best=0.8909 patience=0/10 *
    [tffm] epoch 03/50: train_loss=0.8988 val_auc=0.9040 best=0.9040 patience=0/10 *
    [tffm] epoch 04/50: train_loss=0.8495 val_auc=0.9094 best=0.9094 patience=0/10 *
    [tffm] epoch 05/50: train_loss=0.8396 val_auc=0.9006 best=0.9094 patience=1/10
    [tffm] epoch 06/50: train_loss=0.8296 val_auc=0.9183 best=0.9183 patience=0/10 *
    [tffm] epoch 07/50: train_loss=0.7650 val_auc=0.9134 best=0.9183 patience=1/10
    [tffm] epoch 08/50: train_loss=0.7505 val_auc=0.9311 best=0.9311 patience=0/10 *
    [tffm] epoch 09/50: train_loss=0.7773 val_auc=0.9297 best=0.9311 patience=1/10
    [tffm] epoch 10/50: train_loss=0.7215 val_auc=0.9226 best=0.9311 patience=2/10
    [tffm] epoch 11/50: train_loss=0.7307 val_auc=0.9324 best=0.9324 patience=0/10 *
    [tffm] epoch 12/50: train_loss=0.7985 val_auc=0.9267 best=0.9324 patience=1/10
    [tffm] epoch 13/50: train_loss=0.7905 val_auc=0.9188 best=0.9324 patience=2/10
    [tffm] epoch 14/50: train_loss=0.6894 val_auc=0.9344 best=0.9344 patience=0/10 *
    [tffm] epoch 15/50: train_loss=0.7455 val_auc=0.9257 best=0.9344 patience=1/10
    [tffm] epoch 16/50: train_loss=0.7368 val_auc=0.9201 best=0.9344 patience=2/10
    [tffm] epoch 17/50: train_loss=0.7644 val_auc=0.9324 best=0.9344 patience=3/10
    [tffm] epoch 18/50: train_loss=0.7091 val_auc=0.9174 best=0.9344 patience=4/10
    [tffm] epoch 19/50: train_loss=0.8326 val_auc=0.9251 best=0.9344 patience=5/10
    [tffm] epoch 20/50: train_loss=0.6726 val_auc=0.9068 best=0.9344 patience=6/10
    [tffm] epoch 21/50: train_loss=0.6991 val_auc=0.9286 best=0.9344 patience=7/10
    [tffm] epoch 22/50: train_loss=0.6952 val_auc=0.9235 best=0.9344 patience=8/10
    [tffm] epoch 23/50: train_loss=0.7434 val_auc=0.9188 best=0.9344 patience=9/10
    [tffm] epoch 24/50: train_loss=0.6426 val_auc=0.9307 best=0.9344 patience=10/10
    [tffm] early stop at epoch 24
  [tffm] fold 6/25: AUC=0.9344
    [tffm] epoch 01/50: train_loss=1.2511 val_auc=0.8429 best=0.8429 patience=0/10 *
    [tffm] epoch 02/50: train_loss=1.0830 val_auc=0.8447 best=0.8447 patience=0/10 *
    [tffm] epoch 03/50: train_loss=0.9360 val_auc=0.8482 best=0.8482 patience=0/10 *
    [tffm] epoch 04/50: train_loss=0.8986 val_auc=0.8507 best=0.8507 patience=0/10 *
    [tffm] epoch 05/50: train_loss=0.8486 val_auc=0.8623 best=0.8623 patience=0/10 *
    [tffm] epoch 06/50: train_loss=0.7812 val_auc=0.8641 best=0.8641 patience=0/10 *
    [tffm] epoch 07/50: train_loss=0.8182 val_auc=0.8659 best=0.8659 patience=0/10 *
    [tffm] epoch 08/50: train_loss=0.8511 val_auc=0.8877 best=0.8877 patience=0/10 *
    [tffm] epoch 09/50: train_loss=0.7555 val_auc=0.8700 best=0.8877 patience=1/10
    [tffm] epoch 10/50: train_loss=0.7873 val_auc=0.8773 best=0.8877 patience=2/10
    [tffm] epoch 11/50: train_loss=0.7612 val_auc=0.8943 best=0.8943 patience=0/10 *
    [tffm] epoch 12/50: train_loss=0.7265 val_auc=0.8945 best=0.8945 patience=0/10 *
    [tffm] epoch 13/50: train_loss=0.7338 val_auc=0.8960 best=0.8960 patience=0/10 *
    [tffm] epoch 14/50: train_loss=0.7586 val_auc=0.9024 best=0.9024 patience=0/10 *
    [tffm] epoch 15/50: train_loss=0.7716 val_auc=0.9051 best=0.9051 patience=0/10 *
    [tffm] epoch 16/50: train_loss=0.6911 val_auc=0.9038 best=0.9051 patience=1/10
    [tffm] epoch 17/50: train_loss=0.7673 val_auc=0.9044 best=0.9051 patience=2/10
    [tffm] epoch 18/50: train_loss=0.6674 val_auc=0.9039 best=0.9051 patience=3/10
    [tffm] epoch 19/50: train_loss=0.7016 val_auc=0.9034 best=0.9051 patience=4/10
    [tffm] epoch 20/50: train_loss=0.6860 val_auc=0.9048 best=0.9051 patience=5/10
    [tffm] epoch 21/50: train_loss=0.6657 val_auc=0.9048 best=0.9051 patience=6/10
    [tffm] epoch 22/50: train_loss=0.6838 val_auc=0.9039 best=0.9051 patience=7/10
    [tffm] epoch 23/50: train_loss=0.6652 val_auc=0.9151 best=0.9151 patience=0/10 *
    [tffm] epoch 24/50: train_loss=0.7050 val_auc=0.9040 best=0.9151 patience=1/10
    [tffm] epoch 25/50: train_loss=0.7007 val_auc=0.9117 best=0.9151 patience=2/10
    [tffm] epoch 26/50: train_loss=0.7708 val_auc=0.8899 best=0.9151 patience=3/10
    [tffm] epoch 27/50: train_loss=0.6417 val_auc=0.9121 best=0.9151 patience=4/10
    [tffm] epoch 28/50: train_loss=0.6962 val_auc=0.8684 best=0.9151 patience=5/10
    [tffm] epoch 29/50: train_loss=0.7158 val_auc=0.9005 best=0.9151 patience=6/10
    [tffm] epoch 30/50: train_loss=0.5956 val_auc=0.8893 best=0.9151 patience=7/10
    [tffm] epoch 31/50: train_loss=0.6063 val_auc=0.8944 best=0.9151 patience=8/10
    [tffm] epoch 32/50: train_loss=0.6139 val_auc=0.8908 best=0.9151 patience=9/10
    [tffm] epoch 33/50: train_loss=0.6019 val_auc=0.8902 best=0.9151 patience=10/10
    [tffm] early stop at epoch 33
  [tffm] fold 7/25: AUC=0.9151
    [tffm] epoch 01/50: train_loss=1.1688 val_auc=0.8455 best=0.8455 patience=0/10 *
    [tffm] epoch 02/50: train_loss=0.9697 val_auc=0.8525 best=0.8525 patience=0/10 *
    [tffm] epoch 03/50: train_loss=0.8484 val_auc=0.8712 best=0.8712 patience=0/10 *
    [tffm] epoch 04/50: train_loss=0.8210 val_auc=0.8851 best=0.8851 patience=0/10 *
    [tffm] epoch 05/50: train_loss=0.7637 val_auc=0.8818 best=0.8851 patience=1/10
    [tffm] epoch 06/50: train_loss=0.7378 val_auc=0.8843 best=0.8851 patience=2/10
    [tffm] epoch 07/50: train_loss=0.7474 val_auc=0.8832 best=0.8851 patience=3/10
    [tffm] epoch 08/50: train_loss=0.7501 val_auc=0.8829 best=0.8851 patience=4/10
    [tffm] epoch 09/50: train_loss=0.7166 val_auc=0.8859 best=0.8859 patience=0/10 *
    [tffm] epoch 10/50: train_loss=0.7882 val_auc=0.8180 best=0.8859 patience=1/10
    [tffm] epoch 11/50: train_loss=0.7445 val_auc=0.8883 best=0.8883 patience=0/10 *
    [tffm] epoch 12/50: train_loss=0.8543 val_auc=0.8898 best=0.8898 patience=0/10 *
    [tffm] epoch 13/50: train_loss=0.6902 val_auc=0.8943 best=0.8943 patience=0/10 *
    [tffm] epoch 14/50: train_loss=0.7296 val_auc=0.8730 best=0.8943 patience=1/10
    [tffm] epoch 15/50: train_loss=0.7095 val_auc=0.8965 best=0.8965 patience=0/10 *
    [tffm] epoch 16/50: train_loss=0.7390 val_auc=0.8994 best=0.8994 patience=0/10 *
    [tffm] epoch 17/50: train_loss=0.6898 val_auc=0.8882 best=0.8994 patience=1/10
    [tffm] epoch 18/50: train_loss=0.6592 val_auc=0.8975 best=0.8994 patience=2/10
    [tffm] epoch 19/50: train_loss=0.6545 val_auc=0.8963 best=0.8994 patience=3/10
    [tffm] epoch 20/50: train_loss=0.6656 val_auc=0.8950 best=0.8994 patience=4/10
    [tffm] epoch 21/50: train_loss=0.6544 val_auc=0.8929 best=0.8994 patience=5/10
    [tffm] epoch 22/50: train_loss=0.6312 val_auc=0.8909 best=0.8994 patience=6/10
    [tffm] epoch 23/50: train_loss=0.7230 val_auc=0.8801 best=0.8994 patience=7/10
    [tffm] epoch 24/50: train_loss=0.7148 val_auc=0.8843 best=0.8994 patience=8/10
    [tffm] epoch 25/50: train_loss=0.7432 val_auc=0.8945 best=0.8994 patience=9/10
    [tffm] epoch 26/50: train_loss=0.6766 val_auc=0.8376 best=0.8994 patience=10/10
    [tffm] early stop at epoch 26
  [tffm] fold 8/25: AUC=0.8994
    [tffm] epoch 01/50: train_loss=1.2066 val_auc=0.8869 best=0.8869 patience=0/10 *
    [tffm] epoch 02/50: train_loss=1.0586 val_auc=0.8878 best=0.8878 patience=0/10 *
    [tffm] epoch 03/50: train_loss=0.9660 val_auc=0.9026 best=0.9026 patience=0/10 *
    [tffm] epoch 04/50: train_loss=0.8679 val_auc=0.9048 best=0.9048 patience=0/10 *
    [tffm] epoch 05/50: train_loss=0.8243 val_auc=0.9156 best=0.9156 patience=0/10 *
    [tffm] epoch 06/50: train_loss=0.8671 val_auc=0.9237 best=0.9237 patience=0/10 *
    [tffm] epoch 07/50: train_loss=0.7828 val_auc=0.9240 best=0.9240 patience=0/10 *
    [tffm] epoch 08/50: train_loss=0.7730 val_auc=0.9192 best=0.9240 patience=1/10
    [tffm] epoch 09/50: train_loss=0.7715 val_auc=0.9242 best=0.9242 patience=0/10 *
    [tffm] epoch 10/50: train_loss=0.8004 val_auc=0.9245 best=0.9245 patience=0/10 *
    [tffm] epoch 11/50: train_loss=0.7966 val_auc=0.9264 best=0.9264 patience=0/10 *
    [tffm] epoch 12/50: train_loss=0.8517 val_auc=0.9260 best=0.9264 patience=1/10
    [tffm] epoch 13/50: train_loss=0.7500 val_auc=0.9238 best=0.9264 patience=2/10
    [tffm] epoch 14/50: train_loss=0.7534 val_auc=0.9260 best=0.9264 patience=3/10
    [tffm] epoch 15/50: train_loss=0.7683 val_auc=0.9268 best=0.9268 patience=0/10 *
    [tffm] epoch 16/50: train_loss=0.7502 val_auc=0.9202 best=0.9268 patience=1/10
    [tffm] epoch 17/50: train_loss=0.7505 val_auc=0.9255 best=0.9268 patience=2/10
    [tffm] epoch 18/50: train_loss=0.7524 val_auc=0.9263 best=0.9268 patience=3/10
    [tffm] epoch 19/50: train_loss=0.7301 val_auc=0.9314 best=0.9314 patience=0/10 *
    [tffm] epoch 20/50: train_loss=0.7358 val_auc=0.9258 best=0.9314 patience=1/10
    [tffm] epoch 21/50: train_loss=0.7965 val_auc=0.9347 best=0.9347 patience=0/10 *
    [tffm] epoch 22/50: train_loss=0.7359 val_auc=0.9280 best=0.9347 patience=1/10
    [tffm] epoch 23/50: train_loss=0.7021 val_auc=0.9334 best=0.9347 patience=2/10
    [tffm] epoch 24/50: train_loss=0.7207 val_auc=0.9356 best=0.9356 patience=0/10 *
    [tffm] epoch 25/50: train_loss=0.7988 val_auc=0.9312 best=0.9356 patience=1/10
    [tffm] epoch 26/50: train_loss=0.7169 val_auc=0.9315 best=0.9356 patience=2/10
    [tffm] epoch 27/50: train_loss=0.6821 val_auc=0.9343 best=0.9356 patience=3/10
    [tffm] epoch 28/50: train_loss=0.6902 val_auc=0.9385 best=0.9385 patience=0/10 *
    [tffm] epoch 29/50: train_loss=0.7349 val_auc=0.9404 best=0.9404 patience=0/10 *
    [tffm] epoch 30/50: train_loss=0.6689 val_auc=0.9377 best=0.9404 patience=1/10
    [tffm] epoch 31/50: train_loss=0.6278 val_auc=0.9406 best=0.9406 patience=0/10 *
    [tffm] epoch 32/50: train_loss=0.6356 val_auc=0.9411 best=0.9411 patience=0/10 *
    [tffm] epoch 33/50: train_loss=0.6167 val_auc=0.9428 best=0.9428 patience=0/10 *
    [tffm] epoch 34/50: train_loss=0.6252 val_auc=0.9431 best=0.9431 patience=0/10 *
    [tffm] epoch 35/50: train_loss=0.6343 val_auc=0.9407 best=0.9431 patience=1/10
    [tffm] epoch 36/50: train_loss=0.6226 val_auc=0.9462 best=0.9462 patience=0/10 *
    [tffm] epoch 37/50: train_loss=0.6600 val_auc=0.9436 best=0.9462 patience=1/10
    [tffm] epoch 38/50: train_loss=0.6593 val_auc=0.9437 best=0.9462 patience=2/10
    [tffm] epoch 39/50: train_loss=0.5934 val_auc=0.9368 best=0.9462 patience=3/10
    [tffm] epoch 40/50: train_loss=0.6572 val_auc=0.9442 best=0.9462 patience=4/10
    [tffm] epoch 41/50: train_loss=0.6232 val_auc=0.9380 best=0.9462 patience=5/10
    [tffm] epoch 42/50: train_loss=0.6253 val_auc=0.9376 best=0.9462 patience=6/10
    [tffm] epoch 43/50: train_loss=0.6724 val_auc=0.9369 best=0.9462 patience=7/10
    [tffm] epoch 44/50: train_loss=0.6135 val_auc=0.9420 best=0.9462 patience=8/10
    [tffm] epoch 45/50: train_loss=0.5827 val_auc=0.9428 best=0.9462 patience=9/10
    [tffm] epoch 46/50: train_loss=0.6254 val_auc=0.9412 best=0.9462 patience=10/10
    [tffm] early stop at epoch 46
  [tffm] fold 9/25: AUC=0.9462
    [tffm] epoch 01/50: train_loss=1.3007 val_auc=0.8458 best=0.8458 patience=0/10 *
    [tffm] epoch 02/50: train_loss=1.1005 val_auc=0.8357 best=0.8458 patience=1/10
    [tffm] epoch 03/50: train_loss=0.9317 val_auc=0.8343 best=0.8458 patience=2/10
    [tffm] epoch 04/50: train_loss=0.8843 val_auc=0.8234 best=0.8458 patience=3/10
    [tffm] epoch 05/50: train_loss=0.7655 val_auc=0.8099 best=0.8458 patience=4/10
    [tffm] epoch 06/50: train_loss=0.8411 val_auc=0.8131 best=0.8458 patience=5/10
    [tffm] epoch 07/50: train_loss=0.7400 val_auc=0.8215 best=0.8458 patience=6/10
    [tffm] epoch 08/50: train_loss=0.8108 val_auc=0.8238 best=0.8458 patience=7/10
    [tffm] epoch 09/50: train_loss=0.7403 val_auc=0.8444 best=0.8458 patience=8/10
    [tffm] epoch 10/50: train_loss=0.7323 val_auc=0.8500 best=0.8500 patience=0/10 *
    [tffm] epoch 11/50: train_loss=0.6977 val_auc=0.8512 best=0.8512 patience=0/10 *
    [tffm] epoch 12/50: train_loss=0.7329 val_auc=0.8492 best=0.8512 patience=1/10
    [tffm] epoch 13/50: train_loss=0.7248 val_auc=0.8510 best=0.8512 patience=2/10
    [tffm] epoch 14/50: train_loss=0.7358 val_auc=0.8688 best=0.8688 patience=0/10 *
    [tffm] epoch 15/50: train_loss=0.7263 val_auc=0.8700 best=0.8700 patience=0/10 *
    [tffm] epoch 16/50: train_loss=0.7001 val_auc=0.8730 best=0.8730 patience=0/10 *
    [tffm] epoch 17/50: train_loss=0.7762 val_auc=0.8723 best=0.8730 patience=1/10
    [tffm] epoch 18/50: train_loss=0.6604 val_auc=0.8719 best=0.8730 patience=2/10
    [tffm] epoch 19/50: train_loss=0.6539 val_auc=0.8801 best=0.8801 patience=0/10 *
    [tffm] epoch 20/50: train_loss=0.7441 val_auc=0.8846 best=0.8846 patience=0/10 *
    [tffm] epoch 21/50: train_loss=0.6478 val_auc=0.8872 best=0.8872 patience=0/10 *
    [tffm] epoch 22/50: train_loss=0.6847 val_auc=0.8893 best=0.8893 patience=0/10 *
    [tffm] epoch 23/50: train_loss=0.6304 val_auc=0.8801 best=0.8893 patience=1/10
    [tffm] epoch 24/50: train_loss=0.6272 val_auc=0.8898 best=0.8898 patience=0/10 *
    [tffm] epoch 25/50: train_loss=0.6359 val_auc=0.8908 best=0.8908 patience=0/10 *
    [tffm] epoch 26/50: train_loss=0.6026 val_auc=0.8928 best=0.8928 patience=0/10 *
    [tffm] epoch 27/50: train_loss=0.6252 val_auc=0.8969 best=0.8969 patience=0/10 *
    [tffm] epoch 28/50: train_loss=0.6378 val_auc=0.8970 best=0.8970 patience=0/10 *
    [tffm] epoch 29/50: train_loss=0.5938 val_auc=0.9012 best=0.9012 patience=0/10 *
    [tffm] epoch 30/50: train_loss=0.6415 val_auc=0.8936 best=0.9012 patience=1/10
    [tffm] epoch 31/50: train_loss=0.5693 val_auc=0.8962 best=0.9012 patience=2/10
    [tffm] epoch 32/50: train_loss=0.6640 val_auc=0.8942 best=0.9012 patience=3/10
    [tffm] epoch 33/50: train_loss=0.5983 val_auc=0.8958 best=0.9012 patience=4/10
    [tffm] epoch 34/50: train_loss=0.6343 val_auc=0.8976 best=0.9012 patience=5/10
    [tffm] epoch 35/50: train_loss=0.5808 val_auc=0.8999 best=0.9012 patience=6/10
    [tffm] epoch 36/50: train_loss=0.7100 val_auc=0.9051 best=0.9051 patience=0/10 *
    [tffm] epoch 37/50: train_loss=0.6363 val_auc=0.9008 best=0.9051 patience=1/10
    [tffm] epoch 38/50: train_loss=0.6304 val_auc=0.9026 best=0.9051 patience=2/10
    [tffm] epoch 39/50: train_loss=0.6062 val_auc=0.9024 best=0.9051 patience=3/10
    [tffm] epoch 40/50: train_loss=0.5892 val_auc=0.9005 best=0.9051 patience=4/10
    [tffm] epoch 41/50: train_loss=0.5447 val_auc=0.8983 best=0.9051 patience=5/10
    [tffm] epoch 42/50: train_loss=0.6645 val_auc=0.8959 best=0.9051 patience=6/10
    [tffm] epoch 43/50: train_loss=0.6067 val_auc=0.8974 best=0.9051 patience=7/10
    [tffm] epoch 44/50: train_loss=0.5673 val_auc=0.9039 best=0.9051 patience=8/10
    [tffm] epoch 45/50: train_loss=0.7000 val_auc=0.9122 best=0.9122 patience=0/10 *
    [tffm] epoch 46/50: train_loss=0.5288 val_auc=0.9080 best=0.9122 patience=1/10
    [tffm] epoch 47/50: train_loss=0.5756 val_auc=0.9116 best=0.9122 patience=2/10
    [tffm] epoch 48/50: train_loss=0.5776 val_auc=0.9118 best=0.9122 patience=3/10
    [tffm] epoch 49/50: train_loss=0.6755 val_auc=0.9107 best=0.9122 patience=4/10
    [tffm] epoch 50/50: train_loss=0.5324 val_auc=0.9041 best=0.9122 patience=5/10
  [tffm] fold 10/25: AUC=0.9122
    [tffm] epoch 01/50: train_loss=1.1691 val_auc=0.7974 best=0.7974 patience=0/10 *
    [tffm] epoch 02/50: train_loss=0.9650 val_auc=0.8042 best=0.8042 patience=0/10 *
    [tffm] epoch 03/50: train_loss=0.8568 val_auc=0.8246 best=0.8246 patience=0/10 *
    [tffm] epoch 04/50: train_loss=0.7893 val_auc=0.8355 best=0.8355 patience=0/10 *
    [tffm] epoch 05/50: train_loss=0.7665 val_auc=0.8355 best=0.8355 patience=1/10
    [tffm] epoch 06/50: train_loss=0.8669 val_auc=0.8343 best=0.8355 patience=2/10
    [tffm] epoch 07/50: train_loss=0.8217 val_auc=0.8416 best=0.8416 patience=0/10 *
    [tffm] epoch 08/50: train_loss=0.7434 val_auc=0.8482 best=0.8482 patience=0/10 *
    [tffm] epoch 09/50: train_loss=0.7744 val_auc=0.8465 best=0.8482 patience=1/10
    [tffm] epoch 10/50: train_loss=0.7841 val_auc=0.8545 best=0.8545 patience=0/10 *
    [tffm] epoch 11/50: train_loss=0.7677 val_auc=0.8542 best=0.8545 patience=1/10
    [tffm] epoch 12/50: train_loss=0.7256 val_auc=0.8603 best=0.8603 patience=0/10 *
    [tffm] epoch 13/50: train_loss=0.6953 val_auc=0.8620 best=0.8620 patience=0/10 *
    [tffm] epoch 14/50: train_loss=0.6847 val_auc=0.8591 best=0.8620 patience=1/10
    [tffm] epoch 15/50: train_loss=0.7034 val_auc=0.8603 best=0.8620 patience=2/10
    [tffm] epoch 16/50: train_loss=0.6842 val_auc=0.8616 best=0.8620 patience=3/10
    [tffm] epoch 17/50: train_loss=0.7358 val_auc=0.8690 best=0.8690 patience=0/10 *
    [tffm] epoch 18/50: train_loss=0.6744 val_auc=0.8699 best=0.8699 patience=0/10 *
    [tffm] epoch 19/50: train_loss=0.6987 val_auc=0.8740 best=0.8740 patience=0/10 *
    [tffm] epoch 20/50: train_loss=0.6550 val_auc=0.8709 best=0.8740 patience=1/10
    [tffm] epoch 21/50: train_loss=0.7255 val_auc=0.8707 best=0.8740 patience=2/10
    [tffm] epoch 22/50: train_loss=0.6343 val_auc=0.8676 best=0.8740 patience=3/10
    [tffm] epoch 23/50: train_loss=0.7513 val_auc=0.8726 best=0.8740 patience=4/10
    [tffm] epoch 24/50: train_loss=0.6596 val_auc=0.8777 best=0.8777 patience=0/10 *
    [tffm] epoch 25/50: train_loss=0.7630 val_auc=0.8862 best=0.8862 patience=0/10 *
    [tffm] epoch 26/50: train_loss=0.6482 val_auc=0.8817 best=0.8862 patience=1/10
    [tffm] epoch 27/50: train_loss=0.6238 val_auc=0.8888 best=0.8888 patience=0/10 *
    [tffm] epoch 28/50: train_loss=0.6153 val_auc=0.8883 best=0.8888 patience=1/10
    [tffm] epoch 29/50: train_loss=0.6068 val_auc=0.8922 best=0.8922 patience=0/10 *
    [tffm] epoch 30/50: train_loss=0.5909 val_auc=0.8913 best=0.8922 patience=1/10
    [tffm] epoch 31/50: train_loss=0.5936 val_auc=0.8937 best=0.8937 patience=0/10 *
    [tffm] epoch 32/50: train_loss=0.6170 val_auc=0.8924 best=0.8937 patience=1/10
    [tffm] epoch 33/50: train_loss=0.6367 val_auc=0.8928 best=0.8937 patience=2/10
    [tffm] epoch 34/50: train_loss=0.5918 val_auc=0.8919 best=0.8937 patience=3/10
    [tffm] epoch 35/50: train_loss=0.5864 val_auc=0.8978 best=0.8978 patience=0/10 *
    [tffm] epoch 36/50: train_loss=0.6593 val_auc=0.8987 best=0.8987 patience=0/10 *
    [tffm] epoch 37/50: train_loss=0.5972 val_auc=0.8932 best=0.8987 patience=1/10
    [tffm] epoch 38/50: train_loss=0.5762 val_auc=0.8965 best=0.8987 patience=2/10
    [tffm] epoch 39/50: train_loss=0.5608 val_auc=0.9001 best=0.9001 patience=0/10 *
    [tffm] epoch 40/50: train_loss=0.5548 val_auc=0.8988 best=0.9001 patience=1/10
    [tffm] epoch 41/50: train_loss=0.6096 val_auc=0.8998 best=0.9001 patience=2/10
    [tffm] epoch 42/50: train_loss=0.6332 val_auc=0.8975 best=0.9001 patience=3/10
    [tffm] epoch 43/50: train_loss=0.5714 val_auc=0.8979 best=0.9001 patience=4/10
    [tffm] epoch 44/50: train_loss=0.6026 val_auc=0.8968 best=0.9001 patience=5/10
    [tffm] epoch 45/50: train_loss=0.6155 val_auc=0.8968 best=0.9001 patience=6/10
    [tffm] epoch 46/50: train_loss=0.5558 val_auc=0.8909 best=0.9001 patience=7/10
    [tffm] epoch 47/50: train_loss=0.5451 val_auc=0.8930 best=0.9001 patience=8/10
    [tffm] epoch 48/50: train_loss=0.4999 val_auc=0.8943 best=0.9001 patience=9/10
    [tffm] epoch 49/50: train_loss=0.6914 val_auc=0.8948 best=0.9001 patience=10/10
    [tffm] early stop at epoch 49
  [tffm] fold 11/25: AUC=0.9001
    [tffm] epoch 01/50: train_loss=1.2232 val_auc=0.8714 best=0.8714 patience=0/10 *
    [tffm] epoch 02/50: train_loss=1.0742 val_auc=0.8725 best=0.8725 patience=0/10 *
    [tffm] epoch 03/50: train_loss=0.9741 val_auc=0.8671 best=0.8725 patience=1/10
    [tffm] epoch 04/50: train_loss=0.8430 val_auc=0.8589 best=0.8725 patience=2/10
    [tffm] epoch 05/50: train_loss=0.7631 val_auc=0.8600 best=0.8725 patience=3/10
    [tffm] epoch 06/50: train_loss=0.7714 val_auc=0.8568 best=0.8725 patience=4/10
    [tffm] epoch 07/50: train_loss=0.8057 val_auc=0.8574 best=0.8725 patience=5/10
    [tffm] epoch 08/50: train_loss=0.8336 val_auc=0.8665 best=0.8725 patience=6/10
    [tffm] epoch 09/50: train_loss=0.7509 val_auc=0.8527 best=0.8725 patience=7/10
    [tffm] epoch 10/50: train_loss=0.7727 val_auc=0.8583 best=0.8725 patience=8/10
    [tffm] epoch 11/50: train_loss=0.6979 val_auc=0.8529 best=0.8725 patience=9/10
    [tffm] epoch 12/50: train_loss=0.6716 val_auc=0.8479 best=0.8725 patience=10/10
    [tffm] early stop at epoch 12
  [tffm] fold 12/25: AUC=0.8725
    [tffm] epoch 01/50: train_loss=1.2528 val_auc=0.8398 best=0.8398 patience=0/10 *
    [tffm] epoch 02/50: train_loss=1.0880 val_auc=0.8394 best=0.8398 patience=1/10
    [tffm] epoch 03/50: train_loss=0.9377 val_auc=0.8424 best=0.8424 patience=0/10 *
    [tffm] epoch 04/50: train_loss=0.8321 val_auc=0.8504 best=0.8504 patience=0/10 *
    [tffm] epoch 05/50: train_loss=0.8108 val_auc=0.8600 best=0.8600 patience=0/10 *
    [tffm] epoch 06/50: train_loss=0.8584 val_auc=0.8771 best=0.8771 patience=0/10 *
    [tffm] epoch 07/50: train_loss=0.7521 val_auc=0.8725 best=0.8771 patience=1/10
    [tffm] epoch 08/50: train_loss=0.8301 val_auc=0.8722 best=0.8771 patience=2/10
    [tffm] epoch 09/50: train_loss=0.7572 val_auc=0.8752 best=0.8771 patience=3/10
    [tffm] epoch 10/50: train_loss=0.7317 val_auc=0.8824 best=0.8824 patience=0/10 *
    [tffm] epoch 11/50: train_loss=0.7280 val_auc=0.8876 best=0.8876 patience=0/10 *
    [tffm] epoch 12/50: train_loss=0.7406 val_auc=0.8899 best=0.8899 patience=0/10 *
    [tffm] epoch 13/50: train_loss=0.6979 val_auc=0.8886 best=0.8899 patience=1/10
    [tffm] epoch 14/50: train_loss=0.6763 val_auc=0.8928 best=0.8928 patience=0/10 *
    [tffm] epoch 15/50: train_loss=0.7036 val_auc=0.8957 best=0.8957 patience=0/10 *
    [tffm] epoch 16/50: train_loss=0.6827 val_auc=0.8932 best=0.8957 patience=1/10
    [tffm] epoch 17/50: train_loss=0.6671 val_auc=0.8938 best=0.8957 patience=2/10
    [tffm] epoch 18/50: train_loss=0.7700 val_auc=0.8944 best=0.8957 patience=3/10
    [tffm] epoch 19/50: train_loss=0.6751 val_auc=0.9023 best=0.9023 patience=0/10 *
    [tffm] epoch 20/50: train_loss=0.6550 val_auc=0.9033 best=0.9033 patience=0/10 *
    [tffm] epoch 21/50: train_loss=0.6582 val_auc=0.9056 best=0.9056 patience=0/10 *
    [tffm] epoch 22/50: train_loss=0.6644 val_auc=0.9055 best=0.9056 patience=1/10
    [tffm] epoch 23/50: train_loss=0.6706 val_auc=0.9019 best=0.9056 patience=2/10
    [tffm] epoch 24/50: train_loss=0.6317 val_auc=0.9040 best=0.9056 patience=3/10
    [tffm] epoch 25/50: train_loss=0.6481 val_auc=0.9028 best=0.9056 patience=4/10
    [tffm] epoch 26/50: train_loss=0.7397 val_auc=0.9075 best=0.9075 patience=0/10 *
    [tffm] epoch 27/50: train_loss=0.6290 val_auc=0.9104 best=0.9104 patience=0/10 *
    [tffm] epoch 28/50: train_loss=0.6478 val_auc=0.9134 best=0.9134 patience=0/10 *
    [tffm] epoch 29/50: train_loss=0.6751 val_auc=0.8973 best=0.9134 patience=1/10
    [tffm] epoch 30/50: train_loss=0.6169 val_auc=0.9105 best=0.9134 patience=2/10
    [tffm] epoch 31/50: train_loss=0.6245 val_auc=0.9131 best=0.9134 patience=3/10
    [tffm] epoch 32/50: train_loss=0.6377 val_auc=0.9145 best=0.9145 patience=0/10 *
    [tffm] epoch 33/50: train_loss=0.6229 val_auc=0.9121 best=0.9145 patience=1/10
    [tffm] epoch 34/50: train_loss=0.6355 val_auc=0.9141 best=0.9145 patience=2/10
    [tffm] epoch 35/50: train_loss=0.6841 val_auc=0.9154 best=0.9154 patience=0/10 *
    [tffm] epoch 36/50: train_loss=0.6120 val_auc=0.9144 best=0.9154 patience=1/10
    [tffm] epoch 37/50: train_loss=0.6026 val_auc=0.9130 best=0.9154 patience=2/10
    [tffm] epoch 38/50: train_loss=0.5812 val_auc=0.9172 best=0.9172 patience=0/10 *
    [tffm] epoch 39/50: train_loss=0.6507 val_auc=0.9166 best=0.9172 patience=1/10
    [tffm] epoch 40/50: train_loss=0.5718 val_auc=0.9201 best=0.9201 patience=0/10 *
    [tffm] epoch 41/50: train_loss=0.6934 val_auc=0.9181 best=0.9201 patience=1/10
    [tffm] epoch 42/50: train_loss=0.7215 val_auc=0.9172 best=0.9201 patience=2/10
    [tffm] epoch 43/50: train_loss=0.6609 val_auc=0.9169 best=0.9201 patience=3/10
    [tffm] epoch 44/50: train_loss=0.6124 val_auc=0.9073 best=0.9201 patience=4/10
    [tffm] epoch 45/50: train_loss=0.6166 val_auc=0.9175 best=0.9201 patience=5/10
    [tffm] epoch 46/50: train_loss=0.5888 val_auc=0.9201 best=0.9201 patience=6/10
    [tffm] epoch 47/50: train_loss=0.5971 val_auc=0.9182 best=0.9201 patience=7/10
    [tffm] epoch 48/50: train_loss=0.5592 val_auc=0.9222 best=0.9222 patience=0/10 *
    [tffm] epoch 49/50: train_loss=0.5966 val_auc=0.9208 best=0.9222 patience=1/10
    [tffm] epoch 50/50: train_loss=0.6358 val_auc=0.9218 best=0.9222 patience=2/10
  [tffm] fold 13/25: AUC=0.9222
    [tffm] epoch 01/50: train_loss=1.3062 val_auc=0.9079 best=0.9079 patience=0/10 *
    [tffm] epoch 02/50: train_loss=1.1160 val_auc=0.9149 best=0.9149 patience=0/10 *
    [tffm] epoch 03/50: train_loss=1.0677 val_auc=0.9199 best=0.9199 patience=0/10 *
    [tffm] epoch 04/50: train_loss=0.8834 val_auc=0.9211 best=0.9211 patience=0/10 *
    [tffm] epoch 05/50: train_loss=0.9173 val_auc=0.9271 best=0.9271 patience=0/10 *
    [tffm] epoch 06/50: train_loss=0.8565 val_auc=0.9361 best=0.9361 patience=0/10 *
    [tffm] epoch 07/50: train_loss=0.8680 val_auc=0.9452 best=0.9452 patience=0/10 *
    [tffm] epoch 08/50: train_loss=0.8843 val_auc=0.9543 best=0.9543 patience=0/10 *
    [tffm] epoch 09/50: train_loss=0.8244 val_auc=0.9579 best=0.9579 patience=0/10 *
    [tffm] epoch 10/50: train_loss=0.8232 val_auc=0.9666 best=0.9666 patience=0/10 *
    [tffm] epoch 11/50: train_loss=0.7735 val_auc=0.9688 best=0.9688 patience=0/10 *
    [tffm] epoch 12/50: train_loss=0.7688 val_auc=0.9677 best=0.9688 patience=1/10
    [tffm] epoch 13/50: train_loss=0.7812 val_auc=0.9675 best=0.9688 patience=2/10
    [tffm] epoch 14/50: train_loss=0.7841 val_auc=0.9687 best=0.9688 patience=3/10
    [tffm] epoch 15/50: train_loss=0.7819 val_auc=0.9688 best=0.9688 patience=4/10
    [tffm] epoch 16/50: train_loss=0.7713 val_auc=0.9694 best=0.9694 patience=0/10 *
    [tffm] epoch 17/50: train_loss=0.7481 val_auc=0.9702 best=0.9702 patience=0/10 *
    [tffm] epoch 18/50: train_loss=0.7719 val_auc=0.9683 best=0.9702 patience=1/10
    [tffm] epoch 19/50: train_loss=0.7592 val_auc=0.9686 best=0.9702 patience=2/10
    [tffm] epoch 20/50: train_loss=0.7945 val_auc=0.9679 best=0.9702 patience=3/10
    [tffm] epoch 21/50: train_loss=0.7026 val_auc=0.9678 best=0.9702 patience=4/10
    [tffm] epoch 22/50: train_loss=0.7866 val_auc=0.9709 best=0.9709 patience=0/10 *
    [tffm] epoch 23/50: train_loss=0.7296 val_auc=0.9705 best=0.9709 patience=1/10
    [tffm] epoch 24/50: train_loss=0.8070 val_auc=0.9670 best=0.9709 patience=2/10
    [tffm] epoch 25/50: train_loss=0.7235 val_auc=0.9682 best=0.9709 patience=3/10
    [tffm] epoch 26/50: train_loss=0.7652 val_auc=0.9685 best=0.9709 patience=4/10
    [tffm] epoch 27/50: train_loss=0.7014 val_auc=0.9711 best=0.9711 patience=0/10 *
    [tffm] epoch 28/50: train_loss=0.6996 val_auc=0.9702 best=0.9711 patience=1/10
    [tffm] epoch 29/50: train_loss=0.6883 val_auc=0.9700 best=0.9711 patience=2/10
    [tffm] epoch 30/50: train_loss=0.6994 val_auc=0.9717 best=0.9717 patience=0/10 *
    [tffm] epoch 31/50: train_loss=0.7912 val_auc=0.9643 best=0.9717 patience=1/10
    [tffm] epoch 32/50: train_loss=0.7779 val_auc=0.9691 best=0.9717 patience=2/10
    [tffm] epoch 33/50: train_loss=0.7383 val_auc=0.9679 best=0.9717 patience=3/10
    [tffm] epoch 34/50: train_loss=0.7112 val_auc=0.9686 best=0.9717 patience=4/10
    [tffm] epoch 35/50: train_loss=0.6706 val_auc=0.9691 best=0.9717 patience=5/10
    [tffm] epoch 36/50: train_loss=0.7028 val_auc=0.9692 best=0.9717 patience=6/10
    [tffm] epoch 37/50: train_loss=0.7175 val_auc=0.9704 best=0.9717 patience=7/10
    [tffm] epoch 38/50: train_loss=0.7449 val_auc=0.9728 best=0.9728 patience=0/10 *
    [tffm] epoch 39/50: train_loss=0.6390 val_auc=0.9730 best=0.9730 patience=0/10 *
    [tffm] epoch 40/50: train_loss=0.6814 val_auc=0.9715 best=0.9730 patience=1/10
    [tffm] epoch 41/50: train_loss=0.7112 val_auc=0.9721 best=0.9730 patience=2/10
    [tffm] epoch 42/50: train_loss=0.6599 val_auc=0.9750 best=0.9750 patience=0/10 *
    [tffm] epoch 43/50: train_loss=0.6310 val_auc=0.9733 best=0.9750 patience=1/10
    [tffm] epoch 44/50: train_loss=0.7321 val_auc=0.9768 best=0.9768 patience=0/10 *
    [tffm] epoch 45/50: train_loss=0.6500 val_auc=0.9755 best=0.9768 patience=1/10
    [tffm] epoch 46/50: train_loss=0.6869 val_auc=0.9725 best=0.9768 patience=2/10
    [tffm] epoch 47/50: train_loss=0.6511 val_auc=0.9726 best=0.9768 patience=3/10
    [tffm] epoch 48/50: train_loss=0.6783 val_auc=0.9725 best=0.9768 patience=4/10
    [tffm] epoch 49/50: train_loss=0.8015 val_auc=0.9715 best=0.9768 patience=5/10
    [tffm] epoch 50/50: train_loss=0.6236 val_auc=0.9741 best=0.9768 patience=6/10
  [tffm] fold 14/25: AUC=0.9768
    [tffm] epoch 01/50: train_loss=1.1663 val_auc=0.8630 best=0.8630 patience=0/10 *
    [tffm] epoch 02/50: train_loss=0.9941 val_auc=0.8535 best=0.8630 patience=1/10
    [tffm] epoch 03/50: train_loss=0.8966 val_auc=0.8651 best=0.8651 patience=0/10 *
    [tffm] epoch 04/50: train_loss=0.8770 val_auc=0.8724 best=0.8724 patience=0/10 *
    [tffm] epoch 05/50: train_loss=0.8020 val_auc=0.8762 best=0.8762 patience=0/10 *
    [tffm] epoch 06/50: train_loss=0.7677 val_auc=0.8890 best=0.8890 patience=0/10 *
    [tffm] epoch 07/50: train_loss=0.7533 val_auc=0.8940 best=0.8940 patience=0/10 *
    [tffm] epoch 08/50: train_loss=0.8208 val_auc=0.8969 best=0.8969 patience=0/10 *
    [tffm] epoch 09/50: train_loss=0.7654 val_auc=0.8931 best=0.8969 patience=1/10
    [tffm] epoch 10/50: train_loss=0.7515 val_auc=0.9060 best=0.9060 patience=0/10 *
    [tffm] epoch 11/50: train_loss=0.7618 val_auc=0.9089 best=0.9089 patience=0/10 *
    [tffm] epoch 12/50: train_loss=0.6909 val_auc=0.9076 best=0.9089 patience=1/10
    [tffm] epoch 13/50: train_loss=0.7099 val_auc=0.9111 best=0.9111 patience=0/10 *
    [tffm] epoch 14/50: train_loss=0.7210 val_auc=0.9081 best=0.9111 patience=1/10
    [tffm] epoch 15/50: train_loss=0.7630 val_auc=0.9056 best=0.9111 patience=2/10
    [tffm] epoch 16/50: train_loss=0.6642 val_auc=0.9139 best=0.9139 patience=0/10 *
    [tffm] epoch 17/50: train_loss=0.7587 val_auc=0.9126 best=0.9139 patience=1/10
    [tffm] epoch 18/50: train_loss=0.7681 val_auc=0.9107 best=0.9139 patience=2/10
    [tffm] epoch 19/50: train_loss=0.7456 val_auc=0.9130 best=0.9139 patience=3/10
    [tffm] epoch 20/50: train_loss=0.7408 val_auc=0.9182 best=0.9182 patience=0/10 *
    [tffm] epoch 21/50: train_loss=0.6797 val_auc=0.9156 best=0.9182 patience=1/10
    [tffm] epoch 22/50: train_loss=0.6397 val_auc=0.9192 best=0.9192 patience=0/10 *
    [tffm] epoch 23/50: train_loss=0.6385 val_auc=0.9131 best=0.9192 patience=1/10
    [tffm] epoch 24/50: train_loss=0.7008 val_auc=0.9177 best=0.9192 patience=2/10
    [tffm] epoch 25/50: train_loss=0.6425 val_auc=0.9110 best=0.9192 patience=3/10
    [tffm] epoch 26/50: train_loss=0.6118 val_auc=0.9162 best=0.9192 patience=4/10
    [tffm] epoch 27/50: train_loss=0.6419 val_auc=0.9171 best=0.9192 patience=5/10
    [tffm] epoch 28/50: train_loss=0.6955 val_auc=0.9089 best=0.9192 patience=6/10
    [tffm] epoch 29/50: train_loss=0.6844 val_auc=0.9160 best=0.9192 patience=7/10
    [tffm] epoch 30/50: train_loss=0.6150 val_auc=0.9127 best=0.9192 patience=8/10
    [tffm] epoch 31/50: train_loss=0.6034 val_auc=0.9161 best=0.9192 patience=9/10
    [tffm] epoch 32/50: train_loss=0.5911 val_auc=0.9124 best=0.9192 patience=10/10
    [tffm] early stop at epoch 32
  [tffm] fold 15/25: AUC=0.9192
    [tffm] epoch 01/50: train_loss=1.2135 val_auc=0.8409 best=0.8409 patience=0/10 *
    [tffm] epoch 02/50: train_loss=1.0133 val_auc=0.8458 best=0.8458 patience=0/10 *
    [tffm] epoch 03/50: train_loss=0.9187 val_auc=0.8529 best=0.8529 patience=0/10 *
    [tffm] epoch 04/50: train_loss=0.8495 val_auc=0.8707 best=0.8707 patience=0/10 *
    [tffm] epoch 05/50: train_loss=0.8192 val_auc=0.8672 best=0.8707 patience=1/10
    [tffm] epoch 06/50: train_loss=0.7440 val_auc=0.8608 best=0.8707 patience=2/10
    [tffm] epoch 07/50: train_loss=0.7377 val_auc=0.8624 best=0.8707 patience=3/10
    [tffm] epoch 08/50: train_loss=0.7319 val_auc=0.8619 best=0.8707 patience=4/10
    [tffm] epoch 09/50: train_loss=0.7733 val_auc=0.8672 best=0.8707 patience=5/10
    [tffm] epoch 10/50: train_loss=0.7051 val_auc=0.8730 best=0.8730 patience=0/10 *
    [tffm] epoch 11/50: train_loss=0.7267 val_auc=0.8686 best=0.8730 patience=1/10
    [tffm] epoch 12/50: train_loss=0.7230 val_auc=0.8665 best=0.8730 patience=2/10
    [tffm] epoch 13/50: train_loss=0.6923 val_auc=0.8711 best=0.8730 patience=3/10
    [tffm] epoch 14/50: train_loss=0.6546 val_auc=0.8727 best=0.8730 patience=4/10
    [tffm] epoch 15/50: train_loss=0.6398 val_auc=0.8719 best=0.8730 patience=5/10
    [tffm] epoch 16/50: train_loss=0.6507 val_auc=0.8655 best=0.8730 patience=6/10
    [tffm] epoch 17/50: train_loss=0.6392 val_auc=0.8647 best=0.8730 patience=7/10
    [tffm] epoch 18/50: train_loss=0.6795 val_auc=0.8649 best=0.8730 patience=8/10
    [tffm] epoch 19/50: train_loss=0.7083 val_auc=0.8670 best=0.8730 patience=9/10
    [tffm] epoch 20/50: train_loss=0.6417 val_auc=0.8671 best=0.8730 patience=10/10
    [tffm] early stop at epoch 20
  [tffm] fold 16/25: AUC=0.8730
    [tffm] epoch 01/50: train_loss=1.2475 val_auc=0.8765 best=0.8765 patience=0/10 *
    [tffm] epoch 02/50: train_loss=0.9869 val_auc=0.8767 best=0.8767 patience=0/10 *
    [tffm] epoch 03/50: train_loss=0.8879 val_auc=0.8716 best=0.8767 patience=1/10
    [tffm] epoch 04/50: train_loss=0.8519 val_auc=0.8768 best=0.8768 patience=0/10 *
    [tffm] epoch 05/50: train_loss=0.7912 val_auc=0.8829 best=0.8829 patience=0/10 *
    [tffm] epoch 06/50: train_loss=0.8350 val_auc=0.8782 best=0.8829 patience=1/10
    [tffm] epoch 07/50: train_loss=0.8180 val_auc=0.8828 best=0.8829 patience=2/10
    [tffm] epoch 08/50: train_loss=0.7557 val_auc=0.8851 best=0.8851 patience=0/10 *
    [tffm] epoch 09/50: train_loss=0.8101 val_auc=0.8906 best=0.8906 patience=0/10 *
    [tffm] epoch 10/50: train_loss=0.7689 val_auc=0.8988 best=0.8988 patience=0/10 *
    [tffm] epoch 11/50: train_loss=0.8495 val_auc=0.9009 best=0.9009 patience=0/10 *
    [tffm] epoch 12/50: train_loss=0.8057 val_auc=0.9008 best=0.9009 patience=1/10
    [tffm] epoch 13/50: train_loss=0.8048 val_auc=0.9015 best=0.9015 patience=0/10 *
    [tffm] epoch 14/50: train_loss=0.7357 val_auc=0.9020 best=0.9020 patience=0/10 *
    [tffm] epoch 15/50: train_loss=0.7263 val_auc=0.9035 best=0.9035 patience=0/10 *
    [tffm] epoch 16/50: train_loss=0.7437 val_auc=0.9058 best=0.9058 patience=0/10 *
    [tffm] epoch 17/50: train_loss=0.7477 val_auc=0.9063 best=0.9063 patience=0/10 *
    [tffm] epoch 18/50: train_loss=0.7020 val_auc=0.9059 best=0.9063 patience=1/10
    [tffm] epoch 19/50: train_loss=0.7645 val_auc=0.9091 best=0.9091 patience=0/10 *
    [tffm] epoch 20/50: train_loss=0.7571 val_auc=0.9068 best=0.9091 patience=1/10
    [tffm] epoch 21/50: train_loss=0.7589 val_auc=0.9119 best=0.9119 patience=0/10 *
    [tffm] epoch 22/50: train_loss=0.7472 val_auc=0.9110 best=0.9119 patience=1/10
    [tffm] epoch 23/50: train_loss=0.6900 val_auc=0.9120 best=0.9120 patience=0/10 *
    [tffm] epoch 24/50: train_loss=0.6458 val_auc=0.9150 best=0.9150 patience=0/10 *
    [tffm] epoch 25/50: train_loss=0.6720 val_auc=0.9116 best=0.9150 patience=1/10
    [tffm] epoch 26/50: train_loss=0.6389 val_auc=0.8928 best=0.9150 patience=2/10
    [tffm] epoch 27/50: train_loss=0.7434 val_auc=0.9136 best=0.9150 patience=3/10
    [tffm] epoch 28/50: train_loss=0.7089 val_auc=0.9091 best=0.9150 patience=4/10
    [tffm] epoch 29/50: train_loss=0.6394 val_auc=0.8881 best=0.9150 patience=5/10
    [tffm] epoch 30/50: train_loss=0.6856 val_auc=0.9146 best=0.9150 patience=6/10
    [tffm] epoch 31/50: train_loss=0.6490 val_auc=0.8973 best=0.9150 patience=7/10
    [tffm] epoch 32/50: train_loss=0.6091 val_auc=0.8696 best=0.9150 patience=8/10
    [tffm] epoch 33/50: train_loss=0.7045 val_auc=0.8660 best=0.9150 patience=9/10
    [tffm] epoch 34/50: train_loss=0.6115 val_auc=0.9096 best=0.9150 patience=10/10
    [tffm] early stop at epoch 34
  [tffm] fold 17/25: AUC=0.9150
    [tffm] epoch 01/50: train_loss=1.2250 val_auc=0.8288 best=0.8288 patience=0/10 *
    [tffm] epoch 02/50: train_loss=1.1229 val_auc=0.8250 best=0.8288 patience=1/10
    [tffm] epoch 03/50: train_loss=0.9551 val_auc=0.8341 best=0.8341 patience=0/10 *
    [tffm] epoch 04/50: train_loss=0.8879 val_auc=0.8472 best=0.8472 patience=0/10 *
    [tffm] epoch 05/50: train_loss=0.7960 val_auc=0.8550 best=0.8550 patience=0/10 *
    [tffm] epoch 06/50: train_loss=0.7677 val_auc=0.8539 best=0.8550 patience=1/10
    [tffm] epoch 07/50: train_loss=0.7656 val_auc=0.8517 best=0.8550 patience=2/10
    [tffm] epoch 08/50: train_loss=0.7435 val_auc=0.8448 best=0.8550 patience=3/10
    [tffm] epoch 09/50: train_loss=0.7637 val_auc=0.8497 best=0.8550 patience=4/10
    [tffm] epoch 10/50: train_loss=0.7216 val_auc=0.8478 best=0.8550 patience=5/10
    [tffm] epoch 11/50: train_loss=0.7165 val_auc=0.8565 best=0.8565 patience=0/10 *
    [tffm] epoch 12/50: train_loss=0.6874 val_auc=0.8499 best=0.8565 patience=1/10
    [tffm] epoch 13/50: train_loss=0.6675 val_auc=0.8515 best=0.8565 patience=2/10
    [tffm] epoch 14/50: train_loss=0.7116 val_auc=0.8478 best=0.8565 patience=3/10
    [tffm] epoch 15/50: train_loss=0.7816 val_auc=0.8473 best=0.8565 patience=4/10
    [tffm] epoch 16/50: train_loss=0.6786 val_auc=0.8404 best=0.8565 patience=5/10
    [tffm] epoch 17/50: train_loss=0.6263 val_auc=0.8077 best=0.8565 patience=6/10
    [tffm] epoch 18/50: train_loss=0.6707 val_auc=0.8551 best=0.8565 patience=7/10
    [tffm] epoch 19/50: train_loss=0.6554 val_auc=0.8626 best=0.8626 patience=0/10 *
    [tffm] epoch 20/50: train_loss=0.6501 val_auc=0.8618 best=0.8626 patience=1/10
    [tffm] epoch 21/50: train_loss=0.6275 val_auc=0.8613 best=0.8626 patience=2/10
    [tffm] epoch 22/50: train_loss=0.6851 val_auc=0.8459 best=0.8626 patience=3/10
    [tffm] epoch 23/50: train_loss=0.6243 val_auc=0.8664 best=0.8664 patience=0/10 *
    [tffm] epoch 24/50: train_loss=0.6180 val_auc=0.8691 best=0.8691 patience=0/10 *
    [tffm] epoch 25/50: train_loss=0.6437 val_auc=0.8726 best=0.8726 patience=0/10 *
    [tffm] epoch 26/50: train_loss=0.6001 val_auc=0.8741 best=0.8741 patience=0/10 *
    [tffm] epoch 27/50: train_loss=0.5711 val_auc=0.8226 best=0.8741 patience=1/10
    [tffm] epoch 28/50: train_loss=0.7865 val_auc=0.8757 best=0.8757 patience=0/10 *
    [tffm] epoch 29/50: train_loss=0.5988 val_auc=0.8796 best=0.8796 patience=0/10 *
    [tffm] epoch 30/50: train_loss=0.6965 val_auc=0.8795 best=0.8796 patience=1/10
    [tffm] epoch 31/50: train_loss=0.6695 val_auc=0.8657 best=0.8796 patience=2/10
    [tffm] epoch 32/50: train_loss=0.7245 val_auc=0.8151 best=0.8796 patience=3/10
    [tffm] epoch 33/50: train_loss=0.7843 val_auc=0.8752 best=0.8796 patience=4/10
    [tffm] epoch 34/50: train_loss=0.5832 val_auc=0.8828 best=0.8828 patience=0/10 *
    [tffm] epoch 35/50: train_loss=0.6118 val_auc=0.8256 best=0.8828 patience=1/10
    [tffm] epoch 36/50: train_loss=0.6072 val_auc=0.8851 best=0.8851 patience=0/10 *
    [tffm] epoch 37/50: train_loss=0.5883 val_auc=0.8706 best=0.8851 patience=1/10
    [tffm] epoch 38/50: train_loss=0.5684 val_auc=0.8842 best=0.8851 patience=2/10
    [tffm] epoch 39/50: train_loss=0.6493 val_auc=0.8266 best=0.8851 patience=3/10
    [tffm] epoch 40/50: train_loss=0.6176 val_auc=0.8861 best=0.8861 patience=0/10 *
    [tffm] epoch 41/50: train_loss=0.5349 val_auc=0.8656 best=0.8861 patience=1/10
    [tffm] epoch 42/50: train_loss=0.5880 val_auc=0.8871 best=0.8871 patience=0/10 *
    [tffm] epoch 43/50: train_loss=0.5451 val_auc=0.8873 best=0.8873 patience=0/10 *
    [tffm] epoch 44/50: train_loss=0.5455 val_auc=0.8903 best=0.8903 patience=0/10 *
    [tffm] epoch 45/50: train_loss=0.5275 val_auc=0.8933 best=0.8933 patience=0/10 *
    [tffm] epoch 46/50: train_loss=0.5410 val_auc=0.8974 best=0.8974 patience=0/10 *
    [tffm] epoch 47/50: train_loss=0.5475 val_auc=0.8938 best=0.8974 patience=1/10
    [tffm] epoch 48/50: train_loss=0.5526 val_auc=0.8915 best=0.8974 patience=2/10
    [tffm] epoch 49/50: train_loss=0.5580 val_auc=0.8909 best=0.8974 patience=3/10
    [tffm] epoch 50/50: train_loss=0.5318 val_auc=0.8473 best=0.8974 patience=4/10
  [tffm] fold 18/25: AUC=0.8974
    [tffm] epoch 01/50: train_loss=1.2616 val_auc=0.8832 best=0.8832 patience=0/10 *
    [tffm] epoch 02/50: train_loss=1.0787 val_auc=0.8859 best=0.8859 patience=0/10 *
    [tffm] epoch 03/50: train_loss=0.9506 val_auc=0.8856 best=0.8859 patience=1/10
    [tffm] epoch 04/50: train_loss=0.8657 val_auc=0.8819 best=0.8859 patience=2/10
    [tffm] epoch 05/50: train_loss=0.8493 val_auc=0.8927 best=0.8927 patience=0/10 *
    [tffm] epoch 06/50: train_loss=0.8157 val_auc=0.9020 best=0.9020 patience=0/10 *
    [tffm] epoch 07/50: train_loss=0.8441 val_auc=0.9065 best=0.9065 patience=0/10 *
    [tffm] epoch 08/50: train_loss=0.8102 val_auc=0.9097 best=0.9097 patience=0/10 *
    [tffm] epoch 09/50: train_loss=0.8281 val_auc=0.9202 best=0.9202 patience=0/10 *
    [tffm] epoch 10/50: train_loss=0.7665 val_auc=0.9267 best=0.9267 patience=0/10 *
    [tffm] epoch 11/50: train_loss=0.8495 val_auc=0.8925 best=0.9267 patience=1/10
    [tffm] epoch 12/50: train_loss=0.7741 val_auc=0.9276 best=0.9276 patience=0/10 *
    [tffm] epoch 13/50: train_loss=0.7748 val_auc=0.9300 best=0.9300 patience=0/10 *
    [tffm] epoch 14/50: train_loss=0.7626 val_auc=0.9258 best=0.9300 patience=1/10
    [tffm] epoch 15/50: train_loss=0.7499 val_auc=0.9346 best=0.9346 patience=0/10 *
    [tffm] epoch 16/50: train_loss=0.7480 val_auc=0.9377 best=0.9377 patience=0/10 *
    [tffm] epoch 17/50: train_loss=0.7308 val_auc=0.9338 best=0.9377 patience=1/10
    [tffm] epoch 18/50: train_loss=0.6974 val_auc=0.9394 best=0.9394 patience=0/10 *
    [tffm] epoch 19/50: train_loss=0.8601 val_auc=0.9098 best=0.9394 patience=1/10
    [tffm] epoch 20/50: train_loss=0.7364 val_auc=0.9245 best=0.9394 patience=2/10
    [tffm] epoch 21/50: train_loss=0.6993 val_auc=0.9223 best=0.9394 patience=3/10
    [tffm] epoch 22/50: train_loss=0.7615 val_auc=0.9370 best=0.9394 patience=4/10
    [tffm] epoch 23/50: train_loss=0.6888 val_auc=0.9365 best=0.9394 patience=5/10
    [tffm] epoch 24/50: train_loss=0.7956 val_auc=0.9404 best=0.9404 patience=0/10 *
    [tffm] epoch 25/50: train_loss=0.6731 val_auc=0.9374 best=0.9404 patience=1/10
    [tffm] epoch 26/50: train_loss=0.6895 val_auc=0.9376 best=0.9404 patience=2/10
    [tffm] epoch 27/50: train_loss=0.7010 val_auc=0.9389 best=0.9404 patience=3/10
    [tffm] epoch 28/50: train_loss=0.7524 val_auc=0.9394 best=0.9404 patience=4/10
    [tffm] epoch 29/50: train_loss=0.6908 val_auc=0.9390 best=0.9404 patience=5/10
    [tffm] epoch 30/50: train_loss=0.6549 val_auc=0.9414 best=0.9414 patience=0/10 *
    [tffm] epoch 31/50: train_loss=0.6716 val_auc=0.9436 best=0.9436 patience=0/10 *
    [tffm] epoch 32/50: train_loss=0.6869 val_auc=0.9410 best=0.9436 patience=1/10
    [tffm] epoch 33/50: train_loss=0.6756 val_auc=0.9416 best=0.9436 patience=2/10
    [tffm] epoch 34/50: train_loss=0.7175 val_auc=0.9408 best=0.9436 patience=3/10
    [tffm] epoch 35/50: train_loss=0.7435 val_auc=0.9441 best=0.9441 patience=0/10 *
    [tffm] epoch 36/50: train_loss=0.6302 val_auc=0.9440 best=0.9441 patience=1/10
    [tffm] epoch 37/50: train_loss=0.7003 val_auc=0.9448 best=0.9448 patience=0/10 *
    [tffm] epoch 38/50: train_loss=0.6712 val_auc=0.9436 best=0.9448 patience=1/10
    [tffm] epoch 39/50: train_loss=0.6846 val_auc=0.9445 best=0.9448 patience=2/10
    [tffm] epoch 40/50: train_loss=0.6369 val_auc=0.9437 best=0.9448 patience=3/10
    [tffm] epoch 41/50: train_loss=0.6292 val_auc=0.9455 best=0.9455 patience=0/10 *
    [tffm] epoch 42/50: train_loss=0.6370 val_auc=0.9463 best=0.9463 patience=0/10 *
    [tffm] epoch 43/50: train_loss=0.6251 val_auc=0.9491 best=0.9491 patience=0/10 *
    [tffm] epoch 44/50: train_loss=0.6200 val_auc=0.9437 best=0.9491 patience=1/10
    [tffm] epoch 45/50: train_loss=0.7336 val_auc=0.9415 best=0.9491 patience=2/10
    [tffm] epoch 46/50: train_loss=0.5848 val_auc=0.9438 best=0.9491 patience=3/10
    [tffm] epoch 47/50: train_loss=0.6240 val_auc=0.9268 best=0.9491 patience=4/10
    [tffm] epoch 48/50: train_loss=0.8662 val_auc=0.9056 best=0.9491 patience=5/10
    [tffm] epoch 49/50: train_loss=0.5968 val_auc=0.9467 best=0.9491 patience=6/10
    [tffm] epoch 50/50: train_loss=0.6029 val_auc=0.9429 best=0.9491 patience=7/10
  [tffm] fold 19/25: AUC=0.9491
    [tffm] epoch 01/50: train_loss=1.2017 val_auc=0.8695 best=0.8695 patience=0/10 *
    [tffm] epoch 02/50: train_loss=1.0761 val_auc=0.8849 best=0.8849 patience=0/10 *
    [tffm] epoch 03/50: train_loss=0.9531 val_auc=0.8856 best=0.8856 patience=0/10 *
    [tffm] epoch 04/50: train_loss=0.8643 val_auc=0.9219 best=0.9219 patience=0/10 *
    [tffm] epoch 05/50: train_loss=0.7853 val_auc=0.9179 best=0.9219 patience=1/10
    [tffm] epoch 06/50: train_loss=0.8914 val_auc=0.9247 best=0.9247 patience=0/10 *
    [tffm] epoch 07/50: train_loss=0.8417 val_auc=0.9373 best=0.9373 patience=0/10 *
    [tffm] epoch 08/50: train_loss=0.8004 val_auc=0.9289 best=0.9373 patience=1/10
    [tffm] epoch 09/50: train_loss=0.8245 val_auc=0.9334 best=0.9373 patience=2/10
    [tffm] epoch 10/50: train_loss=0.8237 val_auc=0.9427 best=0.9427 patience=0/10 *
    [tffm] epoch 11/50: train_loss=0.8294 val_auc=0.9431 best=0.9431 patience=0/10 *
    [tffm] epoch 12/50: train_loss=0.8202 val_auc=0.9507 best=0.9507 patience=0/10 *
    [tffm] epoch 13/50: train_loss=0.7288 val_auc=0.9526 best=0.9526 patience=0/10 *
    [tffm] epoch 14/50: train_loss=0.7534 val_auc=0.9524 best=0.9526 patience=1/10
    [tffm] epoch 15/50: train_loss=0.8197 val_auc=0.9474 best=0.9526 patience=2/10
    [tffm] epoch 16/50: train_loss=0.7434 val_auc=0.9534 best=0.9534 patience=0/10 *
    [tffm] epoch 17/50: train_loss=0.8382 val_auc=0.9484 best=0.9534 patience=1/10
    [tffm] epoch 18/50: train_loss=0.8113 val_auc=0.9559 best=0.9559 patience=0/10 *
    [tffm] epoch 19/50: train_loss=0.7401 val_auc=0.9558 best=0.9559 patience=1/10
    [tffm] epoch 20/50: train_loss=0.7729 val_auc=0.9507 best=0.9559 patience=2/10
    [tffm] epoch 21/50: train_loss=0.7616 val_auc=0.9564 best=0.9564 patience=0/10 *
    [tffm] epoch 22/50: train_loss=0.6970 val_auc=0.9596 best=0.9596 patience=0/10 *
    [tffm] epoch 23/50: train_loss=0.7510 val_auc=0.9602 best=0.9602 patience=0/10 *
    [tffm] epoch 24/50: train_loss=0.6756 val_auc=0.9610 best=0.9610 patience=0/10 *
    [tffm] epoch 25/50: train_loss=0.8301 val_auc=0.9631 best=0.9631 patience=0/10 *
    [tffm] epoch 26/50: train_loss=0.6743 val_auc=0.9611 best=0.9631 patience=1/10
    [tffm] epoch 27/50: train_loss=0.6743 val_auc=0.9594 best=0.9631 patience=2/10
    [tffm] epoch 28/50: train_loss=0.6818 val_auc=0.9563 best=0.9631 patience=3/10
    [tffm] epoch 29/50: train_loss=0.7156 val_auc=0.9576 best=0.9631 patience=4/10
    [tffm] epoch 30/50: train_loss=0.6554 val_auc=0.9582 best=0.9631 patience=5/10
    [tffm] epoch 31/50: train_loss=0.7154 val_auc=0.9573 best=0.9631 patience=6/10
    [tffm] epoch 32/50: train_loss=0.6575 val_auc=0.9579 best=0.9631 patience=7/10
    [tffm] epoch 33/50: train_loss=0.7413 val_auc=0.9548 best=0.9631 patience=8/10
    [tffm] epoch 34/50: train_loss=0.6981 val_auc=0.9571 best=0.9631 patience=9/10
    [tffm] epoch 35/50: train_loss=0.6367 val_auc=0.9572 best=0.9631 patience=10/10
    [tffm] early stop at epoch 35
  [tffm] fold 20/25: AUC=0.9631
    [tffm] epoch 01/50: train_loss=1.2957 val_auc=0.7993 best=0.7993 patience=0/10 *
    [tffm] epoch 02/50: train_loss=1.0796 val_auc=0.8004 best=0.8004 patience=0/10 *
    [tffm] epoch 03/50: train_loss=0.8685 val_auc=0.8181 best=0.8181 patience=0/10 *
    [tffm] epoch 04/50: train_loss=0.8618 val_auc=0.8255 best=0.8255 patience=0/10 *
    [tffm] epoch 05/50: train_loss=0.7340 val_auc=0.8388 best=0.8388 patience=0/10 *
    [tffm] epoch 06/50: train_loss=0.7705 val_auc=0.8434 best=0.8434 patience=0/10 *
    [tffm] epoch 07/50: train_loss=0.6944 val_auc=0.8423 best=0.8434 patience=1/10
    [tffm] epoch 08/50: train_loss=0.7563 val_auc=0.8453 best=0.8453 patience=0/10 *
    [tffm] epoch 09/50: train_loss=0.6912 val_auc=0.8502 best=0.8502 patience=0/10 *
    [tffm] epoch 10/50: train_loss=0.6652 val_auc=0.8524 best=0.8524 patience=0/10 *
    [tffm] epoch 11/50: train_loss=0.6720 val_auc=0.8540 best=0.8540 patience=0/10 *
    [tffm] epoch 12/50: train_loss=0.6573 val_auc=0.8519 best=0.8540 patience=1/10
    [tffm] epoch 13/50: train_loss=0.6188 val_auc=0.8624 best=0.8624 patience=0/10 *
    [tffm] epoch 14/50: train_loss=0.6255 val_auc=0.8702 best=0.8702 patience=0/10 *
    [tffm] epoch 15/50: train_loss=0.6691 val_auc=0.8637 best=0.8702 patience=1/10
    [tffm] epoch 16/50: train_loss=0.6918 val_auc=0.8613 best=0.8702 patience=2/10
    [tffm] epoch 17/50: train_loss=0.6403 val_auc=0.8684 best=0.8702 patience=3/10
    [tffm] epoch 18/50: train_loss=0.5975 val_auc=0.8709 best=0.8709 patience=0/10 *
    [tffm] epoch 19/50: train_loss=0.6370 val_auc=0.8686 best=0.8709 patience=1/10
    [tffm] epoch 20/50: train_loss=0.5800 val_auc=0.8679 best=0.8709 patience=2/10
    [tffm] epoch 21/50: train_loss=0.5933 val_auc=0.8725 best=0.8725 patience=0/10 *
    [tffm] epoch 22/50: train_loss=0.5794 val_auc=0.8695 best=0.8725 patience=1/10
    [tffm] epoch 23/50: train_loss=0.5809 val_auc=0.8757 best=0.8757 patience=0/10 *
    [tffm] epoch 24/50: train_loss=0.5677 val_auc=0.8706 best=0.8757 patience=1/10
    [tffm] epoch 25/50: train_loss=0.5377 val_auc=0.8795 best=0.8795 patience=0/10 *
    [tffm] epoch 26/50: train_loss=0.6035 val_auc=0.8745 best=0.8795 patience=1/10
    [tffm] epoch 27/50: train_loss=0.5387 val_auc=0.8772 best=0.8795 patience=2/10
    [tffm] epoch 28/50: train_loss=0.5374 val_auc=0.8791 best=0.8795 patience=3/10
    [tffm] epoch 29/50: train_loss=0.5603 val_auc=0.8793 best=0.8795 patience=4/10
    [tffm] epoch 30/50: train_loss=0.5244 val_auc=0.8730 best=0.8795 patience=5/10
    [tffm] epoch 31/50: train_loss=0.5276 val_auc=0.8660 best=0.8795 patience=6/10
    [tffm] epoch 32/50: train_loss=0.5190 val_auc=0.8725 best=0.8795 patience=7/10
    [tffm] epoch 33/50: train_loss=0.5558 val_auc=0.8707 best=0.8795 patience=8/10
    [tffm] epoch 34/50: train_loss=0.5418 val_auc=0.8679 best=0.8795 patience=9/10
    [tffm] epoch 35/50: train_loss=0.5097 val_auc=0.8406 best=0.8795 patience=10/10
    [tffm] early stop at epoch 35
  [tffm] fold 21/25: AUC=0.8795
    [tffm] epoch 01/50: train_loss=1.2182 val_auc=0.8705 best=0.8705 patience=0/10 *
    [tffm] epoch 02/50: train_loss=1.0305 val_auc=0.8879 best=0.8879 patience=0/10 *
    [tffm] epoch 03/50: train_loss=0.9020 val_auc=0.9044 best=0.9044 patience=0/10 *
    [tffm] epoch 04/50: train_loss=0.8737 val_auc=0.9029 best=0.9044 patience=1/10
    [tffm] epoch 05/50: train_loss=0.8409 val_auc=0.9111 best=0.9111 patience=0/10 *
    [tffm] epoch 06/50: train_loss=0.7880 val_auc=0.9185 best=0.9185 patience=0/10 *
    [tffm] epoch 07/50: train_loss=0.7742 val_auc=0.9248 best=0.9248 patience=0/10 *
    [tffm] epoch 08/50: train_loss=0.7358 val_auc=0.9258 best=0.9258 patience=0/10 *
    [tffm] epoch 09/50: train_loss=0.7772 val_auc=0.9276 best=0.9276 patience=0/10 *
    [tffm] epoch 10/50: train_loss=0.8312 val_auc=0.9260 best=0.9276 patience=1/10
    [tffm] epoch 11/50: train_loss=0.7396 val_auc=0.9183 best=0.9276 patience=2/10
    [tffm] epoch 12/50: train_loss=0.7377 val_auc=0.9130 best=0.9276 patience=3/10
    [tffm] epoch 13/50: train_loss=0.7534 val_auc=0.9166 best=0.9276 patience=4/10
    [tffm] epoch 14/50: train_loss=0.7688 val_auc=0.9152 best=0.9276 patience=5/10
    [tffm] epoch 15/50: train_loss=0.7556 val_auc=0.9100 best=0.9276 patience=6/10
    [tffm] epoch 16/50: train_loss=0.7266 val_auc=0.9089 best=0.9276 patience=7/10
    [tffm] epoch 17/50: train_loss=0.6820 val_auc=0.9144 best=0.9276 patience=8/10
    [tffm] epoch 18/50: train_loss=0.6748 val_auc=0.9159 best=0.9276 patience=9/10
    [tffm] epoch 19/50: train_loss=0.8004 val_auc=0.9092 best=0.9276 patience=10/10
    [tffm] early stop at epoch 19
  [tffm] fold 22/25: AUC=0.9276
    [tffm] epoch 01/50: train_loss=1.2886 val_auc=0.8730 best=0.8730 patience=0/10 *
    [tffm] epoch 02/50: train_loss=1.1883 val_auc=0.8801 best=0.8801 patience=0/10 *
    [tffm] epoch 03/50: train_loss=0.9515 val_auc=0.8906 best=0.8906 patience=0/10 *
    [tffm] epoch 04/50: train_loss=0.9043 val_auc=0.8965 best=0.8965 patience=0/10 *
    [tffm] epoch 05/50: train_loss=0.8292 val_auc=0.9058 best=0.9058 patience=0/10 *
    [tffm] epoch 06/50: train_loss=0.8117 val_auc=0.9107 best=0.9107 patience=0/10 *
    [tffm] epoch 07/50: train_loss=0.7826 val_auc=0.9094 best=0.9107 patience=1/10
    [tffm] epoch 08/50: train_loss=0.7868 val_auc=0.9060 best=0.9107 patience=2/10
    [tffm] epoch 09/50: train_loss=0.7733 val_auc=0.9114 best=0.9114 patience=0/10 *
    [tffm] epoch 10/50: train_loss=0.7687 val_auc=0.9085 best=0.9114 patience=1/10
    [tffm] epoch 11/50: train_loss=0.7460 val_auc=0.8949 best=0.9114 patience=2/10
    [tffm] epoch 12/50: train_loss=0.8523 val_auc=0.9078 best=0.9114 patience=3/10
    [tffm] epoch 13/50: train_loss=0.8176 val_auc=0.9139 best=0.9139 patience=0/10 *
    [tffm] epoch 14/50: train_loss=0.7717 val_auc=0.9016 best=0.9139 patience=1/10
    [tffm] epoch 15/50: train_loss=0.7393 val_auc=0.9101 best=0.9139 patience=2/10
    [tffm] epoch 16/50: train_loss=0.7220 val_auc=0.9179 best=0.9179 patience=0/10 *
    [tffm] epoch 17/50: train_loss=0.7097 val_auc=0.9157 best=0.9179 patience=1/10
    [tffm] epoch 18/50: train_loss=0.6896 val_auc=0.9149 best=0.9179 patience=2/10
    [tffm] epoch 19/50: train_loss=0.6945 val_auc=0.9157 best=0.9179 patience=3/10
    [tffm] epoch 20/50: train_loss=0.7244 val_auc=0.9190 best=0.9190 patience=0/10 *
    [tffm] epoch 21/50: train_loss=0.6991 val_auc=0.9195 best=0.9195 patience=0/10 *
    [tffm] epoch 22/50: train_loss=0.7391 val_auc=0.9225 best=0.9225 patience=0/10 *
    [tffm] epoch 23/50: train_loss=0.7168 val_auc=0.9242 best=0.9242 patience=0/10 *
    [tffm] epoch 24/50: train_loss=0.7203 val_auc=0.9247 best=0.9247 patience=0/10 *
    [tffm] epoch 25/50: train_loss=0.7004 val_auc=0.9188 best=0.9247 patience=1/10
    [tffm] epoch 26/50: train_loss=0.6687 val_auc=0.9175 best=0.9247 patience=2/10
    [tffm] epoch 27/50: train_loss=0.6715 val_auc=0.9185 best=0.9247 patience=3/10
    [tffm] epoch 28/50: train_loss=0.6826 val_auc=0.9220 best=0.9247 patience=4/10
    [tffm] epoch 29/50: train_loss=0.6370 val_auc=0.9220 best=0.9247 patience=5/10
    [tffm] epoch 30/50: train_loss=0.6250 val_auc=0.9270 best=0.9270 patience=0/10 *
    [tffm] epoch 31/50: train_loss=0.6255 val_auc=0.9304 best=0.9304 patience=0/10 *
    [tffm] epoch 32/50: train_loss=0.6570 val_auc=0.9287 best=0.9304 patience=1/10
    [tffm] epoch 33/50: train_loss=0.6345 val_auc=0.9288 best=0.9304 patience=2/10
    [tffm] epoch 34/50: train_loss=0.6054 val_auc=0.9277 best=0.9304 patience=3/10
    [tffm] epoch 35/50: train_loss=0.6743 val_auc=0.9293 best=0.9304 patience=4/10
    [tffm] epoch 36/50: train_loss=0.6090 val_auc=0.9354 best=0.9354 patience=0/10 *
    [tffm] epoch 37/50: train_loss=0.6466 val_auc=0.9341 best=0.9354 patience=1/10
    [tffm] epoch 38/50: train_loss=0.6453 val_auc=0.9394 best=0.9394 patience=0/10 *
    [tffm] epoch 39/50: train_loss=0.6653 val_auc=0.9399 best=0.9399 patience=0/10 *
    [tffm] epoch 40/50: train_loss=0.5918 val_auc=0.9218 best=0.9399 patience=1/10
    [tffm] epoch 41/50: train_loss=0.6658 val_auc=0.9337 best=0.9399 patience=2/10
    [tffm] epoch 42/50: train_loss=0.5971 val_auc=0.9333 best=0.9399 patience=3/10
    [tffm] epoch 43/50: train_loss=0.6156 val_auc=0.8965 best=0.9399 patience=4/10
    [tffm] epoch 44/50: train_loss=0.5987 val_auc=0.9262 best=0.9399 patience=5/10
    [tffm] epoch 45/50: train_loss=0.6568 val_auc=0.8873 best=0.9399 patience=6/10
    [tffm] epoch 46/50: train_loss=0.6185 val_auc=0.9367 best=0.9399 patience=7/10
    [tffm] epoch 47/50: train_loss=0.6008 val_auc=0.9011 best=0.9399 patience=8/10
    [tffm] epoch 48/50: train_loss=0.6958 val_auc=0.8509 best=0.9399 patience=9/10
    [tffm] epoch 49/50: train_loss=0.6755 val_auc=0.8791 best=0.9399 patience=10/10
    [tffm] early stop at epoch 49
  [tffm] fold 23/25: AUC=0.9399
    [tffm] epoch 01/50: train_loss=1.4168 val_auc=0.8517 best=0.8517 patience=0/10 *
    [tffm] epoch 02/50: train_loss=1.1656 val_auc=0.8770 best=0.8770 patience=0/10 *
    [tffm] epoch 03/50: train_loss=1.0047 val_auc=0.8802 best=0.8802 patience=0/10 *
    [tffm] epoch 04/50: train_loss=0.9295 val_auc=0.8795 best=0.8802 patience=1/10
    [tffm] epoch 05/50: train_loss=0.8730 val_auc=0.8793 best=0.8802 patience=2/10
    [tffm] epoch 06/50: train_loss=0.8842 val_auc=0.8863 best=0.8863 patience=0/10 *
    [tffm] epoch 07/50: train_loss=0.8632 val_auc=0.8971 best=0.8971 patience=0/10 *
    [tffm] epoch 08/50: train_loss=0.7683 val_auc=0.9047 best=0.9047 patience=0/10 *
    [tffm] epoch 09/50: train_loss=0.7611 val_auc=0.9090 best=0.9090 patience=0/10 *
    [tffm] epoch 10/50: train_loss=0.7452 val_auc=0.9097 best=0.9097 patience=0/10 *
    [tffm] epoch 11/50: train_loss=0.7354 val_auc=0.9113 best=0.9113 patience=0/10 *
    [tffm] epoch 12/50: train_loss=0.7155 val_auc=0.9139 best=0.9139 patience=0/10 *
    [tffm] epoch 13/50: train_loss=0.7440 val_auc=0.9131 best=0.9139 patience=1/10
    [tffm] epoch 14/50: train_loss=0.7496 val_auc=0.9086 best=0.9139 patience=2/10
    [tffm] epoch 15/50: train_loss=0.7002 val_auc=0.9116 best=0.9139 patience=3/10
    [tffm] epoch 16/50: train_loss=0.7276 val_auc=0.9111 best=0.9139 patience=4/10
    [tffm] epoch 17/50: train_loss=0.8081 val_auc=0.9113 best=0.9139 patience=5/10
    [tffm] epoch 18/50: train_loss=0.6702 val_auc=0.9109 best=0.9139 patience=6/10
    [tffm] epoch 19/50: train_loss=0.7629 val_auc=0.9122 best=0.9139 patience=7/10
    [tffm] epoch 20/50: train_loss=0.7112 val_auc=0.9097 best=0.9139 patience=8/10
    [tffm] epoch 21/50: train_loss=0.7417 val_auc=0.9143 best=0.9143 patience=0/10 *
    [tffm] epoch 22/50: train_loss=0.7815 val_auc=0.9132 best=0.9143 patience=1/10
    [tffm] epoch 23/50: train_loss=0.7392 val_auc=0.9161 best=0.9161 patience=0/10 *
    [tffm] epoch 24/50: train_loss=0.6721 val_auc=0.9203 best=0.9203 patience=0/10 *
    [tffm] epoch 25/50: train_loss=0.6757 val_auc=0.9211 best=0.9211 patience=0/10 *
    [tffm] epoch 26/50: train_loss=0.6658 val_auc=0.9147 best=0.9211 patience=1/10
    [tffm] epoch 27/50: train_loss=0.7611 val_auc=0.9204 best=0.9211 patience=2/10
    [tffm] epoch 28/50: train_loss=0.6726 val_auc=0.9145 best=0.9211 patience=3/10
    [tffm] epoch 29/50: train_loss=0.6603 val_auc=0.9203 best=0.9211 patience=4/10
    [tffm] epoch 30/50: train_loss=0.6874 val_auc=0.9187 best=0.9211 patience=5/10
    [tffm] epoch 31/50: train_loss=0.7028 val_auc=0.9196 best=0.9211 patience=6/10
    [tffm] epoch 32/50: train_loss=0.7701 val_auc=0.9212 best=0.9212 patience=0/10 *
    [tffm] epoch 33/50: train_loss=0.6469 val_auc=0.9194 best=0.9212 patience=1/10
    [tffm] epoch 34/50: train_loss=0.6541 val_auc=0.9173 best=0.9212 patience=2/10
    [tffm] epoch 35/50: train_loss=0.5972 val_auc=0.9118 best=0.9212 patience=3/10
    [tffm] epoch 36/50: train_loss=0.6667 val_auc=0.9161 best=0.9212 patience=4/10
    [tffm] epoch 37/50: train_loss=0.6481 val_auc=0.9075 best=0.9212 patience=5/10
    [tffm] epoch 38/50: train_loss=0.6042 val_auc=0.9145 best=0.9212 patience=6/10
    [tffm] epoch 39/50: train_loss=0.6537 val_auc=0.9076 best=0.9212 patience=7/10
    [tffm] epoch 40/50: train_loss=0.6546 val_auc=0.9122 best=0.9212 patience=8/10
    [tffm] epoch 41/50: train_loss=0.7551 val_auc=0.9168 best=0.9212 patience=9/10
    [tffm] epoch 42/50: train_loss=0.5744 val_auc=0.9120 best=0.9212 patience=10/10
    [tffm] early stop at epoch 42
  [tffm] fold 24/25: AUC=0.9212
    [tffm] epoch 01/50: train_loss=1.3420 val_auc=0.8524 best=0.8524 patience=0/10 *
    [tffm] epoch 02/50: train_loss=1.0894 val_auc=0.8562 best=0.8562 patience=0/10 *
    [tffm] epoch 03/50: train_loss=1.0126 val_auc=0.8763 best=0.8763 patience=0/10 *
    [tffm] epoch 04/50: train_loss=0.9152 val_auc=0.8836 best=0.8836 patience=0/10 *
    [tffm] epoch 05/50: train_loss=0.8440 val_auc=0.8870 best=0.8870 patience=0/10 *
    [tffm] epoch 06/50: train_loss=0.8293 val_auc=0.8933 best=0.8933 patience=0/10 *
    [tffm] epoch 07/50: train_loss=0.8539 val_auc=0.9077 best=0.9077 patience=0/10 *
    [tffm] epoch 08/50: train_loss=0.8274 val_auc=0.9042 best=0.9077 patience=1/10
    [tffm] epoch 09/50: train_loss=0.7555 val_auc=0.9141 best=0.9141 patience=0/10 *
    [tffm] epoch 10/50: train_loss=0.7496 val_auc=0.9177 best=0.9177 patience=0/10 *
    [tffm] epoch 11/50: train_loss=0.8072 val_auc=0.9209 best=0.9209 patience=0/10 *
    [tffm] epoch 12/50: train_loss=0.7696 val_auc=0.9215 best=0.9215 patience=0/10 *
    [tffm] epoch 13/50: train_loss=0.8044 val_auc=0.9258 best=0.9258 patience=0/10 *
    [tffm] epoch 14/50: train_loss=0.7297 val_auc=0.9275 best=0.9275 patience=0/10 *
    [tffm] epoch 15/50: train_loss=0.7164 val_auc=0.9255 best=0.9275 patience=1/10
    [tffm] epoch 16/50: train_loss=0.7001 val_auc=0.9262 best=0.9275 patience=2/10
    [tffm] epoch 17/50: train_loss=0.7042 val_auc=0.9264 best=0.9275 patience=3/10
    [tffm] epoch 18/50: train_loss=0.6931 val_auc=0.9297 best=0.9297 patience=0/10 *
    [tffm] epoch 19/50: train_loss=0.6876 val_auc=0.9315 best=0.9315 patience=0/10 *
    [tffm] epoch 20/50: train_loss=0.7108 val_auc=0.9305 best=0.9315 patience=1/10
    [tffm] epoch 21/50: train_loss=0.7201 val_auc=0.9312 best=0.9315 patience=2/10
    [tffm] epoch 22/50: train_loss=0.8161 val_auc=0.9332 best=0.9332 patience=0/10 *
    [tffm] epoch 23/50: train_loss=0.6603 val_auc=0.9310 best=0.9332 patience=1/10
    [tffm] epoch 24/50: train_loss=0.6554 val_auc=0.9335 best=0.9335 patience=0/10 *
    [tffm] epoch 25/50: train_loss=0.6493 val_auc=0.9370 best=0.9370 patience=0/10 *
    [tffm] epoch 26/50: train_loss=0.6585 val_auc=0.9336 best=0.9370 patience=1/10
    [tffm] epoch 27/50: train_loss=0.6280 val_auc=0.9347 best=0.9370 patience=2/10
    [tffm] epoch 28/50: train_loss=0.6841 val_auc=0.9293 best=0.9370 patience=3/10
    [tffm] epoch 29/50: train_loss=0.6091 val_auc=0.9336 best=0.9370 patience=4/10
    [tffm] epoch 30/50: train_loss=0.6380 val_auc=0.9332 best=0.9370 patience=5/10
    [tffm] epoch 31/50: train_loss=0.5956 val_auc=0.9314 best=0.9370 patience=6/10
    [tffm] epoch 32/50: train_loss=0.6152 val_auc=0.9336 best=0.9370 patience=7/10
    [tffm] epoch 33/50: train_loss=0.6083 val_auc=0.9344 best=0.9370 patience=8/10
    [tffm] epoch 34/50: train_loss=0.5843 val_auc=0.9315 best=0.9370 patience=9/10
    [tffm] epoch 35/50: train_loss=0.6021 val_auc=0.9342 best=0.9370 patience=10/10
    [tffm] early stop at epoch 35
  [tffm] fold 25/25: AUC=0.9370
tffm: mean=0.9177, std=0.0279, q25=0.8974, q10=0.8797 over 25 folds
