
== cv hybrid ==
  out:   ./runs/sweep/hybrid_drop0.5
  cv     n_splits=5 n_repeats=5 quick=False
  model  seed=42 device=cuda epochs=30 batch_size=256 lr=0.001 weight_decay=0.0001 early_stop_patience=10 hidden=128 dropout=0.5 max_len=512
  data   data_dir=./data/facebook-recruiting-iv-human-or-bot runs_dir=./runs cache_dir=./runs/cache

    [hybrid] epoch 01/30: train_loss=1.2915 val_auc=0.7382 best=0.7382 patience=0/10 *
    [hybrid] epoch 02/30: train_loss=1.2307 val_auc=0.7469 best=0.7469 patience=0/10 *
    [hybrid] epoch 03/30: train_loss=1.1871 val_auc=0.6865 best=0.7469 patience=1/10
    [hybrid] epoch 04/30: train_loss=0.8931 val_auc=0.6289 best=0.7469 patience=2/10
    [hybrid] epoch 05/30: train_loss=0.7917 val_auc=0.7948 best=0.7948 patience=0/10 *
    [hybrid] epoch 06/30: train_loss=0.7793 val_auc=0.5067 best=0.7948 patience=1/10
    [hybrid] epoch 07/30: train_loss=0.8802 val_auc=0.7312 best=0.7948 patience=2/10
    [hybrid] epoch 08/30: train_loss=0.5588 val_auc=0.6476 best=0.7948 patience=3/10
    [hybrid] epoch 09/30: train_loss=0.5197 val_auc=0.7986 best=0.7986 patience=0/10 *
    [hybrid] epoch 10/30: train_loss=0.3982 val_auc=0.5363 best=0.7986 patience=1/10
    [hybrid] epoch 11/30: train_loss=0.2576 val_auc=0.4809 best=0.7986 patience=2/10
    [hybrid] epoch 12/30: train_loss=0.1747 val_auc=0.5150 best=0.7986 patience=3/10
    [hybrid] epoch 13/30: train_loss=0.0924 val_auc=0.4969 best=0.7986 patience=4/10
    [hybrid] epoch 14/30: train_loss=0.0637 val_auc=0.4712 best=0.7986 patience=5/10
    [hybrid] epoch 15/30: train_loss=0.0401 val_auc=0.5496 best=0.7986 patience=6/10
    [hybrid] epoch 16/30: train_loss=0.0286 val_auc=0.5135 best=0.7986 patience=7/10
    [hybrid] epoch 17/30: train_loss=0.0210 val_auc=0.5060 best=0.7986 patience=8/10
    [hybrid] epoch 18/30: train_loss=0.0151 val_auc=0.5092 best=0.7986 patience=9/10
    [hybrid] epoch 19/30: train_loss=0.0128 val_auc=0.5071 best=0.7986 patience=10/10
    [hybrid] early stop at epoch 19
  [hybrid] fold 1/25: AUC=0.7986
    [hybrid] epoch 01/30: train_loss=1.3144 val_auc=0.8024 best=0.8024 patience=0/10 *
    [hybrid] epoch 02/30: train_loss=1.2471 val_auc=0.8160 best=0.8160 patience=0/10 *
    [hybrid] epoch 03/30: train_loss=1.1510 val_auc=0.8310 best=0.8310 patience=0/10 *
    [hybrid] epoch 04/30: train_loss=0.9989 val_auc=0.8554 best=0.8554 patience=0/10 *
    [hybrid] epoch 05/30: train_loss=0.7023 val_auc=0.6936 best=0.8554 patience=1/10
    [hybrid] epoch 06/30: train_loss=0.9692 val_auc=0.8975 best=0.8975 patience=0/10 *
    [hybrid] epoch 07/30: train_loss=0.7010 val_auc=0.7049 best=0.8975 patience=1/10
    [hybrid] epoch 08/30: train_loss=0.5836 val_auc=0.7719 best=0.8975 patience=2/10
    [hybrid] epoch 09/30: train_loss=0.5028 val_auc=0.6892 best=0.8975 patience=3/10
    [hybrid] epoch 10/30: train_loss=0.4815 val_auc=0.7168 best=0.8975 patience=4/10
    [hybrid] epoch 11/30: train_loss=0.2619 val_auc=0.6753 best=0.8975 patience=5/10
    [hybrid] epoch 12/30: train_loss=0.1588 val_auc=0.5445 best=0.8975 patience=6/10
    [hybrid] epoch 13/30: train_loss=0.3928 val_auc=0.6865 best=0.8975 patience=7/10
    [hybrid] epoch 14/30: train_loss=0.1216 val_auc=0.5859 best=0.8975 patience=8/10
    [hybrid] epoch 15/30: train_loss=0.0816 val_auc=0.6864 best=0.8975 patience=9/10
    [hybrid] epoch 16/30: train_loss=0.0465 val_auc=0.5941 best=0.8975 patience=10/10
    [hybrid] early stop at epoch 16
  [hybrid] fold 2/25: AUC=0.8975
    [hybrid] epoch 01/30: train_loss=1.2849 val_auc=0.7612 best=0.7612 patience=0/10 *
    [hybrid] epoch 02/30: train_loss=1.2283 val_auc=0.7577 best=0.7612 patience=1/10
    [hybrid] epoch 03/30: train_loss=1.1592 val_auc=0.7521 best=0.7612 patience=2/10
    [hybrid] epoch 04/30: train_loss=0.9799 val_auc=0.7302 best=0.7612 patience=3/10
    [hybrid] epoch 05/30: train_loss=0.8203 val_auc=0.8003 best=0.8003 patience=0/10 *
    [hybrid] epoch 06/30: train_loss=0.8378 val_auc=0.7555 best=0.8003 patience=1/10
    [hybrid] epoch 07/30: train_loss=0.6331 val_auc=0.7560 best=0.8003 patience=2/10
    [hybrid] epoch 08/30: train_loss=0.4935 val_auc=0.8146 best=0.8146 patience=0/10 *
    [hybrid] epoch 09/30: train_loss=0.4290 val_auc=0.7094 best=0.8146 patience=1/10
    [hybrid] epoch 10/30: train_loss=0.3915 val_auc=0.8463 best=0.8463 patience=0/10 *
    [hybrid] epoch 11/30: train_loss=0.3322 val_auc=0.7410 best=0.8463 patience=1/10
    [hybrid] epoch 12/30: train_loss=0.1615 val_auc=0.7509 best=0.8463 patience=2/10
    [hybrid] epoch 13/30: train_loss=0.0942 val_auc=0.7245 best=0.8463 patience=3/10
    [hybrid] epoch 14/30: train_loss=0.1288 val_auc=0.7230 best=0.8463 patience=4/10
    [hybrid] epoch 15/30: train_loss=0.0507 val_auc=0.7750 best=0.8463 patience=5/10
    [hybrid] epoch 16/30: train_loss=0.0369 val_auc=0.7931 best=0.8463 patience=6/10
    [hybrid] epoch 17/30: train_loss=0.0308 val_auc=0.7235 best=0.8463 patience=7/10
    [hybrid] epoch 18/30: train_loss=0.0334 val_auc=0.7347 best=0.8463 patience=8/10
    [hybrid] epoch 19/30: train_loss=0.0218 val_auc=0.7221 best=0.8463 patience=9/10
    [hybrid] epoch 20/30: train_loss=0.0173 val_auc=0.7063 best=0.8463 patience=10/10
    [hybrid] early stop at epoch 20
  [hybrid] fold 3/25: AUC=0.8463
    [hybrid] epoch 01/30: train_loss=1.2983 val_auc=0.7762 best=0.7762 patience=0/10 *
    [hybrid] epoch 02/30: train_loss=1.2221 val_auc=0.7800 best=0.7800 patience=0/10 *
    [hybrid] epoch 03/30: train_loss=1.0693 val_auc=0.7842 best=0.7842 patience=0/10 *
    [hybrid] epoch 04/30: train_loss=0.8108 val_auc=0.5440 best=0.7842 patience=1/10
    [hybrid] epoch 05/30: train_loss=1.3517 val_auc=0.6784 best=0.7842 patience=2/10
    [hybrid] epoch 06/30: train_loss=0.8036 val_auc=0.7700 best=0.7842 patience=3/10
    [hybrid] epoch 07/30: train_loss=0.8487 val_auc=0.7292 best=0.7842 patience=4/10
    [hybrid] epoch 08/30: train_loss=0.6445 val_auc=0.6974 best=0.7842 patience=5/10
    [hybrid] epoch 09/30: train_loss=0.6685 val_auc=0.7080 best=0.7842 patience=6/10
    [hybrid] epoch 10/30: train_loss=0.5169 val_auc=0.6308 best=0.7842 patience=7/10
    [hybrid] epoch 11/30: train_loss=0.3860 val_auc=0.6161 best=0.7842 patience=8/10
    [hybrid] epoch 12/30: train_loss=0.2788 val_auc=0.6296 best=0.7842 patience=9/10
    [hybrid] epoch 13/30: train_loss=0.2622 val_auc=0.6597 best=0.7842 patience=10/10
    [hybrid] early stop at epoch 13
  [hybrid] fold 4/25: AUC=0.7842
    [hybrid] epoch 01/30: train_loss=1.3473 val_auc=0.8421 best=0.8421 patience=0/10 *
    [hybrid] epoch 02/30: train_loss=1.2349 val_auc=0.8463 best=0.8463 patience=0/10 *
    [hybrid] epoch 03/30: train_loss=1.1688 val_auc=0.7878 best=0.8463 patience=1/10
    [hybrid] epoch 04/30: train_loss=0.9423 val_auc=0.7599 best=0.8463 patience=2/10
    [hybrid] epoch 05/30: train_loss=1.0715 val_auc=0.7490 best=0.8463 patience=3/10
    [hybrid] epoch 06/30: train_loss=0.8338 val_auc=0.8302 best=0.8463 patience=4/10
    [hybrid] epoch 07/30: train_loss=0.7667 val_auc=0.8677 best=0.8677 patience=0/10 *
    [hybrid] epoch 08/30: train_loss=0.5632 val_auc=0.7421 best=0.8677 patience=1/10
    [hybrid] epoch 09/30: train_loss=0.3716 val_auc=0.6783 best=0.8677 patience=2/10
    [hybrid] epoch 10/30: train_loss=0.3023 val_auc=0.6609 best=0.8677 patience=3/10
    [hybrid] epoch 11/30: train_loss=0.2290 val_auc=0.5141 best=0.8677 patience=4/10
    [hybrid] epoch 12/30: train_loss=0.3189 val_auc=0.5762 best=0.8677 patience=5/10
    [hybrid] epoch 13/30: train_loss=0.0996 val_auc=0.6305 best=0.8677 patience=6/10
    [hybrid] epoch 14/30: train_loss=0.0763 val_auc=0.6475 best=0.8677 patience=7/10
    [hybrid] epoch 15/30: train_loss=0.0472 val_auc=0.4949 best=0.8677 patience=8/10
    [hybrid] epoch 16/30: train_loss=0.0559 val_auc=0.5825 best=0.8677 patience=9/10
    [hybrid] epoch 17/30: train_loss=0.0228 val_auc=0.6216 best=0.8677 patience=10/10
    [hybrid] early stop at epoch 17
  [hybrid] fold 5/25: AUC=0.8677
    [hybrid] epoch 01/30: train_loss=1.2893 val_auc=0.7129 best=0.7129 patience=0/10 *
    [hybrid] epoch 02/30: train_loss=1.2390 val_auc=0.7271 best=0.7271 patience=0/10 *
    [hybrid] epoch 03/30: train_loss=1.1555 val_auc=0.7685 best=0.7685 patience=0/10 *
    [hybrid] epoch 04/30: train_loss=1.0096 val_auc=0.7909 best=0.7909 patience=0/10 *
    [hybrid] epoch 05/30: train_loss=0.8971 val_auc=0.8453 best=0.8453 patience=0/10 *
    [hybrid] epoch 06/30: train_loss=0.7602 val_auc=0.6958 best=0.8453 patience=1/10
    [hybrid] epoch 07/30: train_loss=0.6938 val_auc=0.8265 best=0.8453 patience=2/10
    [hybrid] epoch 08/30: train_loss=0.4414 val_auc=0.7127 best=0.8453 patience=3/10
    [hybrid] epoch 09/30: train_loss=0.3321 val_auc=0.7150 best=0.8453 patience=4/10
    [hybrid] epoch 10/30: train_loss=0.2636 val_auc=0.7322 best=0.8453 patience=5/10
    [hybrid] epoch 11/30: train_loss=0.1545 val_auc=0.5162 best=0.8453 patience=6/10
    [hybrid] epoch 12/30: train_loss=0.0987 val_auc=0.5716 best=0.8453 patience=7/10
    [hybrid] epoch 13/30: train_loss=0.0603 val_auc=0.5079 best=0.8453 patience=8/10
    [hybrid] epoch 14/30: train_loss=0.0392 val_auc=0.5216 best=0.8453 patience=9/10
    [hybrid] epoch 15/30: train_loss=0.0330 val_auc=0.5020 best=0.8453 patience=10/10
    [hybrid] early stop at epoch 15
  [hybrid] fold 6/25: AUC=0.8453
    [hybrid] epoch 01/30: train_loss=1.3475 val_auc=0.8103 best=0.8103 patience=0/10 *
    [hybrid] epoch 02/30: train_loss=1.2867 val_auc=0.8403 best=0.8403 patience=0/10 *
    [hybrid] epoch 03/30: train_loss=1.1391 val_auc=0.7562 best=0.8403 patience=1/10
    [hybrid] epoch 04/30: train_loss=1.0116 val_auc=0.8044 best=0.8403 patience=2/10
    [hybrid] epoch 05/30: train_loss=0.8519 val_auc=0.7469 best=0.8403 patience=3/10
    [hybrid] epoch 06/30: train_loss=0.7927 val_auc=0.8689 best=0.8689 patience=0/10 *
    [hybrid] epoch 07/30: train_loss=0.5905 val_auc=0.6769 best=0.8689 patience=1/10
    [hybrid] epoch 08/30: train_loss=0.5605 val_auc=0.8311 best=0.8689 patience=2/10
    [hybrid] epoch 09/30: train_loss=0.4877 val_auc=0.6517 best=0.8689 patience=3/10
    [hybrid] epoch 10/30: train_loss=0.3720 val_auc=0.7755 best=0.8689 patience=4/10
    [hybrid] epoch 11/30: train_loss=0.3052 val_auc=0.7406 best=0.8689 patience=5/10
    [hybrid] epoch 12/30: train_loss=0.1472 val_auc=0.6571 best=0.8689 patience=6/10
    [hybrid] epoch 13/30: train_loss=0.1023 val_auc=0.5130 best=0.8689 patience=7/10
    [hybrid] epoch 14/30: train_loss=0.1479 val_auc=0.6970 best=0.8689 patience=8/10
    [hybrid] epoch 15/30: train_loss=0.0391 val_auc=0.5814 best=0.8689 patience=9/10
    [hybrid] epoch 16/30: train_loss=0.1058 val_auc=0.6976 best=0.8689 patience=10/10
    [hybrid] early stop at epoch 16
  [hybrid] fold 7/25: AUC=0.8689
    [hybrid] epoch 01/30: train_loss=1.2785 val_auc=0.7445 best=0.7445 patience=0/10 *
    [hybrid] epoch 02/30: train_loss=1.2293 val_auc=0.7410 best=0.7445 patience=1/10
    [hybrid] epoch 03/30: train_loss=1.1420 val_auc=0.7548 best=0.7548 patience=0/10 *
    [hybrid] epoch 04/30: train_loss=0.9803 val_auc=0.5819 best=0.7548 patience=1/10
    [hybrid] epoch 05/30: train_loss=0.8716 val_auc=0.8528 best=0.8528 patience=0/10 *
    [hybrid] epoch 06/30: train_loss=0.6656 val_auc=0.6705 best=0.8528 patience=1/10
    [hybrid] epoch 07/30: train_loss=0.5935 val_auc=0.8571 best=0.8571 patience=0/10 *
    [hybrid] epoch 08/30: train_loss=0.5966 val_auc=0.8126 best=0.8571 patience=1/10
    [hybrid] epoch 09/30: train_loss=0.5087 val_auc=0.6270 best=0.8571 patience=2/10
    [hybrid] epoch 10/30: train_loss=0.4080 val_auc=0.6804 best=0.8571 patience=3/10
    [hybrid] epoch 11/30: train_loss=0.2658 val_auc=0.6389 best=0.8571 patience=4/10
    [hybrid] epoch 12/30: train_loss=0.1590 val_auc=0.6761 best=0.8571 patience=5/10
    [hybrid] epoch 13/30: train_loss=0.1147 val_auc=0.6066 best=0.8571 patience=6/10
    [hybrid] epoch 14/30: train_loss=0.1019 val_auc=0.6829 best=0.8571 patience=7/10
    [hybrid] epoch 15/30: train_loss=0.0548 val_auc=0.5820 best=0.8571 patience=8/10
    [hybrid] epoch 16/30: train_loss=0.1613 val_auc=0.6424 best=0.8571 patience=9/10
    [hybrid] epoch 17/30: train_loss=0.0322 val_auc=0.6082 best=0.8571 patience=10/10
    [hybrid] early stop at epoch 17
  [hybrid] fold 8/25: AUC=0.8571
    [hybrid] epoch 01/30: train_loss=1.2599 val_auc=0.8712 best=0.8712 patience=0/10 *
    [hybrid] epoch 02/30: train_loss=1.2394 val_auc=0.8712 best=0.8712 patience=0/10 *
    [hybrid] epoch 03/30: train_loss=1.1252 val_auc=0.8788 best=0.8788 patience=0/10 *
    [hybrid] epoch 04/30: train_loss=1.0367 val_auc=0.8378 best=0.8788 patience=1/10
    [hybrid] epoch 05/30: train_loss=0.7606 val_auc=0.8766 best=0.8788 patience=2/10
    [hybrid] epoch 06/30: train_loss=0.8731 val_auc=0.9004 best=0.9004 patience=0/10 *
    [hybrid] epoch 07/30: train_loss=0.6338 val_auc=0.6781 best=0.9004 patience=1/10
    [hybrid] epoch 08/30: train_loss=0.5698 val_auc=0.8603 best=0.9004 patience=2/10
    [hybrid] epoch 09/30: train_loss=0.3537 val_auc=0.6306 best=0.9004 patience=3/10
    [hybrid] epoch 10/30: train_loss=0.3448 val_auc=0.8933 best=0.9004 patience=4/10
    [hybrid] epoch 11/30: train_loss=0.1606 val_auc=0.6308 best=0.9004 patience=5/10
    [hybrid] epoch 12/30: train_loss=0.1057 val_auc=0.7021 best=0.9004 patience=6/10
    [hybrid] epoch 13/30: train_loss=0.0721 val_auc=0.6788 best=0.9004 patience=7/10
    [hybrid] epoch 14/30: train_loss=0.0451 val_auc=0.6448 best=0.9004 patience=8/10
    [hybrid] epoch 15/30: train_loss=0.0317 val_auc=0.6724 best=0.9004 patience=9/10
    [hybrid] epoch 16/30: train_loss=0.0233 val_auc=0.6664 best=0.9004 patience=10/10
    [hybrid] early stop at epoch 16
  [hybrid] fold 9/25: AUC=0.9004
    [hybrid] epoch 01/30: train_loss=1.2823 val_auc=0.7034 best=0.7034 patience=0/10 *
    [hybrid] epoch 02/30: train_loss=1.2547 val_auc=0.7171 best=0.7171 patience=0/10 *
    [hybrid] epoch 03/30: train_loss=1.1334 val_auc=0.6300 best=0.7171 patience=1/10
    [hybrid] epoch 04/30: train_loss=1.0053 val_auc=0.6384 best=0.7171 patience=2/10
    [hybrid] epoch 05/30: train_loss=0.7165 val_auc=0.7018 best=0.7171 patience=3/10
    [hybrid] epoch 06/30: train_loss=0.6362 val_auc=0.6835 best=0.7171 patience=4/10
    [hybrid] epoch 07/30: train_loss=0.5225 val_auc=0.6741 best=0.7171 patience=5/10
    [hybrid] epoch 08/30: train_loss=0.4986 val_auc=0.6661 best=0.7171 patience=6/10
    [hybrid] epoch 09/30: train_loss=0.5911 val_auc=0.6122 best=0.7171 patience=7/10
    [hybrid] epoch 10/30: train_loss=0.3458 val_auc=0.4995 best=0.7171 patience=8/10
    [hybrid] epoch 11/30: train_loss=0.6059 val_auc=0.6535 best=0.7171 patience=9/10
    [hybrid] epoch 12/30: train_loss=0.2417 val_auc=0.5024 best=0.7171 patience=10/10
    [hybrid] early stop at epoch 12
  [hybrid] fold 10/25: AUC=0.7171
    [hybrid] epoch 01/30: train_loss=1.2439 val_auc=0.7329 best=0.7329 patience=0/10 *
    [hybrid] epoch 02/30: train_loss=1.2022 val_auc=0.7427 best=0.7427 patience=0/10 *
    [hybrid] epoch 03/30: train_loss=1.0475 val_auc=0.7218 best=0.7427 patience=1/10
    [hybrid] epoch 04/30: train_loss=0.8884 val_auc=0.7377 best=0.7427 patience=2/10
    [hybrid] epoch 05/30: train_loss=0.7202 val_auc=0.7597 best=0.7597 patience=0/10 *
    [hybrid] epoch 06/30: train_loss=0.6569 val_auc=0.6917 best=0.7597 patience=1/10
    [hybrid] epoch 07/30: train_loss=0.4820 val_auc=0.6803 best=0.7597 patience=2/10
    [hybrid] epoch 08/30: train_loss=0.4389 val_auc=0.7324 best=0.7597 patience=3/10
    [hybrid] epoch 09/30: train_loss=0.2888 val_auc=0.7211 best=0.7597 patience=4/10
    [hybrid] epoch 10/30: train_loss=0.2524 val_auc=0.7051 best=0.7597 patience=5/10
    [hybrid] epoch 11/30: train_loss=0.2336 val_auc=0.6875 best=0.7597 patience=6/10
    [hybrid] epoch 12/30: train_loss=0.1204 val_auc=0.6739 best=0.7597 patience=7/10
    [hybrid] epoch 13/30: train_loss=0.0763 val_auc=0.6755 best=0.7597 patience=8/10
    [hybrid] epoch 14/30: train_loss=0.0594 val_auc=0.6204 best=0.7597 patience=9/10
    [hybrid] epoch 15/30: train_loss=0.0609 val_auc=0.6800 best=0.7597 patience=10/10
    [hybrid] early stop at epoch 15
  [hybrid] fold 11/25: AUC=0.7597
    [hybrid] epoch 01/30: train_loss=1.2597 val_auc=0.7957 best=0.7957 patience=0/10 *
    [hybrid] epoch 02/30: train_loss=1.2181 val_auc=0.8068 best=0.8068 patience=0/10 *
    [hybrid] epoch 03/30: train_loss=1.1131 val_auc=0.8428 best=0.8428 patience=0/10 *
    [hybrid] epoch 04/30: train_loss=0.9319 val_auc=0.8099 best=0.8428 patience=1/10
    [hybrid] epoch 05/30: train_loss=0.7622 val_auc=0.8239 best=0.8428 patience=2/10
    [hybrid] epoch 06/30: train_loss=0.6164 val_auc=0.7228 best=0.8428 patience=3/10
    [hybrid] epoch 07/30: train_loss=0.4576 val_auc=0.5863 best=0.8428 patience=4/10
    [hybrid] epoch 08/30: train_loss=0.3246 val_auc=0.4651 best=0.8428 patience=5/10
    [hybrid] epoch 09/30: train_loss=0.3045 val_auc=0.6723 best=0.8428 patience=6/10
    [hybrid] epoch 10/30: train_loss=0.1881 val_auc=0.6133 best=0.8428 patience=7/10
    [hybrid] epoch 11/30: train_loss=0.1807 val_auc=0.7229 best=0.8428 patience=8/10
    [hybrid] epoch 12/30: train_loss=0.0905 val_auc=0.4218 best=0.8428 patience=9/10
    [hybrid] epoch 13/30: train_loss=0.0851 val_auc=0.4889 best=0.8428 patience=10/10
    [hybrid] early stop at epoch 13
  [hybrid] fold 12/25: AUC=0.8428
    [hybrid] epoch 01/30: train_loss=1.2802 val_auc=0.7549 best=0.7549 patience=0/10 *
    [hybrid] epoch 02/30: train_loss=1.2399 val_auc=0.7544 best=0.7549 patience=1/10
    [hybrid] epoch 03/30: train_loss=1.1327 val_auc=0.6698 best=0.7549 patience=2/10
    [hybrid] epoch 04/30: train_loss=0.9392 val_auc=0.6584 best=0.7549 patience=3/10
    [hybrid] epoch 05/30: train_loss=0.8254 val_auc=0.7876 best=0.7876 patience=0/10 *
    [hybrid] epoch 06/30: train_loss=0.6560 val_auc=0.8190 best=0.8190 patience=0/10 *
    [hybrid] epoch 07/30: train_loss=0.5096 val_auc=0.7882 best=0.8190 patience=1/10
    [hybrid] epoch 08/30: train_loss=0.4893 val_auc=0.6254 best=0.8190 patience=2/10
    [hybrid] epoch 09/30: train_loss=0.6211 val_auc=0.7315 best=0.8190 patience=3/10
    [hybrid] epoch 10/30: train_loss=0.2179 val_auc=0.6334 best=0.8190 patience=4/10
    [hybrid] epoch 11/30: train_loss=0.1101 val_auc=0.5956 best=0.8190 patience=5/10
    [hybrid] epoch 12/30: train_loss=0.0724 val_auc=0.5087 best=0.8190 patience=6/10
    [hybrid] epoch 13/30: train_loss=0.0488 val_auc=0.5774 best=0.8190 patience=7/10
    [hybrid] epoch 14/30: train_loss=0.0310 val_auc=0.5960 best=0.8190 patience=8/10
    [hybrid] epoch 15/30: train_loss=0.0231 val_auc=0.5021 best=0.8190 patience=9/10
    [hybrid] epoch 16/30: train_loss=0.0226 val_auc=0.5017 best=0.8190 patience=10/10
    [hybrid] early stop at epoch 16
  [hybrid] fold 13/25: AUC=0.8190
    [hybrid] epoch 01/30: train_loss=1.2801 val_auc=0.8767 best=0.8767 patience=0/10 *
    [hybrid] epoch 02/30: train_loss=1.2448 val_auc=0.8987 best=0.8987 patience=0/10 *
    [hybrid] epoch 03/30: train_loss=1.1637 val_auc=0.9107 best=0.9107 patience=0/10 *
    [hybrid] epoch 04/30: train_loss=1.0412 val_auc=0.8134 best=0.9107 patience=1/10
    [hybrid] epoch 05/30: train_loss=0.7798 val_auc=0.9246 best=0.9246 patience=0/10 *
    [hybrid] epoch 06/30: train_loss=0.6891 val_auc=0.7906 best=0.9246 patience=1/10
    [hybrid] epoch 07/30: train_loss=0.5261 val_auc=0.7733 best=0.9246 patience=2/10
    [hybrid] epoch 08/30: train_loss=0.6362 val_auc=0.8415 best=0.9246 patience=3/10
    [hybrid] epoch 09/30: train_loss=0.3835 val_auc=0.7033 best=0.9246 patience=4/10
    [hybrid] epoch 10/30: train_loss=0.2978 val_auc=0.7788 best=0.9246 patience=5/10
    [hybrid] epoch 11/30: train_loss=0.2157 val_auc=0.5723 best=0.9246 patience=6/10
    [hybrid] epoch 12/30: train_loss=0.1085 val_auc=0.6047 best=0.9246 patience=7/10
    [hybrid] epoch 13/30: train_loss=0.0810 val_auc=0.5969 best=0.9246 patience=8/10
    [hybrid] epoch 14/30: train_loss=0.0565 val_auc=0.6107 best=0.9246 patience=9/10
    [hybrid] epoch 15/30: train_loss=0.0692 val_auc=0.5119 best=0.9246 patience=10/10
    [hybrid] early stop at epoch 15
  [hybrid] fold 14/25: AUC=0.9246
    [hybrid] epoch 01/30: train_loss=1.2708 val_auc=0.7954 best=0.7954 patience=0/10 *
    [hybrid] epoch 02/30: train_loss=1.2450 val_auc=0.7784 best=0.7954 patience=1/10
    [hybrid] epoch 03/30: train_loss=1.1055 val_auc=0.7865 best=0.7954 patience=2/10
    [hybrid] epoch 04/30: train_loss=0.9058 val_auc=0.8233 best=0.8233 patience=0/10 *
    [hybrid] epoch 05/30: train_loss=0.8938 val_auc=0.7124 best=0.8233 patience=1/10
    [hybrid] epoch 06/30: train_loss=0.6507 val_auc=0.8658 best=0.8658 patience=0/10 *
    [hybrid] epoch 07/30: train_loss=0.5812 val_auc=0.7809 best=0.8658 patience=1/10
    [hybrid] epoch 08/30: train_loss=0.4258 val_auc=0.7670 best=0.8658 patience=2/10
    [hybrid] epoch 09/30: train_loss=0.2928 val_auc=0.7585 best=0.8658 patience=3/10
    [hybrid] epoch 10/30: train_loss=0.1502 val_auc=0.6436 best=0.8658 patience=4/10
    [hybrid] epoch 11/30: train_loss=0.1047 val_auc=0.6022 best=0.8658 patience=5/10
    [hybrid] epoch 12/30: train_loss=0.0550 val_auc=0.4975 best=0.8658 patience=6/10
    [hybrid] epoch 13/30: train_loss=0.1938 val_auc=0.5499 best=0.8658 patience=7/10
    [hybrid] epoch 14/30: train_loss=0.0238 val_auc=0.5204 best=0.8658 patience=8/10
    [hybrid] epoch 15/30: train_loss=0.0182 val_auc=0.4899 best=0.8658 patience=9/10
    [hybrid] epoch 16/30: train_loss=0.0147 val_auc=0.4855 best=0.8658 patience=10/10
    [hybrid] early stop at epoch 16
  [hybrid] fold 15/25: AUC=0.8658
    [hybrid] epoch 01/30: train_loss=1.2857 val_auc=0.6997 best=0.6997 patience=0/10 *
    [hybrid] epoch 02/30: train_loss=1.2212 val_auc=0.7083 best=0.7083 patience=0/10 *
    [hybrid] epoch 03/30: train_loss=1.0994 val_auc=0.6501 best=0.7083 patience=1/10
    [hybrid] epoch 04/30: train_loss=0.8565 val_auc=0.6412 best=0.7083 patience=2/10
    [hybrid] epoch 05/30: train_loss=0.7197 val_auc=0.6948 best=0.7083 patience=3/10
    [hybrid] epoch 06/30: train_loss=0.7925 val_auc=0.5167 best=0.7083 patience=4/10
    [hybrid] epoch 07/30: train_loss=0.7832 val_auc=0.6294 best=0.7083 patience=5/10
    [hybrid] epoch 08/30: train_loss=0.5525 val_auc=0.5989 best=0.7083 patience=6/10
    [hybrid] epoch 09/30: train_loss=0.4128 val_auc=0.6295 best=0.7083 patience=7/10
    [hybrid] epoch 10/30: train_loss=0.3564 val_auc=0.5896 best=0.7083 patience=8/10
    [hybrid] epoch 11/30: train_loss=0.2621 val_auc=0.5652 best=0.7083 patience=9/10
    [hybrid] epoch 12/30: train_loss=0.1970 val_auc=0.5022 best=0.7083 patience=10/10
    [hybrid] early stop at epoch 12
  [hybrid] fold 16/25: AUC=0.7083
    [hybrid] epoch 01/30: train_loss=1.3530 val_auc=0.8270 best=0.8270 patience=0/10 *
    [hybrid] epoch 02/30: train_loss=1.3117 val_auc=0.8457 best=0.8457 patience=0/10 *
    [hybrid] epoch 03/30: train_loss=1.1883 val_auc=0.8776 best=0.8776 patience=0/10 *
    [hybrid] epoch 04/30: train_loss=1.0811 val_auc=0.8704 best=0.8776 patience=1/10
    [hybrid] epoch 05/30: train_loss=1.0212 val_auc=0.8550 best=0.8776 patience=2/10
    [hybrid] epoch 06/30: train_loss=0.8115 val_auc=0.9039 best=0.9039 patience=0/10 *
    [hybrid] epoch 07/30: train_loss=0.6536 val_auc=0.7554 best=0.9039 patience=1/10
    [hybrid] epoch 08/30: train_loss=0.7599 val_auc=0.8685 best=0.9039 patience=2/10
    [hybrid] epoch 09/30: train_loss=0.6453 val_auc=0.6824 best=0.9039 patience=3/10
    [hybrid] epoch 10/30: train_loss=0.4496 val_auc=0.7073 best=0.9039 patience=4/10
    [hybrid] epoch 11/30: train_loss=0.5903 val_auc=0.7079 best=0.9039 patience=5/10
    [hybrid] epoch 12/30: train_loss=0.2419 val_auc=0.7442 best=0.9039 patience=6/10
    [hybrid] epoch 13/30: train_loss=0.3352 val_auc=0.8049 best=0.9039 patience=7/10
    [hybrid] epoch 14/30: train_loss=0.1433 val_auc=0.7107 best=0.9039 patience=8/10
    [hybrid] epoch 15/30: train_loss=0.1692 val_auc=0.6905 best=0.9039 patience=9/10
    [hybrid] epoch 16/30: train_loss=0.1184 val_auc=0.6761 best=0.9039 patience=10/10
    [hybrid] early stop at epoch 16
  [hybrid] fold 17/25: AUC=0.9039
    [hybrid] epoch 01/30: train_loss=1.2941 val_auc=0.7767 best=0.7767 patience=0/10 *
    [hybrid] epoch 02/30: train_loss=1.2478 val_auc=0.7873 best=0.7873 patience=0/10 *
    [hybrid] epoch 03/30: train_loss=1.1620 val_auc=0.7200 best=0.7873 patience=1/10
    [hybrid] epoch 04/30: train_loss=0.8970 val_auc=0.7744 best=0.7873 patience=2/10
    [hybrid] epoch 05/30: train_loss=0.8148 val_auc=0.6700 best=0.7873 patience=3/10
    [hybrid] epoch 06/30: train_loss=0.7714 val_auc=0.8277 best=0.8277 patience=0/10 *
    [hybrid] epoch 07/30: train_loss=1.0274 val_auc=0.6976 best=0.8277 patience=1/10
    [hybrid] epoch 08/30: train_loss=0.8586 val_auc=0.8053 best=0.8277 patience=2/10
    [hybrid] epoch 09/30: train_loss=0.6888 val_auc=0.6212 best=0.8277 patience=3/10
    [hybrid] epoch 10/30: train_loss=0.3910 val_auc=0.6867 best=0.8277 patience=4/10
    [hybrid] epoch 11/30: train_loss=0.3894 val_auc=0.6705 best=0.8277 patience=5/10
    [hybrid] epoch 12/30: train_loss=0.2727 val_auc=0.7595 best=0.8277 patience=6/10
    [hybrid] epoch 13/30: train_loss=0.1774 val_auc=0.7294 best=0.8277 patience=7/10
    [hybrid] epoch 14/30: train_loss=0.2897 val_auc=0.5089 best=0.8277 patience=8/10
    [hybrid] epoch 15/30: train_loss=0.3444 val_auc=0.6173 best=0.8277 patience=9/10
    [hybrid] epoch 16/30: train_loss=0.0565 val_auc=0.6119 best=0.8277 patience=10/10
    [hybrid] early stop at epoch 16
  [hybrid] fold 18/25: AUC=0.8277
    [hybrid] epoch 01/30: train_loss=1.2652 val_auc=0.8097 best=0.8097 patience=0/10 *
    [hybrid] epoch 02/30: train_loss=1.2436 val_auc=0.8071 best=0.8097 patience=1/10
    [hybrid] epoch 03/30: train_loss=1.1009 val_auc=0.8276 best=0.8276 patience=0/10 *
    [hybrid] epoch 04/30: train_loss=0.9426 val_auc=0.8716 best=0.8716 patience=0/10 *
    [hybrid] epoch 05/30: train_loss=0.8115 val_auc=0.7529 best=0.8716 patience=1/10
    [hybrid] epoch 06/30: train_loss=0.8346 val_auc=0.8868 best=0.8868 patience=0/10 *
    [hybrid] epoch 07/30: train_loss=0.7805 val_auc=0.8674 best=0.8868 patience=1/10
    [hybrid] epoch 08/30: train_loss=0.5482 val_auc=0.6272 best=0.8868 patience=2/10
    [hybrid] epoch 09/30: train_loss=0.5449 val_auc=0.7355 best=0.8868 patience=3/10
    [hybrid] epoch 10/30: train_loss=0.3866 val_auc=0.7029 best=0.8868 patience=4/10
    [hybrid] epoch 11/30: train_loss=0.4874 val_auc=0.8115 best=0.8868 patience=5/10
    [hybrid] epoch 12/30: train_loss=0.1746 val_auc=0.6628 best=0.8868 patience=6/10
    [hybrid] epoch 13/30: train_loss=0.1921 val_auc=0.7404 best=0.8868 patience=7/10
    [hybrid] epoch 14/30: train_loss=0.0570 val_auc=0.5717 best=0.8868 patience=8/10
    [hybrid] epoch 15/30: train_loss=0.1206 val_auc=0.5933 best=0.8868 patience=9/10
    [hybrid] epoch 16/30: train_loss=0.0303 val_auc=0.6306 best=0.8868 patience=10/10
    [hybrid] early stop at epoch 16
  [hybrid] fold 19/25: AUC=0.8868
    [hybrid] epoch 01/30: train_loss=1.2999 val_auc=0.8821 best=0.8821 patience=0/10 *
    [hybrid] epoch 02/30: train_loss=1.2840 val_auc=0.8685 best=0.8821 patience=1/10
    [hybrid] epoch 03/30: train_loss=1.1631 val_auc=0.8705 best=0.8821 patience=2/10
    [hybrid] epoch 04/30: train_loss=0.9680 val_auc=0.8999 best=0.8999 patience=0/10 *
    [hybrid] epoch 05/30: train_loss=0.7527 val_auc=0.9145 best=0.9145 patience=0/10 *
    [hybrid] epoch 06/30: train_loss=1.0358 val_auc=0.7741 best=0.9145 patience=1/10
    [hybrid] epoch 07/30: train_loss=0.5819 val_auc=0.7398 best=0.9145 patience=2/10
    [hybrid] epoch 08/30: train_loss=0.8057 val_auc=0.9030 best=0.9145 patience=3/10
    [hybrid] epoch 09/30: train_loss=0.4349 val_auc=0.8800 best=0.9145 patience=4/10
    [hybrid] epoch 10/30: train_loss=0.2642 val_auc=0.8014 best=0.9145 patience=5/10
    [hybrid] epoch 11/30: train_loss=0.1911 val_auc=0.6876 best=0.9145 patience=6/10
    [hybrid] epoch 12/30: train_loss=0.1237 val_auc=0.6992 best=0.9145 patience=7/10
    [hybrid] epoch 13/30: train_loss=0.1004 val_auc=0.6931 best=0.9145 patience=8/10
    [hybrid] epoch 14/30: train_loss=0.1184 val_auc=0.6726 best=0.9145 patience=9/10
    [hybrid] epoch 15/30: train_loss=0.0366 val_auc=0.6675 best=0.9145 patience=10/10
    [hybrid] early stop at epoch 15
  [hybrid] fold 20/25: AUC=0.9145
    [hybrid] epoch 01/30: train_loss=1.2713 val_auc=0.7305 best=0.7305 patience=0/10 *
    [hybrid] epoch 02/30: train_loss=1.2643 val_auc=0.7236 best=0.7305 patience=1/10
    [hybrid] epoch 03/30: train_loss=1.1223 val_auc=0.6586 best=0.7305 patience=2/10
    [hybrid] epoch 04/30: train_loss=0.8943 val_auc=0.6655 best=0.7305 patience=3/10
    [hybrid] epoch 05/30: train_loss=0.7266 val_auc=0.6675 best=0.7305 patience=4/10
    [hybrid] epoch 06/30: train_loss=0.5299 val_auc=0.6350 best=0.7305 patience=5/10
    [hybrid] epoch 07/30: train_loss=0.3581 val_auc=0.6845 best=0.7305 patience=6/10
    [hybrid] epoch 08/30: train_loss=0.3152 val_auc=0.6400 best=0.7305 patience=7/10
    [hybrid] epoch 09/30: train_loss=0.2564 val_auc=0.4848 best=0.7305 patience=8/10
    [hybrid] epoch 10/30: train_loss=0.3595 val_auc=0.5421 best=0.7305 patience=9/10
    [hybrid] epoch 11/30: train_loss=0.3124 val_auc=0.4560 best=0.7305 patience=10/10
    [hybrid] early stop at epoch 11
  [hybrid] fold 21/25: AUC=0.7305
    [hybrid] epoch 01/30: train_loss=1.3319 val_auc=0.7949 best=0.7949 patience=0/10 *
    [hybrid] epoch 02/30: train_loss=1.2296 val_auc=0.7887 best=0.7949 patience=1/10
    [hybrid] epoch 03/30: train_loss=1.1207 val_auc=0.7562 best=0.7949 patience=2/10
    [hybrid] epoch 04/30: train_loss=0.9391 val_auc=0.7593 best=0.7949 patience=3/10
    [hybrid] epoch 05/30: train_loss=0.9213 val_auc=0.8235 best=0.8235 patience=0/10 *
    [hybrid] epoch 06/30: train_loss=0.7071 val_auc=0.7361 best=0.8235 patience=1/10
    [hybrid] epoch 07/30: train_loss=0.5838 val_auc=0.8630 best=0.8630 patience=0/10 *
    [hybrid] epoch 08/30: train_loss=0.5116 val_auc=0.8532 best=0.8630 patience=1/10
    [hybrid] epoch 09/30: train_loss=0.5838 val_auc=0.7273 best=0.8630 patience=2/10
    [hybrid] epoch 10/30: train_loss=0.4239 val_auc=0.7038 best=0.8630 patience=3/10
    [hybrid] epoch 11/30: train_loss=0.3012 val_auc=0.7838 best=0.8630 patience=4/10
    [hybrid] epoch 12/30: train_loss=0.2117 val_auc=0.6960 best=0.8630 patience=5/10
    [hybrid] epoch 13/30: train_loss=0.2444 val_auc=0.8004 best=0.8630 patience=6/10
    [hybrid] epoch 14/30: train_loss=0.1565 val_auc=0.6531 best=0.8630 patience=7/10
    [hybrid] epoch 15/30: train_loss=0.0512 val_auc=0.6304 best=0.8630 patience=8/10
    [hybrid] epoch 16/30: train_loss=0.0425 val_auc=0.5799 best=0.8630 patience=9/10
    [hybrid] epoch 17/30: train_loss=0.0271 val_auc=0.5949 best=0.8630 patience=10/10
    [hybrid] early stop at epoch 17
  [hybrid] fold 22/25: AUC=0.8630
    [hybrid] epoch 01/30: train_loss=1.2572 val_auc=0.7356 best=0.7356 patience=0/10 *
    [hybrid] epoch 02/30: train_loss=1.2919 val_auc=0.7412 best=0.7412 patience=0/10 *
    [hybrid] epoch 03/30: train_loss=1.1364 val_auc=0.6770 best=0.7412 patience=1/10
    [hybrid] epoch 04/30: train_loss=1.0042 val_auc=0.7745 best=0.7745 patience=0/10 *
    [hybrid] epoch 05/30: train_loss=0.9664 val_auc=0.7071 best=0.7745 patience=1/10
    [hybrid] epoch 06/30: train_loss=0.7206 val_auc=0.7208 best=0.7745 patience=2/10
    [hybrid] epoch 07/30: train_loss=1.1340 val_auc=0.7159 best=0.7745 patience=3/10
    [hybrid] epoch 08/30: train_loss=0.5553 val_auc=0.8283 best=0.8283 patience=0/10 *
    [hybrid] epoch 09/30: train_loss=0.4390 val_auc=0.5817 best=0.8283 patience=1/10
    [hybrid] epoch 10/30: train_loss=0.3402 val_auc=0.6586 best=0.8283 patience=2/10
    [hybrid] epoch 11/30: train_loss=0.1853 val_auc=0.6156 best=0.8283 patience=3/10
    [hybrid] epoch 12/30: train_loss=0.1287 val_auc=0.5152 best=0.8283 patience=4/10
    [hybrid] epoch 13/30: train_loss=0.1435 val_auc=0.6391 best=0.8283 patience=5/10
    [hybrid] epoch 14/30: train_loss=0.1263 val_auc=0.4640 best=0.8283 patience=6/10
    [hybrid] epoch 15/30: train_loss=0.1308 val_auc=0.5704 best=0.8283 patience=7/10
    [hybrid] epoch 16/30: train_loss=0.1109 val_auc=0.5482 best=0.8283 patience=8/10
    [hybrid] epoch 17/30: train_loss=0.0301 val_auc=0.5087 best=0.8283 patience=9/10
    [hybrid] epoch 18/30: train_loss=0.0288 val_auc=0.6432 best=0.8283 patience=10/10
    [hybrid] early stop at epoch 18
  [hybrid] fold 23/25: AUC=0.8283
    [hybrid] epoch 01/30: train_loss=1.2951 val_auc=0.8783 best=0.8783 patience=0/10 *
    [hybrid] epoch 02/30: train_loss=1.2553 val_auc=0.8910 best=0.8910 patience=0/10 *
    [hybrid] epoch 03/30: train_loss=1.1469 val_auc=0.8829 best=0.8910 patience=1/10
    [hybrid] epoch 04/30: train_loss=0.9497 val_auc=0.8257 best=0.8910 patience=2/10
    [hybrid] epoch 05/30: train_loss=0.7699 val_auc=0.8874 best=0.8910 patience=3/10
    [hybrid] epoch 06/30: train_loss=0.5493 val_auc=0.7391 best=0.8910 patience=4/10
    [hybrid] epoch 07/30: train_loss=0.5224 val_auc=0.7982 best=0.8910 patience=5/10
    [hybrid] epoch 08/30: train_loss=0.3226 val_auc=0.6073 best=0.8910 patience=6/10
    [hybrid] epoch 09/30: train_loss=0.3168 val_auc=0.6682 best=0.8910 patience=7/10
    [hybrid] epoch 10/30: train_loss=0.2424 val_auc=0.6860 best=0.8910 patience=8/10
    [hybrid] epoch 11/30: train_loss=0.1550 val_auc=0.6884 best=0.8910 patience=9/10
    [hybrid] epoch 12/30: train_loss=0.1229 val_auc=0.6132 best=0.8910 patience=10/10
    [hybrid] early stop at epoch 12
  [hybrid] fold 24/25: AUC=0.8910
    [hybrid] epoch 01/30: train_loss=1.2916 val_auc=0.8436 best=0.8436 patience=0/10 *
    [hybrid] epoch 02/30: train_loss=1.2610 val_auc=0.8504 best=0.8504 patience=0/10 *
    [hybrid] epoch 03/30: train_loss=1.1330 val_auc=0.8542 best=0.8542 patience=0/10 *
    [hybrid] epoch 04/30: train_loss=0.9713 val_auc=0.7992 best=0.8542 patience=1/10
    [hybrid] epoch 05/30: train_loss=0.8348 val_auc=0.8086 best=0.8542 patience=2/10
    [hybrid] epoch 06/30: train_loss=0.8239 val_auc=0.9224 best=0.9224 patience=0/10 *
    [hybrid] epoch 07/30: train_loss=0.6677 val_auc=0.7492 best=0.9224 patience=1/10
    [hybrid] epoch 08/30: train_loss=0.6892 val_auc=0.8555 best=0.9224 patience=2/10
    [hybrid] epoch 09/30: train_loss=0.5067 val_auc=0.7603 best=0.9224 patience=3/10
    [hybrid] epoch 10/30: train_loss=0.3715 val_auc=0.7771 best=0.9224 patience=4/10
    [hybrid] epoch 11/30: train_loss=0.3704 val_auc=0.8310 best=0.9224 patience=5/10
    [hybrid] epoch 12/30: train_loss=0.2620 val_auc=0.6723 best=0.9224 patience=6/10
    [hybrid] epoch 13/30: train_loss=0.1181 val_auc=0.7921 best=0.9224 patience=7/10
    [hybrid] epoch 14/30: train_loss=0.0759 val_auc=0.6776 best=0.9224 patience=8/10
    [hybrid] epoch 15/30: train_loss=0.1400 val_auc=0.7852 best=0.9224 patience=9/10
    [hybrid] epoch 16/30: train_loss=0.0452 val_auc=0.6037 best=0.9224 patience=10/10
    [hybrid] early stop at epoch 16
  [hybrid] fold 25/25: AUC=0.9224
hybrid: mean=0.8429, std=0.0616, q25=0.8190, q10=0.7422 over 25 folds
