/usr/local/lib/python3.11/dist-packages/torch_frame/data/mapper.py:105: UserWarning: The given NumPy array is not writable, and PyTorch does not support non-writable tensors. This means writing to this tensor will result in undefined behavior. You may want to copy the array to protect its data or make it writable before converting it to a tensor. This type of warning will be suppressed for the rest of this program. (Triggered internally at /pytorch/torch/csrc/utils/tensor_numpy.cpp:203.)
  index = torch.from_numpy(index).to(device)

== cv tffm ==
  out:   ./runs/sweep/tffm_ch256_l4_lr3e4
  cv     n_splits=5 n_repeats=5 quick=False
  model  seed=42 device=cuda epochs=50 batch_size=256 lr=0.0003 weight_decay=1e-05 early_stop_patience=10 channels=256 num_layers=4
  data   data_dir=./data/facebook-recruiting-iv-human-or-bot runs_dir=./runs cache_dir=./runs/cache

    [tffm] epoch 01/50: train_loss=1.0150 val_auc=0.8544 best=0.8544 patience=0/10 *
    [tffm] epoch 02/50: train_loss=0.7850 val_auc=0.8775 best=0.8775 patience=0/10 *
    [tffm] epoch 03/50: train_loss=0.8331 val_auc=0.8743 best=0.8775 patience=1/10
    [tffm] epoch 04/50: train_loss=0.8109 val_auc=0.8925 best=0.8925 patience=0/10 *
    [tffm] epoch 05/50: train_loss=0.7219 val_auc=0.8818 best=0.8925 patience=1/10
    [tffm] epoch 06/50: train_loss=0.7757 val_auc=0.8746 best=0.8925 patience=2/10
    [tffm] epoch 07/50: train_loss=0.8043 val_auc=0.7861 best=0.8925 patience=3/10
    [tffm] epoch 08/50: train_loss=0.8438 val_auc=0.8983 best=0.8983 patience=0/10 *
    [tffm] epoch 09/50: train_loss=0.7143 val_auc=0.7365 best=0.8983 patience=1/10
    [tffm] epoch 10/50: train_loss=0.8463 val_auc=0.8079 best=0.8983 patience=2/10
    [tffm] epoch 11/50: train_loss=0.7017 val_auc=0.9014 best=0.9014 patience=0/10 *
    [tffm] epoch 12/50: train_loss=0.6676 val_auc=0.9040 best=0.9040 patience=0/10 *
    [tffm] epoch 13/50: train_loss=0.6737 val_auc=0.9054 best=0.9054 patience=0/10 *
    [tffm] epoch 14/50: train_loss=0.8413 val_auc=0.8904 best=0.9054 patience=1/10
    [tffm] epoch 15/50: train_loss=0.8474 val_auc=0.8970 best=0.9054 patience=2/10
    [tffm] epoch 16/50: train_loss=0.6315 val_auc=0.8938 best=0.9054 patience=3/10
    [tffm] epoch 17/50: train_loss=0.7467 val_auc=0.9001 best=0.9054 patience=4/10
    [tffm] epoch 18/50: train_loss=0.6013 val_auc=0.9160 best=0.9160 patience=0/10 *
    [tffm] epoch 19/50: train_loss=0.6489 val_auc=0.9129 best=0.9160 patience=1/10
    [tffm] epoch 20/50: train_loss=0.5955 val_auc=0.9130 best=0.9160 patience=2/10
    [tffm] epoch 21/50: train_loss=0.6187 val_auc=0.8857 best=0.9160 patience=3/10
    [tffm] epoch 22/50: train_loss=0.6515 val_auc=0.9105 best=0.9160 patience=4/10
    [tffm] epoch 23/50: train_loss=0.6128 val_auc=0.7704 best=0.9160 patience=5/10
    [tffm] epoch 24/50: train_loss=0.6931 val_auc=0.8625 best=0.9160 patience=6/10
    [tffm] epoch 25/50: train_loss=0.6022 val_auc=0.8992 best=0.9160 patience=7/10
    [tffm] epoch 26/50: train_loss=0.6190 val_auc=0.8328 best=0.9160 patience=8/10
    [tffm] epoch 27/50: train_loss=0.6557 val_auc=0.8781 best=0.9160 patience=9/10
    [tffm] epoch 28/50: train_loss=0.6008 val_auc=0.8657 best=0.9160 patience=10/10
    [tffm] early stop at epoch 28
  [tffm] fold 1/25: AUC=0.9160
    [tffm] epoch 01/50: train_loss=1.1197 val_auc=0.8710 best=0.8710 patience=0/10 *
    [tffm] epoch 02/50: train_loss=0.9011 val_auc=0.9080 best=0.9080 patience=0/10 *
    [tffm] epoch 03/50: train_loss=0.7806 val_auc=0.9071 best=0.9080 patience=1/10
    [tffm] epoch 04/50: train_loss=0.8696 val_auc=0.9089 best=0.9089 patience=0/10 *
    [tffm] epoch 05/50: train_loss=0.7310 val_auc=0.9226 best=0.9226 patience=0/10 *
    [tffm] epoch 06/50: train_loss=0.7379 val_auc=0.9126 best=0.9226 patience=1/10
    [tffm] epoch 07/50: train_loss=0.7898 val_auc=0.9245 best=0.9245 patience=0/10 *
    [tffm] epoch 08/50: train_loss=0.7189 val_auc=0.9225 best=0.9245 patience=1/10
    [tffm] epoch 09/50: train_loss=0.7315 val_auc=0.9286 best=0.9286 patience=0/10 *
    [tffm] epoch 10/50: train_loss=0.6937 val_auc=0.9328 best=0.9328 patience=0/10 *
    [tffm] epoch 11/50: train_loss=0.7423 val_auc=0.9013 best=0.9328 patience=1/10
    [tffm] epoch 12/50: train_loss=0.7277 val_auc=0.8958 best=0.9328 patience=2/10
    [tffm] epoch 13/50: train_loss=0.7803 val_auc=0.8874 best=0.9328 patience=3/10
    [tffm] epoch 14/50: train_loss=0.7793 val_auc=0.8902 best=0.9328 patience=4/10
    [tffm] epoch 15/50: train_loss=0.7129 val_auc=0.9004 best=0.9328 patience=5/10
    [tffm] epoch 16/50: train_loss=0.6636 val_auc=0.9365 best=0.9365 patience=0/10 *
    [tffm] epoch 17/50: train_loss=0.7104 val_auc=0.8523 best=0.9365 patience=1/10
    [tffm] epoch 18/50: train_loss=0.6987 val_auc=0.9282 best=0.9365 patience=2/10
    [tffm] epoch 19/50: train_loss=0.6472 val_auc=0.9270 best=0.9365 patience=3/10
    [tffm] epoch 20/50: train_loss=0.6069 val_auc=0.9384 best=0.9384 patience=0/10 *
    [tffm] epoch 21/50: train_loss=0.6578 val_auc=0.9255 best=0.9384 patience=1/10
    [tffm] epoch 22/50: train_loss=0.6451 val_auc=0.9251 best=0.9384 patience=2/10
    [tffm] epoch 23/50: train_loss=0.5858 val_auc=0.9283 best=0.9384 patience=3/10
    [tffm] epoch 24/50: train_loss=0.6901 val_auc=0.9242 best=0.9384 patience=4/10
    [tffm] epoch 25/50: train_loss=0.6776 val_auc=0.9398 best=0.9398 patience=0/10 *
    [tffm] epoch 26/50: train_loss=0.6032 val_auc=0.9351 best=0.9398 patience=1/10
    [tffm] epoch 27/50: train_loss=0.5720 val_auc=0.9343 best=0.9398 patience=2/10
    [tffm] epoch 28/50: train_loss=0.7526 val_auc=0.9055 best=0.9398 patience=3/10
    [tffm] epoch 29/50: train_loss=0.6460 val_auc=0.9125 best=0.9398 patience=4/10
    [tffm] epoch 30/50: train_loss=0.6290 val_auc=0.9413 best=0.9413 patience=0/10 *
    [tffm] epoch 31/50: train_loss=0.5977 val_auc=0.9351 best=0.9413 patience=1/10
    [tffm] epoch 32/50: train_loss=0.6245 val_auc=0.9359 best=0.9413 patience=2/10
    [tffm] epoch 33/50: train_loss=0.5530 val_auc=0.8808 best=0.9413 patience=3/10
    [tffm] epoch 34/50: train_loss=0.6749 val_auc=0.7775 best=0.9413 patience=4/10
    [tffm] epoch 35/50: train_loss=0.6401 val_auc=0.9193 best=0.9413 patience=5/10
    [tffm] epoch 36/50: train_loss=0.7043 val_auc=0.8460 best=0.9413 patience=6/10
    [tffm] epoch 37/50: train_loss=0.5488 val_auc=0.8231 best=0.9413 patience=7/10
    [tffm] epoch 38/50: train_loss=0.7763 val_auc=0.8827 best=0.9413 patience=8/10
    [tffm] epoch 39/50: train_loss=0.5988 val_auc=0.8787 best=0.9413 patience=9/10
    [tffm] epoch 40/50: train_loss=0.7432 val_auc=0.9102 best=0.9413 patience=10/10
    [tffm] early stop at epoch 40
  [tffm] fold 2/25: AUC=0.9413
    [tffm] epoch 01/50: train_loss=1.1030 val_auc=0.8475 best=0.8475 patience=0/10 *
    [tffm] epoch 02/50: train_loss=0.8059 val_auc=0.8746 best=0.8746 patience=0/10 *
    [tffm] epoch 03/50: train_loss=0.7803 val_auc=0.8869 best=0.8869 patience=0/10 *
    [tffm] epoch 04/50: train_loss=0.7566 val_auc=0.8748 best=0.8869 patience=1/10
    [tffm] epoch 05/50: train_loss=0.7444 val_auc=0.8853 best=0.8869 patience=2/10
    [tffm] epoch 06/50: train_loss=0.7445 val_auc=0.8728 best=0.8869 patience=3/10
    [tffm] epoch 07/50: train_loss=0.7410 val_auc=0.8767 best=0.8869 patience=4/10
    [tffm] epoch 08/50: train_loss=0.6945 val_auc=0.8861 best=0.8869 patience=5/10
    [tffm] epoch 09/50: train_loss=0.7094 val_auc=0.8933 best=0.8933 patience=0/10 *
    [tffm] epoch 10/50: train_loss=0.7393 val_auc=0.8629 best=0.8933 patience=1/10
    [tffm] epoch 11/50: train_loss=0.7472 val_auc=0.8782 best=0.8933 patience=2/10
    [tffm] epoch 12/50: train_loss=0.8521 val_auc=0.8964 best=0.8964 patience=0/10 *
    [tffm] epoch 13/50: train_loss=0.7093 val_auc=0.8902 best=0.8964 patience=1/10
    [tffm] epoch 14/50: train_loss=0.7380 val_auc=0.8868 best=0.8964 patience=2/10
    [tffm] epoch 15/50: train_loss=0.6879 val_auc=0.8603 best=0.8964 patience=3/10
    [tffm] epoch 16/50: train_loss=0.6600 val_auc=0.8898 best=0.8964 patience=4/10
    [tffm] epoch 17/50: train_loss=0.6509 val_auc=0.8807 best=0.8964 patience=5/10
    [tffm] epoch 18/50: train_loss=0.7400 val_auc=0.8917 best=0.8964 patience=6/10
    [tffm] epoch 19/50: train_loss=0.7001 val_auc=0.8877 best=0.8964 patience=7/10
    [tffm] epoch 20/50: train_loss=0.6502 val_auc=0.8842 best=0.8964 patience=8/10
    [tffm] epoch 21/50: train_loss=0.6178 val_auc=0.9054 best=0.9054 patience=0/10 *
    [tffm] epoch 22/50: train_loss=0.7291 val_auc=0.9069 best=0.9069 patience=0/10 *
    [tffm] epoch 23/50: train_loss=0.6518 val_auc=0.9120 best=0.9120 patience=0/10 *
    [tffm] epoch 24/50: train_loss=0.6148 val_auc=0.9000 best=0.9120 patience=1/10
    [tffm] epoch 25/50: train_loss=0.6555 val_auc=0.9009 best=0.9120 patience=2/10
    [tffm] epoch 26/50: train_loss=0.6007 val_auc=0.8868 best=0.9120 patience=3/10
    [tffm] epoch 27/50: train_loss=0.5810 val_auc=0.9026 best=0.9120 patience=4/10
    [tffm] epoch 28/50: train_loss=0.6820 val_auc=0.8868 best=0.9120 patience=5/10
    [tffm] epoch 29/50: train_loss=0.5908 val_auc=0.8960 best=0.9120 patience=6/10
    [tffm] epoch 30/50: train_loss=0.6309 val_auc=0.8950 best=0.9120 patience=7/10
    [tffm] epoch 31/50: train_loss=0.5550 val_auc=0.8677 best=0.9120 patience=8/10
    [tffm] epoch 32/50: train_loss=0.6335 val_auc=0.9028 best=0.9120 patience=9/10
    [tffm] epoch 33/50: train_loss=0.6601 val_auc=0.8963 best=0.9120 patience=10/10
    [tffm] early stop at epoch 33
  [tffm] fold 3/25: AUC=0.9120
    [tffm] epoch 01/50: train_loss=0.9680 val_auc=0.8454 best=0.8454 patience=0/10 *
    [tffm] epoch 02/50: train_loss=1.0389 val_auc=0.8493 best=0.8493 patience=0/10 *
    [tffm] epoch 03/50: train_loss=0.8295 val_auc=0.8630 best=0.8630 patience=0/10 *
    [tffm] epoch 04/50: train_loss=0.7428 val_auc=0.8768 best=0.8768 patience=0/10 *
    [tffm] epoch 05/50: train_loss=0.7480 val_auc=0.8688 best=0.8768 patience=1/10
    [tffm] epoch 06/50: train_loss=0.7784 val_auc=0.8777 best=0.8777 patience=0/10 *
    [tffm] epoch 07/50: train_loss=0.7986 val_auc=0.7823 best=0.8777 patience=1/10
    [tffm] epoch 08/50: train_loss=0.7367 val_auc=0.8118 best=0.8777 patience=2/10
    [tffm] epoch 09/50: train_loss=0.6726 val_auc=0.8546 best=0.8777 patience=3/10
    [tffm] epoch 10/50: train_loss=0.8412 val_auc=0.8607 best=0.8777 patience=4/10
    [tffm] epoch 11/50: train_loss=0.6401 val_auc=0.8805 best=0.8805 patience=0/10 *
    [tffm] epoch 12/50: train_loss=0.6491 val_auc=0.9010 best=0.9010 patience=0/10 *
    [tffm] epoch 13/50: train_loss=0.6189 val_auc=0.8634 best=0.9010 patience=1/10
    [tffm] epoch 14/50: train_loss=0.5916 val_auc=0.8682 best=0.9010 patience=2/10
    [tffm] epoch 15/50: train_loss=0.6348 val_auc=0.8369 best=0.9010 patience=3/10
    [tffm] epoch 16/50: train_loss=0.6504 val_auc=0.8592 best=0.9010 patience=4/10
    [tffm] epoch 17/50: train_loss=0.6481 val_auc=0.8740 best=0.9010 patience=5/10
    [tffm] epoch 18/50: train_loss=0.6214 val_auc=0.8821 best=0.9010 patience=6/10
    [tffm] epoch 19/50: train_loss=0.6561 val_auc=0.8741 best=0.9010 patience=7/10
    [tffm] epoch 20/50: train_loss=0.7186 val_auc=0.9010 best=0.9010 patience=8/10
    [tffm] epoch 21/50: train_loss=0.6248 val_auc=0.8730 best=0.9010 patience=9/10
    [tffm] epoch 22/50: train_loss=0.6418 val_auc=0.8669 best=0.9010 patience=10/10
    [tffm] early stop at epoch 22
  [tffm] fold 4/25: AUC=0.9010
    [tffm] epoch 01/50: train_loss=1.1633 val_auc=0.8957 best=0.8957 patience=0/10 *
    [tffm] epoch 02/50: train_loss=0.8452 val_auc=0.8974 best=0.8974 patience=0/10 *
    [tffm] epoch 03/50: train_loss=0.7851 val_auc=0.9187 best=0.9187 patience=0/10 *
    [tffm] epoch 04/50: train_loss=0.7828 val_auc=0.9148 best=0.9187 patience=1/10
    [tffm] epoch 05/50: train_loss=0.8424 val_auc=0.8866 best=0.9187 patience=2/10
    [tffm] epoch 06/50: train_loss=0.8102 val_auc=0.9327 best=0.9327 patience=0/10 *
    [tffm] epoch 07/50: train_loss=0.7849 val_auc=0.9270 best=0.9327 patience=1/10
    [tffm] epoch 08/50: train_loss=0.7374 val_auc=0.9191 best=0.9327 patience=2/10
    [tffm] epoch 09/50: train_loss=0.6935 val_auc=0.8982 best=0.9327 patience=3/10
    [tffm] epoch 10/50: train_loss=0.9646 val_auc=0.9199 best=0.9327 patience=4/10
    [tffm] epoch 11/50: train_loss=0.7945 val_auc=0.9207 best=0.9327 patience=5/10
    [tffm] epoch 12/50: train_loss=0.7936 val_auc=0.9291 best=0.9327 patience=6/10
    [tffm] epoch 13/50: train_loss=0.7644 val_auc=0.9226 best=0.9327 patience=7/10
    [tffm] epoch 14/50: train_loss=0.7353 val_auc=0.9317 best=0.9327 patience=8/10
    [tffm] epoch 15/50: train_loss=0.7068 val_auc=0.9372 best=0.9372 patience=0/10 *
    [tffm] epoch 16/50: train_loss=0.6756 val_auc=0.9378 best=0.9378 patience=0/10 *
    [tffm] epoch 17/50: train_loss=0.6710 val_auc=0.9353 best=0.9378 patience=1/10
    [tffm] epoch 18/50: train_loss=0.6358 val_auc=0.9387 best=0.9387 patience=0/10 *
    [tffm] epoch 19/50: train_loss=0.6647 val_auc=0.9338 best=0.9387 patience=1/10
    [tffm] epoch 20/50: train_loss=0.6365 val_auc=0.9203 best=0.9387 patience=2/10
    [tffm] epoch 21/50: train_loss=0.6674 val_auc=0.9414 best=0.9414 patience=0/10 *
    [tffm] epoch 22/50: train_loss=0.6476 val_auc=0.9357 best=0.9414 patience=1/10
    [tffm] epoch 23/50: train_loss=0.7550 val_auc=0.9339 best=0.9414 patience=2/10
    [tffm] epoch 24/50: train_loss=0.6669 val_auc=0.9359 best=0.9414 patience=3/10
    [tffm] epoch 25/50: train_loss=0.6511 val_auc=0.9310 best=0.9414 patience=4/10
    [tffm] epoch 26/50: train_loss=0.6937 val_auc=0.9365 best=0.9414 patience=5/10
    [tffm] epoch 27/50: train_loss=0.6326 val_auc=0.9355 best=0.9414 patience=6/10
    [tffm] epoch 28/50: train_loss=0.7472 val_auc=0.9245 best=0.9414 patience=7/10
    [tffm] epoch 29/50: train_loss=0.7396 val_auc=0.9390 best=0.9414 patience=8/10
    [tffm] epoch 30/50: train_loss=0.5805 val_auc=0.9173 best=0.9414 patience=9/10
    [tffm] epoch 31/50: train_loss=0.5759 val_auc=0.9047 best=0.9414 patience=10/10
    [tffm] early stop at epoch 31
  [tffm] fold 5/25: AUC=0.9414
    [tffm] epoch 01/50: train_loss=1.1516 val_auc=0.8777 best=0.8777 patience=0/10 *
    [tffm] epoch 02/50: train_loss=0.8566 val_auc=0.8841 best=0.8841 patience=0/10 *
    [tffm] epoch 03/50: train_loss=0.7414 val_auc=0.9447 best=0.9447 patience=0/10 *
    [tffm] epoch 04/50: train_loss=0.9846 val_auc=0.8818 best=0.9447 patience=1/10
    [tffm] epoch 05/50: train_loss=0.8138 val_auc=0.9383 best=0.9447 patience=2/10
    [tffm] epoch 06/50: train_loss=0.7634 val_auc=0.9085 best=0.9447 patience=3/10
    [tffm] epoch 07/50: train_loss=0.8133 val_auc=0.9274 best=0.9447 patience=4/10
    [tffm] epoch 08/50: train_loss=0.7185 val_auc=0.9223 best=0.9447 patience=5/10
    [tffm] epoch 09/50: train_loss=0.7055 val_auc=0.9279 best=0.9447 patience=6/10
    [tffm] epoch 10/50: train_loss=0.8467 val_auc=0.9080 best=0.9447 patience=7/10
    [tffm] epoch 11/50: train_loss=0.7368 val_auc=0.9165 best=0.9447 patience=8/10
    [tffm] epoch 12/50: train_loss=0.7126 val_auc=0.9410 best=0.9447 patience=9/10
    [tffm] epoch 13/50: train_loss=0.7426 val_auc=0.9117 best=0.9447 patience=10/10
    [tffm] early stop at epoch 13
  [tffm] fold 6/25: AUC=0.9447
    [tffm] epoch 01/50: train_loss=0.9743 val_auc=0.8580 best=0.8580 patience=0/10 *
    [tffm] epoch 02/50: train_loss=0.8076 val_auc=0.8598 best=0.8598 patience=0/10 *
    [tffm] epoch 03/50: train_loss=0.9601 val_auc=0.8738 best=0.8738 patience=0/10 *
    [tffm] epoch 04/50: train_loss=0.7870 val_auc=0.8907 best=0.8907 patience=0/10 *
    [tffm] epoch 05/50: train_loss=0.7795 val_auc=0.8972 best=0.8972 patience=0/10 *
    [tffm] epoch 06/50: train_loss=0.7588 val_auc=0.8773 best=0.8972 patience=1/10
    [tffm] epoch 07/50: train_loss=0.7317 val_auc=0.9111 best=0.9111 patience=0/10 *
    [tffm] epoch 08/50: train_loss=0.8060 val_auc=0.8355 best=0.9111 patience=1/10
    [tffm] epoch 09/50: train_loss=0.8194 val_auc=0.9016 best=0.9111 patience=2/10
    [tffm] epoch 10/50: train_loss=0.6240 val_auc=0.7648 best=0.9111 patience=3/10
    [tffm] epoch 11/50: train_loss=1.2398 val_auc=0.8712 best=0.9111 patience=4/10
    [tffm] epoch 12/50: train_loss=0.8702 val_auc=0.9129 best=0.9129 patience=0/10 *
    [tffm] epoch 13/50: train_loss=0.7786 val_auc=0.9106 best=0.9129 patience=1/10
    [tffm] epoch 14/50: train_loss=0.6758 val_auc=0.9167 best=0.9167 patience=0/10 *
    [tffm] epoch 15/50: train_loss=0.6610 val_auc=0.9112 best=0.9167 patience=1/10
    [tffm] epoch 16/50: train_loss=0.6522 val_auc=0.9084 best=0.9167 patience=2/10
    [tffm] epoch 17/50: train_loss=0.6633 val_auc=0.9101 best=0.9167 patience=3/10
    [tffm] epoch 18/50: train_loss=0.6923 val_auc=0.9150 best=0.9167 patience=4/10
    [tffm] epoch 19/50: train_loss=0.6451 val_auc=0.9056 best=0.9167 patience=5/10
    [tffm] epoch 20/50: train_loss=0.6664 val_auc=0.8953 best=0.9167 patience=6/10
    [tffm] epoch 21/50: train_loss=0.5804 val_auc=0.9086 best=0.9167 patience=7/10
    [tffm] epoch 22/50: train_loss=0.6009 val_auc=0.9081 best=0.9167 patience=8/10
    [tffm] epoch 23/50: train_loss=0.6478 val_auc=0.8856 best=0.9167 patience=9/10
    [tffm] epoch 24/50: train_loss=0.5935 val_auc=0.7838 best=0.9167 patience=10/10
    [tffm] early stop at epoch 24
  [tffm] fold 7/25: AUC=0.9167
    [tffm] epoch 01/50: train_loss=1.2001 val_auc=0.8484 best=0.8484 patience=0/10 *
    [tffm] epoch 02/50: train_loss=0.8795 val_auc=0.8800 best=0.8800 patience=0/10 *
    [tffm] epoch 03/50: train_loss=0.8943 val_auc=0.8699 best=0.8800 patience=1/10
    [tffm] epoch 04/50: train_loss=0.8512 val_auc=0.8768 best=0.8800 patience=2/10
    [tffm] epoch 05/50: train_loss=0.8244 val_auc=0.8560 best=0.8800 patience=3/10
    [tffm] epoch 06/50: train_loss=0.7152 val_auc=0.8560 best=0.8800 patience=4/10
    [tffm] epoch 07/50: train_loss=0.7858 val_auc=0.8611 best=0.8800 patience=5/10
    [tffm] epoch 08/50: train_loss=0.7138 val_auc=0.8595 best=0.8800 patience=6/10
    [tffm] epoch 09/50: train_loss=0.8385 val_auc=0.8533 best=0.8800 patience=7/10
    [tffm] epoch 10/50: train_loss=0.7574 val_auc=0.8743 best=0.8800 patience=8/10
    [tffm] epoch 11/50: train_loss=0.7349 val_auc=0.8866 best=0.8866 patience=0/10 *
    [tffm] epoch 12/50: train_loss=0.6749 val_auc=0.8918 best=0.8918 patience=0/10 *
    [tffm] epoch 13/50: train_loss=0.6563 val_auc=0.8909 best=0.8918 patience=1/10
    [tffm] epoch 14/50: train_loss=0.7538 val_auc=0.8808 best=0.8918 patience=2/10
    [tffm] epoch 15/50: train_loss=0.6422 val_auc=0.8942 best=0.8942 patience=0/10 *
    [tffm] epoch 16/50: train_loss=0.6937 val_auc=0.8616 best=0.8942 patience=1/10
    [tffm] epoch 17/50: train_loss=0.9810 val_auc=0.7841 best=0.8942 patience=2/10
    [tffm] epoch 18/50: train_loss=0.6345 val_auc=0.8600 best=0.8942 patience=3/10
    [tffm] epoch 19/50: train_loss=0.6804 val_auc=0.8508 best=0.8942 patience=4/10
    [tffm] epoch 20/50: train_loss=0.7207 val_auc=0.8570 best=0.8942 patience=5/10
    [tffm] epoch 21/50: train_loss=0.7187 val_auc=0.8674 best=0.8942 patience=6/10
    [tffm] epoch 22/50: train_loss=0.6458 val_auc=0.8353 best=0.8942 patience=7/10
    [tffm] epoch 23/50: train_loss=0.6562 val_auc=0.8330 best=0.8942 patience=8/10
    [tffm] epoch 24/50: train_loss=0.6399 val_auc=0.8519 best=0.8942 patience=9/10
    [tffm] epoch 25/50: train_loss=0.7057 val_auc=0.8574 best=0.8942 patience=10/10
    [tffm] early stop at epoch 25
  [tffm] fold 8/25: AUC=0.8942
    [tffm] epoch 01/50: train_loss=1.0230 val_auc=0.8966 best=0.8966 patience=0/10 *
    [tffm] epoch 02/50: train_loss=0.8824 val_auc=0.8993 best=0.8993 patience=0/10 *
    [tffm] epoch 03/50: train_loss=0.8921 val_auc=0.9048 best=0.9048 patience=0/10 *
    [tffm] epoch 04/50: train_loss=0.7919 val_auc=0.9025 best=0.9048 patience=1/10
    [tffm] epoch 05/50: train_loss=0.7803 val_auc=0.9007 best=0.9048 patience=2/10
    [tffm] epoch 06/50: train_loss=0.9809 val_auc=0.9085 best=0.9085 patience=0/10 *
    [tffm] epoch 07/50: train_loss=0.7708 val_auc=0.9017 best=0.9085 patience=1/10
    [tffm] epoch 08/50: train_loss=0.7669 val_auc=0.9065 best=0.9085 patience=2/10
    [tffm] epoch 09/50: train_loss=0.7125 val_auc=0.9164 best=0.9164 patience=0/10 *
    [tffm] epoch 10/50: train_loss=0.7814 val_auc=0.9220 best=0.9220 patience=0/10 *
    [tffm] epoch 11/50: train_loss=0.7476 val_auc=0.9221 best=0.9221 patience=0/10 *
    [tffm] epoch 12/50: train_loss=0.7279 val_auc=0.9465 best=0.9465 patience=0/10 *
    [tffm] epoch 13/50: train_loss=0.7458 val_auc=0.9476 best=0.9476 patience=0/10 *
    [tffm] epoch 14/50: train_loss=0.6775 val_auc=0.9428 best=0.9476 patience=1/10
    [tffm] epoch 15/50: train_loss=0.6404 val_auc=0.9109 best=0.9476 patience=2/10
    [tffm] epoch 16/50: train_loss=0.6677 val_auc=0.9505 best=0.9505 patience=0/10 *
    [tffm] epoch 17/50: train_loss=0.9105 val_auc=0.8153 best=0.9505 patience=1/10
    [tffm] epoch 18/50: train_loss=0.7561 val_auc=0.9458 best=0.9505 patience=2/10
    [tffm] epoch 19/50: train_loss=0.6169 val_auc=0.9504 best=0.9505 patience=3/10
    [tffm] epoch 20/50: train_loss=0.7693 val_auc=0.9478 best=0.9505 patience=4/10
    [tffm] epoch 21/50: train_loss=0.6330 val_auc=0.9175 best=0.9505 patience=5/10
    [tffm] epoch 22/50: train_loss=0.7700 val_auc=0.9513 best=0.9513 patience=0/10 *
    [tffm] epoch 23/50: train_loss=0.7155 val_auc=0.9427 best=0.9513 patience=1/10
    [tffm] epoch 24/50: train_loss=0.6495 val_auc=0.9505 best=0.9513 patience=2/10
    [tffm] epoch 25/50: train_loss=0.6772 val_auc=0.9538 best=0.9538 patience=0/10 *
    [tffm] epoch 26/50: train_loss=0.6309 val_auc=0.9382 best=0.9538 patience=1/10
    [tffm] epoch 27/50: train_loss=0.6307 val_auc=0.8406 best=0.9538 patience=2/10
    [tffm] epoch 28/50: train_loss=0.8612 val_auc=0.9372 best=0.9538 patience=3/10
    [tffm] epoch 29/50: train_loss=0.6430 val_auc=0.8777 best=0.9538 patience=4/10
    [tffm] epoch 30/50: train_loss=0.6105 val_auc=0.7414 best=0.9538 patience=5/10
    [tffm] epoch 31/50: train_loss=0.8328 val_auc=0.9509 best=0.9538 patience=6/10
    [tffm] epoch 32/50: train_loss=0.5652 val_auc=0.8834 best=0.9538 patience=7/10
    [tffm] epoch 33/50: train_loss=0.6767 val_auc=0.9445 best=0.9538 patience=8/10
    [tffm] epoch 34/50: train_loss=0.5687 val_auc=0.9441 best=0.9538 patience=9/10
    [tffm] epoch 35/50: train_loss=0.5377 val_auc=0.9059 best=0.9538 patience=10/10
    [tffm] early stop at epoch 35
  [tffm] fold 9/25: AUC=0.9538
    [tffm] epoch 01/50: train_loss=0.9416 val_auc=0.8353 best=0.8353 patience=0/10 *
    [tffm] epoch 02/50: train_loss=0.9127 val_auc=0.8632 best=0.8632 patience=0/10 *
    [tffm] epoch 03/50: train_loss=0.8929 val_auc=0.8465 best=0.8632 patience=1/10
    [tffm] epoch 04/50: train_loss=0.7384 val_auc=0.8759 best=0.8759 patience=0/10 *
    [tffm] epoch 05/50: train_loss=0.7786 val_auc=0.8594 best=0.8759 patience=1/10
    [tffm] epoch 06/50: train_loss=0.8025 val_auc=0.8709 best=0.8759 patience=2/10
    [tffm] epoch 07/50: train_loss=0.7404 val_auc=0.8645 best=0.8759 patience=3/10
    [tffm] epoch 08/50: train_loss=0.7826 val_auc=0.8674 best=0.8759 patience=4/10
    [tffm] epoch 09/50: train_loss=0.7170 val_auc=0.8652 best=0.8759 patience=5/10
    [tffm] epoch 10/50: train_loss=0.6789 val_auc=0.8709 best=0.8759 patience=6/10
    [tffm] epoch 11/50: train_loss=0.6806 val_auc=0.8733 best=0.8759 patience=7/10
    [tffm] epoch 12/50: train_loss=0.7082 val_auc=0.8652 best=0.8759 patience=8/10
    [tffm] epoch 13/50: train_loss=0.6623 val_auc=0.8721 best=0.8759 patience=9/10
    [tffm] epoch 14/50: train_loss=0.6920 val_auc=0.8846 best=0.8846 patience=0/10 *
    [tffm] epoch 15/50: train_loss=0.6764 val_auc=0.8890 best=0.8890 patience=0/10 *
    [tffm] epoch 16/50: train_loss=0.7501 val_auc=0.8914 best=0.8914 patience=0/10 *
    [tffm] epoch 17/50: train_loss=0.5971 val_auc=0.8935 best=0.8935 patience=0/10 *
    [tffm] epoch 18/50: train_loss=0.6726 val_auc=0.8945 best=0.8945 patience=0/10 *
    [tffm] epoch 19/50: train_loss=0.6337 val_auc=0.8918 best=0.8945 patience=1/10
    [tffm] epoch 20/50: train_loss=0.5850 val_auc=0.9009 best=0.9009 patience=0/10 *
    [tffm] epoch 21/50: train_loss=0.6350 val_auc=0.8486 best=0.9009 patience=1/10
    [tffm] epoch 22/50: train_loss=0.6460 val_auc=0.7932 best=0.9009 patience=2/10
    [tffm] epoch 23/50: train_loss=0.7061 val_auc=0.8987 best=0.9009 patience=3/10
    [tffm] epoch 24/50: train_loss=0.5416 val_auc=0.8338 best=0.9009 patience=4/10
    [tffm] epoch 25/50: train_loss=0.9331 val_auc=0.8609 best=0.9009 patience=5/10
    [tffm] epoch 26/50: train_loss=0.6871 val_auc=0.8973 best=0.9009 patience=6/10
    [tffm] epoch 27/50: train_loss=0.6695 val_auc=0.8538 best=0.9009 patience=7/10
    [tffm] epoch 28/50: train_loss=0.6067 val_auc=0.8861 best=0.9009 patience=8/10
    [tffm] epoch 29/50: train_loss=0.7752 val_auc=0.8808 best=0.9009 patience=9/10
    [tffm] epoch 30/50: train_loss=0.5990 val_auc=0.8624 best=0.9009 patience=10/10
    [tffm] early stop at epoch 30
  [tffm] fold 10/25: AUC=0.9009
    [tffm] epoch 01/50: train_loss=1.1125 val_auc=0.7974 best=0.7974 patience=0/10 *
    [tffm] epoch 02/50: train_loss=0.7838 val_auc=0.8098 best=0.8098 patience=0/10 *
    [tffm] epoch 03/50: train_loss=0.7496 val_auc=0.8310 best=0.8310 patience=0/10 *
    [tffm] epoch 04/50: train_loss=0.7580 val_auc=0.8424 best=0.8424 patience=0/10 *
    [tffm] epoch 05/50: train_loss=0.7499 val_auc=0.8401 best=0.8424 patience=1/10
    [tffm] epoch 06/50: train_loss=0.7443 val_auc=0.8434 best=0.8434 patience=0/10 *
    [tffm] epoch 07/50: train_loss=0.7674 val_auc=0.8443 best=0.8443 patience=0/10 *
    [tffm] epoch 08/50: train_loss=0.8050 val_auc=0.8469 best=0.8469 patience=0/10 *
    [tffm] epoch 09/50: train_loss=0.7125 val_auc=0.8671 best=0.8671 patience=0/10 *
    [tffm] epoch 10/50: train_loss=0.7849 val_auc=0.8750 best=0.8750 patience=0/10 *
    [tffm] epoch 11/50: train_loss=0.6704 val_auc=0.8661 best=0.8750 patience=1/10
    [tffm] epoch 12/50: train_loss=0.7390 val_auc=0.8806 best=0.8806 patience=0/10 *
    [tffm] epoch 13/50: train_loss=0.7436 val_auc=0.9024 best=0.9024 patience=0/10 *
    [tffm] epoch 14/50: train_loss=0.6996 val_auc=0.8873 best=0.9024 patience=1/10
    [tffm] epoch 15/50: train_loss=0.6437 val_auc=0.8917 best=0.9024 patience=2/10
    [tffm] epoch 16/50: train_loss=0.7423 val_auc=0.8833 best=0.9024 patience=3/10
    [tffm] epoch 17/50: train_loss=0.5899 val_auc=0.8817 best=0.9024 patience=4/10
    [tffm] epoch 18/50: train_loss=0.6243 val_auc=0.8933 best=0.9024 patience=5/10
    [tffm] epoch 19/50: train_loss=0.6768 val_auc=0.8904 best=0.9024 patience=6/10
    [tffm] epoch 20/50: train_loss=0.6133 val_auc=0.8952 best=0.9024 patience=7/10
    [tffm] epoch 21/50: train_loss=0.7282 val_auc=0.9049 best=0.9049 patience=0/10 *
    [tffm] epoch 22/50: train_loss=0.6239 val_auc=0.9031 best=0.9049 patience=1/10
    [tffm] epoch 23/50: train_loss=0.5670 val_auc=0.9019 best=0.9049 patience=2/10
    [tffm] epoch 24/50: train_loss=0.6312 val_auc=0.9026 best=0.9049 patience=3/10
    [tffm] epoch 25/50: train_loss=0.7416 val_auc=0.8884 best=0.9049 patience=4/10
    [tffm] epoch 26/50: train_loss=0.6399 val_auc=0.8854 best=0.9049 patience=5/10
    [tffm] epoch 27/50: train_loss=0.5860 val_auc=0.8923 best=0.9049 patience=6/10
    [tffm] epoch 28/50: train_loss=0.5913 val_auc=0.8918 best=0.9049 patience=7/10
    [tffm] epoch 29/50: train_loss=0.7146 val_auc=0.8888 best=0.9049 patience=8/10
    [tffm] epoch 30/50: train_loss=0.5783 val_auc=0.9003 best=0.9049 patience=9/10
    [tffm] epoch 31/50: train_loss=0.6401 val_auc=0.8657 best=0.9049 patience=10/10
    [tffm] early stop at epoch 31
  [tffm] fold 11/25: AUC=0.9049
    [tffm] epoch 01/50: train_loss=0.9535 val_auc=0.8535 best=0.8535 patience=0/10 *
    [tffm] epoch 02/50: train_loss=0.7970 val_auc=0.8603 best=0.8603 patience=0/10 *
    [tffm] epoch 03/50: train_loss=1.1418 val_auc=0.7194 best=0.8603 patience=1/10
    [tffm] epoch 04/50: train_loss=0.9263 val_auc=0.8417 best=0.8603 patience=2/10
    [tffm] epoch 05/50: train_loss=0.8105 val_auc=0.7750 best=0.8603 patience=3/10
    [tffm] epoch 06/50: train_loss=0.8732 val_auc=0.7568 best=0.8603 patience=4/10
    [tffm] epoch 07/50: train_loss=0.7557 val_auc=0.8487 best=0.8603 patience=5/10
    [tffm] epoch 08/50: train_loss=0.7431 val_auc=0.8664 best=0.8664 patience=0/10 *
    [tffm] epoch 09/50: train_loss=0.6564 val_auc=0.7539 best=0.8664 patience=1/10
    [tffm] epoch 10/50: train_loss=0.6646 val_auc=0.8287 best=0.8664 patience=2/10
    [tffm] epoch 11/50: train_loss=0.7953 val_auc=0.7664 best=0.8664 patience=3/10
    [tffm] epoch 12/50: train_loss=0.6602 val_auc=0.7521 best=0.8664 patience=4/10
    [tffm] epoch 13/50: train_loss=0.6640 val_auc=0.7550 best=0.8664 patience=5/10
    [tffm] epoch 14/50: train_loss=0.6190 val_auc=0.7597 best=0.8664 patience=6/10
    [tffm] epoch 15/50: train_loss=0.6436 val_auc=0.7609 best=0.8664 patience=7/10
    [tffm] epoch 16/50: train_loss=0.5862 val_auc=0.8421 best=0.8664 patience=8/10
    [tffm] epoch 17/50: train_loss=0.5902 val_auc=0.7982 best=0.8664 patience=9/10
    [tffm] epoch 18/50: train_loss=0.5716 val_auc=0.7898 best=0.8664 patience=10/10
    [tffm] early stop at epoch 18
  [tffm] fold 12/25: AUC=0.8664
    [tffm] epoch 01/50: train_loss=1.1713 val_auc=0.8565 best=0.8565 patience=0/10 *
    [tffm] epoch 02/50: train_loss=0.8804 val_auc=0.8335 best=0.8565 patience=1/10
    [tffm] epoch 03/50: train_loss=0.8179 val_auc=0.8515 best=0.8565 patience=2/10
    [tffm] epoch 04/50: train_loss=0.7809 val_auc=0.8555 best=0.8565 patience=3/10
    [tffm] epoch 05/50: train_loss=0.8462 val_auc=0.8604 best=0.8604 patience=0/10 *
    [tffm] epoch 06/50: train_loss=0.8093 val_auc=0.8585 best=0.8604 patience=1/10
    [tffm] epoch 07/50: train_loss=0.8903 val_auc=0.8671 best=0.8671 patience=0/10 *
    [tffm] epoch 08/50: train_loss=0.8653 val_auc=0.8909 best=0.8909 patience=0/10 *
    [tffm] epoch 09/50: train_loss=0.6942 val_auc=0.8992 best=0.8992 patience=0/10 *
    [tffm] epoch 10/50: train_loss=0.6811 val_auc=0.9101 best=0.9101 patience=0/10 *
    [tffm] epoch 11/50: train_loss=0.6793 val_auc=0.9026 best=0.9101 patience=1/10
    [tffm] epoch 12/50: train_loss=0.7624 val_auc=0.8960 best=0.9101 patience=2/10
    [tffm] epoch 13/50: train_loss=0.6594 val_auc=0.8786 best=0.9101 patience=3/10
    [tffm] epoch 14/50: train_loss=0.7344 val_auc=0.8548 best=0.9101 patience=4/10
    [tffm] epoch 15/50: train_loss=0.6684 val_auc=0.8797 best=0.9101 patience=5/10
    [tffm] epoch 16/50: train_loss=0.6203 val_auc=0.8969 best=0.9101 patience=6/10
    [tffm] epoch 17/50: train_loss=0.6737 val_auc=0.8429 best=0.9101 patience=7/10
    [tffm] epoch 18/50: train_loss=0.7400 val_auc=0.9079 best=0.9101 patience=8/10
    [tffm] epoch 19/50: train_loss=0.7545 val_auc=0.9034 best=0.9101 patience=9/10
    [tffm] epoch 20/50: train_loss=0.6220 val_auc=0.8874 best=0.9101 patience=10/10
    [tffm] early stop at epoch 20
  [tffm] fold 13/25: AUC=0.9101
    [tffm] epoch 01/50: train_loss=1.2126 val_auc=0.9158 best=0.9158 patience=0/10 *
    [tffm] epoch 02/50: train_loss=0.8954 val_auc=0.9229 best=0.9229 patience=0/10 *
    [tffm] epoch 03/50: train_loss=0.9112 val_auc=0.9513 best=0.9513 patience=0/10 *
    [tffm] epoch 04/50: train_loss=0.8105 val_auc=0.9690 best=0.9690 patience=0/10 *
    [tffm] epoch 05/50: train_loss=0.8553 val_auc=0.9639 best=0.9690 patience=1/10
    [tffm] epoch 06/50: train_loss=0.8494 val_auc=0.9682 best=0.9690 patience=2/10
    [tffm] epoch 07/50: train_loss=0.8984 val_auc=0.9623 best=0.9690 patience=3/10
    [tffm] epoch 08/50: train_loss=0.8567 val_auc=0.9537 best=0.9690 patience=4/10
    [tffm] epoch 09/50: train_loss=0.7970 val_auc=0.9700 best=0.9700 patience=0/10 *
    [tffm] epoch 10/50: train_loss=0.8109 val_auc=0.9554 best=0.9700 patience=1/10
    [tffm] epoch 11/50: train_loss=0.8337 val_auc=0.9568 best=0.9700 patience=2/10
    [tffm] epoch 12/50: train_loss=0.7972 val_auc=0.9641 best=0.9700 patience=3/10
    [tffm] epoch 13/50: train_loss=0.8014 val_auc=0.9622 best=0.9700 patience=4/10
    [tffm] epoch 14/50: train_loss=0.7306 val_auc=0.9648 best=0.9700 patience=5/10
    [tffm] epoch 15/50: train_loss=0.8129 val_auc=0.9576 best=0.9700 patience=6/10
    [tffm] epoch 16/50: train_loss=0.7376 val_auc=0.9616 best=0.9700 patience=7/10
    [tffm] epoch 17/50: train_loss=0.7060 val_auc=0.9563 best=0.9700 patience=8/10
    [tffm] epoch 18/50: train_loss=0.8639 val_auc=0.9702 best=0.9702 patience=0/10 *
    [tffm] epoch 19/50: train_loss=0.6969 val_auc=0.9666 best=0.9702 patience=1/10
    [tffm] epoch 20/50: train_loss=0.7264 val_auc=0.9699 best=0.9702 patience=2/10
    [tffm] epoch 21/50: train_loss=0.7074 val_auc=0.9556 best=0.9702 patience=3/10
    [tffm] epoch 22/50: train_loss=0.6744 val_auc=0.9681 best=0.9702 patience=4/10
    [tffm] epoch 23/50: train_loss=0.7688 val_auc=0.9673 best=0.9702 patience=5/10
    [tffm] epoch 24/50: train_loss=0.6922 val_auc=0.9668 best=0.9702 patience=6/10
    [tffm] epoch 25/50: train_loss=0.6537 val_auc=0.9670 best=0.9702 patience=7/10
    [tffm] epoch 26/50: train_loss=0.6194 val_auc=0.9678 best=0.9702 patience=8/10
    [tffm] epoch 27/50: train_loss=0.6503 val_auc=0.9618 best=0.9702 patience=9/10
    [tffm] epoch 28/50: train_loss=0.6165 val_auc=0.9609 best=0.9702 patience=10/10
    [tffm] early stop at epoch 28
  [tffm] fold 14/25: AUC=0.9702
    [tffm] epoch 01/50: train_loss=1.0997 val_auc=0.8592 best=0.8592 patience=0/10 *
    [tffm] epoch 02/50: train_loss=0.8685 val_auc=0.9052 best=0.9052 patience=0/10 *
    [tffm] epoch 03/50: train_loss=0.7805 val_auc=0.9126 best=0.9126 patience=0/10 *
    [tffm] epoch 04/50: train_loss=0.7880 val_auc=0.9062 best=0.9126 patience=1/10
    [tffm] epoch 05/50: train_loss=0.7524 val_auc=0.8990 best=0.9126 patience=2/10
    [tffm] epoch 06/50: train_loss=0.7923 val_auc=0.9128 best=0.9128 patience=0/10 *
    [tffm] epoch 07/50: train_loss=0.8053 val_auc=0.8538 best=0.9128 patience=1/10
    [tffm] epoch 08/50: train_loss=0.8373 val_auc=0.9014 best=0.9128 patience=2/10
    [tffm] epoch 09/50: train_loss=0.7539 val_auc=0.8548 best=0.9128 patience=3/10
    [tffm] epoch 10/50: train_loss=0.7636 val_auc=0.9097 best=0.9128 patience=4/10
    [tffm] epoch 11/50: train_loss=0.7140 val_auc=0.8906 best=0.9128 patience=5/10
    [tffm] epoch 12/50: train_loss=0.6573 val_auc=0.9088 best=0.9128 patience=6/10
    [tffm] epoch 13/50: train_loss=0.6825 val_auc=0.9160 best=0.9160 patience=0/10 *
    [tffm] epoch 14/50: train_loss=1.0475 val_auc=0.9035 best=0.9160 patience=1/10
    [tffm] epoch 15/50: train_loss=0.7446 val_auc=0.9144 best=0.9160 patience=2/10
    [tffm] epoch 16/50: train_loss=0.7284 val_auc=0.9182 best=0.9182 patience=0/10 *
    [tffm] epoch 17/50: train_loss=0.7414 val_auc=0.9157 best=0.9182 patience=1/10
    [tffm] epoch 18/50: train_loss=0.8118 val_auc=0.9160 best=0.9182 patience=2/10
    [tffm] epoch 19/50: train_loss=0.6281 val_auc=0.9245 best=0.9245 patience=0/10 *
    [tffm] epoch 20/50: train_loss=0.6034 val_auc=0.9196 best=0.9245 patience=1/10
    [tffm] epoch 21/50: train_loss=0.7012 val_auc=0.9182 best=0.9245 patience=2/10
    [tffm] epoch 22/50: train_loss=0.5880 val_auc=0.8237 best=0.9245 patience=3/10
    [tffm] epoch 23/50: train_loss=0.8964 val_auc=0.9238 best=0.9245 patience=4/10
    [tffm] epoch 24/50: train_loss=0.5988 val_auc=0.8427 best=0.9245 patience=5/10
    [tffm] epoch 25/50: train_loss=0.7253 val_auc=0.9194 best=0.9245 patience=6/10
    [tffm] epoch 26/50: train_loss=0.5929 val_auc=0.8010 best=0.9245 patience=7/10
    [tffm] epoch 27/50: train_loss=0.5844 val_auc=0.9204 best=0.9245 patience=8/10
    [tffm] epoch 28/50: train_loss=0.6814 val_auc=0.9212 best=0.9245 patience=9/10
    [tffm] epoch 29/50: train_loss=0.5863 val_auc=0.7830 best=0.9245 patience=10/10
    [tffm] early stop at epoch 29
  [tffm] fold 15/25: AUC=0.9245
    [tffm] epoch 01/50: train_loss=0.9812 val_auc=0.8533 best=0.8533 patience=0/10 *
    [tffm] epoch 02/50: train_loss=0.7880 val_auc=0.8690 best=0.8690 patience=0/10 *
    [tffm] epoch 03/50: train_loss=0.9049 val_auc=0.8310 best=0.8690 patience=1/10
    [tffm] epoch 04/50: train_loss=0.8447 val_auc=0.8566 best=0.8690 patience=2/10
    [tffm] epoch 05/50: train_loss=0.8467 val_auc=0.8579 best=0.8690 patience=3/10
    [tffm] epoch 06/50: train_loss=0.6997 val_auc=0.8614 best=0.8690 patience=4/10
    [tffm] epoch 07/50: train_loss=0.7719 val_auc=0.8654 best=0.8690 patience=5/10
    [tffm] epoch 08/50: train_loss=0.6463 val_auc=0.8684 best=0.8690 patience=6/10
    [tffm] epoch 09/50: train_loss=0.6664 val_auc=0.8775 best=0.8775 patience=0/10 *
    [tffm] epoch 10/50: train_loss=0.6872 val_auc=0.8775 best=0.8775 patience=1/10
    [tffm] epoch 11/50: train_loss=0.6406 val_auc=0.8833 best=0.8833 patience=0/10 *
    [tffm] epoch 12/50: train_loss=0.6144 val_auc=0.8667 best=0.8833 patience=1/10
    [tffm] epoch 13/50: train_loss=0.6485 val_auc=0.8690 best=0.8833 patience=2/10
    [tffm] epoch 14/50: train_loss=0.6295 val_auc=0.7545 best=0.8833 patience=3/10
    [tffm] epoch 15/50: train_loss=1.0788 val_auc=0.8746 best=0.8833 patience=4/10
    [tffm] epoch 16/50: train_loss=0.6283 val_auc=0.8649 best=0.8833 patience=5/10
    [tffm] epoch 17/50: train_loss=0.7102 val_auc=0.8755 best=0.8833 patience=6/10
    [tffm] epoch 18/50: train_loss=0.5507 val_auc=0.8570 best=0.8833 patience=7/10
    [tffm] epoch 19/50: train_loss=0.6402 val_auc=0.8241 best=0.8833 patience=8/10
    [tffm] epoch 20/50: train_loss=0.5704 val_auc=0.8725 best=0.8833 patience=9/10
    [tffm] epoch 21/50: train_loss=0.8735 val_auc=0.8094 best=0.8833 patience=10/10
    [tffm] early stop at epoch 21
  [tffm] fold 16/25: AUC=0.8833
    [tffm] epoch 01/50: train_loss=1.1204 val_auc=0.8706 best=0.8706 patience=0/10 *
    [tffm] epoch 02/50: train_loss=0.8040 val_auc=0.8743 best=0.8743 patience=0/10 *
    [tffm] epoch 03/50: train_loss=0.8631 val_auc=0.8836 best=0.8836 patience=0/10 *
    [tffm] epoch 04/50: train_loss=0.8864 val_auc=0.8828 best=0.8836 patience=1/10
    [tffm] epoch 05/50: train_loss=0.8140 val_auc=0.8883 best=0.8883 patience=0/10 *
    [tffm] epoch 06/50: train_loss=0.8880 val_auc=0.8866 best=0.8883 patience=1/10
    [tffm] epoch 07/50: train_loss=0.7917 val_auc=0.8944 best=0.8944 patience=0/10 *
    [tffm] epoch 08/50: train_loss=0.7760 val_auc=0.9001 best=0.9001 patience=0/10 *
    [tffm] epoch 09/50: train_loss=0.7487 val_auc=0.9016 best=0.9016 patience=0/10 *
    [tffm] epoch 10/50: train_loss=0.6870 val_auc=0.9095 best=0.9095 patience=0/10 *
    [tffm] epoch 11/50: train_loss=0.6741 val_auc=0.9156 best=0.9156 patience=0/10 *
    [tffm] epoch 12/50: train_loss=0.8328 val_auc=0.9115 best=0.9156 patience=1/10
    [tffm] epoch 13/50: train_loss=0.8272 val_auc=0.9137 best=0.9156 patience=2/10
    [tffm] epoch 14/50: train_loss=0.6690 val_auc=0.9144 best=0.9156 patience=3/10
    [tffm] epoch 15/50: train_loss=0.6605 val_auc=0.9125 best=0.9156 patience=4/10
    [tffm] epoch 16/50: train_loss=0.7323 val_auc=0.8859 best=0.9156 patience=5/10
    [tffm] epoch 17/50: train_loss=0.8756 val_auc=0.9095 best=0.9156 patience=6/10
    [tffm] epoch 18/50: train_loss=0.6839 val_auc=0.9102 best=0.9156 patience=7/10
    [tffm] epoch 19/50: train_loss=0.8483 val_auc=0.8421 best=0.9156 patience=8/10
    [tffm] epoch 20/50: train_loss=0.7265 val_auc=0.9116 best=0.9156 patience=9/10
    [tffm] epoch 21/50: train_loss=0.6616 val_auc=0.8775 best=0.9156 patience=10/10
    [tffm] early stop at epoch 21
  [tffm] fold 17/25: AUC=0.9156
    [tffm] epoch 01/50: train_loss=1.1270 val_auc=0.8548 best=0.8548 patience=0/10 *
    [tffm] epoch 02/50: train_loss=0.8016 val_auc=0.8628 best=0.8628 patience=0/10 *
    [tffm] epoch 03/50: train_loss=0.7946 val_auc=0.8373 best=0.8628 patience=1/10
    [tffm] epoch 04/50: train_loss=0.7279 val_auc=0.8422 best=0.8628 patience=2/10
    [tffm] epoch 05/50: train_loss=0.7837 val_auc=0.8528 best=0.8628 patience=3/10
    [tffm] epoch 06/50: train_loss=0.6994 val_auc=0.8463 best=0.8628 patience=4/10
    [tffm] epoch 07/50: train_loss=0.6514 val_auc=0.8517 best=0.8628 patience=5/10
    [tffm] epoch 08/50: train_loss=0.6826 val_auc=0.8386 best=0.8628 patience=6/10
    [tffm] epoch 09/50: train_loss=0.6867 val_auc=0.8287 best=0.8628 patience=7/10
    [tffm] epoch 10/50: train_loss=0.6591 val_auc=0.8535 best=0.8628 patience=8/10
    [tffm] epoch 11/50: train_loss=0.7582 val_auc=0.8512 best=0.8628 patience=9/10
    [tffm] epoch 12/50: train_loss=0.7988 val_auc=0.8318 best=0.8628 patience=10/10
    [tffm] early stop at epoch 12
  [tffm] fold 18/25: AUC=0.8628
    [tffm] epoch 01/50: train_loss=1.1887 val_auc=0.8789 best=0.8789 patience=0/10 *
    [tffm] epoch 02/50: train_loss=0.8630 val_auc=0.9080 best=0.9080 patience=0/10 *
    [tffm] epoch 03/50: train_loss=0.7798 val_auc=0.9302 best=0.9302 patience=0/10 *
    [tffm] epoch 04/50: train_loss=0.7672 val_auc=0.9215 best=0.9302 patience=1/10
    [tffm] epoch 05/50: train_loss=0.8404 val_auc=0.8963 best=0.9302 patience=2/10
    [tffm] epoch 06/50: train_loss=0.8004 val_auc=0.9145 best=0.9302 patience=3/10
    [tffm] epoch 07/50: train_loss=0.7222 val_auc=0.9212 best=0.9302 patience=4/10
    [tffm] epoch 08/50: train_loss=0.7059 val_auc=0.8823 best=0.9302 patience=5/10
    [tffm] epoch 09/50: train_loss=0.8882 val_auc=0.9186 best=0.9302 patience=6/10
    [tffm] epoch 10/50: train_loss=0.7923 val_auc=0.9035 best=0.9302 patience=7/10
    [tffm] epoch 11/50: train_loss=1.1284 val_auc=0.8997 best=0.9302 patience=8/10
    [tffm] epoch 12/50: train_loss=0.9120 val_auc=0.9200 best=0.9302 patience=9/10
    [tffm] epoch 13/50: train_loss=0.7539 val_auc=0.9127 best=0.9302 patience=10/10
    [tffm] early stop at epoch 13
  [tffm] fold 19/25: AUC=0.9302
    [tffm] epoch 01/50: train_loss=1.1492 val_auc=0.8868 best=0.8868 patience=0/10 *
    [tffm] epoch 02/50: train_loss=0.9296 val_auc=0.8897 best=0.8897 patience=0/10 *
    [tffm] epoch 03/50: train_loss=0.9525 val_auc=0.9327 best=0.9327 patience=0/10 *
    [tffm] epoch 04/50: train_loss=0.9207 val_auc=0.9048 best=0.9327 patience=1/10
    [tffm] epoch 05/50: train_loss=0.8117 val_auc=0.9376 best=0.9376 patience=0/10 *
    [tffm] epoch 06/50: train_loss=0.8330 val_auc=0.9302 best=0.9376 patience=1/10
    [tffm] epoch 07/50: train_loss=0.8092 val_auc=0.9517 best=0.9517 patience=0/10 *
    [tffm] epoch 08/50: train_loss=0.8028 val_auc=0.9572 best=0.9572 patience=0/10 *
    [tffm] epoch 09/50: train_loss=0.8222 val_auc=0.9508 best=0.9572 patience=1/10
    [tffm] epoch 10/50: train_loss=0.8131 val_auc=0.9572 best=0.9572 patience=2/10
    [tffm] epoch 11/50: train_loss=0.7432 val_auc=0.9552 best=0.9572 patience=3/10
    [tffm] epoch 12/50: train_loss=0.7313 val_auc=0.9569 best=0.9572 patience=4/10
    [tffm] epoch 13/50: train_loss=0.6932 val_auc=0.9401 best=0.9572 patience=5/10
    [tffm] epoch 14/50: train_loss=0.8070 val_auc=0.9513 best=0.9572 patience=6/10
    [tffm] epoch 15/50: train_loss=0.8062 val_auc=0.9344 best=0.9572 patience=7/10
    [tffm] epoch 16/50: train_loss=0.7399 val_auc=0.9487 best=0.9572 patience=8/10
    [tffm] epoch 17/50: train_loss=0.6697 val_auc=0.9471 best=0.9572 patience=9/10
    [tffm] epoch 18/50: train_loss=0.8661 val_auc=0.9521 best=0.9572 patience=10/10
    [tffm] early stop at epoch 18
  [tffm] fold 20/25: AUC=0.9572
    [tffm] epoch 01/50: train_loss=0.9512 val_auc=0.8045 best=0.8045 patience=0/10 *
    [tffm] epoch 02/50: train_loss=0.7878 val_auc=0.8322 best=0.8322 patience=0/10 *
    [tffm] epoch 03/50: train_loss=0.7484 val_auc=0.8407 best=0.8407 patience=0/10 *
    [tffm] epoch 04/50: train_loss=0.8038 val_auc=0.8614 best=0.8614 patience=0/10 *
    [tffm] epoch 05/50: train_loss=0.7711 val_auc=0.8574 best=0.8614 patience=1/10
    [tffm] epoch 06/50: train_loss=0.7928 val_auc=0.8500 best=0.8614 patience=2/10
    [tffm] epoch 07/50: train_loss=0.7643 val_auc=0.8408 best=0.8614 patience=3/10
    [tffm] epoch 08/50: train_loss=0.7948 val_auc=0.8675 best=0.8675 patience=0/10 *
    [tffm] epoch 09/50: train_loss=0.6479 val_auc=0.8371 best=0.8675 patience=1/10
    [tffm] epoch 10/50: train_loss=0.6279 val_auc=0.8371 best=0.8675 patience=2/10
    [tffm] epoch 11/50: train_loss=0.6423 val_auc=0.8222 best=0.8675 patience=3/10
    [tffm] epoch 12/50: train_loss=0.7458 val_auc=0.8260 best=0.8675 patience=4/10
    [tffm] epoch 13/50: train_loss=0.7065 val_auc=0.8244 best=0.8675 patience=5/10
    [tffm] epoch 14/50: train_loss=0.6311 val_auc=0.8269 best=0.8675 patience=6/10
    [tffm] epoch 15/50: train_loss=0.7498 val_auc=0.8605 best=0.8675 patience=7/10
    [tffm] epoch 16/50: train_loss=0.6967 val_auc=0.7253 best=0.8675 patience=8/10
    [tffm] epoch 17/50: train_loss=0.7159 val_auc=0.8635 best=0.8675 patience=9/10
    [tffm] epoch 18/50: train_loss=0.6465 val_auc=0.8564 best=0.8675 patience=10/10
    [tffm] early stop at epoch 18
  [tffm] fold 21/25: AUC=0.8675
    [tffm] epoch 01/50: train_loss=1.0719 val_auc=0.9001 best=0.9001 patience=0/10 *
    [tffm] epoch 02/50: train_loss=0.7913 val_auc=0.9225 best=0.9225 patience=0/10 *
    [tffm] epoch 03/50: train_loss=0.8396 val_auc=0.9176 best=0.9225 patience=1/10
    [tffm] epoch 04/50: train_loss=0.7492 val_auc=0.8154 best=0.9225 patience=2/10
    [tffm] epoch 05/50: train_loss=1.2647 val_auc=0.8623 best=0.9225 patience=3/10
    [tffm] epoch 06/50: train_loss=0.9111 val_auc=0.8810 best=0.9225 patience=4/10
    [tffm] epoch 07/50: train_loss=0.9525 val_auc=0.8534 best=0.9225 patience=5/10
    [tffm] epoch 08/50: train_loss=0.7882 val_auc=0.9019 best=0.9225 patience=6/10
    [tffm] epoch 09/50: train_loss=0.7657 val_auc=0.9104 best=0.9225 patience=7/10
    [tffm] epoch 10/50: train_loss=0.7515 val_auc=0.9126 best=0.9225 patience=8/10
    [tffm] epoch 11/50: train_loss=0.8122 val_auc=0.9156 best=0.9225 patience=9/10
    [tffm] epoch 12/50: train_loss=0.6919 val_auc=0.9214 best=0.9225 patience=10/10
    [tffm] early stop at epoch 12
  [tffm] fold 22/25: AUC=0.9225
    [tffm] epoch 01/50: train_loss=0.9806 val_auc=0.8998 best=0.8998 patience=0/10 *
    [tffm] epoch 02/50: train_loss=0.8139 val_auc=0.8985 best=0.8998 patience=1/10
    [tffm] epoch 03/50: train_loss=0.8020 val_auc=0.9050 best=0.9050 patience=0/10 *
    [tffm] epoch 04/50: train_loss=0.8495 val_auc=0.9081 best=0.9081 patience=0/10 *
    [tffm] epoch 05/50: train_loss=0.8231 val_auc=0.9028 best=0.9081 patience=1/10
    [tffm] epoch 06/50: train_loss=0.8218 val_auc=0.9268 best=0.9268 patience=0/10 *
    [tffm] epoch 07/50: train_loss=0.7998 val_auc=0.9273 best=0.9273 patience=0/10 *
    [tffm] epoch 08/50: train_loss=0.8343 val_auc=0.9096 best=0.9273 patience=1/10
    [tffm] epoch 09/50: train_loss=0.7832 val_auc=0.9270 best=0.9273 patience=2/10
    [tffm] epoch 10/50: train_loss=0.7470 val_auc=0.9006 best=0.9273 patience=3/10
    [tffm] epoch 11/50: train_loss=0.7974 val_auc=0.9169 best=0.9273 patience=4/10
    [tffm] epoch 12/50: train_loss=0.9056 val_auc=0.8978 best=0.9273 patience=5/10
    [tffm] epoch 13/50: train_loss=0.7955 val_auc=0.9255 best=0.9273 patience=6/10
    [tffm] epoch 14/50: train_loss=0.7729 val_auc=0.9343 best=0.9343 patience=0/10 *
    [tffm] epoch 15/50: train_loss=0.7914 val_auc=0.9205 best=0.9343 patience=1/10
    [tffm] epoch 16/50: train_loss=0.7320 val_auc=0.9293 best=0.9343 patience=2/10
    [tffm] epoch 17/50: train_loss=0.6783 val_auc=0.9318 best=0.9343 patience=3/10
    [tffm] epoch 18/50: train_loss=0.7080 val_auc=0.9271 best=0.9343 patience=4/10
    [tffm] epoch 19/50: train_loss=0.6735 val_auc=0.9382 best=0.9382 patience=0/10 *
    [tffm] epoch 20/50: train_loss=0.6277 val_auc=0.8927 best=0.9382 patience=1/10
    [tffm] epoch 21/50: train_loss=0.7906 val_auc=0.9379 best=0.9382 patience=2/10
    [tffm] epoch 22/50: train_loss=0.6558 val_auc=0.9385 best=0.9385 patience=0/10 *
    [tffm] epoch 23/50: train_loss=0.6411 val_auc=0.9318 best=0.9385 patience=1/10
    [tffm] epoch 24/50: train_loss=0.6504 val_auc=0.8898 best=0.9385 patience=2/10
    [tffm] epoch 25/50: train_loss=0.7461 val_auc=0.9073 best=0.9385 patience=3/10
    [tffm] epoch 26/50: train_loss=0.6056 val_auc=0.9313 best=0.9385 patience=4/10
    [tffm] epoch 27/50: train_loss=0.5855 val_auc=0.9368 best=0.9385 patience=5/10
    [tffm] epoch 28/50: train_loss=0.7177 val_auc=0.8251 best=0.9385 patience=6/10
    [tffm] epoch 29/50: train_loss=0.6452 val_auc=0.8641 best=0.9385 patience=7/10
    [tffm] epoch 30/50: train_loss=0.7137 val_auc=0.8600 best=0.9385 patience=8/10
    [tffm] epoch 31/50: train_loss=0.6374 val_auc=0.8907 best=0.9385 patience=9/10
    [tffm] epoch 32/50: train_loss=0.7758 val_auc=0.8453 best=0.9385 patience=10/10
    [tffm] early stop at epoch 32
  [tffm] fold 23/25: AUC=0.9385
    [tffm] epoch 01/50: train_loss=1.0226 val_auc=0.8708 best=0.8708 patience=0/10 *
    [tffm] epoch 02/50: train_loss=0.9026 val_auc=0.8901 best=0.8901 patience=0/10 *
    [tffm] epoch 03/50: train_loss=0.8966 val_auc=0.8737 best=0.8901 patience=1/10
    [tffm] epoch 04/50: train_loss=0.8414 val_auc=0.8747 best=0.8901 patience=2/10
    [tffm] epoch 05/50: train_loss=0.7684 val_auc=0.8804 best=0.8901 patience=3/10
    [tffm] epoch 06/50: train_loss=0.7435 val_auc=0.8863 best=0.8901 patience=4/10
    [tffm] epoch 07/50: train_loss=0.7298 val_auc=0.8658 best=0.8901 patience=5/10
    [tffm] epoch 08/50: train_loss=0.7126 val_auc=0.8791 best=0.8901 patience=6/10
    [tffm] epoch 09/50: train_loss=0.7007 val_auc=0.8823 best=0.8901 patience=7/10
    [tffm] epoch 10/50: train_loss=0.7637 val_auc=0.8910 best=0.8910 patience=0/10 *
    [tffm] epoch 11/50: train_loss=0.6560 val_auc=0.8874 best=0.8910 patience=1/10
    [tffm] epoch 12/50: train_loss=0.6244 val_auc=0.8647 best=0.8910 patience=2/10
    [tffm] epoch 13/50: train_loss=0.6701 val_auc=0.8665 best=0.8910 patience=3/10
    [tffm] epoch 14/50: train_loss=0.6769 val_auc=0.8420 best=0.8910 patience=4/10
    [tffm] epoch 15/50: train_loss=0.6972 val_auc=0.8711 best=0.8910 patience=5/10
    [tffm] epoch 16/50: train_loss=0.7018 val_auc=0.8360 best=0.8910 patience=6/10
    [tffm] epoch 17/50: train_loss=0.6425 val_auc=0.8586 best=0.8910 patience=7/10
    [tffm] epoch 18/50: train_loss=0.6234 val_auc=0.8501 best=0.8910 patience=8/10
    [tffm] epoch 19/50: train_loss=0.7421 val_auc=0.8483 best=0.8910 patience=9/10
    [tffm] epoch 20/50: train_loss=0.7234 val_auc=0.8775 best=0.8910 patience=10/10
    [tffm] early stop at epoch 20
  [tffm] fold 24/25: AUC=0.8910
    [tffm] epoch 01/50: train_loss=1.0563 val_auc=0.8779 best=0.8779 patience=0/10 *
    [tffm] epoch 02/50: train_loss=0.8552 val_auc=0.8984 best=0.8984 patience=0/10 *
    [tffm] epoch 03/50: train_loss=0.9379 val_auc=0.9043 best=0.9043 patience=0/10 *
    [tffm] epoch 04/50: train_loss=0.8942 val_auc=0.9221 best=0.9221 patience=0/10 *
    [tffm] epoch 05/50: train_loss=0.7530 val_auc=0.9249 best=0.9249 patience=0/10 *
    [tffm] epoch 06/50: train_loss=0.8117 val_auc=0.9234 best=0.9249 patience=1/10
    [tffm] epoch 07/50: train_loss=0.7821 val_auc=0.9160 best=0.9249 patience=2/10
    [tffm] epoch 08/50: train_loss=0.7399 val_auc=0.9185 best=0.9249 patience=3/10
    [tffm] epoch 09/50: train_loss=0.7437 val_auc=0.9174 best=0.9249 patience=4/10
    [tffm] epoch 10/50: train_loss=0.7198 val_auc=0.8691 best=0.9249 patience=5/10
    [tffm] epoch 11/50: train_loss=0.9670 val_auc=0.8950 best=0.9249 patience=6/10
    [tffm] epoch 12/50: train_loss=0.7201 val_auc=0.9336 best=0.9336 patience=0/10 *
    [tffm] epoch 13/50: train_loss=0.8004 val_auc=0.9200 best=0.9336 patience=1/10
    [tffm] epoch 14/50: train_loss=0.8114 val_auc=0.9113 best=0.9336 patience=2/10
    [tffm] epoch 15/50: train_loss=0.8136 val_auc=0.9241 best=0.9336 patience=3/10
    [tffm] epoch 16/50: train_loss=0.7801 val_auc=0.9346 best=0.9346 patience=0/10 *
    [tffm] epoch 17/50: train_loss=0.8250 val_auc=0.9219 best=0.9346 patience=1/10
    [tffm] epoch 18/50: train_loss=0.9211 val_auc=0.9336 best=0.9346 patience=2/10
    [tffm] epoch 19/50: train_loss=0.7267 val_auc=0.9253 best=0.9346 patience=3/10
    [tffm] epoch 20/50: train_loss=0.6808 val_auc=0.9238 best=0.9346 patience=4/10
    [tffm] epoch 21/50: train_loss=0.6390 val_auc=0.9254 best=0.9346 patience=5/10
    [tffm] epoch 22/50: train_loss=0.6277 val_auc=0.9276 best=0.9346 patience=6/10
    [tffm] epoch 23/50: train_loss=0.6728 val_auc=0.9343 best=0.9346 patience=7/10
    [tffm] epoch 24/50: train_loss=0.6801 val_auc=0.9253 best=0.9346 patience=8/10
    [tffm] epoch 25/50: train_loss=0.6401 val_auc=0.9314 best=0.9346 patience=9/10
    [tffm] epoch 26/50: train_loss=0.6040 val_auc=0.9343 best=0.9346 patience=10/10
    [tffm] early stop at epoch 26
  [tffm] fold 25/25: AUC=0.9346
tffm: mean=0.9160, std=0.0281, q25=0.9009, q10=0.8738 over 25 folds
