
== cv hybrid ==
  out:   ./runs/sweep/hybrid_lr5e4
  cv     n_splits=5 n_repeats=5 quick=False
  model  seed=42 device=cuda epochs=30 batch_size=256 lr=0.0005 weight_decay=0.0001 early_stop_patience=10 hidden=128 dropout=0.3 max_len=512
  data   data_dir=./data/facebook-recruiting-iv-human-or-bot runs_dir=./runs cache_dir=./runs/cache

    [hybrid] epoch 01/30: train_loss=1.2956 val_auc=0.7396 best=0.7396 patience=0/10 *
    [hybrid] epoch 02/30: train_loss=1.2596 val_auc=0.7497 best=0.7497 patience=0/10 *
    [hybrid] epoch 03/30: train_loss=1.3115 val_auc=0.7397 best=0.7497 patience=1/10
    [hybrid] epoch 04/30: train_loss=1.1610 val_auc=0.7408 best=0.7497 patience=2/10
    [hybrid] epoch 05/30: train_loss=1.0212 val_auc=0.6584 best=0.7497 patience=3/10
    [hybrid] epoch 06/30: train_loss=0.9131 val_auc=0.6780 best=0.7497 patience=4/10
    [hybrid] epoch 07/30: train_loss=0.7778 val_auc=0.8517 best=0.8517 patience=0/10 *
    [hybrid] epoch 08/30: train_loss=0.6680 val_auc=0.6000 best=0.8517 patience=1/10
    [hybrid] epoch 09/30: train_loss=1.0903 val_auc=0.6956 best=0.8517 patience=2/10
    [hybrid] epoch 10/30: train_loss=0.7167 val_auc=0.7322 best=0.8517 patience=3/10
    [hybrid] epoch 11/30: train_loss=0.5536 val_auc=0.7457 best=0.8517 patience=4/10
    [hybrid] epoch 12/30: train_loss=0.4844 val_auc=0.7509 best=0.8517 patience=5/10
    [hybrid] epoch 13/30: train_loss=0.3857 val_auc=0.5573 best=0.8517 patience=6/10
    [hybrid] epoch 14/30: train_loss=0.4578 val_auc=0.7057 best=0.8517 patience=7/10
    [hybrid] epoch 15/30: train_loss=0.2783 val_auc=0.5522 best=0.8517 patience=8/10
    [hybrid] epoch 16/30: train_loss=0.2197 val_auc=0.5818 best=0.8517 patience=9/10
    [hybrid] epoch 17/30: train_loss=0.2882 val_auc=0.7897 best=0.8517 patience=10/10
    [hybrid] early stop at epoch 17
  [hybrid] fold 1/25: AUC=0.8517
    [hybrid] epoch 01/30: train_loss=1.3222 val_auc=0.8052 best=0.8052 patience=0/10 *
    [hybrid] epoch 02/30: train_loss=1.2517 val_auc=0.8160 best=0.8160 patience=0/10 *
    [hybrid] epoch 03/30: train_loss=1.2400 val_auc=0.8239 best=0.8239 patience=0/10 *
    [hybrid] epoch 04/30: train_loss=1.1661 val_auc=0.8333 best=0.8333 patience=0/10 *
    [hybrid] epoch 05/30: train_loss=1.0393 val_auc=0.8360 best=0.8360 patience=0/10 *
    [hybrid] epoch 06/30: train_loss=0.9012 val_auc=0.7319 best=0.8360 patience=1/10
    [hybrid] epoch 07/30: train_loss=0.9159 val_auc=0.7751 best=0.8360 patience=2/10
    [hybrid] epoch 08/30: train_loss=0.8753 val_auc=0.8652 best=0.8652 patience=0/10 *
    [hybrid] epoch 09/30: train_loss=0.7414 val_auc=0.8831 best=0.8831 patience=0/10 *
    [hybrid] epoch 10/30: train_loss=0.6641 val_auc=0.7629 best=0.8831 patience=1/10
    [hybrid] epoch 11/30: train_loss=0.5227 val_auc=0.8138 best=0.8831 patience=2/10
    [hybrid] epoch 12/30: train_loss=0.4069 val_auc=0.7964 best=0.8831 patience=3/10
    [hybrid] epoch 13/30: train_loss=0.3474 val_auc=0.7991 best=0.8831 patience=4/10
    [hybrid] epoch 14/30: train_loss=0.2530 val_auc=0.7317 best=0.8831 patience=5/10
    [hybrid] epoch 15/30: train_loss=0.2298 val_auc=0.7194 best=0.8831 patience=6/10
    [hybrid] epoch 16/30: train_loss=0.1642 val_auc=0.5989 best=0.8831 patience=7/10
    [hybrid] epoch 17/30: train_loss=0.1840 val_auc=0.6308 best=0.8831 patience=8/10
    [hybrid] epoch 18/30: train_loss=0.0873 val_auc=0.6114 best=0.8831 patience=9/10
    [hybrid] epoch 19/30: train_loss=0.1255 val_auc=0.6198 best=0.8831 patience=10/10
    [hybrid] early stop at epoch 19
  [hybrid] fold 2/25: AUC=0.8831
    [hybrid] epoch 01/30: train_loss=1.2903 val_auc=0.7199 best=0.7199 patience=0/10 *
    [hybrid] epoch 02/30: train_loss=1.3343 val_auc=0.7624 best=0.7624 patience=0/10 *
    [hybrid] epoch 03/30: train_loss=1.2700 val_auc=0.7627 best=0.7627 patience=0/10 *
    [hybrid] epoch 04/30: train_loss=1.1861 val_auc=0.7694 best=0.7694 patience=0/10 *
    [hybrid] epoch 05/30: train_loss=1.0990 val_auc=0.7312 best=0.7694 patience=1/10
    [hybrid] epoch 06/30: train_loss=1.0131 val_auc=0.7297 best=0.7694 patience=2/10
    [hybrid] epoch 07/30: train_loss=0.8719 val_auc=0.7612 best=0.7694 patience=3/10
    [hybrid] epoch 08/30: train_loss=0.7671 val_auc=0.8062 best=0.8062 patience=0/10 *
    [hybrid] epoch 09/30: train_loss=0.6261 val_auc=0.8453 best=0.8453 patience=0/10 *
    [hybrid] epoch 10/30: train_loss=0.6248 val_auc=0.8717 best=0.8717 patience=0/10 *
    [hybrid] epoch 11/30: train_loss=0.4559 val_auc=0.7281 best=0.8717 patience=1/10
    [hybrid] epoch 12/30: train_loss=0.6470 val_auc=0.8462 best=0.8717 patience=2/10
    [hybrid] epoch 13/30: train_loss=0.3366 val_auc=0.8124 best=0.8717 patience=3/10
    [hybrid] epoch 14/30: train_loss=0.3373 val_auc=0.8878 best=0.8878 patience=0/10 *
    [hybrid] epoch 15/30: train_loss=0.2092 val_auc=0.8250 best=0.8878 patience=1/10
    [hybrid] epoch 16/30: train_loss=0.1513 val_auc=0.7516 best=0.8878 patience=2/10
    [hybrid] epoch 17/30: train_loss=0.1011 val_auc=0.7700 best=0.8878 patience=3/10
    [hybrid] epoch 18/30: train_loss=0.0773 val_auc=0.7701 best=0.8878 patience=4/10
    [hybrid] epoch 19/30: train_loss=0.0667 val_auc=0.7550 best=0.8878 patience=5/10
    [hybrid] epoch 20/30: train_loss=0.0622 val_auc=0.7402 best=0.8878 patience=6/10
    [hybrid] epoch 21/30: train_loss=0.0507 val_auc=0.7431 best=0.8878 patience=7/10
    [hybrid] epoch 22/30: train_loss=0.0338 val_auc=0.7366 best=0.8878 patience=8/10
    [hybrid] epoch 23/30: train_loss=0.0289 val_auc=0.7033 best=0.8878 patience=9/10
    [hybrid] epoch 24/30: train_loss=0.0209 val_auc=0.7322 best=0.8878 patience=10/10
    [hybrid] early stop at epoch 24
  [hybrid] fold 3/25: AUC=0.8878
    [hybrid] epoch 01/30: train_loss=1.3036 val_auc=0.7615 best=0.7615 patience=0/10 *
    [hybrid] epoch 02/30: train_loss=1.2817 val_auc=0.7654 best=0.7654 patience=0/10 *
    [hybrid] epoch 03/30: train_loss=1.2309 val_auc=0.7742 best=0.7742 patience=0/10 *
    [hybrid] epoch 04/30: train_loss=1.2001 val_auc=0.7730 best=0.7742 patience=1/10
    [hybrid] epoch 05/30: train_loss=1.0870 val_auc=0.7942 best=0.7942 patience=0/10 *
    [hybrid] epoch 06/30: train_loss=0.9534 val_auc=0.7751 best=0.7942 patience=1/10
    [hybrid] epoch 07/30: train_loss=0.7666 val_auc=0.7024 best=0.7942 patience=2/10
    [hybrid] epoch 08/30: train_loss=0.6476 val_auc=0.6856 best=0.7942 patience=3/10
    [hybrid] epoch 09/30: train_loss=0.5596 val_auc=0.6992 best=0.7942 patience=4/10
    [hybrid] epoch 10/30: train_loss=0.6127 val_auc=0.6558 best=0.7942 patience=5/10
    [hybrid] epoch 11/30: train_loss=0.6348 val_auc=0.7406 best=0.7942 patience=6/10
    [hybrid] epoch 12/30: train_loss=0.4800 val_auc=0.7270 best=0.7942 patience=7/10
    [hybrid] epoch 13/30: train_loss=0.3621 val_auc=0.6137 best=0.7942 patience=8/10
    [hybrid] epoch 14/30: train_loss=0.6584 val_auc=0.6766 best=0.7942 patience=9/10
    [hybrid] epoch 15/30: train_loss=0.2940 val_auc=0.6194 best=0.7942 patience=10/10
    [hybrid] early stop at epoch 15
  [hybrid] fold 4/25: AUC=0.7942
    [hybrid] epoch 01/30: train_loss=1.3164 val_auc=0.8054 best=0.8054 patience=0/10 *
    [hybrid] epoch 02/30: train_loss=1.2791 val_auc=0.8480 best=0.8480 patience=0/10 *
    [hybrid] epoch 03/30: train_loss=1.2310 val_auc=0.8340 best=0.8480 patience=1/10
    [hybrid] epoch 04/30: train_loss=1.1679 val_auc=0.8253 best=0.8480 patience=2/10
    [hybrid] epoch 05/30: train_loss=1.1311 val_auc=0.8351 best=0.8480 patience=3/10
    [hybrid] epoch 06/30: train_loss=0.8976 val_auc=0.7046 best=0.8480 patience=4/10
    [hybrid] epoch 07/30: train_loss=0.9518 val_auc=0.7607 best=0.8480 patience=5/10
    [hybrid] epoch 08/30: train_loss=0.7745 val_auc=0.8605 best=0.8605 patience=0/10 *
    [hybrid] epoch 09/30: train_loss=0.6786 val_auc=0.7921 best=0.8605 patience=1/10
    [hybrid] epoch 10/30: train_loss=0.5986 val_auc=0.7272 best=0.8605 patience=2/10
    [hybrid] epoch 11/30: train_loss=0.4476 val_auc=0.6213 best=0.8605 patience=3/10
    [hybrid] epoch 12/30: train_loss=0.4465 val_auc=0.5946 best=0.8605 patience=4/10
    [hybrid] epoch 13/30: train_loss=0.4276 val_auc=0.6376 best=0.8605 patience=5/10
    [hybrid] epoch 14/30: train_loss=0.3199 val_auc=0.7052 best=0.8605 patience=6/10
    [hybrid] epoch 15/30: train_loss=0.2848 val_auc=0.6592 best=0.8605 patience=7/10
    [hybrid] epoch 16/30: train_loss=0.1910 val_auc=0.4461 best=0.8605 patience=8/10
    [hybrid] epoch 17/30: train_loss=0.1692 val_auc=0.4216 best=0.8605 patience=9/10
    [hybrid] epoch 18/30: train_loss=0.1396 val_auc=0.4539 best=0.8605 patience=10/10
    [hybrid] early stop at epoch 18
  [hybrid] fold 5/25: AUC=0.8605
    [hybrid] epoch 01/30: train_loss=1.2927 val_auc=0.6852 best=0.6852 patience=0/10 *
    [hybrid] epoch 02/30: train_loss=1.2603 val_auc=0.7086 best=0.7086 patience=0/10 *
    [hybrid] epoch 03/30: train_loss=1.2247 val_auc=0.7261 best=0.7261 patience=0/10 *
    [hybrid] epoch 04/30: train_loss=1.1519 val_auc=0.7509 best=0.7509 patience=0/10 *
    [hybrid] epoch 05/30: train_loss=1.0793 val_auc=0.7837 best=0.7837 patience=0/10 *
    [hybrid] epoch 06/30: train_loss=0.9509 val_auc=0.8201 best=0.8201 patience=0/10 *
    [hybrid] epoch 07/30: train_loss=0.8465 val_auc=0.8396 best=0.8396 patience=0/10 *
    [hybrid] epoch 08/30: train_loss=0.7929 val_auc=0.8652 best=0.8652 patience=0/10 *
    [hybrid] epoch 09/30: train_loss=0.6488 val_auc=0.7754 best=0.8652 patience=1/10
    [hybrid] epoch 10/30: train_loss=0.6009 val_auc=0.7981 best=0.8652 patience=2/10
    [hybrid] epoch 11/30: train_loss=0.5105 val_auc=0.7354 best=0.8652 patience=3/10
    [hybrid] epoch 12/30: train_loss=0.3677 val_auc=0.7415 best=0.8652 patience=4/10
    [hybrid] epoch 13/30: train_loss=0.3358 val_auc=0.6905 best=0.8652 patience=5/10
    [hybrid] epoch 14/30: train_loss=0.4308 val_auc=0.6417 best=0.8652 patience=6/10
    [hybrid] epoch 15/30: train_loss=0.2761 val_auc=0.6935 best=0.8652 patience=7/10
    [hybrid] epoch 16/30: train_loss=0.2730 val_auc=0.7157 best=0.8652 patience=8/10
    [hybrid] epoch 17/30: train_loss=0.1587 val_auc=0.6126 best=0.8652 patience=9/10
    [hybrid] epoch 18/30: train_loss=0.3855 val_auc=0.7215 best=0.8652 patience=10/10
    [hybrid] early stop at epoch 18
  [hybrid] fold 6/25: AUC=0.8652
    [hybrid] epoch 01/30: train_loss=1.3350 val_auc=0.8399 best=0.8399 patience=0/10 *
    [hybrid] epoch 02/30: train_loss=1.2460 val_auc=0.8493 best=0.8493 patience=0/10 *
    [hybrid] epoch 03/30: train_loss=1.1960 val_auc=0.8453 best=0.8493 patience=1/10
    [hybrid] epoch 04/30: train_loss=1.2080 val_auc=0.8282 best=0.8493 patience=2/10
    [hybrid] epoch 05/30: train_loss=1.0929 val_auc=0.8210 best=0.8493 patience=3/10
    [hybrid] epoch 06/30: train_loss=0.9258 val_auc=0.7402 best=0.8493 patience=4/10
    [hybrid] epoch 07/30: train_loss=0.7652 val_auc=0.8341 best=0.8493 patience=5/10
    [hybrid] epoch 08/30: train_loss=0.6598 val_auc=0.7455 best=0.8493 patience=6/10
    [hybrid] epoch 09/30: train_loss=0.6515 val_auc=0.8748 best=0.8748 patience=0/10 *
    [hybrid] epoch 10/30: train_loss=0.6470 val_auc=0.7386 best=0.8748 patience=1/10
    [hybrid] epoch 11/30: train_loss=0.7699 val_auc=0.8854 best=0.8854 patience=0/10 *
    [hybrid] epoch 12/30: train_loss=0.5968 val_auc=0.8131 best=0.8854 patience=1/10
    [hybrid] epoch 13/30: train_loss=0.4891 val_auc=0.7285 best=0.8854 patience=2/10
    [hybrid] epoch 14/30: train_loss=0.3613 val_auc=0.7613 best=0.8854 patience=3/10
    [hybrid] epoch 15/30: train_loss=0.3431 val_auc=0.6775 best=0.8854 patience=4/10
    [hybrid] epoch 16/30: train_loss=0.2066 val_auc=0.5330 best=0.8854 patience=5/10
    [hybrid] epoch 17/30: train_loss=0.1747 val_auc=0.5020 best=0.8854 patience=6/10
    [hybrid] epoch 18/30: train_loss=0.1241 val_auc=0.5020 best=0.8854 patience=7/10
    [hybrid] epoch 19/30: train_loss=0.0992 val_auc=0.4960 best=0.8854 patience=8/10
    [hybrid] epoch 20/30: train_loss=0.1378 val_auc=0.5217 best=0.8854 patience=9/10
    [hybrid] epoch 21/30: train_loss=0.0743 val_auc=0.4930 best=0.8854 patience=10/10
    [hybrid] early stop at epoch 21
  [hybrid] fold 7/25: AUC=0.8854
    [hybrid] epoch 01/30: train_loss=1.3369 val_auc=0.7433 best=0.7433 patience=0/10 *
    [hybrid] epoch 02/30: train_loss=1.2557 val_auc=0.7503 best=0.7503 patience=0/10 *
    [hybrid] epoch 03/30: train_loss=1.2335 val_auc=0.7585 best=0.7585 patience=0/10 *
    [hybrid] epoch 04/30: train_loss=1.1792 val_auc=0.7600 best=0.7600 patience=0/10 *
    [hybrid] epoch 05/30: train_loss=1.0709 val_auc=0.7455 best=0.7600 patience=1/10
    [hybrid] epoch 06/30: train_loss=0.9741 val_auc=0.6061 best=0.7600 patience=2/10
    [hybrid] epoch 07/30: train_loss=0.9804 val_auc=0.6356 best=0.7600 patience=3/10
    [hybrid] epoch 08/30: train_loss=0.7288 val_auc=0.6639 best=0.7600 patience=4/10
    [hybrid] epoch 09/30: train_loss=0.6171 val_auc=0.6167 best=0.7600 patience=5/10
    [hybrid] epoch 10/30: train_loss=0.5421 val_auc=0.5252 best=0.7600 patience=6/10
    [hybrid] epoch 11/30: train_loss=0.4852 val_auc=0.5908 best=0.7600 patience=7/10
    [hybrid] epoch 12/30: train_loss=0.4759 val_auc=0.4904 best=0.7600 patience=8/10
    [hybrid] epoch 13/30: train_loss=0.6211 val_auc=0.8200 best=0.8200 patience=0/10 *
    [hybrid] epoch 14/30: train_loss=0.5163 val_auc=0.7858 best=0.8200 patience=1/10
    [hybrid] epoch 15/30: train_loss=0.3597 val_auc=0.6056 best=0.8200 patience=2/10
    [hybrid] epoch 16/30: train_loss=0.2600 val_auc=0.5213 best=0.8200 patience=3/10
    [hybrid] epoch 17/30: train_loss=0.2121 val_auc=0.5113 best=0.8200 patience=4/10
    [hybrid] epoch 18/30: train_loss=0.4191 val_auc=0.5979 best=0.8200 patience=5/10
    [hybrid] epoch 19/30: train_loss=0.1508 val_auc=0.5752 best=0.8200 patience=6/10
    [hybrid] epoch 20/30: train_loss=0.1257 val_auc=0.6030 best=0.8200 patience=7/10
    [hybrid] epoch 21/30: train_loss=0.0886 val_auc=0.5323 best=0.8200 patience=8/10
    [hybrid] epoch 22/30: train_loss=0.0605 val_auc=0.5607 best=0.8200 patience=9/10
    [hybrid] epoch 23/30: train_loss=0.0834 val_auc=0.5964 best=0.8200 patience=10/10
    [hybrid] early stop at epoch 23
  [hybrid] fold 8/25: AUC=0.8200
    [hybrid] epoch 01/30: train_loss=1.2922 val_auc=0.8695 best=0.8695 patience=0/10 *
    [hybrid] epoch 02/30: train_loss=1.2558 val_auc=0.8775 best=0.8775 patience=0/10 *
    [hybrid] epoch 03/30: train_loss=1.2217 val_auc=0.8762 best=0.8775 patience=1/10
    [hybrid] epoch 04/30: train_loss=1.1576 val_auc=0.8603 best=0.8775 patience=2/10
    [hybrid] epoch 05/30: train_loss=1.0344 val_auc=0.8516 best=0.8775 patience=3/10
    [hybrid] epoch 06/30: train_loss=0.9595 val_auc=0.8145 best=0.8775 patience=4/10
    [hybrid] epoch 07/30: train_loss=0.7739 val_auc=0.8890 best=0.8890 patience=0/10 *
    [hybrid] epoch 08/30: train_loss=0.6914 val_auc=0.8937 best=0.8937 patience=0/10 *
    [hybrid] epoch 09/30: train_loss=0.6473 val_auc=0.6830 best=0.8937 patience=1/10
    [hybrid] epoch 10/30: train_loss=0.7332 val_auc=0.8857 best=0.8937 patience=2/10
    [hybrid] epoch 11/30: train_loss=0.7871 val_auc=0.7135 best=0.8937 patience=3/10
    [hybrid] epoch 12/30: train_loss=0.5178 val_auc=0.8547 best=0.8937 patience=4/10
    [hybrid] epoch 13/30: train_loss=0.5186 val_auc=0.7541 best=0.8937 patience=5/10
    [hybrid] epoch 14/30: train_loss=0.4009 val_auc=0.7402 best=0.8937 patience=6/10
    [hybrid] epoch 15/30: train_loss=0.3705 val_auc=0.7297 best=0.8937 patience=7/10
    [hybrid] epoch 16/30: train_loss=0.2427 val_auc=0.6908 best=0.8937 patience=8/10
    [hybrid] epoch 17/30: train_loss=0.1636 val_auc=0.6870 best=0.8937 patience=9/10
    [hybrid] epoch 18/30: train_loss=0.1186 val_auc=0.6490 best=0.8937 patience=10/10
    [hybrid] early stop at epoch 18
  [hybrid] fold 9/25: AUC=0.8937
    [hybrid] epoch 01/30: train_loss=1.3460 val_auc=0.7260 best=0.7260 patience=0/10 *
    [hybrid] epoch 02/30: train_loss=1.2976 val_auc=0.7332 best=0.7332 patience=0/10 *
    [hybrid] epoch 03/30: train_loss=1.2288 val_auc=0.7436 best=0.7436 patience=0/10 *
    [hybrid] epoch 04/30: train_loss=1.1403 val_auc=0.7344 best=0.7436 patience=1/10
    [hybrid] epoch 05/30: train_loss=1.0416 val_auc=0.7073 best=0.7436 patience=2/10
    [hybrid] epoch 06/30: train_loss=0.9070 val_auc=0.6797 best=0.7436 patience=3/10
    [hybrid] epoch 07/30: train_loss=0.7452 val_auc=0.7153 best=0.7436 patience=4/10
    [hybrid] epoch 08/30: train_loss=0.6336 val_auc=0.7110 best=0.7436 patience=5/10
    [hybrid] epoch 09/30: train_loss=0.6518 val_auc=0.7348 best=0.7436 patience=6/10
    [hybrid] epoch 10/30: train_loss=0.6521 val_auc=0.7257 best=0.7436 patience=7/10
    [hybrid] epoch 11/30: train_loss=0.6426 val_auc=0.5814 best=0.7436 patience=8/10
    [hybrid] epoch 12/30: train_loss=0.7350 val_auc=0.6974 best=0.7436 patience=9/10
    [hybrid] epoch 13/30: train_loss=0.3779 val_auc=0.5868 best=0.7436 patience=10/10
    [hybrid] early stop at epoch 13
  [hybrid] fold 10/25: AUC=0.7436
    [hybrid] epoch 01/30: train_loss=1.3205 val_auc=0.7104 best=0.7104 patience=0/10 *
    [hybrid] epoch 02/30: train_loss=1.2883 val_auc=0.7286 best=0.7286 patience=0/10 *
    [hybrid] epoch 03/30: train_loss=1.2487 val_auc=0.7402 best=0.7402 patience=0/10 *
    [hybrid] epoch 04/30: train_loss=1.1569 val_auc=0.7451 best=0.7451 patience=0/10 *
    [hybrid] epoch 05/30: train_loss=0.9842 val_auc=0.7193 best=0.7451 patience=1/10
    [hybrid] epoch 06/30: train_loss=0.9045 val_auc=0.7068 best=0.7451 patience=2/10
    [hybrid] epoch 07/30: train_loss=0.7963 val_auc=0.7537 best=0.7537 patience=0/10 *
    [hybrid] epoch 08/30: train_loss=0.7230 val_auc=0.8028 best=0.8028 patience=0/10 *
    [hybrid] epoch 09/30: train_loss=0.6156 val_auc=0.7152 best=0.8028 patience=1/10
    [hybrid] epoch 10/30: train_loss=0.8604 val_auc=0.6387 best=0.8028 patience=2/10
    [hybrid] epoch 11/30: train_loss=0.7195 val_auc=0.7123 best=0.8028 patience=3/10
    [hybrid] epoch 12/30: train_loss=0.5761 val_auc=0.6057 best=0.8028 patience=4/10
    [hybrid] epoch 13/30: train_loss=0.4564 val_auc=0.7357 best=0.8028 patience=5/10
    [hybrid] epoch 14/30: train_loss=0.4687 val_auc=0.7058 best=0.8028 patience=6/10
    [hybrid] epoch 15/30: train_loss=0.3030 val_auc=0.6416 best=0.8028 patience=7/10
    [hybrid] epoch 16/30: train_loss=0.6705 val_auc=0.6773 best=0.8028 patience=8/10
    [hybrid] epoch 17/30: train_loss=0.3127 val_auc=0.6440 best=0.8028 patience=9/10
    [hybrid] epoch 18/30: train_loss=0.2141 val_auc=0.6020 best=0.8028 patience=10/10
    [hybrid] early stop at epoch 18
  [hybrid] fold 11/25: AUC=0.8028
    [hybrid] epoch 01/30: train_loss=1.2982 val_auc=0.7851 best=0.7851 patience=0/10 *
    [hybrid] epoch 02/30: train_loss=1.3075 val_auc=0.7917 best=0.7917 patience=0/10 *
    [hybrid] epoch 03/30: train_loss=1.2455 val_auc=0.7994 best=0.7994 patience=0/10 *
    [hybrid] epoch 04/30: train_loss=1.1768 val_auc=0.8144 best=0.8144 patience=0/10 *
    [hybrid] epoch 05/30: train_loss=1.0536 val_auc=0.8049 best=0.8144 patience=1/10
    [hybrid] epoch 06/30: train_loss=0.8986 val_auc=0.7658 best=0.8144 patience=2/10
    [hybrid] epoch 07/30: train_loss=0.7887 val_auc=0.7648 best=0.8144 patience=3/10
    [hybrid] epoch 08/30: train_loss=0.6038 val_auc=0.7168 best=0.8144 patience=4/10
    [hybrid] epoch 09/30: train_loss=0.7776 val_auc=0.8822 best=0.8822 patience=0/10 *
    [hybrid] epoch 10/30: train_loss=0.6705 val_auc=0.8899 best=0.8899 patience=0/10 *
    [hybrid] epoch 11/30: train_loss=0.5653 val_auc=0.7316 best=0.8899 patience=1/10
    [hybrid] epoch 12/30: train_loss=0.5949 val_auc=0.8013 best=0.8899 patience=2/10
    [hybrid] epoch 13/30: train_loss=0.5075 val_auc=0.8608 best=0.8899 patience=3/10
    [hybrid] epoch 14/30: train_loss=0.4550 val_auc=0.6532 best=0.8899 patience=4/10
    [hybrid] epoch 15/30: train_loss=0.3658 val_auc=0.7715 best=0.8899 patience=5/10
    [hybrid] epoch 16/30: train_loss=0.2973 val_auc=0.6709 best=0.8899 patience=6/10
    [hybrid] epoch 17/30: train_loss=0.2190 val_auc=0.6830 best=0.8899 patience=7/10
    [hybrid] epoch 18/30: train_loss=0.1536 val_auc=0.6718 best=0.8899 patience=8/10
    [hybrid] epoch 19/30: train_loss=0.1083 val_auc=0.6435 best=0.8899 patience=9/10
    [hybrid] epoch 20/30: train_loss=0.0895 val_auc=0.7093 best=0.8899 patience=10/10
    [hybrid] early stop at epoch 20
  [hybrid] fold 12/25: AUC=0.8899
    [hybrid] epoch 01/30: train_loss=1.2879 val_auc=0.7153 best=0.7153 patience=0/10 *
    [hybrid] epoch 02/30: train_loss=1.2883 val_auc=0.7058 best=0.7153 patience=1/10
    [hybrid] epoch 03/30: train_loss=1.2211 val_auc=0.7275 best=0.7275 patience=0/10 *
    [hybrid] epoch 04/30: train_loss=1.1332 val_auc=0.7100 best=0.7275 patience=1/10
    [hybrid] epoch 05/30: train_loss=0.9883 val_auc=0.7204 best=0.7275 patience=2/10
    [hybrid] epoch 06/30: train_loss=0.9311 val_auc=0.7021 best=0.7275 patience=3/10
    [hybrid] epoch 07/30: train_loss=0.9968 val_auc=0.8197 best=0.8197 patience=0/10 *
    [hybrid] epoch 08/30: train_loss=0.8623 val_auc=0.8579 best=0.8579 patience=0/10 *
    [hybrid] epoch 09/30: train_loss=0.6714 val_auc=0.7007 best=0.8579 patience=1/10
    [hybrid] epoch 10/30: train_loss=0.8078 val_auc=0.7518 best=0.8579 patience=2/10
    [hybrid] epoch 11/30: train_loss=0.5106 val_auc=0.8072 best=0.8579 patience=3/10
    [hybrid] epoch 12/30: train_loss=0.5256 val_auc=0.7029 best=0.8579 patience=4/10
    [hybrid] epoch 13/30: train_loss=0.3830 val_auc=0.7092 best=0.8579 patience=5/10
    [hybrid] epoch 14/30: train_loss=0.2784 val_auc=0.6983 best=0.8579 patience=6/10
    [hybrid] epoch 15/30: train_loss=0.1957 val_auc=0.6387 best=0.8579 patience=7/10
    [hybrid] epoch 16/30: train_loss=0.4408 val_auc=0.6879 best=0.8579 patience=8/10
    [hybrid] epoch 17/30: train_loss=0.1580 val_auc=0.6260 best=0.8579 patience=9/10
    [hybrid] epoch 18/30: train_loss=0.1235 val_auc=0.6720 best=0.8579 patience=10/10
    [hybrid] early stop at epoch 18
  [hybrid] fold 13/25: AUC=0.8579
    [hybrid] epoch 01/30: train_loss=1.3136 val_auc=0.8843 best=0.8843 patience=0/10 *
    [hybrid] epoch 02/30: train_loss=1.2638 val_auc=0.8907 best=0.8907 patience=0/10 *
    [hybrid] epoch 03/30: train_loss=1.2435 val_auc=0.8955 best=0.8955 patience=0/10 *
    [hybrid] epoch 04/30: train_loss=1.1677 val_auc=0.9042 best=0.9042 patience=0/10 *
    [hybrid] epoch 05/30: train_loss=1.0654 val_auc=0.8899 best=0.9042 patience=1/10
    [hybrid] epoch 06/30: train_loss=0.9872 val_auc=0.8777 best=0.9042 patience=2/10
    [hybrid] epoch 07/30: train_loss=0.8223 val_auc=0.9291 best=0.9291 patience=0/10 *
    [hybrid] epoch 08/30: train_loss=0.6881 val_auc=0.7852 best=0.9291 patience=1/10
    [hybrid] epoch 09/30: train_loss=0.6238 val_auc=0.7586 best=0.9291 patience=2/10
    [hybrid] epoch 10/30: train_loss=0.7011 val_auc=0.7478 best=0.9291 patience=3/10
    [hybrid] epoch 11/30: train_loss=0.5263 val_auc=0.9147 best=0.9291 patience=4/10
    [hybrid] epoch 12/30: train_loss=0.5485 val_auc=0.7312 best=0.9291 patience=5/10
    [hybrid] epoch 13/30: train_loss=0.5311 val_auc=0.7865 best=0.9291 patience=6/10
    [hybrid] epoch 14/30: train_loss=0.3224 val_auc=0.7775 best=0.9291 patience=7/10
    [hybrid] epoch 15/30: train_loss=0.2669 val_auc=0.6298 best=0.9291 patience=8/10
    [hybrid] epoch 16/30: train_loss=0.2405 val_auc=0.6178 best=0.9291 patience=9/10
    [hybrid] epoch 17/30: train_loss=0.1563 val_auc=0.5118 best=0.9291 patience=10/10
    [hybrid] early stop at epoch 17
  [hybrid] fold 14/25: AUC=0.9291
    [hybrid] epoch 01/30: train_loss=1.2799 val_auc=0.7992 best=0.7992 patience=0/10 *
    [hybrid] epoch 02/30: train_loss=1.2832 val_auc=0.8047 best=0.8047 patience=0/10 *
    [hybrid] epoch 03/30: train_loss=1.2286 val_auc=0.8093 best=0.8093 patience=0/10 *
    [hybrid] epoch 04/30: train_loss=1.1695 val_auc=0.8039 best=0.8093 patience=1/10
    [hybrid] epoch 05/30: train_loss=1.0234 val_auc=0.7630 best=0.8093 patience=2/10
    [hybrid] epoch 06/30: train_loss=0.9457 val_auc=0.7767 best=0.8093 patience=3/10
    [hybrid] epoch 07/30: train_loss=0.8203 val_auc=0.7093 best=0.8093 patience=4/10
    [hybrid] epoch 08/30: train_loss=0.8902 val_auc=0.8033 best=0.8093 patience=5/10
    [hybrid] epoch 09/30: train_loss=0.7237 val_auc=0.8509 best=0.8509 patience=0/10 *
    [hybrid] epoch 10/30: train_loss=0.7404 val_auc=0.6831 best=0.8509 patience=1/10
    [hybrid] epoch 11/30: train_loss=0.7255 val_auc=0.8279 best=0.8509 patience=2/10
    [hybrid] epoch 12/30: train_loss=0.5640 val_auc=0.7545 best=0.8509 patience=3/10
    [hybrid] epoch 13/30: train_loss=0.4352 val_auc=0.7467 best=0.8509 patience=4/10
    [hybrid] epoch 14/30: train_loss=0.3168 val_auc=0.6849 best=0.8509 patience=5/10
    [hybrid] epoch 15/30: train_loss=0.2957 val_auc=0.6410 best=0.8509 patience=6/10
    [hybrid] epoch 16/30: train_loss=0.2112 val_auc=0.6644 best=0.8509 patience=7/10
    [hybrid] epoch 17/30: train_loss=0.1762 val_auc=0.6491 best=0.8509 patience=8/10
    [hybrid] epoch 18/30: train_loss=0.1156 val_auc=0.6090 best=0.8509 patience=9/10
    [hybrid] epoch 19/30: train_loss=0.1265 val_auc=0.5889 best=0.8509 patience=10/10
    [hybrid] early stop at epoch 19
  [hybrid] fold 15/25: AUC=0.8509
    [hybrid] epoch 01/30: train_loss=1.3323 val_auc=0.6986 best=0.6986 patience=0/10 *
    [hybrid] epoch 02/30: train_loss=1.2689 val_auc=0.7098 best=0.7098 patience=0/10 *
    [hybrid] epoch 03/30: train_loss=1.2187 val_auc=0.7226 best=0.7226 patience=0/10 *
    [hybrid] epoch 04/30: train_loss=1.1349 val_auc=0.7315 best=0.7315 patience=0/10 *
    [hybrid] epoch 05/30: train_loss=0.9084 val_auc=0.7248 best=0.7315 patience=1/10
    [hybrid] epoch 06/30: train_loss=0.8157 val_auc=0.7636 best=0.7636 patience=0/10 *
    [hybrid] epoch 07/30: train_loss=0.7170 val_auc=0.7054 best=0.7636 patience=1/10
    [hybrid] epoch 08/30: train_loss=0.5608 val_auc=0.7903 best=0.7903 patience=0/10 *
    [hybrid] epoch 09/30: train_loss=0.5595 val_auc=0.5643 best=0.7903 patience=1/10
    [hybrid] epoch 10/30: train_loss=0.5578 val_auc=0.7740 best=0.7903 patience=2/10
    [hybrid] epoch 11/30: train_loss=0.4455 val_auc=0.6289 best=0.7903 patience=3/10
    [hybrid] epoch 12/30: train_loss=0.4478 val_auc=0.7443 best=0.7903 patience=4/10
    [hybrid] epoch 13/30: train_loss=0.3799 val_auc=0.5090 best=0.7903 patience=5/10
    [hybrid] epoch 14/30: train_loss=0.2994 val_auc=0.6830 best=0.7903 patience=6/10
    [hybrid] epoch 15/30: train_loss=0.4625 val_auc=0.4394 best=0.7903 patience=7/10
    [hybrid] epoch 16/30: train_loss=0.3233 val_auc=0.6339 best=0.7903 patience=8/10
    [hybrid] epoch 17/30: train_loss=0.1936 val_auc=0.6963 best=0.7903 patience=9/10
    [hybrid] epoch 18/30: train_loss=0.1254 val_auc=0.5457 best=0.7903 patience=10/10
    [hybrid] early stop at epoch 18
  [hybrid] fold 16/25: AUC=0.7903
    [hybrid] epoch 01/30: train_loss=1.2749 val_auc=0.8224 best=0.8224 patience=0/10 *
    [hybrid] epoch 02/30: train_loss=1.2986 val_auc=0.8437 best=0.8437 patience=0/10 *
    [hybrid] epoch 03/30: train_loss=1.2381 val_auc=0.8540 best=0.8540 patience=0/10 *
    [hybrid] epoch 04/30: train_loss=1.2277 val_auc=0.8647 best=0.8647 patience=0/10 *
    [hybrid] epoch 05/30: train_loss=1.1556 val_auc=0.8702 best=0.8702 patience=0/10 *
    [hybrid] epoch 06/30: train_loss=0.9432 val_auc=0.7876 best=0.8702 patience=1/10
    [hybrid] epoch 07/30: train_loss=0.9136 val_auc=0.8823 best=0.8823 patience=0/10 *
    [hybrid] epoch 08/30: train_loss=0.7274 val_auc=0.8276 best=0.8823 patience=1/10
    [hybrid] epoch 09/30: train_loss=0.6011 val_auc=0.7629 best=0.8823 patience=2/10
    [hybrid] epoch 10/30: train_loss=0.5962 val_auc=0.7610 best=0.8823 patience=3/10
    [hybrid] epoch 11/30: train_loss=0.5998 val_auc=0.6668 best=0.8823 patience=4/10
    [hybrid] epoch 12/30: train_loss=0.6304 val_auc=0.6885 best=0.8823 patience=5/10
    [hybrid] epoch 13/30: train_loss=0.4065 val_auc=0.7011 best=0.8823 patience=6/10
    [hybrid] epoch 14/30: train_loss=0.2850 val_auc=0.6487 best=0.8823 patience=7/10
    [hybrid] epoch 15/30: train_loss=0.2534 val_auc=0.6485 best=0.8823 patience=8/10
    [hybrid] epoch 16/30: train_loss=0.3294 val_auc=0.5977 best=0.8823 patience=9/10
    [hybrid] epoch 17/30: train_loss=0.1910 val_auc=0.6178 best=0.8823 patience=10/10
    [hybrid] early stop at epoch 17
  [hybrid] fold 17/25: AUC=0.8823
    [hybrid] epoch 01/30: train_loss=1.3079 val_auc=0.7605 best=0.7605 patience=0/10 *
    [hybrid] epoch 02/30: train_loss=1.3088 val_auc=0.7756 best=0.7756 patience=0/10 *
    [hybrid] epoch 03/30: train_loss=1.2449 val_auc=0.7809 best=0.7809 patience=0/10 *
    [hybrid] epoch 04/30: train_loss=1.1930 val_auc=0.7701 best=0.7809 patience=1/10
    [hybrid] epoch 05/30: train_loss=1.1097 val_auc=0.7472 best=0.7809 patience=2/10
    [hybrid] epoch 06/30: train_loss=0.9087 val_auc=0.7809 best=0.7809 patience=3/10
    [hybrid] epoch 07/30: train_loss=0.7832 val_auc=0.6171 best=0.7809 patience=4/10
    [hybrid] epoch 08/30: train_loss=0.6862 val_auc=0.7427 best=0.7809 patience=5/10
    [hybrid] epoch 09/30: train_loss=0.7390 val_auc=0.7137 best=0.7809 patience=6/10
    [hybrid] epoch 10/30: train_loss=0.6286 val_auc=0.7359 best=0.7809 patience=7/10
    [hybrid] epoch 11/30: train_loss=0.5725 val_auc=0.7178 best=0.7809 patience=8/10
    [hybrid] epoch 12/30: train_loss=0.5705 val_auc=0.8740 best=0.8740 patience=0/10 *
    [hybrid] epoch 13/30: train_loss=0.6611 val_auc=0.6192 best=0.8740 patience=1/10
    [hybrid] epoch 14/30: train_loss=0.5037 val_auc=0.7072 best=0.8740 patience=2/10
    [hybrid] epoch 15/30: train_loss=0.3778 val_auc=0.6669 best=0.8740 patience=3/10
    [hybrid] epoch 16/30: train_loss=0.2945 val_auc=0.6075 best=0.8740 patience=4/10
    [hybrid] epoch 17/30: train_loss=0.1923 val_auc=0.5733 best=0.8740 patience=5/10
    [hybrid] epoch 18/30: train_loss=0.1459 val_auc=0.5510 best=0.8740 patience=6/10
    [hybrid] epoch 19/30: train_loss=0.1047 val_auc=0.5636 best=0.8740 patience=7/10
    [hybrid] epoch 20/30: train_loss=0.1616 val_auc=0.5677 best=0.8740 patience=8/10
    [hybrid] epoch 21/30: train_loss=0.0606 val_auc=0.5626 best=0.8740 patience=9/10
    [hybrid] epoch 22/30: train_loss=0.0653 val_auc=0.5684 best=0.8740 patience=10/10
    [hybrid] early stop at epoch 22
  [hybrid] fold 18/25: AUC=0.8740
    [hybrid] epoch 01/30: train_loss=1.3578 val_auc=0.8262 best=0.8262 patience=0/10 *
    [hybrid] epoch 02/30: train_loss=1.2978 val_auc=0.8289 best=0.8289 patience=0/10 *
    [hybrid] epoch 03/30: train_loss=1.2318 val_auc=0.8359 best=0.8359 patience=0/10 *
    [hybrid] epoch 04/30: train_loss=1.1431 val_auc=0.8368 best=0.8368 patience=0/10 *
    [hybrid] epoch 05/30: train_loss=1.0443 val_auc=0.8186 best=0.8368 patience=1/10
    [hybrid] epoch 06/30: train_loss=0.9630 val_auc=0.8360 best=0.8368 patience=2/10
    [hybrid] epoch 07/30: train_loss=0.8417 val_auc=0.8378 best=0.8378 patience=0/10 *
    [hybrid] epoch 08/30: train_loss=0.8648 val_auc=0.8682 best=0.8682 patience=0/10 *
    [hybrid] epoch 09/30: train_loss=1.1459 val_auc=0.5157 best=0.8682 patience=1/10
    [hybrid] epoch 10/30: train_loss=1.3081 val_auc=0.7024 best=0.8682 patience=2/10
    [hybrid] epoch 11/30: train_loss=0.8912 val_auc=0.8493 best=0.8682 patience=3/10
    [hybrid] epoch 12/30: train_loss=0.7281 val_auc=0.8486 best=0.8682 patience=4/10
    [hybrid] epoch 13/30: train_loss=0.6190 val_auc=0.8169 best=0.8682 patience=5/10
    [hybrid] epoch 14/30: train_loss=0.4337 val_auc=0.7069 best=0.8682 patience=6/10
    [hybrid] epoch 15/30: train_loss=0.3004 val_auc=0.7319 best=0.8682 patience=7/10
    [hybrid] epoch 16/30: train_loss=0.2697 val_auc=0.6330 best=0.8682 patience=8/10
    [hybrid] epoch 17/30: train_loss=0.1886 val_auc=0.6119 best=0.8682 patience=9/10
    [hybrid] epoch 18/30: train_loss=0.2280 val_auc=0.6389 best=0.8682 patience=10/10
    [hybrid] early stop at epoch 18
  [hybrid] fold 19/25: AUC=0.8682
    [hybrid] epoch 01/30: train_loss=1.2858 val_auc=0.8014 best=0.8014 patience=0/10 *
    [hybrid] epoch 02/30: train_loss=1.2482 val_auc=0.8023 best=0.8023 patience=0/10 *
    [hybrid] epoch 03/30: train_loss=1.2666 val_auc=0.8017 best=0.8023 patience=1/10
    [hybrid] epoch 04/30: train_loss=1.1192 val_auc=0.7806 best=0.8023 patience=2/10
    [hybrid] epoch 05/30: train_loss=1.0390 val_auc=0.7153 best=0.8023 patience=3/10
    [hybrid] epoch 06/30: train_loss=0.9688 val_auc=0.7505 best=0.8023 patience=4/10
    [hybrid] epoch 07/30: train_loss=0.8729 val_auc=0.7808 best=0.8023 patience=5/10
    [hybrid] epoch 08/30: train_loss=0.7514 val_auc=0.8045 best=0.8045 patience=0/10 *
    [hybrid] epoch 09/30: train_loss=0.6775 val_auc=0.8292 best=0.8292 patience=0/10 *
    [hybrid] epoch 10/30: train_loss=0.5401 val_auc=0.7662 best=0.8292 patience=1/10
    [hybrid] epoch 11/30: train_loss=0.4827 val_auc=0.6524 best=0.8292 patience=2/10
    [hybrid] epoch 12/30: train_loss=0.4521 val_auc=0.7009 best=0.8292 patience=3/10
    [hybrid] epoch 13/30: train_loss=0.3998 val_auc=0.5709 best=0.8292 patience=4/10
    [hybrid] epoch 14/30: train_loss=0.5482 val_auc=0.6763 best=0.8292 patience=5/10
    [hybrid] epoch 15/30: train_loss=0.2953 val_auc=0.6266 best=0.8292 patience=6/10
    [hybrid] epoch 16/30: train_loss=0.2517 val_auc=0.6510 best=0.8292 patience=7/10
    [hybrid] epoch 17/30: train_loss=0.1616 val_auc=0.5936 best=0.8292 patience=8/10
    [hybrid] epoch 18/30: train_loss=0.1282 val_auc=0.5729 best=0.8292 patience=9/10
    [hybrid] epoch 19/30: train_loss=0.1179 val_auc=0.6055 best=0.8292 patience=10/10
    [hybrid] early stop at epoch 19
  [hybrid] fold 20/25: AUC=0.8292
    [hybrid] epoch 01/30: train_loss=1.2622 val_auc=0.7210 best=0.7210 patience=0/10 *
    [hybrid] epoch 02/30: train_loss=1.2529 val_auc=0.7345 best=0.7345 patience=0/10 *
    [hybrid] epoch 03/30: train_loss=1.2373 val_auc=0.7341 best=0.7345 patience=1/10
    [hybrid] epoch 04/30: train_loss=1.1407 val_auc=0.7442 best=0.7442 patience=0/10 *
    [hybrid] epoch 05/30: train_loss=1.0597 val_auc=0.6800 best=0.7442 patience=1/10
    [hybrid] epoch 06/30: train_loss=0.9057 val_auc=0.6723 best=0.7442 patience=2/10
    [hybrid] epoch 07/30: train_loss=0.8014 val_auc=0.6631 best=0.7442 patience=3/10
    [hybrid] epoch 08/30: train_loss=0.6789 val_auc=0.7310 best=0.7442 patience=4/10
    [hybrid] epoch 09/30: train_loss=0.4996 val_auc=0.5769 best=0.7442 patience=5/10
    [hybrid] epoch 10/30: train_loss=0.5780 val_auc=0.7317 best=0.7442 patience=6/10
    [hybrid] epoch 11/30: train_loss=0.3809 val_auc=0.5635 best=0.7442 patience=7/10
    [hybrid] epoch 12/30: train_loss=1.1856 val_auc=0.5826 best=0.7442 patience=8/10
    [hybrid] epoch 13/30: train_loss=0.4018 val_auc=0.6341 best=0.7442 patience=9/10
    [hybrid] epoch 14/30: train_loss=0.3307 val_auc=0.6483 best=0.7442 patience=10/10
    [hybrid] early stop at epoch 14
  [hybrid] fold 21/25: AUC=0.7442
    [hybrid] epoch 01/30: train_loss=1.2956 val_auc=0.7727 best=0.7727 patience=0/10 *
    [hybrid] epoch 02/30: train_loss=1.2736 val_auc=0.7683 best=0.7727 patience=1/10
    [hybrid] epoch 03/30: train_loss=1.2379 val_auc=0.7711 best=0.7727 patience=2/10
    [hybrid] epoch 04/30: train_loss=1.2233 val_auc=0.7786 best=0.7786 patience=0/10 *
    [hybrid] epoch 05/30: train_loss=0.9987 val_auc=0.7265 best=0.7786 patience=1/10
    [hybrid] epoch 06/30: train_loss=0.8900 val_auc=0.7699 best=0.7786 patience=2/10
    [hybrid] epoch 07/30: train_loss=0.7350 val_auc=0.7541 best=0.7786 patience=3/10
    [hybrid] epoch 08/30: train_loss=0.8407 val_auc=0.8227 best=0.8227 patience=0/10 *
    [hybrid] epoch 09/30: train_loss=0.6027 val_auc=0.6395 best=0.8227 patience=1/10
    [hybrid] epoch 10/30: train_loss=1.0632 val_auc=0.7071 best=0.8227 patience=2/10
    [hybrid] epoch 11/30: train_loss=0.4276 val_auc=0.6835 best=0.8227 patience=3/10
    [hybrid] epoch 12/30: train_loss=0.4258 val_auc=0.6896 best=0.8227 patience=4/10
    [hybrid] epoch 13/30: train_loss=0.4090 val_auc=0.7107 best=0.8227 patience=5/10
    [hybrid] epoch 14/30: train_loss=0.2896 val_auc=0.6475 best=0.8227 patience=6/10
    [hybrid] epoch 15/30: train_loss=0.3457 val_auc=0.6033 best=0.8227 patience=7/10
    [hybrid] epoch 16/30: train_loss=0.2924 val_auc=0.5557 best=0.8227 patience=8/10
    [hybrid] epoch 17/30: train_loss=0.2660 val_auc=0.6776 best=0.8227 patience=9/10
    [hybrid] epoch 18/30: train_loss=0.1962 val_auc=0.5880 best=0.8227 patience=10/10
    [hybrid] early stop at epoch 18
  [hybrid] fold 22/25: AUC=0.8227
    [hybrid] epoch 01/30: train_loss=1.3321 val_auc=0.6645 best=0.6645 patience=0/10 *
    [hybrid] epoch 02/30: train_loss=1.3021 val_auc=0.7236 best=0.7236 patience=0/10 *
    [hybrid] epoch 03/30: train_loss=1.2553 val_auc=0.7452 best=0.7452 patience=0/10 *
    [hybrid] epoch 04/30: train_loss=1.1628 val_auc=0.7340 best=0.7452 patience=1/10
    [hybrid] epoch 05/30: train_loss=1.0439 val_auc=0.6793 best=0.7452 patience=2/10
    [hybrid] epoch 06/30: train_loss=0.8825 val_auc=0.7450 best=0.7452 patience=3/10
    [hybrid] epoch 07/30: train_loss=0.8663 val_auc=0.6978 best=0.7452 patience=4/10
    [hybrid] epoch 08/30: train_loss=0.7006 val_auc=0.8003 best=0.8003 patience=0/10 *
    [hybrid] epoch 09/30: train_loss=0.6223 val_auc=0.7760 best=0.8003 patience=1/10
    [hybrid] epoch 10/30: train_loss=0.5216 val_auc=0.7528 best=0.8003 patience=2/10
    [hybrid] epoch 11/30: train_loss=0.4850 val_auc=0.5652 best=0.8003 patience=3/10
    [hybrid] epoch 12/30: train_loss=0.7828 val_auc=0.6171 best=0.8003 patience=4/10
    [hybrid] epoch 13/30: train_loss=0.3990 val_auc=0.5536 best=0.8003 patience=5/10
    [hybrid] epoch 14/30: train_loss=0.4461 val_auc=0.6137 best=0.8003 patience=6/10
    [hybrid] epoch 15/30: train_loss=0.2339 val_auc=0.6065 best=0.8003 patience=7/10
    [hybrid] epoch 16/30: train_loss=0.2102 val_auc=0.5045 best=0.8003 patience=8/10
    [hybrid] epoch 17/30: train_loss=0.2054 val_auc=0.5271 best=0.8003 patience=9/10
    [hybrid] epoch 18/30: train_loss=0.1278 val_auc=0.4596 best=0.8003 patience=10/10
    [hybrid] early stop at epoch 18
  [hybrid] fold 23/25: AUC=0.8003
    [hybrid] epoch 01/30: train_loss=1.2955 val_auc=0.8487 best=0.8487 patience=0/10 *
    [hybrid] epoch 02/30: train_loss=1.2791 val_auc=0.8582 best=0.8582 patience=0/10 *
    [hybrid] epoch 03/30: train_loss=1.2394 val_auc=0.8631 best=0.8631 patience=0/10 *
    [hybrid] epoch 04/30: train_loss=1.1763 val_auc=0.8632 best=0.8632 patience=0/10 *
    [hybrid] epoch 05/30: train_loss=1.0512 val_auc=0.8060 best=0.8632 patience=1/10
    [hybrid] epoch 06/30: train_loss=0.9183 val_auc=0.8699 best=0.8699 patience=0/10 *
    [hybrid] epoch 07/30: train_loss=0.8188 val_auc=0.7812 best=0.8699 patience=1/10
    [hybrid] epoch 08/30: train_loss=0.6945 val_auc=0.7874 best=0.8699 patience=2/10
    [hybrid] epoch 09/30: train_loss=0.6719 val_auc=0.8149 best=0.8699 patience=3/10
    [hybrid] epoch 10/30: train_loss=0.5523 val_auc=0.7682 best=0.8699 patience=4/10
    [hybrid] epoch 11/30: train_loss=0.5035 val_auc=0.7478 best=0.8699 patience=5/10
    [hybrid] epoch 12/30: train_loss=0.5407 val_auc=0.8423 best=0.8699 patience=6/10
    [hybrid] epoch 13/30: train_loss=0.4361 val_auc=0.6696 best=0.8699 patience=7/10
    [hybrid] epoch 14/30: train_loss=0.3169 val_auc=0.6572 best=0.8699 patience=8/10
    [hybrid] epoch 15/30: train_loss=0.5996 val_auc=0.6950 best=0.8699 patience=9/10
    [hybrid] epoch 16/30: train_loss=0.2601 val_auc=0.7181 best=0.8699 patience=10/10
    [hybrid] early stop at epoch 16
  [hybrid] fold 24/25: AUC=0.8699
    [hybrid] epoch 01/30: train_loss=1.3103 val_auc=0.7873 best=0.7873 patience=0/10 *
    [hybrid] epoch 02/30: train_loss=1.3016 val_auc=0.8128 best=0.8128 patience=0/10 *
    [hybrid] epoch 03/30: train_loss=1.3093 val_auc=0.8233 best=0.8233 patience=0/10 *
    [hybrid] epoch 04/30: train_loss=1.2152 val_auc=0.8420 best=0.8420 patience=0/10 *
    [hybrid] epoch 05/30: train_loss=1.0764 val_auc=0.8119 best=0.8420 patience=1/10
    [hybrid] epoch 06/30: train_loss=1.0299 val_auc=0.8796 best=0.8796 patience=0/10 *
    [hybrid] epoch 07/30: train_loss=0.8327 val_auc=0.8696 best=0.8796 patience=1/10
    [hybrid] epoch 08/30: train_loss=0.6939 val_auc=0.9178 best=0.9178 patience=0/10 *
    [hybrid] epoch 09/30: train_loss=0.5794 val_auc=0.8048 best=0.9178 patience=1/10
    [hybrid] epoch 10/30: train_loss=0.5941 val_auc=0.8855 best=0.9178 patience=2/10
    [hybrid] epoch 11/30: train_loss=0.4597 val_auc=0.7639 best=0.9178 patience=3/10
    [hybrid] epoch 12/30: train_loss=0.6365 val_auc=0.8435 best=0.9178 patience=4/10
    [hybrid] epoch 13/30: train_loss=0.5456 val_auc=0.8416 best=0.9178 patience=5/10
    [hybrid] epoch 14/30: train_loss=0.3969 val_auc=0.7479 best=0.9178 patience=6/10
    [hybrid] epoch 15/30: train_loss=0.3037 val_auc=0.7429 best=0.9178 patience=7/10
    [hybrid] epoch 16/30: train_loss=0.3504 val_auc=0.6876 best=0.9178 patience=8/10
    [hybrid] epoch 17/30: train_loss=0.2657 val_auc=0.6666 best=0.9178 patience=9/10
    [hybrid] epoch 18/30: train_loss=0.2173 val_auc=0.7110 best=0.9178 patience=10/10
    [hybrid] early stop at epoch 18
  [hybrid] fold 25/25: AUC=0.9178
hybrid: mean=0.8486, std=0.0477, q25=0.8200, q10=0.7919 over 25 folds
