
== cv gnn ==
  out:   ./runs/sweep/gnn_base
  cv     n_splits=5 n_repeats=5 quick=False
  model  seed=42 device=cuda epochs=30 lr=0.001 weight_decay=0.0001 early_stop_patience=10 hidden=128 dropout=0.3
  data   data_dir=./data/facebook-recruiting-iv-human-or-bot runs_dir=./runs cache_dir=./runs/cache

    [gnn] epoch 01/30: train_loss=1.3110 val_auc=0.7128 best=0.7128 patience=0/10 *
    [gnn] epoch 02/30: train_loss=1.2806 val_auc=0.7467 best=0.7467 patience=0/10 *
    [gnn] epoch 03/30: train_loss=1.2386 val_auc=0.7612 best=0.7612 patience=0/10 *
    [gnn] epoch 04/30: train_loss=1.2322 val_auc=0.7660 best=0.7660 patience=0/10 *
    [gnn] epoch 05/30: train_loss=1.1647 val_auc=0.7627 best=0.7660 patience=1/10
    [gnn] epoch 06/30: train_loss=1.1488 val_auc=0.7744 best=0.7744 patience=0/10 *
    [gnn] epoch 07/30: train_loss=1.1104 val_auc=0.7807 best=0.7807 patience=0/10 *
    [gnn] epoch 08/30: train_loss=1.0341 val_auc=0.7818 best=0.7818 patience=0/10 *
    [gnn] epoch 09/30: train_loss=1.0043 val_auc=0.7841 best=0.7841 patience=0/10 *
    [gnn] epoch 10/30: train_loss=0.9715 val_auc=0.7873 best=0.7873 patience=0/10 *
    [gnn] epoch 11/30: train_loss=0.9185 val_auc=0.7886 best=0.7886 patience=0/10 *
    [gnn] epoch 12/30: train_loss=0.9042 val_auc=0.7875 best=0.7886 patience=1/10
    [gnn] epoch 13/30: train_loss=0.8537 val_auc=0.7912 best=0.7912 patience=0/10 *
    [gnn] epoch 14/30: train_loss=0.8011 val_auc=0.7937 best=0.7937 patience=0/10 *
    [gnn] epoch 15/30: train_loss=0.8116 val_auc=0.7961 best=0.7961 patience=0/10 *
    [gnn] epoch 16/30: train_loss=0.7481 val_auc=0.7912 best=0.7961 patience=1/10
    [gnn] epoch 17/30: train_loss=0.7798 val_auc=0.7918 best=0.7961 patience=2/10
    [gnn] epoch 18/30: train_loss=0.7712 val_auc=0.7971 best=0.7971 patience=0/10 *
    [gnn] epoch 19/30: train_loss=0.7038 val_auc=0.8022 best=0.8022 patience=0/10 *
    [gnn] epoch 20/30: train_loss=0.7429 val_auc=0.8035 best=0.8035 patience=0/10 *
    [gnn] epoch 21/30: train_loss=0.7889 val_auc=0.8052 best=0.8052 patience=0/10 *
    [gnn] epoch 22/30: train_loss=0.6806 val_auc=0.8029 best=0.8052 patience=1/10
    [gnn] epoch 23/30: train_loss=0.5476 val_auc=0.8037 best=0.8052 patience=2/10
    [gnn] epoch 24/30: train_loss=0.5598 val_auc=0.8039 best=0.8052 patience=3/10
    [gnn] epoch 25/30: train_loss=0.5029 val_auc=0.8055 best=0.8055 patience=0/10 *
    [gnn] epoch 26/30: train_loss=0.5296 val_auc=0.8059 best=0.8059 patience=0/10 *
    [gnn] epoch 27/30: train_loss=0.4807 val_auc=0.8047 best=0.8059 patience=1/10
    [gnn] epoch 28/30: train_loss=0.4306 val_auc=0.8039 best=0.8059 patience=2/10
    [gnn] epoch 29/30: train_loss=0.4654 val_auc=0.8052 best=0.8059 patience=3/10
    [gnn] epoch 30/30: train_loss=0.4330 val_auc=0.8085 best=0.8085 patience=0/10 *
  [gnn] fold 1/25: AUC=0.8085
    [gnn] epoch 01/30: train_loss=1.3146 val_auc=0.7229 best=0.7229 patience=0/10 *
    [gnn] epoch 02/30: train_loss=1.2802 val_auc=0.7489 best=0.7489 patience=0/10 *
    [gnn] epoch 03/30: train_loss=1.2384 val_auc=0.7625 best=0.7625 patience=0/10 *
    [gnn] epoch 04/30: train_loss=1.2109 val_auc=0.7765 best=0.7765 patience=0/10 *
    [gnn] epoch 05/30: train_loss=1.1692 val_auc=0.7868 best=0.7868 patience=0/10 *
    [gnn] epoch 06/30: train_loss=1.1290 val_auc=0.7977 best=0.7977 patience=0/10 *
    [gnn] epoch 07/30: train_loss=1.0879 val_auc=0.7997 best=0.7997 patience=0/10 *
    [gnn] epoch 08/30: train_loss=1.0254 val_auc=0.7977 best=0.7997 patience=1/10
    [gnn] epoch 09/30: train_loss=1.0148 val_auc=0.8053 best=0.8053 patience=0/10 *
    [gnn] epoch 10/30: train_loss=0.9492 val_auc=0.8144 best=0.8144 patience=0/10 *
    [gnn] epoch 11/30: train_loss=0.9147 val_auc=0.8165 best=0.8165 patience=0/10 *
    [gnn] epoch 12/30: train_loss=0.8439 val_auc=0.8260 best=0.8260 patience=0/10 *
    [gnn] epoch 13/30: train_loss=0.8296 val_auc=0.8347 best=0.8347 patience=0/10 *
    [gnn] epoch 14/30: train_loss=0.7943 val_auc=0.8397 best=0.8397 patience=0/10 *
    [gnn] epoch 15/30: train_loss=0.7588 val_auc=0.8437 best=0.8437 patience=0/10 *
    [gnn] epoch 16/30: train_loss=0.7295 val_auc=0.8498 best=0.8498 patience=0/10 *
    [gnn] epoch 17/30: train_loss=0.6751 val_auc=0.8556 best=0.8556 patience=0/10 *
    [gnn] epoch 18/30: train_loss=0.6634 val_auc=0.8586 best=0.8586 patience=0/10 *
    [gnn] epoch 19/30: train_loss=0.6178 val_auc=0.8606 best=0.8606 patience=0/10 *
    [gnn] epoch 20/30: train_loss=0.6057 val_auc=0.8613 best=0.8613 patience=0/10 *
    [gnn] epoch 21/30: train_loss=0.5412 val_auc=0.8626 best=0.8626 patience=0/10 *
    [gnn] epoch 22/30: train_loss=0.4808 val_auc=0.8667 best=0.8667 patience=0/10 *
    [gnn] epoch 23/30: train_loss=0.4574 val_auc=0.8661 best=0.8667 patience=1/10
    [gnn] epoch 24/30: train_loss=0.4638 val_auc=0.8655 best=0.8667 patience=2/10
    [gnn] epoch 25/30: train_loss=0.4242 val_auc=0.8646 best=0.8667 patience=3/10
    [gnn] epoch 26/30: train_loss=0.4354 val_auc=0.8641 best=0.8667 patience=4/10
    [gnn] epoch 27/30: train_loss=0.4580 val_auc=0.8595 best=0.8667 patience=5/10
    [gnn] epoch 28/30: train_loss=0.3539 val_auc=0.8568 best=0.8667 patience=6/10
    [gnn] epoch 29/30: train_loss=0.3357 val_auc=0.8578 best=0.8667 patience=7/10
    [gnn] epoch 30/30: train_loss=0.3448 val_auc=0.8555 best=0.8667 patience=8/10
  [gnn] fold 2/25: AUC=0.8667
    [gnn] epoch 01/30: train_loss=1.3144 val_auc=0.6540 best=0.6540 patience=0/10 *
    [gnn] epoch 02/30: train_loss=1.2913 val_auc=0.6981 best=0.6981 patience=0/10 *
    [gnn] epoch 03/30: train_loss=1.2648 val_auc=0.7059 best=0.7059 patience=0/10 *
    [gnn] epoch 04/30: train_loss=1.2278 val_auc=0.7279 best=0.7279 patience=0/10 *
    [gnn] epoch 05/30: train_loss=1.2000 val_auc=0.7507 best=0.7507 patience=0/10 *
    [gnn] epoch 06/30: train_loss=1.1590 val_auc=0.7624 best=0.7624 patience=0/10 *
    [gnn] epoch 07/30: train_loss=1.1261 val_auc=0.7737 best=0.7737 patience=0/10 *
    [gnn] epoch 08/30: train_loss=1.0864 val_auc=0.7831 best=0.7831 patience=0/10 *
    [gnn] epoch 09/30: train_loss=1.0044 val_auc=0.7870 best=0.7870 patience=0/10 *
    [gnn] epoch 10/30: train_loss=0.9883 val_auc=0.7909 best=0.7909 patience=0/10 *
    [gnn] epoch 11/30: train_loss=0.9344 val_auc=0.7968 best=0.7968 patience=0/10 *
    [gnn] epoch 12/30: train_loss=0.8885 val_auc=0.8037 best=0.8037 patience=0/10 *
    [gnn] epoch 13/30: train_loss=0.8081 val_auc=0.8079 best=0.8079 patience=0/10 *
    [gnn] epoch 14/30: train_loss=0.7967 val_auc=0.8133 best=0.8133 patience=0/10 *
    [gnn] epoch 15/30: train_loss=0.7607 val_auc=0.8175 best=0.8175 patience=0/10 *
    [gnn] epoch 16/30: train_loss=0.7171 val_auc=0.8181 best=0.8181 patience=0/10 *
    [gnn] epoch 17/30: train_loss=0.7411 val_auc=0.8216 best=0.8216 patience=0/10 *
    [gnn] epoch 18/30: train_loss=0.6596 val_auc=0.8204 best=0.8216 patience=1/10
    [gnn] epoch 19/30: train_loss=0.6274 val_auc=0.8194 best=0.8216 patience=2/10
    [gnn] epoch 20/30: train_loss=0.5668 val_auc=0.8205 best=0.8216 patience=3/10
    [gnn] epoch 21/30: train_loss=0.5832 val_auc=0.8185 best=0.8216 patience=4/10
    [gnn] epoch 22/30: train_loss=0.5534 val_auc=0.8186 best=0.8216 patience=5/10
    [gnn] epoch 23/30: train_loss=0.4915 val_auc=0.8224 best=0.8224 patience=0/10 *
    [gnn] epoch 24/30: train_loss=0.5481 val_auc=0.8234 best=0.8234 patience=0/10 *
    [gnn] epoch 25/30: train_loss=0.4871 val_auc=0.8240 best=0.8240 patience=0/10 *
    [gnn] epoch 26/30: train_loss=0.4518 val_auc=0.8276 best=0.8276 patience=0/10 *
    [gnn] epoch 27/30: train_loss=0.4654 val_auc=0.8311 best=0.8311 patience=0/10 *
    [gnn] epoch 28/30: train_loss=0.3952 val_auc=0.8326 best=0.8326 patience=0/10 *
    [gnn] epoch 29/30: train_loss=0.3356 val_auc=0.8317 best=0.8326 patience=1/10
    [gnn] epoch 30/30: train_loss=0.4272 val_auc=0.8327 best=0.8327 patience=0/10 *
  [gnn] fold 3/25: AUC=0.8327
    [gnn] epoch 01/30: train_loss=1.3091 val_auc=0.6885 best=0.6885 patience=0/10 *
    [gnn] epoch 02/30: train_loss=1.2746 val_auc=0.7056 best=0.7056 patience=0/10 *
    [gnn] epoch 03/30: train_loss=1.2503 val_auc=0.7314 best=0.7314 patience=0/10 *
    [gnn] epoch 04/30: train_loss=1.2112 val_auc=0.7490 best=0.7490 patience=0/10 *
    [gnn] epoch 05/30: train_loss=1.1571 val_auc=0.7497 best=0.7497 patience=0/10 *
    [gnn] epoch 06/30: train_loss=1.1170 val_auc=0.7537 best=0.7537 patience=0/10 *
    [gnn] epoch 07/30: train_loss=1.0690 val_auc=0.7537 best=0.7537 patience=1/10
    [gnn] epoch 08/30: train_loss=1.0209 val_auc=0.7556 best=0.7556 patience=0/10 *
    [gnn] epoch 09/30: train_loss=0.9769 val_auc=0.7619 best=0.7619 patience=0/10 *
    [gnn] epoch 10/30: train_loss=0.9721 val_auc=0.7648 best=0.7648 patience=0/10 *
    [gnn] epoch 11/30: train_loss=0.8929 val_auc=0.7694 best=0.7694 patience=0/10 *
    [gnn] epoch 12/30: train_loss=0.8709 val_auc=0.7703 best=0.7703 patience=0/10 *
    [gnn] epoch 13/30: train_loss=0.8133 val_auc=0.7716 best=0.7716 patience=0/10 *
    [gnn] epoch 14/30: train_loss=0.7860 val_auc=0.7780 best=0.7780 patience=0/10 *
    [gnn] epoch 15/30: train_loss=0.7420 val_auc=0.7788 best=0.7788 patience=0/10 *
    [gnn] epoch 16/30: train_loss=0.6839 val_auc=0.7821 best=0.7821 patience=0/10 *
    [gnn] epoch 17/30: train_loss=0.6539 val_auc=0.7851 best=0.7851 patience=0/10 *
    [gnn] epoch 18/30: train_loss=0.6470 val_auc=0.7906 best=0.7906 patience=0/10 *
    [gnn] epoch 19/30: train_loss=0.5987 val_auc=0.7890 best=0.7906 patience=1/10
    [gnn] epoch 20/30: train_loss=0.5714 val_auc=0.7942 best=0.7942 patience=0/10 *
    [gnn] epoch 21/30: train_loss=0.5406 val_auc=0.7889 best=0.7942 patience=1/10
    [gnn] epoch 22/30: train_loss=0.5384 val_auc=0.7838 best=0.7942 patience=2/10
    [gnn] epoch 23/30: train_loss=0.4739 val_auc=0.7814 best=0.7942 patience=3/10
    [gnn] epoch 24/30: train_loss=0.4551 val_auc=0.7800 best=0.7942 patience=4/10
    [gnn] epoch 25/30: train_loss=0.4508 val_auc=0.7783 best=0.7942 patience=5/10
    [gnn] epoch 26/30: train_loss=0.3984 val_auc=0.7783 best=0.7942 patience=6/10
    [gnn] epoch 27/30: train_loss=0.3732 val_auc=0.7785 best=0.7942 patience=7/10
    [gnn] epoch 28/30: train_loss=0.3575 val_auc=0.7789 best=0.7942 patience=8/10
    [gnn] epoch 29/30: train_loss=0.3283 val_auc=0.7779 best=0.7942 patience=9/10
    [gnn] epoch 30/30: train_loss=0.2950 val_auc=0.7783 best=0.7942 patience=10/10
    [gnn] early stop at epoch 30
  [gnn] fold 4/25: AUC=0.7942
    [gnn] epoch 01/30: train_loss=1.3270 val_auc=0.7462 best=0.7462 patience=0/10 *
    [gnn] epoch 02/30: train_loss=1.2858 val_auc=0.7438 best=0.7462 patience=1/10
    [gnn] epoch 03/30: train_loss=1.2639 val_auc=0.7546 best=0.7546 patience=0/10 *
    [gnn] epoch 04/30: train_loss=1.2208 val_auc=0.7641 best=0.7641 patience=0/10 *
    [gnn] epoch 05/30: train_loss=1.1966 val_auc=0.7605 best=0.7641 patience=1/10
    [gnn] epoch 06/30: train_loss=1.1593 val_auc=0.7728 best=0.7728 patience=0/10 *
    [gnn] epoch 07/30: train_loss=1.1337 val_auc=0.7897 best=0.7897 patience=0/10 *
    [gnn] epoch 08/30: train_loss=1.0985 val_auc=0.8018 best=0.8018 patience=0/10 *
    [gnn] epoch 09/30: train_loss=1.0767 val_auc=0.8030 best=0.8030 patience=0/10 *
    [gnn] epoch 10/30: train_loss=0.9671 val_auc=0.7970 best=0.8030 patience=1/10
    [gnn] epoch 11/30: train_loss=0.9854 val_auc=0.8033 best=0.8033 patience=0/10 *
    [gnn] epoch 12/30: train_loss=0.8850 val_auc=0.8064 best=0.8064 patience=0/10 *
    [gnn] epoch 13/30: train_loss=0.8489 val_auc=0.8039 best=0.8064 patience=1/10
    [gnn] epoch 14/30: train_loss=0.8542 val_auc=0.8082 best=0.8082 patience=0/10 *
    [gnn] epoch 15/30: train_loss=0.7941 val_auc=0.8058 best=0.8082 patience=1/10
    [gnn] epoch 16/30: train_loss=0.7431 val_auc=0.8055 best=0.8082 patience=2/10
    [gnn] epoch 17/30: train_loss=0.6739 val_auc=0.8081 best=0.8082 patience=3/10
    [gnn] epoch 18/30: train_loss=0.6631 val_auc=0.8062 best=0.8082 patience=4/10
    [gnn] epoch 19/30: train_loss=0.6294 val_auc=0.8082 best=0.8082 patience=5/10
    [gnn] epoch 20/30: train_loss=0.6104 val_auc=0.8084 best=0.8084 patience=0/10 *
    [gnn] epoch 21/30: train_loss=0.5670 val_auc=0.8154 best=0.8154 patience=0/10 *
    [gnn] epoch 22/30: train_loss=0.5379 val_auc=0.8164 best=0.8164 patience=0/10 *
    [gnn] epoch 23/30: train_loss=0.4831 val_auc=0.8169 best=0.8169 patience=0/10 *
    [gnn] epoch 24/30: train_loss=0.4721 val_auc=0.8170 best=0.8170 patience=0/10 *
    [gnn] epoch 25/30: train_loss=0.4342 val_auc=0.8191 best=0.8191 patience=0/10 *
    [gnn] epoch 26/30: train_loss=0.3964 val_auc=0.8211 best=0.8211 patience=0/10 *
    [gnn] epoch 27/30: train_loss=0.3965 val_auc=0.8200 best=0.8211 patience=1/10
    [gnn] epoch 28/30: train_loss=0.4087 val_auc=0.8207 best=0.8211 patience=2/10
    [gnn] epoch 29/30: train_loss=0.3716 val_auc=0.8191 best=0.8211 patience=3/10
    [gnn] epoch 30/30: train_loss=0.3134 val_auc=0.8161 best=0.8211 patience=4/10
  [gnn] fold 5/25: AUC=0.8211
    [gnn] epoch 01/30: train_loss=1.3110 val_auc=0.5936 best=0.5936 patience=0/10 *
    [gnn] epoch 02/30: train_loss=1.2689 val_auc=0.6264 best=0.6264 patience=0/10 *
    [gnn] epoch 03/30: train_loss=1.2534 val_auc=0.6404 best=0.6404 patience=0/10 *
    [gnn] epoch 04/30: train_loss=1.2030 val_auc=0.6424 best=0.6424 patience=0/10 *
    [gnn] epoch 05/30: train_loss=1.1660 val_auc=0.6619 best=0.6619 patience=0/10 *
    [gnn] epoch 06/30: train_loss=1.1364 val_auc=0.6861 best=0.6861 patience=0/10 *
    [gnn] epoch 07/30: train_loss=1.0844 val_auc=0.7184 best=0.7184 patience=0/10 *
    [gnn] epoch 08/30: train_loss=1.0563 val_auc=0.7250 best=0.7250 patience=0/10 *
    [gnn] epoch 09/30: train_loss=1.0088 val_auc=0.7317 best=0.7317 patience=0/10 *
    [gnn] epoch 10/30: train_loss=0.9584 val_auc=0.7362 best=0.7362 patience=0/10 *
    [gnn] epoch 11/30: train_loss=0.9247 val_auc=0.7356 best=0.7362 patience=1/10
    [gnn] epoch 12/30: train_loss=0.9046 val_auc=0.7400 best=0.7400 patience=0/10 *
    [gnn] epoch 13/30: train_loss=0.8397 val_auc=0.7431 best=0.7431 patience=0/10 *
    [gnn] epoch 14/30: train_loss=0.8074 val_auc=0.7450 best=0.7450 patience=0/10 *
    [gnn] epoch 15/30: train_loss=0.8044 val_auc=0.7476 best=0.7476 patience=0/10 *
    [gnn] epoch 16/30: train_loss=0.7347 val_auc=0.7494 best=0.7494 patience=0/10 *
    [gnn] epoch 17/30: train_loss=0.7189 val_auc=0.7496 best=0.7496 patience=0/10 *
    [gnn] epoch 18/30: train_loss=0.6671 val_auc=0.7473 best=0.7496 patience=1/10
    [gnn] epoch 19/30: train_loss=0.6329 val_auc=0.7477 best=0.7496 patience=2/10
    [gnn] epoch 20/30: train_loss=0.5903 val_auc=0.7489 best=0.7496 patience=3/10
    [gnn] epoch 21/30: train_loss=0.5992 val_auc=0.7467 best=0.7496 patience=4/10
    [gnn] epoch 22/30: train_loss=0.5585 val_auc=0.7471 best=0.7496 patience=5/10
    [gnn] epoch 23/30: train_loss=0.5627 val_auc=0.7472 best=0.7496 patience=6/10
    [gnn] epoch 24/30: train_loss=0.5377 val_auc=0.7517 best=0.7517 patience=0/10 *
    [gnn] epoch 25/30: train_loss=0.4516 val_auc=0.7519 best=0.7519 patience=0/10 *
    [gnn] epoch 26/30: train_loss=0.4643 val_auc=0.7504 best=0.7519 patience=1/10
    [gnn] epoch 27/30: train_loss=0.4382 val_auc=0.7489 best=0.7519 patience=2/10
    [gnn] epoch 28/30: train_loss=0.4032 val_auc=0.7478 best=0.7519 patience=3/10
    [gnn] epoch 29/30: train_loss=0.3983 val_auc=0.7468 best=0.7519 patience=4/10
    [gnn] epoch 30/30: train_loss=0.3315 val_auc=0.7478 best=0.7519 patience=5/10
  [gnn] fold 6/25: AUC=0.7519
    [gnn] epoch 01/30: train_loss=1.3158 val_auc=0.6708 best=0.6708 patience=0/10 *
    [gnn] epoch 02/30: train_loss=1.2833 val_auc=0.7155 best=0.7155 patience=0/10 *
    [gnn] epoch 03/30: train_loss=1.2593 val_auc=0.7345 best=0.7345 patience=0/10 *
    [gnn] epoch 04/30: train_loss=1.2353 val_auc=0.7431 best=0.7431 patience=0/10 *
    [gnn] epoch 05/30: train_loss=1.1909 val_auc=0.7494 best=0.7494 patience=0/10 *
    [gnn] epoch 06/30: train_loss=1.1574 val_auc=0.7488 best=0.7494 patience=1/10
    [gnn] epoch 07/30: train_loss=1.1234 val_auc=0.7548 best=0.7548 patience=0/10 *
    [gnn] epoch 08/30: train_loss=1.0902 val_auc=0.7660 best=0.7660 patience=0/10 *
    [gnn] epoch 09/30: train_loss=1.0465 val_auc=0.7776 best=0.7776 patience=0/10 *
    [gnn] epoch 10/30: train_loss=1.0041 val_auc=0.7825 best=0.7825 patience=0/10 *
    [gnn] epoch 11/30: train_loss=0.9223 val_auc=0.7828 best=0.7828 patience=0/10 *
    [gnn] epoch 12/30: train_loss=0.8979 val_auc=0.7850 best=0.7850 patience=0/10 *
    [gnn] epoch 13/30: train_loss=0.8690 val_auc=0.7807 best=0.7850 patience=1/10
    [gnn] epoch 14/30: train_loss=0.8467 val_auc=0.7811 best=0.7850 patience=2/10
    [gnn] epoch 15/30: train_loss=0.7842 val_auc=0.7784 best=0.7850 patience=3/10
    [gnn] epoch 16/30: train_loss=0.7625 val_auc=0.7805 best=0.7850 patience=4/10
    [gnn] epoch 17/30: train_loss=0.7157 val_auc=0.7797 best=0.7850 patience=5/10
    [gnn] epoch 18/30: train_loss=0.6822 val_auc=0.7840 best=0.7850 patience=6/10
    [gnn] epoch 19/30: train_loss=0.6274 val_auc=0.7870 best=0.7870 patience=0/10 *
    [gnn] epoch 20/30: train_loss=0.5731 val_auc=0.7892 best=0.7892 patience=0/10 *
    [gnn] epoch 21/30: train_loss=0.5459 val_auc=0.7883 best=0.7892 patience=1/10
    [gnn] epoch 22/30: train_loss=0.5024 val_auc=0.7881 best=0.7892 patience=2/10
    [gnn] epoch 23/30: train_loss=0.4773 val_auc=0.7852 best=0.7892 patience=3/10
    [gnn] epoch 24/30: train_loss=0.4395 val_auc=0.7867 best=0.7892 patience=4/10
    [gnn] epoch 25/30: train_loss=0.4125 val_auc=0.7865 best=0.7892 patience=5/10
    [gnn] epoch 26/30: train_loss=0.3947 val_auc=0.7914 best=0.7914 patience=0/10 *
    [gnn] epoch 27/30: train_loss=0.3227 val_auc=0.7909 best=0.7914 patience=1/10
    [gnn] epoch 28/30: train_loss=0.3323 val_auc=0.7936 best=0.7936 patience=0/10 *
    [gnn] epoch 29/30: train_loss=0.2898 val_auc=0.7952 best=0.7952 patience=0/10 *
    [gnn] epoch 30/30: train_loss=0.2801 val_auc=0.7933 best=0.7952 patience=1/10
  [gnn] fold 7/25: AUC=0.7952
    [gnn] epoch 01/30: train_loss=1.3325 val_auc=0.6214 best=0.6214 patience=0/10 *
    [gnn] epoch 02/30: train_loss=1.2995 val_auc=0.6267 best=0.6267 patience=0/10 *
    [gnn] epoch 03/30: train_loss=1.2786 val_auc=0.6598 best=0.6598 patience=0/10 *
    [gnn] epoch 04/30: train_loss=1.2502 val_auc=0.7066 best=0.7066 patience=0/10 *
    [gnn] epoch 05/30: train_loss=1.2254 val_auc=0.7270 best=0.7270 patience=0/10 *
    [gnn] epoch 06/30: train_loss=1.2042 val_auc=0.7427 best=0.7427 patience=0/10 *
    [gnn] epoch 07/30: train_loss=1.1642 val_auc=0.7496 best=0.7496 patience=0/10 *
    [gnn] epoch 08/30: train_loss=1.1393 val_auc=0.7615 best=0.7615 patience=0/10 *
    [gnn] epoch 09/30: train_loss=1.1018 val_auc=0.7727 best=0.7727 patience=0/10 *
    [gnn] epoch 10/30: train_loss=1.0440 val_auc=0.7718 best=0.7727 patience=1/10
    [gnn] epoch 11/30: train_loss=1.0223 val_auc=0.7790 best=0.7790 patience=0/10 *
    [gnn] epoch 12/30: train_loss=0.9541 val_auc=0.7787 best=0.7790 patience=1/10
    [gnn] epoch 13/30: train_loss=0.9499 val_auc=0.7848 best=0.7848 patience=0/10 *
    [gnn] epoch 14/30: train_loss=0.9157 val_auc=0.7902 best=0.7902 patience=0/10 *
    [gnn] epoch 15/30: train_loss=0.8959 val_auc=0.7937 best=0.7937 patience=0/10 *
    [gnn] epoch 16/30: train_loss=0.8691 val_auc=0.7971 best=0.7971 patience=0/10 *
    [gnn] epoch 17/30: train_loss=0.7991 val_auc=0.8020 best=0.8020 patience=0/10 *
    [gnn] epoch 18/30: train_loss=0.8066 val_auc=0.8073 best=0.8073 patience=0/10 *
    [gnn] epoch 19/30: train_loss=0.7083 val_auc=0.8111 best=0.8111 patience=0/10 *
    [gnn] epoch 20/30: train_loss=0.6738 val_auc=0.8115 best=0.8115 patience=0/10 *
    [gnn] epoch 21/30: train_loss=0.7049 val_auc=0.8156 best=0.8156 patience=0/10 *
    [gnn] epoch 22/30: train_loss=0.6408 val_auc=0.8191 best=0.8191 patience=0/10 *
    [gnn] epoch 23/30: train_loss=0.6230 val_auc=0.8206 best=0.8206 patience=0/10 *
    [gnn] epoch 24/30: train_loss=0.5963 val_auc=0.8220 best=0.8220 patience=0/10 *
    [gnn] epoch 25/30: train_loss=0.5586 val_auc=0.8237 best=0.8237 patience=0/10 *
    [gnn] epoch 26/30: train_loss=0.5312 val_auc=0.8225 best=0.8237 patience=1/10
    [gnn] epoch 27/30: train_loss=0.4794 val_auc=0.8217 best=0.8237 patience=2/10
    [gnn] epoch 28/30: train_loss=0.4512 val_auc=0.8187 best=0.8237 patience=3/10
    [gnn] epoch 29/30: train_loss=0.4377 val_auc=0.8171 best=0.8237 patience=4/10
    [gnn] epoch 30/30: train_loss=0.4157 val_auc=0.8143 best=0.8237 patience=5/10
  [gnn] fold 8/25: AUC=0.8237
    [gnn] epoch 01/30: train_loss=1.3304 val_auc=0.6946 best=0.6946 patience=0/10 *
    [gnn] epoch 02/30: train_loss=1.2838 val_auc=0.7645 best=0.7645 patience=0/10 *
    [gnn] epoch 03/30: train_loss=1.2582 val_auc=0.7791 best=0.7791 patience=0/10 *
    [gnn] epoch 04/30: train_loss=1.2371 val_auc=0.7893 best=0.7893 patience=0/10 *
    [gnn] epoch 05/30: train_loss=1.1925 val_auc=0.7907 best=0.7907 patience=0/10 *
    [gnn] epoch 06/30: train_loss=1.1752 val_auc=0.7963 best=0.7963 patience=0/10 *
    [gnn] epoch 07/30: train_loss=1.1515 val_auc=0.7902 best=0.7963 patience=1/10
    [gnn] epoch 08/30: train_loss=1.0826 val_auc=0.7936 best=0.7963 patience=2/10
    [gnn] epoch 09/30: train_loss=1.0521 val_auc=0.8051 best=0.8051 patience=0/10 *
    [gnn] epoch 10/30: train_loss=1.0209 val_auc=0.8052 best=0.8052 patience=0/10 *
    [gnn] epoch 11/30: train_loss=0.9448 val_auc=0.8079 best=0.8079 patience=0/10 *
    [gnn] epoch 12/30: train_loss=0.9367 val_auc=0.8144 best=0.8144 patience=0/10 *
    [gnn] epoch 13/30: train_loss=0.8972 val_auc=0.8224 best=0.8224 patience=0/10 *
    [gnn] epoch 14/30: train_loss=0.8713 val_auc=0.8272 best=0.8272 patience=0/10 *
    [gnn] epoch 15/30: train_loss=0.8467 val_auc=0.8255 best=0.8272 patience=1/10
    [gnn] epoch 16/30: train_loss=0.8532 val_auc=0.8277 best=0.8277 patience=0/10 *
    [gnn] epoch 17/30: train_loss=0.8362 val_auc=0.8340 best=0.8340 patience=0/10 *
    [gnn] epoch 18/30: train_loss=0.7505 val_auc=0.8382 best=0.8382 patience=0/10 *
    [gnn] epoch 19/30: train_loss=0.7747 val_auc=0.8399 best=0.8399 patience=0/10 *
    [gnn] epoch 20/30: train_loss=0.7283 val_auc=0.8380 best=0.8399 patience=1/10
    [gnn] epoch 21/30: train_loss=0.6634 val_auc=0.8390 best=0.8399 patience=2/10
    [gnn] epoch 22/30: train_loss=0.6560 val_auc=0.8435 best=0.8435 patience=0/10 *
    [gnn] epoch 23/30: train_loss=0.6009 val_auc=0.8432 best=0.8435 patience=1/10
    [gnn] epoch 24/30: train_loss=0.5537 val_auc=0.8387 best=0.8435 patience=2/10
    [gnn] epoch 25/30: train_loss=0.5728 val_auc=0.8414 best=0.8435 patience=3/10
    [gnn] epoch 26/30: train_loss=0.6208 val_auc=0.8445 best=0.8445 patience=0/10 *
    [gnn] epoch 27/30: train_loss=0.5107 val_auc=0.8457 best=0.8457 patience=0/10 *
    [gnn] epoch 28/30: train_loss=0.4924 val_auc=0.8442 best=0.8457 patience=1/10
    [gnn] epoch 29/30: train_loss=0.4547 val_auc=0.8459 best=0.8459 patience=0/10 *
    [gnn] epoch 30/30: train_loss=0.4446 val_auc=0.8484 best=0.8484 patience=0/10 *
  [gnn] fold 9/25: AUC=0.8484
    [gnn] epoch 01/30: train_loss=1.3217 val_auc=0.6808 best=0.6808 patience=0/10 *
    [gnn] epoch 02/30: train_loss=1.2901 val_auc=0.7071 best=0.7071 patience=0/10 *
    [gnn] epoch 03/30: train_loss=1.2570 val_auc=0.7254 best=0.7254 patience=0/10 *
    [gnn] epoch 04/30: train_loss=1.2420 val_auc=0.7335 best=0.7335 patience=0/10 *
    [gnn] epoch 05/30: train_loss=1.2277 val_auc=0.7432 best=0.7432 patience=0/10 *
    [gnn] epoch 06/30: train_loss=1.1807 val_auc=0.7450 best=0.7450 patience=0/10 *
    [gnn] epoch 07/30: train_loss=1.1374 val_auc=0.7421 best=0.7450 patience=1/10
    [gnn] epoch 08/30: train_loss=1.0877 val_auc=0.7385 best=0.7450 patience=2/10
    [gnn] epoch 09/30: train_loss=1.0357 val_auc=0.7385 best=0.7450 patience=3/10
    [gnn] epoch 10/30: train_loss=0.9985 val_auc=0.7394 best=0.7450 patience=4/10
    [gnn] epoch 11/30: train_loss=0.9552 val_auc=0.7431 best=0.7450 patience=5/10
    [gnn] epoch 12/30: train_loss=0.9563 val_auc=0.7496 best=0.7496 patience=0/10 *
    [gnn] epoch 13/30: train_loss=0.9042 val_auc=0.7533 best=0.7533 patience=0/10 *
    [gnn] epoch 14/30: train_loss=0.8146 val_auc=0.7588 best=0.7588 patience=0/10 *
    [gnn] epoch 15/30: train_loss=0.8320 val_auc=0.7594 best=0.7594 patience=0/10 *
    [gnn] epoch 16/30: train_loss=0.7845 val_auc=0.7649 best=0.7649 patience=0/10 *
    [gnn] epoch 17/30: train_loss=0.6856 val_auc=0.7627 best=0.7649 patience=1/10
    [gnn] epoch 18/30: train_loss=0.6918 val_auc=0.7644 best=0.7649 patience=2/10
    [gnn] epoch 19/30: train_loss=0.6567 val_auc=0.7630 best=0.7649 patience=3/10
    [gnn] epoch 20/30: train_loss=0.6100 val_auc=0.7660 best=0.7660 patience=0/10 *
    [gnn] epoch 21/30: train_loss=0.5654 val_auc=0.7673 best=0.7673 patience=0/10 *
    [gnn] epoch 22/30: train_loss=0.5610 val_auc=0.7716 best=0.7716 patience=0/10 *
    [gnn] epoch 23/30: train_loss=0.5812 val_auc=0.7754 best=0.7754 patience=0/10 *
    [gnn] epoch 24/30: train_loss=0.5306 val_auc=0.7759 best=0.7759 patience=0/10 *
    [gnn] epoch 25/30: train_loss=0.4540 val_auc=0.7746 best=0.7759 patience=1/10
    [gnn] epoch 26/30: train_loss=0.6372 val_auc=0.7772 best=0.7772 patience=0/10 *
    [gnn] epoch 27/30: train_loss=0.6815 val_auc=0.7817 best=0.7817 patience=0/10 *
    [gnn] epoch 28/30: train_loss=0.5086 val_auc=0.7904 best=0.7904 patience=0/10 *
    [gnn] epoch 29/30: train_loss=0.4144 val_auc=0.7932 best=0.7932 patience=0/10 *
    [gnn] epoch 30/30: train_loss=0.4498 val_auc=0.7925 best=0.7932 patience=1/10
  [gnn] fold 10/25: AUC=0.7932
    [gnn] epoch 01/30: train_loss=1.3181 val_auc=0.7428 best=0.7428 patience=0/10 *
    [gnn] epoch 02/30: train_loss=1.2757 val_auc=0.7269 best=0.7428 patience=1/10
    [gnn] epoch 03/30: train_loss=1.2305 val_auc=0.7387 best=0.7428 patience=2/10
    [gnn] epoch 04/30: train_loss=1.2132 val_auc=0.7402 best=0.7428 patience=3/10
    [gnn] epoch 05/30: train_loss=1.1515 val_auc=0.7366 best=0.7428 patience=4/10
    [gnn] epoch 06/30: train_loss=1.0930 val_auc=0.7376 best=0.7428 patience=5/10
    [gnn] epoch 07/30: train_loss=1.0796 val_auc=0.7370 best=0.7428 patience=6/10
    [gnn] epoch 08/30: train_loss=1.0415 val_auc=0.7366 best=0.7428 patience=7/10
    [gnn] epoch 09/30: train_loss=0.9627 val_auc=0.7340 best=0.7428 patience=8/10
    [gnn] epoch 10/30: train_loss=0.9558 val_auc=0.7342 best=0.7428 patience=9/10
    [gnn] epoch 11/30: train_loss=0.8979 val_auc=0.7373 best=0.7428 patience=10/10
    [gnn] early stop at epoch 11
  [gnn] fold 11/25: AUC=0.7428
    [gnn] epoch 01/30: train_loss=1.3246 val_auc=0.7390 best=0.7390 patience=0/10 *
    [gnn] epoch 02/30: train_loss=1.2925 val_auc=0.7506 best=0.7506 patience=0/10 *
    [gnn] epoch 03/30: train_loss=1.2733 val_auc=0.7627 best=0.7627 patience=0/10 *
    [gnn] epoch 04/30: train_loss=1.2345 val_auc=0.7694 best=0.7694 patience=0/10 *
    [gnn] epoch 05/30: train_loss=1.1927 val_auc=0.7670 best=0.7694 patience=1/10
    [gnn] epoch 06/30: train_loss=1.1694 val_auc=0.7579 best=0.7694 patience=2/10
    [gnn] epoch 07/30: train_loss=1.1174 val_auc=0.7583 best=0.7694 patience=3/10
    [gnn] epoch 08/30: train_loss=1.0585 val_auc=0.7661 best=0.7694 patience=4/10
    [gnn] epoch 09/30: train_loss=1.0315 val_auc=0.7719 best=0.7719 patience=0/10 *
    [gnn] epoch 10/30: train_loss=0.9732 val_auc=0.7660 best=0.7719 patience=1/10
    [gnn] epoch 11/30: train_loss=0.8742 val_auc=0.7684 best=0.7719 patience=2/10
    [gnn] epoch 12/30: train_loss=0.8248 val_auc=0.7781 best=0.7781 patience=0/10 *
    [gnn] epoch 13/30: train_loss=0.8028 val_auc=0.7811 best=0.7811 patience=0/10 *
    [gnn] epoch 14/30: train_loss=0.8290 val_auc=0.7853 best=0.7853 patience=0/10 *
    [gnn] epoch 15/30: train_loss=0.7137 val_auc=0.7833 best=0.7853 patience=1/10
    [gnn] epoch 16/30: train_loss=0.6959 val_auc=0.7853 best=0.7853 patience=2/10
    [gnn] epoch 17/30: train_loss=0.6376 val_auc=0.7916 best=0.7916 patience=0/10 *
    [gnn] epoch 18/30: train_loss=0.6373 val_auc=0.7906 best=0.7916 patience=1/10
    [gnn] epoch 19/30: train_loss=0.6229 val_auc=0.7957 best=0.7957 patience=0/10 *
    [gnn] epoch 20/30: train_loss=0.5754 val_auc=0.7972 best=0.7972 patience=0/10 *
    [gnn] epoch 21/30: train_loss=0.4978 val_auc=0.8025 best=0.8025 patience=0/10 *
    [gnn] epoch 22/30: train_loss=0.5002 val_auc=0.8058 best=0.8058 patience=0/10 *
    [gnn] epoch 23/30: train_loss=0.4625 val_auc=0.8055 best=0.8058 patience=1/10
    [gnn] epoch 24/30: train_loss=0.4272 val_auc=0.8069 best=0.8069 patience=0/10 *
    [gnn] epoch 25/30: train_loss=0.3875 val_auc=0.8070 best=0.8070 patience=0/10 *
    [gnn] epoch 26/30: train_loss=0.3569 val_auc=0.8054 best=0.8070 patience=1/10
    [gnn] epoch 27/30: train_loss=0.3885 val_auc=0.8055 best=0.8070 patience=2/10
    [gnn] epoch 28/30: train_loss=0.3296 val_auc=0.8065 best=0.8070 patience=3/10
    [gnn] epoch 29/30: train_loss=0.3696 val_auc=0.8065 best=0.8070 patience=4/10
    [gnn] epoch 30/30: train_loss=0.3307 val_auc=0.8048 best=0.8070 patience=5/10
  [gnn] fold 12/25: AUC=0.8070
    [gnn] epoch 01/30: train_loss=1.3176 val_auc=0.7306 best=0.7306 patience=0/10 *
    [gnn] epoch 02/30: train_loss=1.2779 val_auc=0.7718 best=0.7718 patience=0/10 *
    [gnn] epoch 03/30: train_loss=1.2496 val_auc=0.7938 best=0.7938 patience=0/10 *
    [gnn] epoch 04/30: train_loss=1.2067 val_auc=0.8072 best=0.8072 patience=0/10 *
    [gnn] epoch 05/30: train_loss=1.1586 val_auc=0.8148 best=0.8148 patience=0/10 *
    [gnn] epoch 06/30: train_loss=1.1178 val_auc=0.8159 best=0.8159 patience=0/10 *
    [gnn] epoch 07/30: train_loss=1.0895 val_auc=0.8149 best=0.8159 patience=1/10
    [gnn] epoch 08/30: train_loss=1.0521 val_auc=0.8124 best=0.8159 patience=2/10
    [gnn] epoch 09/30: train_loss=1.0290 val_auc=0.8126 best=0.8159 patience=3/10
    [gnn] epoch 10/30: train_loss=0.9858 val_auc=0.8145 best=0.8159 patience=4/10
    [gnn] epoch 11/30: train_loss=0.9306 val_auc=0.8129 best=0.8159 patience=5/10
    [gnn] epoch 12/30: train_loss=0.8823 val_auc=0.8130 best=0.8159 patience=6/10
    [gnn] epoch 13/30: train_loss=0.8306 val_auc=0.8126 best=0.8159 patience=7/10
    [gnn] epoch 14/30: train_loss=0.8022 val_auc=0.8072 best=0.8159 patience=8/10
    [gnn] epoch 15/30: train_loss=0.8230 val_auc=0.8059 best=0.8159 patience=9/10
    [gnn] epoch 16/30: train_loss=0.7334 val_auc=0.8136 best=0.8159 patience=10/10
    [gnn] early stop at epoch 16
  [gnn] fold 13/25: AUC=0.8159
    [gnn] epoch 01/30: train_loss=1.3181 val_auc=0.7757 best=0.7757 patience=0/10 *
    [gnn] epoch 02/30: train_loss=1.2793 val_auc=0.8008 best=0.8008 patience=0/10 *
    [gnn] epoch 03/30: train_loss=1.2503 val_auc=0.8059 best=0.8059 patience=0/10 *
    [gnn] epoch 04/30: train_loss=1.2264 val_auc=0.8178 best=0.8178 patience=0/10 *
    [gnn] epoch 05/30: train_loss=1.1934 val_auc=0.8373 best=0.8373 patience=0/10 *
    [gnn] epoch 06/30: train_loss=1.1790 val_auc=0.8542 best=0.8542 patience=0/10 *
    [gnn] epoch 07/30: train_loss=1.1354 val_auc=0.8671 best=0.8671 patience=0/10 *
    [gnn] epoch 08/30: train_loss=1.0836 val_auc=0.8702 best=0.8702 patience=0/10 *
    [gnn] epoch 09/30: train_loss=1.0213 val_auc=0.8760 best=0.8760 patience=0/10 *
    [gnn] epoch 10/30: train_loss=1.0044 val_auc=0.8783 best=0.8783 patience=0/10 *
    [gnn] epoch 11/30: train_loss=1.0023 val_auc=0.8847 best=0.8847 patience=0/10 *
    [gnn] epoch 12/30: train_loss=0.8904 val_auc=0.8906 best=0.8906 patience=0/10 *
    [gnn] epoch 13/30: train_loss=0.9045 val_auc=0.8921 best=0.8921 patience=0/10 *
    [gnn] epoch 14/30: train_loss=0.8456 val_auc=0.8948 best=0.8948 patience=0/10 *
    [gnn] epoch 15/30: train_loss=0.8244 val_auc=0.8885 best=0.8948 patience=1/10
    [gnn] epoch 16/30: train_loss=0.7720 val_auc=0.8903 best=0.8948 patience=2/10
    [gnn] epoch 17/30: train_loss=0.7112 val_auc=0.8941 best=0.8948 patience=3/10
    [gnn] epoch 18/30: train_loss=0.7298 val_auc=0.8940 best=0.8948 patience=4/10
    [gnn] epoch 19/30: train_loss=0.6721 val_auc=0.8899 best=0.8948 patience=5/10
    [gnn] epoch 20/30: train_loss=0.6961 val_auc=0.8918 best=0.8948 patience=6/10
    [gnn] epoch 21/30: train_loss=0.6224 val_auc=0.8957 best=0.8957 patience=0/10 *
    [gnn] epoch 22/30: train_loss=0.5802 val_auc=0.8984 best=0.8984 patience=0/10 *
    [gnn] epoch 23/30: train_loss=0.5659 val_auc=0.8979 best=0.8984 patience=1/10
    [gnn] epoch 24/30: train_loss=0.5581 val_auc=0.8962 best=0.8984 patience=2/10
    [gnn] epoch 25/30: train_loss=0.5017 val_auc=0.8984 best=0.8984 patience=3/10
    [gnn] epoch 26/30: train_loss=0.4875 val_auc=0.8957 best=0.8984 patience=4/10
    [gnn] epoch 27/30: train_loss=0.4593 val_auc=0.8936 best=0.8984 patience=5/10
    [gnn] epoch 28/30: train_loss=0.4468 val_auc=0.8933 best=0.8984 patience=6/10
    [gnn] epoch 29/30: train_loss=0.4167 val_auc=0.8979 best=0.8984 patience=7/10
    [gnn] epoch 30/30: train_loss=0.4217 val_auc=0.8973 best=0.8984 patience=8/10
  [gnn] fold 14/25: AUC=0.8984
    [gnn] epoch 01/30: train_loss=1.3251 val_auc=0.7213 best=0.7213 patience=0/10 *
    [gnn] epoch 02/30: train_loss=1.2883 val_auc=0.7031 best=0.7213 patience=1/10
    [gnn] epoch 03/30: train_loss=1.2733 val_auc=0.7043 best=0.7213 patience=2/10
    [gnn] epoch 04/30: train_loss=1.2385 val_auc=0.7090 best=0.7213 patience=3/10
    [gnn] epoch 05/30: train_loss=1.2163 val_auc=0.7097 best=0.7213 patience=4/10
    [gnn] epoch 06/30: train_loss=1.1611 val_auc=0.7092 best=0.7213 patience=5/10
    [gnn] epoch 07/30: train_loss=1.1533 val_auc=0.7073 best=0.7213 patience=6/10
    [gnn] epoch 08/30: train_loss=1.1237 val_auc=0.7093 best=0.7213 patience=7/10
    [gnn] epoch 09/30: train_loss=1.0456 val_auc=0.7153 best=0.7213 patience=8/10
    [gnn] epoch 10/30: train_loss=1.0260 val_auc=0.7192 best=0.7213 patience=9/10
    [gnn] epoch 11/30: train_loss=0.9760 val_auc=0.7215 best=0.7215 patience=0/10 *
    [gnn] epoch 12/30: train_loss=0.9262 val_auc=0.7237 best=0.7237 patience=0/10 *
    [gnn] epoch 13/30: train_loss=0.8569 val_auc=0.7255 best=0.7255 patience=0/10 *
    [gnn] epoch 14/30: train_loss=0.8401 val_auc=0.7296 best=0.7296 patience=0/10 *
    [gnn] epoch 15/30: train_loss=0.7620 val_auc=0.7308 best=0.7308 patience=0/10 *
    [gnn] epoch 16/30: train_loss=0.7995 val_auc=0.7336 best=0.7336 patience=0/10 *
    [gnn] epoch 17/30: train_loss=0.6906 val_auc=0.7373 best=0.7373 patience=0/10 *
    [gnn] epoch 18/30: train_loss=0.6821 val_auc=0.7365 best=0.7373 patience=1/10
    [gnn] epoch 19/30: train_loss=0.6074 val_auc=0.7408 best=0.7408 patience=0/10 *
    [gnn] epoch 20/30: train_loss=0.5837 val_auc=0.7419 best=0.7419 patience=0/10 *
    [gnn] epoch 21/30: train_loss=0.5590 val_auc=0.7475 best=0.7475 patience=0/10 *
    [gnn] epoch 22/30: train_loss=0.5156 val_auc=0.7492 best=0.7492 patience=0/10 *
    [gnn] epoch 23/30: train_loss=0.4752 val_auc=0.7530 best=0.7530 patience=0/10 *
    [gnn] epoch 24/30: train_loss=0.4564 val_auc=0.7563 best=0.7563 patience=0/10 *
    [gnn] epoch 25/30: train_loss=0.4738 val_auc=0.7613 best=0.7613 patience=0/10 *
    [gnn] epoch 26/30: train_loss=0.4258 val_auc=0.7651 best=0.7651 patience=0/10 *
    [gnn] epoch 27/30: train_loss=0.5026 val_auc=0.7678 best=0.7678 patience=0/10 *
    [gnn] epoch 28/30: train_loss=0.5762 val_auc=0.7698 best=0.7698 patience=0/10 *
    [gnn] epoch 29/30: train_loss=0.3496 val_auc=0.7700 best=0.7700 patience=0/10 *
    [gnn] epoch 30/30: train_loss=0.4621 val_auc=0.7707 best=0.7707 patience=0/10 *
  [gnn] fold 15/25: AUC=0.7707
    [gnn] epoch 01/30: train_loss=1.3300 val_auc=0.6867 best=0.6867 patience=0/10 *
    [gnn] epoch 02/30: train_loss=1.2846 val_auc=0.7143 best=0.7143 patience=0/10 *
    [gnn] epoch 03/30: train_loss=1.2708 val_auc=0.7366 best=0.7366 patience=0/10 *
    [gnn] epoch 04/30: train_loss=1.2433 val_auc=0.7570 best=0.7570 patience=0/10 *
    [gnn] epoch 05/30: train_loss=1.1920 val_auc=0.7689 best=0.7689 patience=0/10 *
    [gnn] epoch 06/30: train_loss=1.1635 val_auc=0.7673 best=0.7689 patience=1/10
    [gnn] epoch 07/30: train_loss=1.1316 val_auc=0.7681 best=0.7689 patience=2/10
    [gnn] epoch 08/30: train_loss=1.0736 val_auc=0.7680 best=0.7689 patience=3/10
    [gnn] epoch 09/30: train_loss=1.0194 val_auc=0.7673 best=0.7689 patience=4/10
    [gnn] epoch 10/30: train_loss=0.9601 val_auc=0.7675 best=0.7689 patience=5/10
    [gnn] epoch 11/30: train_loss=0.9437 val_auc=0.7693 best=0.7693 patience=0/10 *
    [gnn] epoch 12/30: train_loss=0.9091 val_auc=0.7725 best=0.7725 patience=0/10 *
    [gnn] epoch 13/30: train_loss=0.8159 val_auc=0.7732 best=0.7732 patience=0/10 *
    [gnn] epoch 14/30: train_loss=0.8757 val_auc=0.7720 best=0.7732 patience=1/10
    [gnn] epoch 15/30: train_loss=0.7753 val_auc=0.7709 best=0.7732 patience=2/10
    [gnn] epoch 16/30: train_loss=0.7945 val_auc=0.7688 best=0.7732 patience=3/10
    [gnn] epoch 17/30: train_loss=0.7592 val_auc=0.7680 best=0.7732 patience=4/10
    [gnn] epoch 18/30: train_loss=0.7042 val_auc=0.7701 best=0.7732 patience=5/10
    [gnn] epoch 19/30: train_loss=0.6768 val_auc=0.7742 best=0.7742 patience=0/10 *
    [gnn] epoch 20/30: train_loss=0.6102 val_auc=0.7795 best=0.7795 patience=0/10 *
    [gnn] epoch 21/30: train_loss=0.5563 val_auc=0.7784 best=0.7795 patience=1/10
    [gnn] epoch 22/30: train_loss=0.6326 val_auc=0.7787 best=0.7795 patience=2/10
    [gnn] epoch 23/30: train_loss=0.5187 val_auc=0.7811 best=0.7811 patience=0/10 *
    [gnn] epoch 24/30: train_loss=0.5403 val_auc=0.7817 best=0.7817 patience=0/10 *
    [gnn] epoch 25/30: train_loss=0.4878 val_auc=0.7810 best=0.7817 patience=1/10
    [gnn] epoch 26/30: train_loss=0.4527 val_auc=0.7792 best=0.7817 patience=2/10
    [gnn] epoch 27/30: train_loss=0.4319 val_auc=0.7799 best=0.7817 patience=3/10
    [gnn] epoch 28/30: train_loss=0.4005 val_auc=0.7801 best=0.7817 patience=4/10
    [gnn] epoch 29/30: train_loss=0.3776 val_auc=0.7775 best=0.7817 patience=5/10
    [gnn] epoch 30/30: train_loss=0.4459 val_auc=0.7776 best=0.7817 patience=6/10
  [gnn] fold 16/25: AUC=0.7817
    [gnn] epoch 01/30: train_loss=1.3227 val_auc=0.7573 best=0.7573 patience=0/10 *
    [gnn] epoch 02/30: train_loss=1.2863 val_auc=0.7959 best=0.7959 patience=0/10 *
    [gnn] epoch 03/30: train_loss=1.2652 val_auc=0.8105 best=0.8105 patience=0/10 *
    [gnn] epoch 04/30: train_loss=1.2318 val_auc=0.8290 best=0.8290 patience=0/10 *
    [gnn] epoch 05/30: train_loss=1.2055 val_auc=0.8318 best=0.8318 patience=0/10 *
    [gnn] epoch 06/30: train_loss=1.1617 val_auc=0.8180 best=0.8318 patience=1/10
    [gnn] epoch 07/30: train_loss=1.1375 val_auc=0.8205 best=0.8318 patience=2/10
    [gnn] epoch 08/30: train_loss=1.0811 val_auc=0.8128 best=0.8318 patience=3/10
    [gnn] epoch 09/30: train_loss=1.0273 val_auc=0.8091 best=0.8318 patience=4/10
    [gnn] epoch 10/30: train_loss=0.9946 val_auc=0.8089 best=0.8318 patience=5/10
    [gnn] epoch 11/30: train_loss=0.9711 val_auc=0.8154 best=0.8318 patience=6/10
    [gnn] epoch 12/30: train_loss=0.9231 val_auc=0.8168 best=0.8318 patience=7/10
    [gnn] epoch 13/30: train_loss=0.8565 val_auc=0.8158 best=0.8318 patience=8/10
    [gnn] epoch 14/30: train_loss=0.9016 val_auc=0.8206 best=0.8318 patience=9/10
    [gnn] epoch 15/30: train_loss=0.8255 val_auc=0.8287 best=0.8318 patience=10/10
    [gnn] early stop at epoch 15
  [gnn] fold 17/25: AUC=0.8318
    [gnn] epoch 01/30: train_loss=1.3380 val_auc=0.7128 best=0.7128 patience=0/10 *
    [gnn] epoch 02/30: train_loss=1.2929 val_auc=0.7569 best=0.7569 patience=0/10 *
    [gnn] epoch 03/30: train_loss=1.2648 val_auc=0.7486 best=0.7569 patience=1/10
    [gnn] epoch 04/30: train_loss=1.2343 val_auc=0.7761 best=0.7761 patience=0/10 *
    [gnn] epoch 05/30: train_loss=1.1878 val_auc=0.7850 best=0.7850 patience=0/10 *
    [gnn] epoch 06/30: train_loss=1.1581 val_auc=0.7782 best=0.7850 patience=1/10
    [gnn] epoch 07/30: train_loss=1.1002 val_auc=0.7837 best=0.7850 patience=2/10
    [gnn] epoch 08/30: train_loss=1.0653 val_auc=0.7867 best=0.7867 patience=0/10 *
    [gnn] epoch 09/30: train_loss=1.0215 val_auc=0.7855 best=0.7867 patience=1/10
    [gnn] epoch 10/30: train_loss=0.9569 val_auc=0.7887 best=0.7887 patience=0/10 *
    [gnn] epoch 11/30: train_loss=0.9426 val_auc=0.7939 best=0.7939 patience=0/10 *
    [gnn] epoch 12/30: train_loss=0.8993 val_auc=0.7978 best=0.7978 patience=0/10 *
    [gnn] epoch 13/30: train_loss=0.8156 val_auc=0.7984 best=0.7984 patience=0/10 *
    [gnn] epoch 14/30: train_loss=0.8237 val_auc=0.8004 best=0.8004 patience=0/10 *
    [gnn] epoch 15/30: train_loss=0.8290 val_auc=0.8033 best=0.8033 patience=0/10 *
    [gnn] epoch 16/30: train_loss=0.7938 val_auc=0.8045 best=0.8045 patience=0/10 *
    [gnn] epoch 17/30: train_loss=0.8125 val_auc=0.8087 best=0.8087 patience=0/10 *
    [gnn] epoch 18/30: train_loss=0.7651 val_auc=0.8089 best=0.8089 patience=0/10 *
    [gnn] epoch 19/30: train_loss=0.6755 val_auc=0.8089 best=0.8089 patience=1/10
    [gnn] epoch 20/30: train_loss=0.6673 val_auc=0.8058 best=0.8089 patience=2/10
    [gnn] epoch 21/30: train_loss=0.6994 val_auc=0.8003 best=0.8089 patience=3/10
    [gnn] epoch 22/30: train_loss=0.6058 val_auc=0.7931 best=0.8089 patience=4/10
    [gnn] epoch 23/30: train_loss=0.5847 val_auc=0.7888 best=0.8089 patience=5/10
    [gnn] epoch 24/30: train_loss=0.5741 val_auc=0.7825 best=0.8089 patience=6/10
    [gnn] epoch 25/30: train_loss=0.5423 val_auc=0.7809 best=0.8089 patience=7/10
    [gnn] epoch 26/30: train_loss=0.4731 val_auc=0.7802 best=0.8089 patience=8/10
    [gnn] epoch 27/30: train_loss=0.4706 val_auc=0.7779 best=0.8089 patience=9/10
    [gnn] epoch 28/30: train_loss=0.4501 val_auc=0.7706 best=0.8089 patience=10/10
    [gnn] early stop at epoch 28
  [gnn] fold 18/25: AUC=0.8089
    [gnn] epoch 01/30: train_loss=1.3289 val_auc=0.6691 best=0.6691 patience=0/10 *
    [gnn] epoch 02/30: train_loss=1.2928 val_auc=0.6912 best=0.6912 patience=0/10 *
    [gnn] epoch 03/30: train_loss=1.2542 val_auc=0.7191 best=0.7191 patience=0/10 *
    [gnn] epoch 04/30: train_loss=1.2295 val_auc=0.7298 best=0.7298 patience=0/10 *
    [gnn] epoch 05/30: train_loss=1.1946 val_auc=0.7402 best=0.7402 patience=0/10 *
    [gnn] epoch 06/30: train_loss=1.1748 val_auc=0.7475 best=0.7475 patience=0/10 *
    [gnn] epoch 07/30: train_loss=1.1431 val_auc=0.7492 best=0.7492 patience=0/10 *
    [gnn] epoch 08/30: train_loss=1.0848 val_auc=0.7507 best=0.7507 patience=0/10 *
    [gnn] epoch 09/30: train_loss=1.0624 val_auc=0.7559 best=0.7559 patience=0/10 *
    [gnn] epoch 10/30: train_loss=0.9931 val_auc=0.7576 best=0.7576 patience=0/10 *
    [gnn] epoch 11/30: train_loss=0.9566 val_auc=0.7619 best=0.7619 patience=0/10 *
    [gnn] epoch 12/30: train_loss=0.9046 val_auc=0.7602 best=0.7619 patience=1/10
    [gnn] epoch 13/30: train_loss=0.8767 val_auc=0.7630 best=0.7630 patience=0/10 *
    [gnn] epoch 14/30: train_loss=0.8514 val_auc=0.7607 best=0.7630 patience=1/10
    [gnn] epoch 15/30: train_loss=0.7337 val_auc=0.7589 best=0.7630 patience=2/10
    [gnn] epoch 16/30: train_loss=0.7917 val_auc=0.7630 best=0.7630 patience=3/10
    [gnn] epoch 17/30: train_loss=0.7389 val_auc=0.7688 best=0.7688 patience=0/10 *
    [gnn] epoch 18/30: train_loss=0.7630 val_auc=0.7720 best=0.7720 patience=0/10 *
    [gnn] epoch 19/30: train_loss=0.7571 val_auc=0.7711 best=0.7720 patience=1/10
    [gnn] epoch 20/30: train_loss=0.6243 val_auc=0.7705 best=0.7720 patience=2/10
    [gnn] epoch 21/30: train_loss=0.7847 val_auc=0.7738 best=0.7738 patience=0/10 *
    [gnn] epoch 22/30: train_loss=0.6955 val_auc=0.7780 best=0.7780 patience=0/10 *
    [gnn] epoch 23/30: train_loss=0.5250 val_auc=0.7859 best=0.7859 patience=0/10 *
    [gnn] epoch 24/30: train_loss=0.6607 val_auc=0.7891 best=0.7891 patience=0/10 *
    [gnn] epoch 25/30: train_loss=0.6794 val_auc=0.7899 best=0.7899 patience=0/10 *
    [gnn] epoch 26/30: train_loss=0.5434 val_auc=0.7898 best=0.7899 patience=1/10
    [gnn] epoch 27/30: train_loss=0.5643 val_auc=0.7891 best=0.7899 patience=2/10
    [gnn] epoch 28/30: train_loss=0.6416 val_auc=0.7908 best=0.7908 patience=0/10 *
    [gnn] epoch 29/30: train_loss=0.5649 val_auc=0.7925 best=0.7925 patience=0/10 *
    [gnn] epoch 30/30: train_loss=0.4449 val_auc=0.7940 best=0.7940 patience=0/10 *
  [gnn] fold 19/25: AUC=0.7940
    [gnn] epoch 01/30: train_loss=1.3109 val_auc=0.7810 best=0.7810 patience=0/10 *
    [gnn] epoch 02/30: train_loss=1.2719 val_auc=0.8151 best=0.8151 patience=0/10 *
    [gnn] epoch 03/30: train_loss=1.2424 val_auc=0.8363 best=0.8363 patience=0/10 *
    [gnn] epoch 04/30: train_loss=1.2079 val_auc=0.8302 best=0.8363 patience=1/10
    [gnn] epoch 05/30: train_loss=1.1710 val_auc=0.8304 best=0.8363 patience=2/10
    [gnn] epoch 06/30: train_loss=1.1266 val_auc=0.8319 best=0.8363 patience=3/10
    [gnn] epoch 07/30: train_loss=1.1001 val_auc=0.8319 best=0.8363 patience=4/10
    [gnn] epoch 08/30: train_loss=1.0149 val_auc=0.8343 best=0.8363 patience=5/10
    [gnn] epoch 09/30: train_loss=1.0164 val_auc=0.8397 best=0.8397 patience=0/10 *
    [gnn] epoch 10/30: train_loss=0.9499 val_auc=0.8369 best=0.8397 patience=1/10
    [gnn] epoch 11/30: train_loss=0.9602 val_auc=0.8427 best=0.8427 patience=0/10 *
    [gnn] epoch 12/30: train_loss=0.8762 val_auc=0.8402 best=0.8427 patience=1/10
    [gnn] epoch 13/30: train_loss=0.8729 val_auc=0.8433 best=0.8433 patience=0/10 *
    [gnn] epoch 14/30: train_loss=0.7887 val_auc=0.8391 best=0.8433 patience=1/10
    [gnn] epoch 15/30: train_loss=0.7477 val_auc=0.8441 best=0.8441 patience=0/10 *
    [gnn] epoch 16/30: train_loss=0.7094 val_auc=0.8429 best=0.8441 patience=1/10
    [gnn] epoch 17/30: train_loss=0.6954 val_auc=0.8466 best=0.8466 patience=0/10 *
    [gnn] epoch 18/30: train_loss=0.6530 val_auc=0.8497 best=0.8497 patience=0/10 *
    [gnn] epoch 19/30: train_loss=0.6392 val_auc=0.8505 best=0.8505 patience=0/10 *
    [gnn] epoch 20/30: train_loss=0.5597 val_auc=0.8476 best=0.8505 patience=1/10
    [gnn] epoch 21/30: train_loss=0.7019 val_auc=0.8483 best=0.8505 patience=2/10
    [gnn] epoch 22/30: train_loss=0.6761 val_auc=0.8529 best=0.8529 patience=0/10 *
    [gnn] epoch 23/30: train_loss=0.4882 val_auc=0.8546 best=0.8546 patience=0/10 *
    [gnn] epoch 24/30: train_loss=0.5735 val_auc=0.8562 best=0.8562 patience=0/10 *
    [gnn] epoch 25/30: train_loss=0.6581 val_auc=0.8555 best=0.8562 patience=1/10
    [gnn] epoch 26/30: train_loss=0.5043 val_auc=0.8563 best=0.8563 patience=0/10 *
    [gnn] epoch 27/30: train_loss=0.4592 val_auc=0.8555 best=0.8563 patience=1/10
    [gnn] epoch 28/30: train_loss=0.4804 val_auc=0.8584 best=0.8584 patience=0/10 *
    [gnn] epoch 29/30: train_loss=0.4167 val_auc=0.8585 best=0.8585 patience=0/10 *
    [gnn] epoch 30/30: train_loss=0.4322 val_auc=0.8599 best=0.8599 patience=0/10 *
  [gnn] fold 20/25: AUC=0.8599
    [gnn] epoch 01/30: train_loss=1.3306 val_auc=0.6399 best=0.6399 patience=0/10 *
    [gnn] epoch 02/30: train_loss=1.2871 val_auc=0.6371 best=0.6399 patience=1/10
    [gnn] epoch 03/30: train_loss=1.2559 val_auc=0.6440 best=0.6440 patience=0/10 *
    [gnn] epoch 04/30: train_loss=1.2250 val_auc=0.6521 best=0.6521 patience=0/10 *
    [gnn] epoch 05/30: train_loss=1.1905 val_auc=0.6541 best=0.6541 patience=0/10 *
    [gnn] epoch 06/30: train_loss=1.1744 val_auc=0.6634 best=0.6634 patience=0/10 *
    [gnn] epoch 07/30: train_loss=1.1128 val_auc=0.6775 best=0.6775 patience=0/10 *
    [gnn] epoch 08/30: train_loss=1.0486 val_auc=0.6771 best=0.6775 patience=1/10
    [gnn] epoch 09/30: train_loss=1.0560 val_auc=0.6763 best=0.6775 patience=2/10
    [gnn] epoch 10/30: train_loss=0.9755 val_auc=0.6810 best=0.6810 patience=0/10 *
    [gnn] epoch 11/30: train_loss=0.9578 val_auc=0.6894 best=0.6894 patience=0/10 *
    [gnn] epoch 12/30: train_loss=0.9227 val_auc=0.6955 best=0.6955 patience=0/10 *
    [gnn] epoch 13/30: train_loss=0.8135 val_auc=0.6985 best=0.6985 patience=0/10 *
    [gnn] epoch 14/30: train_loss=0.8192 val_auc=0.7022 best=0.7022 patience=0/10 *
    [gnn] epoch 15/30: train_loss=0.7867 val_auc=0.7028 best=0.7028 patience=0/10 *
    [gnn] epoch 16/30: train_loss=0.7115 val_auc=0.7068 best=0.7068 patience=0/10 *
    [gnn] epoch 17/30: train_loss=0.7442 val_auc=0.7061 best=0.7068 patience=1/10
    [gnn] epoch 18/30: train_loss=0.7011 val_auc=0.7052 best=0.7068 patience=2/10
    [gnn] epoch 19/30: train_loss=0.6839 val_auc=0.7039 best=0.7068 patience=3/10
    [gnn] epoch 20/30: train_loss=0.6791 val_auc=0.7018 best=0.7068 patience=4/10
    [gnn] epoch 21/30: train_loss=0.5891 val_auc=0.7017 best=0.7068 patience=5/10
    [gnn] epoch 22/30: train_loss=0.5875 val_auc=0.7001 best=0.7068 patience=6/10
    [gnn] epoch 23/30: train_loss=0.5568 val_auc=0.6993 best=0.7068 patience=7/10
    [gnn] epoch 24/30: train_loss=0.4755 val_auc=0.6983 best=0.7068 patience=8/10
    [gnn] epoch 25/30: train_loss=0.6316 val_auc=0.6982 best=0.7068 patience=9/10
    [gnn] epoch 26/30: train_loss=0.6194 val_auc=0.6988 best=0.7068 patience=10/10
    [gnn] early stop at epoch 26
  [gnn] fold 21/25: AUC=0.7068
    [gnn] epoch 01/30: train_loss=1.3145 val_auc=0.7157 best=0.7157 patience=0/10 *
    [gnn] epoch 02/30: train_loss=1.2798 val_auc=0.7326 best=0.7326 patience=0/10 *
    [gnn] epoch 03/30: train_loss=1.2468 val_auc=0.7359 best=0.7359 patience=0/10 *
    [gnn] epoch 04/30: train_loss=1.2238 val_auc=0.7493 best=0.7493 patience=0/10 *
    [gnn] epoch 05/30: train_loss=1.1696 val_auc=0.7689 best=0.7689 patience=0/10 *
    [gnn] epoch 06/30: train_loss=1.1727 val_auc=0.7777 best=0.7777 patience=0/10 *
    [gnn] epoch 07/30: train_loss=1.1017 val_auc=0.7719 best=0.7777 patience=1/10
    [gnn] epoch 08/30: train_loss=1.0576 val_auc=0.7719 best=0.7777 patience=2/10
    [gnn] epoch 09/30: train_loss=1.0120 val_auc=0.7780 best=0.7780 patience=0/10 *
    [gnn] epoch 10/30: train_loss=0.9671 val_auc=0.7825 best=0.7825 patience=0/10 *
    [gnn] epoch 11/30: train_loss=0.9115 val_auc=0.7828 best=0.7828 patience=0/10 *
    [gnn] epoch 12/30: train_loss=0.8783 val_auc=0.7806 best=0.7828 patience=1/10
    [gnn] epoch 13/30: train_loss=0.8511 val_auc=0.7780 best=0.7828 patience=2/10
    [gnn] epoch 14/30: train_loss=0.7916 val_auc=0.7789 best=0.7828 patience=3/10
    [gnn] epoch 15/30: train_loss=0.7431 val_auc=0.7794 best=0.7828 patience=4/10
    [gnn] epoch 16/30: train_loss=0.7020 val_auc=0.7840 best=0.7840 patience=0/10 *
    [gnn] epoch 17/30: train_loss=0.6901 val_auc=0.7906 best=0.7906 patience=0/10 *
    [gnn] epoch 18/30: train_loss=0.6929 val_auc=0.7937 best=0.7937 patience=0/10 *
    [gnn] epoch 19/30: train_loss=0.6698 val_auc=0.7933 best=0.7937 patience=1/10
    [gnn] epoch 20/30: train_loss=0.5759 val_auc=0.7936 best=0.7937 patience=2/10
    [gnn] epoch 21/30: train_loss=0.5879 val_auc=0.7951 best=0.7951 patience=0/10 *
    [gnn] epoch 22/30: train_loss=0.5407 val_auc=0.7949 best=0.7951 patience=1/10
    [gnn] epoch 23/30: train_loss=0.4685 val_auc=0.7946 best=0.7951 patience=2/10
    [gnn] epoch 24/30: train_loss=0.5076 val_auc=0.7944 best=0.7951 patience=3/10
    [gnn] epoch 25/30: train_loss=0.5113 val_auc=0.7961 best=0.7961 patience=0/10 *
    [gnn] epoch 26/30: train_loss=0.4183 val_auc=0.7997 best=0.7997 patience=0/10 *
    [gnn] epoch 27/30: train_loss=0.4327 val_auc=0.8013 best=0.8013 patience=0/10 *
    [gnn] epoch 28/30: train_loss=0.3873 val_auc=0.7987 best=0.8013 patience=1/10
    [gnn] epoch 29/30: train_loss=0.5126 val_auc=0.7986 best=0.8013 patience=2/10
    [gnn] epoch 30/30: train_loss=0.5270 val_auc=0.8009 best=0.8013 patience=3/10
  [gnn] fold 22/25: AUC=0.8013
    [gnn] epoch 01/30: train_loss=1.3164 val_auc=0.7295 best=0.7295 patience=0/10 *
    [gnn] epoch 02/30: train_loss=1.2845 val_auc=0.7699 best=0.7699 patience=0/10 *
    [gnn] epoch 03/30: train_loss=1.2564 val_auc=0.7927 best=0.7927 patience=0/10 *
    [gnn] epoch 04/30: train_loss=1.2152 val_auc=0.8037 best=0.8037 patience=0/10 *
    [gnn] epoch 05/30: train_loss=1.1990 val_auc=0.8245 best=0.8245 patience=0/10 *
    [gnn] epoch 06/30: train_loss=1.1482 val_auc=0.8331 best=0.8331 patience=0/10 *
    [gnn] epoch 07/30: train_loss=1.1017 val_auc=0.8368 best=0.8368 patience=0/10 *
    [gnn] epoch 08/30: train_loss=1.0911 val_auc=0.8436 best=0.8436 patience=0/10 *
    [gnn] epoch 09/30: train_loss=1.0251 val_auc=0.8470 best=0.8470 patience=0/10 *
    [gnn] epoch 10/30: train_loss=0.9689 val_auc=0.8535 best=0.8535 patience=0/10 *
    [gnn] epoch 11/30: train_loss=0.9420 val_auc=0.8585 best=0.8585 patience=0/10 *
    [gnn] epoch 12/30: train_loss=0.9273 val_auc=0.8641 best=0.8641 patience=0/10 *
    [gnn] epoch 13/30: train_loss=0.8710 val_auc=0.8661 best=0.8661 patience=0/10 *
    [gnn] epoch 14/30: train_loss=0.8309 val_auc=0.8672 best=0.8672 patience=0/10 *
    [gnn] epoch 15/30: train_loss=0.7869 val_auc=0.8679 best=0.8679 patience=0/10 *
    [gnn] epoch 16/30: train_loss=0.7641 val_auc=0.8676 best=0.8679 patience=1/10
    [gnn] epoch 17/30: train_loss=0.7041 val_auc=0.8681 best=0.8681 patience=0/10 *
    [gnn] epoch 18/30: train_loss=0.6574 val_auc=0.8677 best=0.8681 patience=1/10
    [gnn] epoch 19/30: train_loss=0.6161 val_auc=0.8685 best=0.8685 patience=0/10 *
    [gnn] epoch 20/30: train_loss=0.6446 val_auc=0.8680 best=0.8685 patience=1/10
    [gnn] epoch 21/30: train_loss=0.5731 val_auc=0.8676 best=0.8685 patience=2/10
    [gnn] epoch 22/30: train_loss=0.5403 val_auc=0.8690 best=0.8690 patience=0/10 *
    [gnn] epoch 23/30: train_loss=0.5222 val_auc=0.8661 best=0.8690 patience=1/10
    [gnn] epoch 24/30: train_loss=0.4916 val_auc=0.8670 best=0.8690 patience=2/10
    [gnn] epoch 25/30: train_loss=0.4429 val_auc=0.8669 best=0.8690 patience=3/10
    [gnn] epoch 26/30: train_loss=0.4824 val_auc=0.8675 best=0.8690 patience=4/10
    [gnn] epoch 27/30: train_loss=0.3993 val_auc=0.8689 best=0.8690 patience=5/10
    [gnn] epoch 28/30: train_loss=0.4760 val_auc=0.8686 best=0.8690 patience=6/10
    [gnn] epoch 29/30: train_loss=0.4299 val_auc=0.8679 best=0.8690 patience=7/10
    [gnn] epoch 30/30: train_loss=0.3402 val_auc=0.8676 best=0.8690 patience=8/10
  [gnn] fold 23/25: AUC=0.8690
    [gnn] epoch 01/30: train_loss=1.3155 val_auc=0.7353 best=0.7353 patience=0/10 *
    [gnn] epoch 02/30: train_loss=1.2829 val_auc=0.7762 best=0.7762 patience=0/10 *
    [gnn] epoch 03/30: train_loss=1.2540 val_auc=0.8073 best=0.8073 patience=0/10 *
    [gnn] epoch 04/30: train_loss=1.2271 val_auc=0.8124 best=0.8124 patience=0/10 *
    [gnn] epoch 05/30: train_loss=1.1989 val_auc=0.8215 best=0.8215 patience=0/10 *
    [gnn] epoch 06/30: train_loss=1.1807 val_auc=0.8173 best=0.8215 patience=1/10
    [gnn] epoch 07/30: train_loss=1.1283 val_auc=0.8131 best=0.8215 patience=2/10
    [gnn] epoch 08/30: train_loss=1.0965 val_auc=0.8153 best=0.8215 patience=3/10
    [gnn] epoch 09/30: train_loss=1.0507 val_auc=0.8188 best=0.8215 patience=4/10
    [gnn] epoch 10/30: train_loss=0.9638 val_auc=0.8221 best=0.8221 patience=0/10 *
    [gnn] epoch 11/30: train_loss=0.9521 val_auc=0.8234 best=0.8234 patience=0/10 *
    [gnn] epoch 12/30: train_loss=0.9217 val_auc=0.8207 best=0.8234 patience=1/10
    [gnn] epoch 13/30: train_loss=0.9091 val_auc=0.8251 best=0.8251 patience=0/10 *
    [gnn] epoch 14/30: train_loss=0.8430 val_auc=0.8225 best=0.8251 patience=1/10
    [gnn] epoch 15/30: train_loss=0.7991 val_auc=0.8270 best=0.8270 patience=0/10 *
    [gnn] epoch 16/30: train_loss=0.7457 val_auc=0.8281 best=0.8281 patience=0/10 *
    [gnn] epoch 17/30: train_loss=0.7299 val_auc=0.8344 best=0.8344 patience=0/10 *
    [gnn] epoch 18/30: train_loss=0.6637 val_auc=0.8389 best=0.8389 patience=0/10 *
    [gnn] epoch 19/30: train_loss=0.6418 val_auc=0.8369 best=0.8389 patience=1/10
    [gnn] epoch 20/30: train_loss=0.6291 val_auc=0.8401 best=0.8401 patience=0/10 *
    [gnn] epoch 21/30: train_loss=0.5753 val_auc=0.8421 best=0.8421 patience=0/10 *
    [gnn] epoch 22/30: train_loss=0.5601 val_auc=0.8385 best=0.8421 patience=1/10
    [gnn] epoch 23/30: train_loss=0.5278 val_auc=0.8423 best=0.8423 patience=0/10 *
    [gnn] epoch 24/30: train_loss=0.4728 val_auc=0.8448 best=0.8448 patience=0/10 *
    [gnn] epoch 25/30: train_loss=0.4637 val_auc=0.8445 best=0.8448 patience=1/10
    [gnn] epoch 26/30: train_loss=0.4544 val_auc=0.8455 best=0.8455 patience=0/10 *
    [gnn] epoch 27/30: train_loss=0.3890 val_auc=0.8496 best=0.8496 patience=0/10 *
    [gnn] epoch 28/30: train_loss=0.3652 val_auc=0.8539 best=0.8539 patience=0/10 *
    [gnn] epoch 29/30: train_loss=0.3633 val_auc=0.8522 best=0.8539 patience=1/10
    [gnn] epoch 30/30: train_loss=0.3007 val_auc=0.8529 best=0.8539 patience=2/10
  [gnn] fold 24/25: AUC=0.8539
    [gnn] epoch 01/30: train_loss=1.3121 val_auc=0.7793 best=0.7793 patience=0/10 *
    [gnn] epoch 02/30: train_loss=1.2640 val_auc=0.8102 best=0.8102 patience=0/10 *
    [gnn] epoch 03/30: train_loss=1.2224 val_auc=0.8196 best=0.8196 patience=0/10 *
    [gnn] epoch 04/30: train_loss=1.2030 val_auc=0.8211 best=0.8211 patience=0/10 *
    [gnn] epoch 05/30: train_loss=1.1424 val_auc=0.8317 best=0.8317 patience=0/10 *
    [gnn] epoch 06/30: train_loss=1.1271 val_auc=0.8335 best=0.8335 patience=0/10 *
    [gnn] epoch 07/30: train_loss=1.0485 val_auc=0.8283 best=0.8335 patience=1/10
    [gnn] epoch 08/30: train_loss=1.0120 val_auc=0.8283 best=0.8335 patience=2/10
    [gnn] epoch 09/30: train_loss=0.9758 val_auc=0.8330 best=0.8335 patience=3/10
    [gnn] epoch 10/30: train_loss=0.9451 val_auc=0.8372 best=0.8372 patience=0/10 *
    [gnn] epoch 11/30: train_loss=0.9126 val_auc=0.8408 best=0.8408 patience=0/10 *
    [gnn] epoch 12/30: train_loss=0.8616 val_auc=0.8437 best=0.8437 patience=0/10 *
    [gnn] epoch 13/30: train_loss=0.8149 val_auc=0.8473 best=0.8473 patience=0/10 *
    [gnn] epoch 14/30: train_loss=0.7669 val_auc=0.8491 best=0.8491 patience=0/10 *
    [gnn] epoch 15/30: train_loss=0.7938 val_auc=0.8495 best=0.8495 patience=0/10 *
    [gnn] epoch 16/30: train_loss=0.8038 val_auc=0.8497 best=0.8497 patience=0/10 *
    [gnn] epoch 17/30: train_loss=0.7862 val_auc=0.8490 best=0.8497 patience=1/10
    [gnn] epoch 18/30: train_loss=0.6462 val_auc=0.8507 best=0.8507 patience=0/10 *
    [gnn] epoch 19/30: train_loss=0.7420 val_auc=0.8510 best=0.8510 patience=0/10 *
    [gnn] epoch 20/30: train_loss=0.6576 val_auc=0.8482 best=0.8510 patience=1/10
    [gnn] epoch 21/30: train_loss=0.5933 val_auc=0.8486 best=0.8510 patience=2/10
    [gnn] epoch 22/30: train_loss=0.5368 val_auc=0.8482 best=0.8510 patience=3/10
    [gnn] epoch 23/30: train_loss=0.4978 val_auc=0.8488 best=0.8510 patience=4/10
    [gnn] epoch 24/30: train_loss=0.5232 val_auc=0.8469 best=0.8510 patience=5/10
    [gnn] epoch 25/30: train_loss=0.4932 val_auc=0.8462 best=0.8510 patience=6/10
    [gnn] epoch 26/30: train_loss=0.4511 val_auc=0.8469 best=0.8510 patience=7/10
    [gnn] epoch 27/30: train_loss=0.4765 val_auc=0.8459 best=0.8510 patience=8/10
    [gnn] epoch 28/30: train_loss=0.5403 val_auc=0.8470 best=0.8510 patience=9/10
    [gnn] epoch 29/30: train_loss=0.3653 val_auc=0.8463 best=0.8510 patience=10/10
    [gnn] early stop at epoch 29
  [gnn] fold 25/25: AUC=0.8510
gnn: mean=0.8132, std=0.0425, q25=0.7940, q10=0.7594 over 25 folds
