/usr/local/lib/python3.11/dist-packages/torch_frame/data/mapper.py:105: UserWarning: The given NumPy array is not writable, and PyTorch does not support non-writable tensors. This means writing to this tensor will result in undefined behavior. You may want to copy the array to protect its data or make it writable before converting it to a tensor. This type of warning will be suppressed for the rest of this program. (Triggered internally at /pytorch/torch/csrc/utils/tensor_numpy.cpp:203.)
  index = torch.from_numpy(index).to(device)

== cv tffm ==
  out:   ./runs/sweep/tffm_ch256
  cv     n_splits=5 n_repeats=5 quick=False
  model  seed=42 device=cuda epochs=50 batch_size=256 lr=0.0001 weight_decay=1e-05 early_stop_patience=10 channels=256 num_layers=3
  data   data_dir=./data/facebook-recruiting-iv-human-or-bot runs_dir=./runs cache_dir=./runs/cache

    [tffm] epoch 01/50: train_loss=1.1431 val_auc=0.8472 best=0.8472 patience=0/10 *
    [tffm] epoch 02/50: train_loss=0.8823 val_auc=0.8555 best=0.8555 patience=0/10 *
    [tffm] epoch 03/50: train_loss=0.8373 val_auc=0.8611 best=0.8611 patience=0/10 *
    [tffm] epoch 04/50: train_loss=0.8071 val_auc=0.8751 best=0.8751 patience=0/10 *
    [tffm] epoch 05/50: train_loss=0.7468 val_auc=0.8773 best=0.8773 patience=0/10 *
    [tffm] epoch 06/50: train_loss=0.7349 val_auc=0.8838 best=0.8838 patience=0/10 *
    [tffm] epoch 07/50: train_loss=0.7173 val_auc=0.8897 best=0.8897 patience=0/10 *
    [tffm] epoch 08/50: train_loss=0.7429 val_auc=0.8928 best=0.8928 patience=0/10 *
    [tffm] epoch 09/50: train_loss=0.6898 val_auc=0.8950 best=0.8950 patience=0/10 *
    [tffm] epoch 10/50: train_loss=0.6792 val_auc=0.8944 best=0.8950 patience=1/10
    [tffm] epoch 11/50: train_loss=0.6737 val_auc=0.8964 best=0.8964 patience=0/10 *
    [tffm] epoch 12/50: train_loss=0.6896 val_auc=0.8984 best=0.8984 patience=0/10 *
    [tffm] epoch 13/50: train_loss=0.6022 val_auc=0.8307 best=0.8984 patience=1/10
    [tffm] epoch 14/50: train_loss=0.6407 val_auc=0.8990 best=0.8990 patience=0/10 *
    [tffm] epoch 15/50: train_loss=0.6370 val_auc=0.8190 best=0.8990 patience=1/10
    [tffm] epoch 16/50: train_loss=0.6342 val_auc=0.8969 best=0.8990 patience=2/10
    [tffm] epoch 17/50: train_loss=0.6254 val_auc=0.8292 best=0.8990 patience=3/10
    [tffm] epoch 18/50: train_loss=1.0721 val_auc=0.8024 best=0.8990 patience=4/10
    [tffm] epoch 19/50: train_loss=0.6638 val_auc=0.9020 best=0.9020 patience=0/10 *
    [tffm] epoch 20/50: train_loss=0.6840 val_auc=0.8168 best=0.9020 patience=1/10
    [tffm] epoch 21/50: train_loss=0.7006 val_auc=0.8619 best=0.9020 patience=2/10
    [tffm] epoch 22/50: train_loss=0.6946 val_auc=0.8542 best=0.9020 patience=3/10
    [tffm] epoch 23/50: train_loss=0.6593 val_auc=0.8490 best=0.9020 patience=4/10
    [tffm] epoch 24/50: train_loss=0.6664 val_auc=0.8755 best=0.9020 patience=5/10
    [tffm] epoch 25/50: train_loss=0.6165 val_auc=0.8232 best=0.9020 patience=6/10
    [tffm] epoch 26/50: train_loss=0.5768 val_auc=0.8423 best=0.9020 patience=7/10
    [tffm] epoch 27/50: train_loss=0.5918 val_auc=0.8674 best=0.9020 patience=8/10
    [tffm] epoch 28/50: train_loss=0.6122 val_auc=0.8806 best=0.9020 patience=9/10
    [tffm] epoch 29/50: train_loss=0.5506 val_auc=0.8780 best=0.9020 patience=10/10
    [tffm] early stop at epoch 29
  [tffm] fold 1/25: AUC=0.9020
    [tffm] epoch 01/50: train_loss=1.1539 val_auc=0.8772 best=0.8772 patience=0/10 *
    [tffm] epoch 02/50: train_loss=0.9286 val_auc=0.8792 best=0.8792 patience=0/10 *
    [tffm] epoch 03/50: train_loss=0.8287 val_auc=0.8944 best=0.8944 patience=0/10 *
    [tffm] epoch 04/50: train_loss=0.9625 val_auc=0.9045 best=0.9045 patience=0/10 *
    [tffm] epoch 05/50: train_loss=0.7966 val_auc=0.9053 best=0.9053 patience=0/10 *
    [tffm] epoch 06/50: train_loss=0.7745 val_auc=0.9136 best=0.9136 patience=0/10 *
    [tffm] epoch 07/50: train_loss=0.8595 val_auc=0.9196 best=0.9196 patience=0/10 *
    [tffm] epoch 08/50: train_loss=0.8414 val_auc=0.9196 best=0.9196 patience=1/10
    [tffm] epoch 09/50: train_loss=0.7670 val_auc=0.9271 best=0.9271 patience=0/10 *
    [tffm] epoch 10/50: train_loss=0.8374 val_auc=0.9164 best=0.9271 patience=1/10
    [tffm] epoch 11/50: train_loss=0.7590 val_auc=0.9287 best=0.9287 patience=0/10 *
    [tffm] epoch 12/50: train_loss=0.7159 val_auc=0.9284 best=0.9287 patience=1/10
    [tffm] epoch 13/50: train_loss=0.7525 val_auc=0.9339 best=0.9339 patience=0/10 *
    [tffm] epoch 14/50: train_loss=0.7306 val_auc=0.9312 best=0.9339 patience=1/10
    [tffm] epoch 15/50: train_loss=0.7227 val_auc=0.9353 best=0.9353 patience=0/10 *
    [tffm] epoch 16/50: train_loss=0.7065 val_auc=0.9445 best=0.9445 patience=0/10 *
    [tffm] epoch 17/50: train_loss=0.6712 val_auc=0.9319 best=0.9445 patience=1/10
    [tffm] epoch 18/50: train_loss=0.6929 val_auc=0.9408 best=0.9445 patience=2/10
    [tffm] epoch 19/50: train_loss=0.6659 val_auc=0.9349 best=0.9445 patience=3/10
    [tffm] epoch 20/50: train_loss=0.6467 val_auc=0.9346 best=0.9445 patience=4/10
    [tffm] epoch 21/50: train_loss=0.6150 val_auc=0.9370 best=0.9445 patience=5/10
    [tffm] epoch 22/50: train_loss=0.6247 val_auc=0.9390 best=0.9445 patience=6/10
    [tffm] epoch 23/50: train_loss=0.6034 val_auc=0.9312 best=0.9445 patience=7/10
    [tffm] epoch 24/50: train_loss=0.5964 val_auc=0.9405 best=0.9445 patience=8/10
    [tffm] epoch 25/50: train_loss=0.6993 val_auc=0.9058 best=0.9445 patience=9/10
    [tffm] epoch 26/50: train_loss=0.5456 val_auc=0.9309 best=0.9445 patience=10/10
    [tffm] early stop at epoch 26
  [tffm] fold 2/25: AUC=0.9445
    [tffm] epoch 01/50: train_loss=1.0595 val_auc=0.8505 best=0.8505 patience=0/10 *
    [tffm] epoch 02/50: train_loss=0.8719 val_auc=0.8478 best=0.8505 patience=1/10
    [tffm] epoch 03/50: train_loss=0.8016 val_auc=0.8599 best=0.8599 patience=0/10 *
    [tffm] epoch 04/50: train_loss=0.8120 val_auc=0.8722 best=0.8722 patience=0/10 *
    [tffm] epoch 05/50: train_loss=0.7876 val_auc=0.8614 best=0.8722 patience=1/10
    [tffm] epoch 06/50: train_loss=0.7382 val_auc=0.8625 best=0.8722 patience=2/10
    [tffm] epoch 07/50: train_loss=0.7828 val_auc=0.8743 best=0.8743 patience=0/10 *
    [tffm] epoch 08/50: train_loss=0.7661 val_auc=0.8538 best=0.8743 patience=1/10
    [tffm] epoch 09/50: train_loss=0.7094 val_auc=0.8782 best=0.8782 patience=0/10 *
    [tffm] epoch 10/50: train_loss=0.7648 val_auc=0.8620 best=0.8782 patience=1/10
    [tffm] epoch 11/50: train_loss=0.7373 val_auc=0.8828 best=0.8828 patience=0/10 *
    [tffm] epoch 12/50: train_loss=0.8047 val_auc=0.8822 best=0.8828 patience=1/10
    [tffm] epoch 13/50: train_loss=0.6857 val_auc=0.8833 best=0.8833 patience=0/10 *
    [tffm] epoch 14/50: train_loss=0.6737 val_auc=0.8819 best=0.8833 patience=1/10
    [tffm] epoch 15/50: train_loss=0.7384 val_auc=0.8904 best=0.8904 patience=0/10 *
    [tffm] epoch 16/50: train_loss=0.6467 val_auc=0.8805 best=0.8904 patience=1/10
    [tffm] epoch 17/50: train_loss=0.6461 val_auc=0.8852 best=0.8904 patience=2/10
    [tffm] epoch 18/50: train_loss=0.7316 val_auc=0.9033 best=0.9033 patience=0/10 *
    [tffm] epoch 19/50: train_loss=0.6640 val_auc=0.8974 best=0.9033 patience=1/10
    [tffm] epoch 20/50: train_loss=0.6937 val_auc=0.9063 best=0.9063 patience=0/10 *
    [tffm] epoch 21/50: train_loss=0.6781 val_auc=0.8974 best=0.9063 patience=1/10
    [tffm] epoch 22/50: train_loss=0.7487 val_auc=0.9078 best=0.9078 patience=0/10 *
    [tffm] epoch 23/50: train_loss=0.6210 val_auc=0.8993 best=0.9078 patience=1/10
    [tffm] epoch 24/50: train_loss=0.6555 val_auc=0.8973 best=0.9078 patience=2/10
    [tffm] epoch 25/50: train_loss=0.6084 val_auc=0.9013 best=0.9078 patience=3/10
    [tffm] epoch 26/50: train_loss=0.5953 val_auc=0.9050 best=0.9078 patience=4/10
    [tffm] epoch 27/50: train_loss=0.6111 val_auc=0.9033 best=0.9078 patience=5/10
    [tffm] epoch 28/50: train_loss=0.5684 val_auc=0.8988 best=0.9078 patience=6/10
    [tffm] epoch 29/50: train_loss=0.5515 val_auc=0.9083 best=0.9083 patience=0/10 *
    [tffm] epoch 30/50: train_loss=0.6426 val_auc=0.8950 best=0.9083 patience=1/10
    [tffm] epoch 31/50: train_loss=0.5430 val_auc=0.9044 best=0.9083 patience=2/10
    [tffm] epoch 32/50: train_loss=0.5464 val_auc=0.9050 best=0.9083 patience=3/10
    [tffm] epoch 33/50: train_loss=0.5952 val_auc=0.9033 best=0.9083 patience=4/10
    [tffm] epoch 34/50: train_loss=0.5725 val_auc=0.9089 best=0.9089 patience=0/10 *
    [tffm] epoch 35/50: train_loss=0.6696 val_auc=0.9039 best=0.9089 patience=1/10
    [tffm] epoch 36/50: train_loss=0.6004 val_auc=0.8630 best=0.9089 patience=2/10
    [tffm] epoch 37/50: train_loss=0.5912 val_auc=0.9091 best=0.9091 patience=0/10 *
    [tffm] epoch 38/50: train_loss=0.5089 val_auc=0.9054 best=0.9091 patience=1/10
    [tffm] epoch 39/50: train_loss=0.5266 val_auc=0.8867 best=0.9091 patience=2/10
    [tffm] epoch 40/50: train_loss=0.4908 val_auc=0.9025 best=0.9091 patience=3/10
    [tffm] epoch 41/50: train_loss=0.6440 val_auc=0.9019 best=0.9091 patience=4/10
    [tffm] epoch 42/50: train_loss=0.5453 val_auc=0.8942 best=0.9091 patience=5/10
    [tffm] epoch 43/50: train_loss=0.5703 val_auc=0.8282 best=0.9091 patience=6/10
    [tffm] epoch 44/50: train_loss=0.5159 val_auc=0.9090 best=0.9091 patience=7/10
    [tffm] epoch 45/50: train_loss=0.4901 val_auc=0.9059 best=0.9091 patience=8/10
    [tffm] epoch 46/50: train_loss=0.5510 val_auc=0.8628 best=0.9091 patience=9/10
    [tffm] epoch 47/50: train_loss=0.5513 val_auc=0.8965 best=0.9091 patience=10/10
    [tffm] early stop at epoch 47
  [tffm] fold 3/25: AUC=0.9091
    [tffm] epoch 01/50: train_loss=1.1708 val_auc=0.8457 best=0.8457 patience=0/10 *
    [tffm] epoch 02/50: train_loss=0.8829 val_auc=0.8588 best=0.8588 patience=0/10 *
    [tffm] epoch 03/50: train_loss=0.8117 val_auc=0.8635 best=0.8635 patience=0/10 *
    [tffm] epoch 04/50: train_loss=0.7344 val_auc=0.8554 best=0.8635 patience=1/10
    [tffm] epoch 05/50: train_loss=0.7874 val_auc=0.8716 best=0.8716 patience=0/10 *
    [tffm] epoch 06/50: train_loss=0.7189 val_auc=0.8747 best=0.8747 patience=0/10 *
    [tffm] epoch 07/50: train_loss=0.7617 val_auc=0.8679 best=0.8747 patience=1/10
    [tffm] epoch 08/50: train_loss=0.7232 val_auc=0.8758 best=0.8758 patience=0/10 *
    [tffm] epoch 09/50: train_loss=0.6793 val_auc=0.8859 best=0.8859 patience=0/10 *
    [tffm] epoch 10/50: train_loss=0.6630 val_auc=0.8741 best=0.8859 patience=1/10
    [tffm] epoch 11/50: train_loss=0.6346 val_auc=0.8681 best=0.8859 patience=2/10
    [tffm] epoch 12/50: train_loss=0.6347 val_auc=0.8712 best=0.8859 patience=3/10
    [tffm] epoch 13/50: train_loss=0.6432 val_auc=0.8687 best=0.8859 patience=4/10
    [tffm] epoch 14/50: train_loss=0.6305 val_auc=0.8733 best=0.8859 patience=5/10
    [tffm] epoch 15/50: train_loss=0.5997 val_auc=0.8830 best=0.8859 patience=6/10
    [tffm] epoch 16/50: train_loss=0.6743 val_auc=0.8796 best=0.8859 patience=7/10
    [tffm] epoch 17/50: train_loss=0.5972 val_auc=0.8783 best=0.8859 patience=8/10
    [tffm] epoch 18/50: train_loss=0.6170 val_auc=0.8567 best=0.8859 patience=9/10
    [tffm] epoch 19/50: train_loss=0.6218 val_auc=0.8849 best=0.8859 patience=10/10
    [tffm] early stop at epoch 19
  [tffm] fold 4/25: AUC=0.8859
    [tffm] epoch 01/50: train_loss=1.1382 val_auc=0.9013 best=0.9013 patience=0/10 *
    [tffm] epoch 02/50: train_loss=0.9135 val_auc=0.9137 best=0.9137 patience=0/10 *
    [tffm] epoch 03/50: train_loss=0.8106 val_auc=0.9111 best=0.9137 patience=1/10
    [tffm] epoch 04/50: train_loss=0.7755 val_auc=0.8966 best=0.9137 patience=2/10
    [tffm] epoch 05/50: train_loss=0.7919 val_auc=0.9136 best=0.9137 patience=3/10
    [tffm] epoch 06/50: train_loss=0.7737 val_auc=0.9170 best=0.9170 patience=0/10 *
    [tffm] epoch 07/50: train_loss=0.7886 val_auc=0.9185 best=0.9185 patience=0/10 *
    [tffm] epoch 08/50: train_loss=0.7405 val_auc=0.9147 best=0.9185 patience=1/10
    [tffm] epoch 09/50: train_loss=0.7243 val_auc=0.9224 best=0.9224 patience=0/10 *
    [tffm] epoch 10/50: train_loss=0.7149 val_auc=0.9207 best=0.9224 patience=1/10
    [tffm] epoch 11/50: train_loss=0.7044 val_auc=0.9224 best=0.9224 patience=2/10
    [tffm] epoch 12/50: train_loss=0.6727 val_auc=0.9247 best=0.9247 patience=0/10 *
    [tffm] epoch 13/50: train_loss=0.6514 val_auc=0.9259 best=0.9259 patience=0/10 *
    [tffm] epoch 14/50: train_loss=0.6974 val_auc=0.9260 best=0.9260 patience=0/10 *
    [tffm] epoch 15/50: train_loss=0.6741 val_auc=0.9267 best=0.9267 patience=0/10 *
    [tffm] epoch 16/50: train_loss=0.6383 val_auc=0.9289 best=0.9289 patience=0/10 *
    [tffm] epoch 17/50: train_loss=0.6365 val_auc=0.9327 best=0.9327 patience=0/10 *
    [tffm] epoch 18/50: train_loss=0.6901 val_auc=0.9330 best=0.9330 patience=0/10 *
    [tffm] epoch 19/50: train_loss=0.6297 val_auc=0.9321 best=0.9330 patience=1/10
    [tffm] epoch 20/50: train_loss=0.6649 val_auc=0.9322 best=0.9330 patience=2/10
    [tffm] epoch 21/50: train_loss=0.6756 val_auc=0.9359 best=0.9359 patience=0/10 *
    [tffm] epoch 22/50: train_loss=0.6038 val_auc=0.9309 best=0.9359 patience=1/10
    [tffm] epoch 23/50: train_loss=0.5964 val_auc=0.9356 best=0.9359 patience=2/10
    [tffm] epoch 24/50: train_loss=0.6238 val_auc=0.9325 best=0.9359 patience=3/10
    [tffm] epoch 25/50: train_loss=0.6113 val_auc=0.9343 best=0.9359 patience=4/10
    [tffm] epoch 26/50: train_loss=0.5696 val_auc=0.9285 best=0.9359 patience=5/10
    [tffm] epoch 27/50: train_loss=0.5517 val_auc=0.9356 best=0.9359 patience=6/10
    [tffm] epoch 28/50: train_loss=0.6203 val_auc=0.9335 best=0.9359 patience=7/10
    [tffm] epoch 29/50: train_loss=0.7608 val_auc=0.9349 best=0.9359 patience=8/10
    [tffm] epoch 30/50: train_loss=0.5800 val_auc=0.9401 best=0.9401 patience=0/10 *
    [tffm] epoch 31/50: train_loss=0.5337 val_auc=0.9406 best=0.9406 patience=0/10 *
    [tffm] epoch 32/50: train_loss=0.6150 val_auc=0.9436 best=0.9436 patience=0/10 *
    [tffm] epoch 33/50: train_loss=0.6799 val_auc=0.9372 best=0.9436 patience=1/10
    [tffm] epoch 34/50: train_loss=0.6495 val_auc=0.9394 best=0.9436 patience=2/10
    [tffm] epoch 35/50: train_loss=0.6293 val_auc=0.9408 best=0.9436 patience=3/10
    [tffm] epoch 36/50: train_loss=0.5475 val_auc=0.9372 best=0.9436 patience=4/10
    [tffm] epoch 37/50: train_loss=0.5432 val_auc=0.9395 best=0.9436 patience=5/10
    [tffm] epoch 38/50: train_loss=0.8187 val_auc=0.9382 best=0.9436 patience=6/10
    [tffm] epoch 39/50: train_loss=0.6138 val_auc=0.9406 best=0.9436 patience=7/10
    [tffm] epoch 40/50: train_loss=0.5206 val_auc=0.9391 best=0.9436 patience=8/10
    [tffm] epoch 41/50: train_loss=0.5231 val_auc=0.9424 best=0.9436 patience=9/10
    [tffm] epoch 42/50: train_loss=0.5220 val_auc=0.9366 best=0.9436 patience=10/10
    [tffm] early stop at epoch 42
  [tffm] fold 5/25: AUC=0.9436
    [tffm] epoch 01/50: train_loss=1.1270 val_auc=0.8490 best=0.8490 patience=0/10 *
    [tffm] epoch 02/50: train_loss=1.0067 val_auc=0.8813 best=0.8813 patience=0/10 *
    [tffm] epoch 03/50: train_loss=0.8168 val_auc=0.8999 best=0.8999 patience=0/10 *
    [tffm] epoch 04/50: train_loss=0.8039 val_auc=0.9183 best=0.9183 patience=0/10 *
    [tffm] epoch 05/50: train_loss=0.7584 val_auc=0.9190 best=0.9190 patience=0/10 *
    [tffm] epoch 06/50: train_loss=0.8176 val_auc=0.9262 best=0.9262 patience=0/10 *
    [tffm] epoch 07/50: train_loss=0.7990 val_auc=0.9109 best=0.9262 patience=1/10
    [tffm] epoch 08/50: train_loss=0.7189 val_auc=0.9225 best=0.9262 patience=2/10
    [tffm] epoch 09/50: train_loss=0.6829 val_auc=0.9202 best=0.9262 patience=3/10
    [tffm] epoch 10/50: train_loss=0.6808 val_auc=0.9121 best=0.9262 patience=4/10
    [tffm] epoch 11/50: train_loss=0.7023 val_auc=0.9247 best=0.9262 patience=5/10
    [tffm] epoch 12/50: train_loss=0.6985 val_auc=0.9188 best=0.9262 patience=6/10
    [tffm] epoch 13/50: train_loss=0.6729 val_auc=0.9215 best=0.9262 patience=7/10
    [tffm] epoch 14/50: train_loss=0.9466 val_auc=0.9316 best=0.9316 patience=0/10 *
    [tffm] epoch 15/50: train_loss=0.6759 val_auc=0.8949 best=0.9316 patience=1/10
    [tffm] epoch 16/50: train_loss=0.6696 val_auc=0.9304 best=0.9316 patience=2/10
    [tffm] epoch 17/50: train_loss=0.6422 val_auc=0.9248 best=0.9316 patience=3/10
    [tffm] epoch 18/50: train_loss=0.6476 val_auc=0.9352 best=0.9352 patience=0/10 *
    [tffm] epoch 19/50: train_loss=0.6935 val_auc=0.9186 best=0.9352 patience=1/10
    [tffm] epoch 20/50: train_loss=0.6203 val_auc=0.9217 best=0.9352 patience=2/10
    [tffm] epoch 21/50: train_loss=0.6200 val_auc=0.9207 best=0.9352 patience=3/10
    [tffm] epoch 22/50: train_loss=0.7023 val_auc=0.9210 best=0.9352 patience=4/10
    [tffm] epoch 23/50: train_loss=0.6113 val_auc=0.9266 best=0.9352 patience=5/10
    [tffm] epoch 24/50: train_loss=0.6175 val_auc=0.9160 best=0.9352 patience=6/10
    [tffm] epoch 25/50: train_loss=0.7430 val_auc=0.9270 best=0.9352 patience=7/10
    [tffm] epoch 26/50: train_loss=0.7831 val_auc=0.8987 best=0.9352 patience=8/10
    [tffm] epoch 27/50: train_loss=0.6853 val_auc=0.9020 best=0.9352 patience=9/10
    [tffm] epoch 28/50: train_loss=0.5989 val_auc=0.9030 best=0.9352 patience=10/10
    [tffm] early stop at epoch 28
  [tffm] fold 6/25: AUC=0.9352
    [tffm] epoch 01/50: train_loss=1.1369 val_auc=0.8598 best=0.8598 patience=0/10 *
    [tffm] epoch 02/50: train_loss=0.9045 val_auc=0.8610 best=0.8610 patience=0/10 *
    [tffm] epoch 03/50: train_loss=0.7980 val_auc=0.8792 best=0.8792 patience=0/10 *
    [tffm] epoch 04/50: train_loss=0.7829 val_auc=0.8785 best=0.8792 patience=1/10
    [tffm] epoch 05/50: train_loss=0.9246 val_auc=0.8707 best=0.8792 patience=2/10
    [tffm] epoch 06/50: train_loss=0.8248 val_auc=0.8959 best=0.8959 patience=0/10 *
    [tffm] epoch 07/50: train_loss=0.7552 val_auc=0.8917 best=0.8959 patience=1/10
    [tffm] epoch 08/50: train_loss=0.7464 val_auc=0.8979 best=0.8979 patience=0/10 *
    [tffm] epoch 09/50: train_loss=0.7311 val_auc=0.8998 best=0.8998 patience=0/10 *
    [tffm] epoch 10/50: train_loss=0.8906 val_auc=0.9005 best=0.9005 patience=0/10 *
    [tffm] epoch 11/50: train_loss=0.6888 val_auc=0.8994 best=0.9005 patience=1/10
    [tffm] epoch 12/50: train_loss=0.6626 val_auc=0.8997 best=0.9005 patience=2/10
    [tffm] epoch 13/50: train_loss=0.6592 val_auc=0.9024 best=0.9024 patience=0/10 *
    [tffm] epoch 14/50: train_loss=0.7197 val_auc=0.9024 best=0.9024 patience=1/10
    [tffm] epoch 15/50: train_loss=0.6578 val_auc=0.8710 best=0.9024 patience=2/10
    [tffm] epoch 16/50: train_loss=0.6393 val_auc=0.8978 best=0.9024 patience=3/10
    [tffm] epoch 17/50: train_loss=0.6957 val_auc=0.9095 best=0.9095 patience=0/10 *
    [tffm] epoch 18/50: train_loss=0.6090 val_auc=0.8982 best=0.9095 patience=1/10
    [tffm] epoch 19/50: train_loss=0.6612 val_auc=0.9119 best=0.9119 patience=0/10 *
    [tffm] epoch 20/50: train_loss=0.6621 val_auc=0.8335 best=0.9119 patience=1/10
    [tffm] epoch 21/50: train_loss=0.6076 val_auc=0.9061 best=0.9119 patience=2/10
    [tffm] epoch 22/50: train_loss=0.5740 val_auc=0.8573 best=0.9119 patience=3/10
    [tffm] epoch 23/50: train_loss=0.7317 val_auc=0.8933 best=0.9119 patience=4/10
    [tffm] epoch 24/50: train_loss=0.5646 val_auc=0.8776 best=0.9119 patience=5/10
    [tffm] epoch 25/50: train_loss=0.5943 val_auc=0.8406 best=0.9119 patience=6/10
    [tffm] epoch 26/50: train_loss=0.5420 val_auc=0.8432 best=0.9119 patience=7/10
    [tffm] epoch 27/50: train_loss=0.5597 val_auc=0.8202 best=0.9119 patience=8/10
    [tffm] epoch 28/50: train_loss=0.5254 val_auc=0.8527 best=0.9119 patience=9/10
    [tffm] epoch 29/50: train_loss=0.6086 val_auc=0.8736 best=0.9119 patience=10/10
    [tffm] early stop at epoch 29
  [tffm] fold 7/25: AUC=0.9119
    [tffm] epoch 01/50: train_loss=1.1108 val_auc=0.8560 best=0.8560 patience=0/10 *
    [tffm] epoch 02/50: train_loss=0.8564 val_auc=0.8782 best=0.8782 patience=0/10 *
    [tffm] epoch 03/50: train_loss=0.7603 val_auc=0.8819 best=0.8819 patience=0/10 *
    [tffm] epoch 04/50: train_loss=0.7419 val_auc=0.8762 best=0.8819 patience=1/10
    [tffm] epoch 05/50: train_loss=0.7417 val_auc=0.8755 best=0.8819 patience=2/10
    [tffm] epoch 06/50: train_loss=0.7161 val_auc=0.8775 best=0.8819 patience=3/10
    [tffm] epoch 07/50: train_loss=0.7138 val_auc=0.8793 best=0.8819 patience=4/10
    [tffm] epoch 08/50: train_loss=0.7768 val_auc=0.8798 best=0.8819 patience=5/10
    [tffm] epoch 09/50: train_loss=0.7351 val_auc=0.8805 best=0.8819 patience=6/10
    [tffm] epoch 10/50: train_loss=0.6640 val_auc=0.8841 best=0.8841 patience=0/10 *
    [tffm] epoch 11/50: train_loss=0.6713 val_auc=0.8669 best=0.8841 patience=1/10
    [tffm] epoch 12/50: train_loss=0.7222 val_auc=0.8874 best=0.8874 patience=0/10 *
    [tffm] epoch 13/50: train_loss=0.6418 val_auc=0.8514 best=0.8874 patience=1/10
    [tffm] epoch 14/50: train_loss=0.6505 val_auc=0.8897 best=0.8897 patience=0/10 *
    [tffm] epoch 15/50: train_loss=0.6018 val_auc=0.8757 best=0.8897 patience=1/10
    [tffm] epoch 16/50: train_loss=0.6138 val_auc=0.8937 best=0.8937 patience=0/10 *
    [tffm] epoch 17/50: train_loss=0.6669 val_auc=0.8949 best=0.8949 patience=0/10 *
    [tffm] epoch 18/50: train_loss=0.6792 val_auc=0.8700 best=0.8949 patience=1/10
    [tffm] epoch 19/50: train_loss=0.6744 val_auc=0.8929 best=0.8949 patience=2/10
    [tffm] epoch 20/50: train_loss=0.6130 val_auc=0.8579 best=0.8949 patience=3/10
    [tffm] epoch 21/50: train_loss=0.6479 val_auc=0.8899 best=0.8949 patience=4/10
    [tffm] epoch 22/50: train_loss=0.6299 val_auc=0.9014 best=0.9014 patience=0/10 *
    [tffm] epoch 23/50: train_loss=0.7096 val_auc=0.8892 best=0.9014 patience=1/10
    [tffm] epoch 24/50: train_loss=0.5670 val_auc=0.8967 best=0.9014 patience=2/10
    [tffm] epoch 25/50: train_loss=0.5568 val_auc=0.8995 best=0.9014 patience=3/10
    [tffm] epoch 26/50: train_loss=0.5995 val_auc=0.9004 best=0.9014 patience=4/10
    [tffm] epoch 27/50: train_loss=0.5624 val_auc=0.8980 best=0.9014 patience=5/10
    [tffm] epoch 28/50: train_loss=0.5510 val_auc=0.8822 best=0.9014 patience=6/10
    [tffm] epoch 29/50: train_loss=0.6195 val_auc=0.9064 best=0.9064 patience=0/10 *
    [tffm] epoch 30/50: train_loss=0.5717 val_auc=0.8075 best=0.9064 patience=1/10
    [tffm] epoch 31/50: train_loss=0.6483 val_auc=0.8816 best=0.9064 patience=2/10
    [tffm] epoch 32/50: train_loss=0.5467 val_auc=0.8942 best=0.9064 patience=3/10
    [tffm] epoch 33/50: train_loss=0.5355 val_auc=0.8886 best=0.9064 patience=4/10
    [tffm] epoch 34/50: train_loss=0.5067 val_auc=0.8866 best=0.9064 patience=5/10
    [tffm] epoch 35/50: train_loss=0.5306 val_auc=0.8714 best=0.9064 patience=6/10
    [tffm] epoch 36/50: train_loss=0.5048 val_auc=0.8839 best=0.9064 patience=7/10
    [tffm] epoch 37/50: train_loss=0.4876 val_auc=0.8847 best=0.9064 patience=8/10
    [tffm] epoch 38/50: train_loss=0.5320 val_auc=0.8550 best=0.9064 patience=9/10
    [tffm] epoch 39/50: train_loss=0.5043 val_auc=0.7644 best=0.9064 patience=10/10
    [tffm] early stop at epoch 39
  [tffm] fold 8/25: AUC=0.9064
    [tffm] epoch 01/50: train_loss=1.1955 val_auc=0.8725 best=0.8725 patience=0/10 *
    [tffm] epoch 02/50: train_loss=0.9538 val_auc=0.8958 best=0.8958 patience=0/10 *
    [tffm] epoch 03/50: train_loss=0.8801 val_auc=0.9067 best=0.9067 patience=0/10 *
    [tffm] epoch 04/50: train_loss=0.8847 val_auc=0.9147 best=0.9147 patience=0/10 *
    [tffm] epoch 05/50: train_loss=0.7709 val_auc=0.9073 best=0.9147 patience=1/10
    [tffm] epoch 06/50: train_loss=0.8195 val_auc=0.9056 best=0.9147 patience=2/10
    [tffm] epoch 07/50: train_loss=0.7956 val_auc=0.9141 best=0.9147 patience=3/10
    [tffm] epoch 08/50: train_loss=0.7512 val_auc=0.9246 best=0.9246 patience=0/10 *
    [tffm] epoch 09/50: train_loss=0.8220 val_auc=0.9237 best=0.9246 patience=1/10
    [tffm] epoch 10/50: train_loss=0.7443 val_auc=0.9281 best=0.9281 patience=0/10 *
    [tffm] epoch 11/50: train_loss=0.7045 val_auc=0.9151 best=0.9281 patience=1/10
    [tffm] epoch 12/50: train_loss=0.6984 val_auc=0.9318 best=0.9318 patience=0/10 *
    [tffm] epoch 13/50: train_loss=0.7336 val_auc=0.9318 best=0.9318 patience=1/10
    [tffm] epoch 14/50: train_loss=0.6940 val_auc=0.9308 best=0.9318 patience=2/10
    [tffm] epoch 15/50: train_loss=0.7247 val_auc=0.9297 best=0.9318 patience=3/10
    [tffm] epoch 16/50: train_loss=0.6936 val_auc=0.9352 best=0.9352 patience=0/10 *
    [tffm] epoch 17/50: train_loss=0.6833 val_auc=0.9390 best=0.9390 patience=0/10 *
    [tffm] epoch 18/50: train_loss=0.6558 val_auc=0.9418 best=0.9418 patience=0/10 *
    [tffm] epoch 19/50: train_loss=0.6942 val_auc=0.9440 best=0.9440 patience=0/10 *
    [tffm] epoch 20/50: train_loss=0.6650 val_auc=0.9412 best=0.9440 patience=1/10
    [tffm] epoch 21/50: train_loss=0.7454 val_auc=0.9399 best=0.9440 patience=2/10
    [tffm] epoch 22/50: train_loss=0.6059 val_auc=0.9277 best=0.9440 patience=3/10
    [tffm] epoch 23/50: train_loss=0.6517 val_auc=0.9271 best=0.9440 patience=4/10
    [tffm] epoch 24/50: train_loss=0.6049 val_auc=0.9105 best=0.9440 patience=5/10
    [tffm] epoch 25/50: train_loss=0.6058 val_auc=0.9385 best=0.9440 patience=6/10
    [tffm] epoch 26/50: train_loss=0.6406 val_auc=0.9475 best=0.9475 patience=0/10 *
    [tffm] epoch 27/50: train_loss=0.5758 val_auc=0.9305 best=0.9475 patience=1/10
    [tffm] epoch 28/50: train_loss=0.5810 val_auc=0.9463 best=0.9475 patience=2/10
    [tffm] epoch 29/50: train_loss=0.5901 val_auc=0.9158 best=0.9475 patience=3/10
    [tffm] epoch 30/50: train_loss=0.6127 val_auc=0.9415 best=0.9475 patience=4/10
    [tffm] epoch 31/50: train_loss=0.5780 val_auc=0.9446 best=0.9475 patience=5/10
    [tffm] epoch 32/50: train_loss=0.5818 val_auc=0.9366 best=0.9475 patience=6/10
    [tffm] epoch 33/50: train_loss=0.5690 val_auc=0.9263 best=0.9475 patience=7/10
    [tffm] epoch 34/50: train_loss=0.5918 val_auc=0.9356 best=0.9475 patience=8/10
    [tffm] epoch 35/50: train_loss=0.5768 val_auc=0.9378 best=0.9475 patience=9/10
    [tffm] epoch 36/50: train_loss=0.5350 val_auc=0.9005 best=0.9475 patience=10/10
    [tffm] early stop at epoch 36
  [tffm] fold 9/25: AUC=0.9475
    [tffm] epoch 01/50: train_loss=1.1309 val_auc=0.8209 best=0.8209 patience=0/10 *
    [tffm] epoch 02/50: train_loss=0.8467 val_auc=0.8195 best=0.8209 patience=1/10
    [tffm] epoch 03/50: train_loss=0.8294 val_auc=0.8135 best=0.8209 patience=2/10
    [tffm] epoch 04/50: train_loss=0.7776 val_auc=0.8450 best=0.8450 patience=0/10 *
    [tffm] epoch 05/50: train_loss=0.7569 val_auc=0.8408 best=0.8450 patience=1/10
    [tffm] epoch 06/50: train_loss=0.7577 val_auc=0.8605 best=0.8605 patience=0/10 *
    [tffm] epoch 07/50: train_loss=0.7193 val_auc=0.8669 best=0.8669 patience=0/10 *
    [tffm] epoch 08/50: train_loss=0.7193 val_auc=0.8666 best=0.8669 patience=1/10
    [tffm] epoch 09/50: train_loss=0.6961 val_auc=0.8730 best=0.8730 patience=0/10 *
    [tffm] epoch 10/50: train_loss=0.6697 val_auc=0.8770 best=0.8770 patience=0/10 *
    [tffm] epoch 11/50: train_loss=0.6930 val_auc=0.8759 best=0.8770 patience=1/10
    [tffm] epoch 12/50: train_loss=0.6566 val_auc=0.8878 best=0.8878 patience=0/10 *
    [tffm] epoch 13/50: train_loss=0.6445 val_auc=0.8908 best=0.8908 patience=0/10 *
    [tffm] epoch 14/50: train_loss=0.6349 val_auc=0.8832 best=0.8908 patience=1/10
    [tffm] epoch 15/50: train_loss=0.6347 val_auc=0.8941 best=0.8941 patience=0/10 *
    [tffm] epoch 16/50: train_loss=0.6836 val_auc=0.8891 best=0.8941 patience=1/10
    [tffm] epoch 17/50: train_loss=0.6883 val_auc=0.8944 best=0.8944 patience=0/10 *
    [tffm] epoch 18/50: train_loss=0.5961 val_auc=0.8953 best=0.8953 patience=0/10 *
    [tffm] epoch 19/50: train_loss=0.6213 val_auc=0.8876 best=0.8953 patience=1/10
    [tffm] epoch 20/50: train_loss=0.6388 val_auc=0.8876 best=0.8953 patience=2/10
    [tffm] epoch 21/50: train_loss=0.6768 val_auc=0.8889 best=0.8953 patience=3/10
    [tffm] epoch 22/50: train_loss=0.6002 val_auc=0.8901 best=0.8953 patience=4/10
    [tffm] epoch 23/50: train_loss=0.5801 val_auc=0.8619 best=0.8953 patience=5/10
    [tffm] epoch 24/50: train_loss=0.5808 val_auc=0.8645 best=0.8953 patience=6/10
    [tffm] epoch 25/50: train_loss=0.7202 val_auc=0.8866 best=0.8953 patience=7/10
    [tffm] epoch 26/50: train_loss=0.6371 val_auc=0.8568 best=0.8953 patience=8/10
    [tffm] epoch 27/50: train_loss=0.5721 val_auc=0.8887 best=0.8953 patience=9/10
    [tffm] epoch 28/50: train_loss=0.6087 val_auc=0.8696 best=0.8953 patience=10/10
    [tffm] early stop at epoch 28
  [tffm] fold 10/25: AUC=0.8953
    [tffm] epoch 01/50: train_loss=1.1902 val_auc=0.7969 best=0.7969 patience=0/10 *
    [tffm] epoch 02/50: train_loss=0.8629 val_auc=0.8121 best=0.8121 patience=0/10 *
    [tffm] epoch 03/50: train_loss=0.7807 val_auc=0.8178 best=0.8178 patience=0/10 *
    [tffm] epoch 04/50: train_loss=0.8003 val_auc=0.8260 best=0.8260 patience=0/10 *
    [tffm] epoch 05/50: train_loss=0.7063 val_auc=0.8290 best=0.8290 patience=0/10 *
    [tffm] epoch 06/50: train_loss=0.7126 val_auc=0.8377 best=0.8377 patience=0/10 *
    [tffm] epoch 07/50: train_loss=0.7175 val_auc=0.8384 best=0.8384 patience=0/10 *
    [tffm] epoch 08/50: train_loss=0.6869 val_auc=0.8427 best=0.8427 patience=0/10 *
    [tffm] epoch 09/50: train_loss=0.7259 val_auc=0.8453 best=0.8453 patience=0/10 *
    [tffm] epoch 10/50: train_loss=0.6735 val_auc=0.8539 best=0.8539 patience=0/10 *
    [tffm] epoch 11/50: train_loss=0.6620 val_auc=0.8677 best=0.8677 patience=0/10 *
    [tffm] epoch 12/50: train_loss=0.6581 val_auc=0.8745 best=0.8745 patience=0/10 *
    [tffm] epoch 13/50: train_loss=0.6603 val_auc=0.8760 best=0.8760 patience=0/10 *
    [tffm] epoch 14/50: train_loss=0.7170 val_auc=0.8871 best=0.8871 patience=0/10 *
    [tffm] epoch 15/50: train_loss=0.5959 val_auc=0.8826 best=0.8871 patience=1/10
    [tffm] epoch 16/50: train_loss=0.6424 val_auc=0.8906 best=0.8906 patience=0/10 *
    [tffm] epoch 17/50: train_loss=0.6303 val_auc=0.8950 best=0.8950 patience=0/10 *
    [tffm] epoch 18/50: train_loss=0.5980 val_auc=0.8945 best=0.8950 patience=1/10
    [tffm] epoch 19/50: train_loss=0.5731 val_auc=0.8967 best=0.8967 patience=0/10 *
    [tffm] epoch 20/50: train_loss=0.5892 val_auc=0.8958 best=0.8967 patience=1/10
    [tffm] epoch 21/50: train_loss=0.5304 val_auc=0.8877 best=0.8967 patience=2/10
    [tffm] epoch 22/50: train_loss=0.7657 val_auc=0.8932 best=0.8967 patience=3/10
    [tffm] epoch 23/50: train_loss=0.6176 val_auc=0.8930 best=0.8967 patience=4/10
    [tffm] epoch 24/50: train_loss=0.5483 val_auc=0.8861 best=0.8967 patience=5/10
    [tffm] epoch 25/50: train_loss=0.5769 val_auc=0.8968 best=0.8968 patience=0/10 *
    [tffm] epoch 26/50: train_loss=0.6131 val_auc=0.8999 best=0.8999 patience=0/10 *
    [tffm] epoch 27/50: train_loss=0.5633 val_auc=0.8969 best=0.8999 patience=1/10
    [tffm] epoch 28/50: train_loss=0.6580 val_auc=0.8919 best=0.8999 patience=2/10
    [tffm] epoch 29/50: train_loss=0.5668 val_auc=0.8874 best=0.8999 patience=3/10
    [tffm] epoch 30/50: train_loss=0.5227 val_auc=0.8805 best=0.8999 patience=4/10
    [tffm] epoch 31/50: train_loss=0.5490 val_auc=0.8908 best=0.8999 patience=5/10
    [tffm] epoch 32/50: train_loss=0.5354 val_auc=0.8989 best=0.8999 patience=6/10
    [tffm] epoch 33/50: train_loss=0.5335 val_auc=0.8998 best=0.8999 patience=7/10
    [tffm] epoch 34/50: train_loss=0.5242 val_auc=0.8977 best=0.8999 patience=8/10
    [tffm] epoch 35/50: train_loss=0.5589 val_auc=0.8872 best=0.8999 patience=9/10
    [tffm] epoch 36/50: train_loss=0.5562 val_auc=0.8927 best=0.8999 patience=10/10
    [tffm] early stop at epoch 36
  [tffm] fold 11/25: AUC=0.8999
    [tffm] epoch 01/50: train_loss=1.0972 val_auc=0.8697 best=0.8697 patience=0/10 *
    [tffm] epoch 02/50: train_loss=0.8913 val_auc=0.8586 best=0.8697 patience=1/10
    [tffm] epoch 03/50: train_loss=0.7936 val_auc=0.8716 best=0.8716 patience=0/10 *
    [tffm] epoch 04/50: train_loss=0.7370 val_auc=0.8680 best=0.8716 patience=1/10
    [tffm] epoch 05/50: train_loss=0.7795 val_auc=0.8604 best=0.8716 patience=2/10
    [tffm] epoch 06/50: train_loss=0.6738 val_auc=0.8052 best=0.8716 patience=3/10
    [tffm] epoch 07/50: train_loss=0.6558 val_auc=0.7903 best=0.8716 patience=4/10
    [tffm] epoch 08/50: train_loss=0.6646 val_auc=0.8099 best=0.8716 patience=5/10
    [tffm] epoch 09/50: train_loss=0.6739 val_auc=0.7597 best=0.8716 patience=6/10
    [tffm] epoch 10/50: train_loss=0.8162 val_auc=0.7467 best=0.8716 patience=7/10
    [tffm] epoch 11/50: train_loss=0.7272 val_auc=0.8540 best=0.8716 patience=8/10
    [tffm] epoch 12/50: train_loss=0.7406 val_auc=0.7684 best=0.8716 patience=9/10
    [tffm] epoch 13/50: train_loss=0.7709 val_auc=0.7688 best=0.8716 patience=10/10
    [tffm] early stop at epoch 13
  [tffm] fold 12/25: AUC=0.8716
    [tffm] epoch 01/50: train_loss=1.2044 val_auc=0.8424 best=0.8424 patience=0/10 *
    [tffm] epoch 02/50: train_loss=0.8742 val_auc=0.8535 best=0.8535 patience=0/10 *
    [tffm] epoch 03/50: train_loss=0.7915 val_auc=0.8628 best=0.8628 patience=0/10 *
    [tffm] epoch 04/50: train_loss=0.7800 val_auc=0.8853 best=0.8853 patience=0/10 *
    [tffm] epoch 05/50: train_loss=0.7775 val_auc=0.8896 best=0.8896 patience=0/10 *
    [tffm] epoch 06/50: train_loss=0.8002 val_auc=0.9008 best=0.9008 patience=0/10 *
    [tffm] epoch 07/50: train_loss=0.7505 val_auc=0.9083 best=0.9083 patience=0/10 *
    [tffm] epoch 08/50: train_loss=0.7342 val_auc=0.9073 best=0.9083 patience=1/10
    [tffm] epoch 09/50: train_loss=0.7078 val_auc=0.9120 best=0.9120 patience=0/10 *
    [tffm] epoch 10/50: train_loss=0.7972 val_auc=0.9201 best=0.9201 patience=0/10 *
    [tffm] epoch 11/50: train_loss=0.7921 val_auc=0.9035 best=0.9201 patience=1/10
    [tffm] epoch 12/50: train_loss=0.6822 val_auc=0.9227 best=0.9227 patience=0/10 *
    [tffm] epoch 13/50: train_loss=0.6825 val_auc=0.9135 best=0.9227 patience=1/10
    [tffm] epoch 14/50: train_loss=0.8009 val_auc=0.9262 best=0.9262 patience=0/10 *
    [tffm] epoch 15/50: train_loss=0.7988 val_auc=0.9288 best=0.9288 patience=0/10 *
    [tffm] epoch 16/50: train_loss=0.6918 val_auc=0.9185 best=0.9288 patience=1/10
    [tffm] epoch 17/50: train_loss=0.6489 val_auc=0.9265 best=0.9288 patience=2/10
    [tffm] epoch 18/50: train_loss=0.6313 val_auc=0.9273 best=0.9288 patience=3/10
    [tffm] epoch 19/50: train_loss=0.6518 val_auc=0.9267 best=0.9288 patience=4/10
    [tffm] epoch 20/50: train_loss=0.6818 val_auc=0.9242 best=0.9288 patience=5/10
    [tffm] epoch 21/50: train_loss=0.5884 val_auc=0.8993 best=0.9288 patience=6/10
    [tffm] epoch 22/50: train_loss=0.7083 val_auc=0.9281 best=0.9288 patience=7/10
    [tffm] epoch 23/50: train_loss=0.5845 val_auc=0.9322 best=0.9322 patience=0/10 *
    [tffm] epoch 24/50: train_loss=0.6337 val_auc=0.9084 best=0.9322 patience=1/10
    [tffm] epoch 25/50: train_loss=0.6019 val_auc=0.9323 best=0.9323 patience=0/10 *
    [tffm] epoch 26/50: train_loss=0.5971 val_auc=0.8990 best=0.9323 patience=1/10
    [tffm] epoch 27/50: train_loss=0.6146 val_auc=0.9256 best=0.9323 patience=2/10
    [tffm] epoch 28/50: train_loss=0.6337 val_auc=0.8918 best=0.9323 patience=3/10
    [tffm] epoch 29/50: train_loss=0.6388 val_auc=0.8948 best=0.9323 patience=4/10
    [tffm] epoch 30/50: train_loss=0.5619 val_auc=0.8770 best=0.9323 patience=5/10
    [tffm] epoch 31/50: train_loss=0.5517 val_auc=0.8695 best=0.9323 patience=6/10
    [tffm] epoch 32/50: train_loss=0.5506 val_auc=0.9125 best=0.9323 patience=7/10
    [tffm] epoch 33/50: train_loss=0.5362 val_auc=0.8488 best=0.9323 patience=8/10
    [tffm] epoch 34/50: train_loss=0.7043 val_auc=0.8735 best=0.9323 patience=9/10
    [tffm] epoch 35/50: train_loss=0.6692 val_auc=0.8958 best=0.9323 patience=10/10
    [tffm] early stop at epoch 35
  [tffm] fold 13/25: AUC=0.9323
    [tffm] epoch 01/50: train_loss=1.2212 val_auc=0.9216 best=0.9216 patience=0/10 *
    [tffm] epoch 02/50: train_loss=0.9403 val_auc=0.9351 best=0.9351 patience=0/10 *
    [tffm] epoch 03/50: train_loss=0.8325 val_auc=0.9470 best=0.9470 patience=0/10 *
    [tffm] epoch 04/50: train_loss=0.8977 val_auc=0.9590 best=0.9590 patience=0/10 *
    [tffm] epoch 05/50: train_loss=0.8707 val_auc=0.9654 best=0.9654 patience=0/10 *
    [tffm] epoch 06/50: train_loss=0.8297 val_auc=0.9645 best=0.9654 patience=1/10
    [tffm] epoch 07/50: train_loss=0.8858 val_auc=0.9662 best=0.9662 patience=0/10 *
    [tffm] epoch 08/50: train_loss=0.7432 val_auc=0.9686 best=0.9686 patience=0/10 *
    [tffm] epoch 09/50: train_loss=0.8155 val_auc=0.9679 best=0.9686 patience=1/10
    [tffm] epoch 10/50: train_loss=0.7979 val_auc=0.9686 best=0.9686 patience=0/10 *
    [tffm] epoch 11/50: train_loss=0.7302 val_auc=0.9700 best=0.9700 patience=0/10 *
    [tffm] epoch 12/50: train_loss=0.7921 val_auc=0.9696 best=0.9700 patience=1/10
    [tffm] epoch 13/50: train_loss=0.7784 val_auc=0.9702 best=0.9702 patience=0/10 *
    [tffm] epoch 14/50: train_loss=0.6937 val_auc=0.9695 best=0.9702 patience=1/10
    [tffm] epoch 15/50: train_loss=0.7577 val_auc=0.9700 best=0.9702 patience=2/10
    [tffm] epoch 16/50: train_loss=0.7365 val_auc=0.9691 best=0.9702 patience=3/10
    [tffm] epoch 17/50: train_loss=0.6987 val_auc=0.9690 best=0.9702 patience=4/10
    [tffm] epoch 18/50: train_loss=0.6977 val_auc=0.9675 best=0.9702 patience=5/10
    [tffm] epoch 19/50: train_loss=0.6816 val_auc=0.9709 best=0.9709 patience=0/10 *
    [tffm] epoch 20/50: train_loss=0.6965 val_auc=0.9730 best=0.9730 patience=0/10 *
    [tffm] epoch 21/50: train_loss=0.7196 val_auc=0.9717 best=0.9730 patience=1/10
    [tffm] epoch 22/50: train_loss=0.6266 val_auc=0.9729 best=0.9730 patience=2/10
    [tffm] epoch 23/50: train_loss=0.7307 val_auc=0.9692 best=0.9730 patience=3/10
    [tffm] epoch 24/50: train_loss=0.6641 val_auc=0.9685 best=0.9730 patience=4/10
    [tffm] epoch 25/50: train_loss=0.7105 val_auc=0.9678 best=0.9730 patience=5/10
    [tffm] epoch 26/50: train_loss=0.7136 val_auc=0.9656 best=0.9730 patience=6/10
    [tffm] epoch 27/50: train_loss=0.6319 val_auc=0.9679 best=0.9730 patience=7/10
    [tffm] epoch 28/50: train_loss=0.6115 val_auc=0.9674 best=0.9730 patience=8/10
    [tffm] epoch 29/50: train_loss=0.6299 val_auc=0.9677 best=0.9730 patience=9/10
    [tffm] epoch 30/50: train_loss=0.6000 val_auc=0.9619 best=0.9730 patience=10/10
    [tffm] early stop at epoch 30
  [tffm] fold 14/25: AUC=0.9730
    [tffm] epoch 01/50: train_loss=1.1873 val_auc=0.8630 best=0.8630 patience=0/10 *
    [tffm] epoch 02/50: train_loss=0.9561 val_auc=0.8788 best=0.8788 patience=0/10 *
    [tffm] epoch 03/50: train_loss=0.8740 val_auc=0.8812 best=0.8812 patience=0/10 *
    [tffm] epoch 04/50: train_loss=0.7553 val_auc=0.8899 best=0.8899 patience=0/10 *
    [tffm] epoch 05/50: train_loss=0.7354 val_auc=0.8962 best=0.8962 patience=0/10 *
    [tffm] epoch 06/50: train_loss=0.7909 val_auc=0.8988 best=0.8988 patience=0/10 *
    [tffm] epoch 07/50: train_loss=0.6946 val_auc=0.9033 best=0.9033 patience=0/10 *
    [tffm] epoch 08/50: train_loss=0.8050 val_auc=0.9063 best=0.9063 patience=0/10 *
    [tffm] epoch 09/50: train_loss=0.7131 val_auc=0.9039 best=0.9063 patience=1/10
    [tffm] epoch 10/50: train_loss=0.7653 val_auc=0.9065 best=0.9065 patience=0/10 *
    [tffm] epoch 11/50: train_loss=0.6771 val_auc=0.9018 best=0.9065 patience=1/10
    [tffm] epoch 12/50: train_loss=0.7016 val_auc=0.8953 best=0.9065 patience=2/10
    [tffm] epoch 13/50: train_loss=0.7213 val_auc=0.8961 best=0.9065 patience=3/10
    [tffm] epoch 14/50: train_loss=0.7348 val_auc=0.8703 best=0.9065 patience=4/10
    [tffm] epoch 15/50: train_loss=0.7493 val_auc=0.9109 best=0.9109 patience=0/10 *
    [tffm] epoch 16/50: train_loss=0.6264 val_auc=0.9090 best=0.9109 patience=1/10
    [tffm] epoch 17/50: train_loss=0.6018 val_auc=0.9099 best=0.9109 patience=2/10
    [tffm] epoch 18/50: train_loss=0.6020 val_auc=0.9047 best=0.9109 patience=3/10
    [tffm] epoch 19/50: train_loss=0.7077 val_auc=0.9097 best=0.9109 patience=4/10
    [tffm] epoch 20/50: train_loss=0.5854 val_auc=0.9131 best=0.9131 patience=0/10 *
    [tffm] epoch 21/50: train_loss=0.6218 val_auc=0.9085 best=0.9131 patience=1/10
    [tffm] epoch 22/50: train_loss=0.6101 val_auc=0.9079 best=0.9131 patience=2/10
    [tffm] epoch 23/50: train_loss=0.5723 val_auc=0.9082 best=0.9131 patience=3/10
    [tffm] epoch 24/50: train_loss=0.5495 val_auc=0.8906 best=0.9131 patience=4/10
    [tffm] epoch 25/50: train_loss=0.6182 val_auc=0.9063 best=0.9131 patience=5/10
    [tffm] epoch 26/50: train_loss=0.5391 val_auc=0.8136 best=0.9131 patience=6/10
    [tffm] epoch 27/50: train_loss=0.6023 val_auc=0.9034 best=0.9131 patience=7/10
    [tffm] epoch 28/50: train_loss=0.6010 val_auc=0.8776 best=0.9131 patience=8/10
    [tffm] epoch 29/50: train_loss=0.5626 val_auc=0.9099 best=0.9131 patience=9/10
    [tffm] epoch 30/50: train_loss=0.5859 val_auc=0.8533 best=0.9131 patience=10/10
    [tffm] early stop at epoch 30
  [tffm] fold 15/25: AUC=0.9131
    [tffm] epoch 01/50: train_loss=1.1947 val_auc=0.8295 best=0.8295 patience=0/10 *
    [tffm] epoch 02/50: train_loss=0.8802 val_auc=0.8477 best=0.8477 patience=0/10 *
    [tffm] epoch 03/50: train_loss=0.7721 val_auc=0.8539 best=0.8539 patience=0/10 *
    [tffm] epoch 04/50: train_loss=0.7277 val_auc=0.8522 best=0.8539 patience=1/10
    [tffm] epoch 05/50: train_loss=0.7296 val_auc=0.8594 best=0.8594 patience=0/10 *
    [tffm] epoch 06/50: train_loss=0.6838 val_auc=0.8589 best=0.8594 patience=1/10
    [tffm] epoch 07/50: train_loss=0.6798 val_auc=0.8580 best=0.8594 patience=2/10
    [tffm] epoch 08/50: train_loss=0.6461 val_auc=0.8588 best=0.8594 patience=3/10
    [tffm] epoch 09/50: train_loss=0.6498 val_auc=0.8581 best=0.8594 patience=4/10
    [tffm] epoch 10/50: train_loss=0.6433 val_auc=0.8604 best=0.8604 patience=0/10 *
    [tffm] epoch 11/50: train_loss=0.7119 val_auc=0.8664 best=0.8664 patience=0/10 *
    [tffm] epoch 12/50: train_loss=0.6909 val_auc=0.8671 best=0.8671 patience=0/10 *
    [tffm] epoch 13/50: train_loss=0.6182 val_auc=0.8680 best=0.8680 patience=0/10 *
    [tffm] epoch 14/50: train_loss=0.6528 val_auc=0.8652 best=0.8680 patience=1/10
    [tffm] epoch 15/50: train_loss=0.6944 val_auc=0.8740 best=0.8740 patience=0/10 *
    [tffm] epoch 16/50: train_loss=0.6062 val_auc=0.8797 best=0.8797 patience=0/10 *
    [tffm] epoch 17/50: train_loss=0.5801 val_auc=0.8810 best=0.8810 patience=0/10 *
    [tffm] epoch 18/50: train_loss=0.5743 val_auc=0.8881 best=0.8881 patience=0/10 *
    [tffm] epoch 19/50: train_loss=0.5777 val_auc=0.8884 best=0.8884 patience=0/10 *
    [tffm] epoch 20/50: train_loss=0.5840 val_auc=0.8968 best=0.8968 patience=0/10 *
    [tffm] epoch 21/50: train_loss=0.6934 val_auc=0.8985 best=0.8985 patience=0/10 *
    [tffm] epoch 22/50: train_loss=0.5389 val_auc=0.8897 best=0.8985 patience=1/10
    [tffm] epoch 23/50: train_loss=0.5964 val_auc=0.8949 best=0.8985 patience=2/10
    [tffm] epoch 24/50: train_loss=0.5585 val_auc=0.8960 best=0.8985 patience=3/10
    [tffm] epoch 25/50: train_loss=0.6314 val_auc=0.8980 best=0.8985 patience=4/10
    [tffm] epoch 26/50: train_loss=0.5289 val_auc=0.8942 best=0.8985 patience=5/10
    [tffm] epoch 27/50: train_loss=0.5693 val_auc=0.8929 best=0.8985 patience=6/10
    [tffm] epoch 28/50: train_loss=0.5197 val_auc=0.8923 best=0.8985 patience=7/10
    [tffm] epoch 29/50: train_loss=0.6079 val_auc=0.8838 best=0.8985 patience=8/10
    [tffm] epoch 30/50: train_loss=0.5133 val_auc=0.8854 best=0.8985 patience=9/10
    [tffm] epoch 31/50: train_loss=0.4810 val_auc=0.8773 best=0.8985 patience=10/10
    [tffm] early stop at epoch 31
  [tffm] fold 16/25: AUC=0.8985
    [tffm] epoch 01/50: train_loss=1.1303 val_auc=0.8716 best=0.8716 patience=0/10 *
    [tffm] epoch 02/50: train_loss=0.9413 val_auc=0.8846 best=0.8846 patience=0/10 *
    [tffm] epoch 03/50: train_loss=0.8184 val_auc=0.8828 best=0.8846 patience=1/10
    [tffm] epoch 04/50: train_loss=0.8823 val_auc=0.8868 best=0.8868 patience=0/10 *
    [tffm] epoch 05/50: train_loss=0.8348 val_auc=0.8919 best=0.8919 patience=0/10 *
    [tffm] epoch 06/50: train_loss=0.7560 val_auc=0.8972 best=0.8972 patience=0/10 *
    [tffm] epoch 07/50: train_loss=0.7261 val_auc=0.9029 best=0.9029 patience=0/10 *
    [tffm] epoch 08/50: train_loss=0.8122 val_auc=0.9063 best=0.9063 patience=0/10 *
    [tffm] epoch 09/50: train_loss=0.7279 val_auc=0.9066 best=0.9066 patience=0/10 *
    [tffm] epoch 10/50: train_loss=0.8379 val_auc=0.9078 best=0.9078 patience=0/10 *
    [tffm] epoch 11/50: train_loss=0.7326 val_auc=0.9064 best=0.9078 patience=1/10
    [tffm] epoch 12/50: train_loss=0.6738 val_auc=0.9137 best=0.9137 patience=0/10 *
    [tffm] epoch 13/50: train_loss=0.7502 val_auc=0.9149 best=0.9149 patience=0/10 *
    [tffm] epoch 14/50: train_loss=0.6718 val_auc=0.9171 best=0.9171 patience=0/10 *
    [tffm] epoch 15/50: train_loss=0.7025 val_auc=0.9179 best=0.9179 patience=0/10 *
    [tffm] epoch 16/50: train_loss=0.7971 val_auc=0.9196 best=0.9196 patience=0/10 *
    [tffm] epoch 17/50: train_loss=0.6637 val_auc=0.9211 best=0.9211 patience=0/10 *
    [tffm] epoch 18/50: train_loss=0.6618 val_auc=0.9205 best=0.9211 patience=1/10
    [tffm] epoch 19/50: train_loss=0.6192 val_auc=0.8957 best=0.9211 patience=2/10
    [tffm] epoch 20/50: train_loss=0.6807 val_auc=0.9193 best=0.9211 patience=3/10
    [tffm] epoch 21/50: train_loss=0.7447 val_auc=0.9122 best=0.9211 patience=4/10
    [tffm] epoch 22/50: train_loss=0.6218 val_auc=0.9100 best=0.9211 patience=5/10
    [tffm] epoch 23/50: train_loss=0.6183 val_auc=0.9078 best=0.9211 patience=6/10
    [tffm] epoch 24/50: train_loss=0.6350 val_auc=0.9095 best=0.9211 patience=7/10
    [tffm] epoch 25/50: train_loss=0.5900 val_auc=0.8922 best=0.9211 patience=8/10
    [tffm] epoch 26/50: train_loss=0.6368 val_auc=0.8786 best=0.9211 patience=9/10
    [tffm] epoch 27/50: train_loss=0.5592 val_auc=0.8475 best=0.9211 patience=10/10
    [tffm] early stop at epoch 27
  [tffm] fold 17/25: AUC=0.9211
    [tffm] epoch 01/50: train_loss=1.1605 val_auc=0.8443 best=0.8443 patience=0/10 *
    [tffm] epoch 02/50: train_loss=0.9719 val_auc=0.8636 best=0.8636 patience=0/10 *
    [tffm] epoch 03/50: train_loss=0.7555 val_auc=0.8800 best=0.8800 patience=0/10 *
    [tffm] epoch 04/50: train_loss=0.8439 val_auc=0.8826 best=0.8826 patience=0/10 *
    [tffm] epoch 05/50: train_loss=0.7053 val_auc=0.8645 best=0.8826 patience=1/10
    [tffm] epoch 06/50: train_loss=0.8076 val_auc=0.8770 best=0.8826 patience=2/10
    [tffm] epoch 07/50: train_loss=0.7234 val_auc=0.8667 best=0.8826 patience=3/10
    [tffm] epoch 08/50: train_loss=0.7360 val_auc=0.8771 best=0.8826 patience=4/10
    [tffm] epoch 09/50: train_loss=0.6955 val_auc=0.8667 best=0.8826 patience=5/10
    [tffm] epoch 10/50: train_loss=0.6587 val_auc=0.8637 best=0.8826 patience=6/10
    [tffm] epoch 11/50: train_loss=0.8029 val_auc=0.8715 best=0.8826 patience=7/10
    [tffm] epoch 12/50: train_loss=0.6107 val_auc=0.8705 best=0.8826 patience=8/10
    [tffm] epoch 13/50: train_loss=0.6654 val_auc=0.8866 best=0.8866 patience=0/10 *
    [tffm] epoch 14/50: train_loss=0.6358 val_auc=0.8808 best=0.8866 patience=1/10
    [tffm] epoch 15/50: train_loss=0.5837 val_auc=0.8838 best=0.8866 patience=2/10
    [tffm] epoch 16/50: train_loss=0.6137 val_auc=0.8822 best=0.8866 patience=3/10
    [tffm] epoch 17/50: train_loss=0.5872 val_auc=0.8278 best=0.8866 patience=4/10
    [tffm] epoch 18/50: train_loss=0.7112 val_auc=0.8849 best=0.8866 patience=5/10
    [tffm] epoch 19/50: train_loss=0.6423 val_auc=0.8806 best=0.8866 patience=6/10
    [tffm] epoch 20/50: train_loss=0.5675 val_auc=0.8882 best=0.8882 patience=0/10 *
    [tffm] epoch 21/50: train_loss=0.5771 val_auc=0.8636 best=0.8882 patience=1/10
    [tffm] epoch 22/50: train_loss=0.6031 val_auc=0.8841 best=0.8882 patience=2/10
    [tffm] epoch 23/50: train_loss=0.5467 val_auc=0.8151 best=0.8882 patience=3/10
    [tffm] epoch 24/50: train_loss=0.5924 val_auc=0.8879 best=0.8882 patience=4/10
    [tffm] epoch 25/50: train_loss=0.6223 val_auc=0.7939 best=0.8882 patience=5/10
    [tffm] epoch 26/50: train_loss=0.5821 val_auc=0.8907 best=0.8907 patience=0/10 *
    [tffm] epoch 27/50: train_loss=0.5110 val_auc=0.8093 best=0.8907 patience=1/10
    [tffm] epoch 28/50: train_loss=0.5787 val_auc=0.8852 best=0.8907 patience=2/10
    [tffm] epoch 29/50: train_loss=0.5448 val_auc=0.7977 best=0.8907 patience=3/10
    [tffm] epoch 30/50: train_loss=0.5515 val_auc=0.8313 best=0.8907 patience=4/10
    [tffm] epoch 31/50: train_loss=0.5587 val_auc=0.7977 best=0.8907 patience=5/10
    [tffm] epoch 32/50: train_loss=0.6092 val_auc=0.8432 best=0.8907 patience=6/10
    [tffm] epoch 33/50: train_loss=0.5248 val_auc=0.7405 best=0.8907 patience=7/10
    [tffm] epoch 34/50: train_loss=0.5871 val_auc=0.8828 best=0.8907 patience=8/10
    [tffm] epoch 35/50: train_loss=0.5157 val_auc=0.7271 best=0.8907 patience=9/10
    [tffm] epoch 36/50: train_loss=0.7355 val_auc=0.8412 best=0.8907 patience=10/10
    [tffm] early stop at epoch 36
  [tffm] fold 18/25: AUC=0.8907
    [tffm] epoch 01/50: train_loss=1.3022 val_auc=0.8771 best=0.8771 patience=0/10 *
    [tffm] epoch 02/50: train_loss=0.9405 val_auc=0.8848 best=0.8848 patience=0/10 *
    [tffm] epoch 03/50: train_loss=0.8377 val_auc=0.8898 best=0.8898 patience=0/10 *
    [tffm] epoch 04/50: train_loss=0.8332 val_auc=0.9067 best=0.9067 patience=0/10 *
    [tffm] epoch 05/50: train_loss=0.8341 val_auc=0.9190 best=0.9190 patience=0/10 *
    [tffm] epoch 06/50: train_loss=0.8087 val_auc=0.9230 best=0.9230 patience=0/10 *
    [tffm] epoch 07/50: train_loss=0.8210 val_auc=0.9322 best=0.9322 patience=0/10 *
    [tffm] epoch 08/50: train_loss=0.7230 val_auc=0.9259 best=0.9322 patience=1/10
    [tffm] epoch 09/50: train_loss=0.7602 val_auc=0.9411 best=0.9411 patience=0/10 *
    [tffm] epoch 10/50: train_loss=0.8245 val_auc=0.9370 best=0.9411 patience=1/10
    [tffm] epoch 11/50: train_loss=0.7110 val_auc=0.9378 best=0.9411 patience=2/10
    [tffm] epoch 12/50: train_loss=0.7142 val_auc=0.9335 best=0.9411 patience=3/10
    [tffm] epoch 13/50: train_loss=0.6960 val_auc=0.9349 best=0.9411 patience=4/10
    [tffm] epoch 14/50: train_loss=0.7087 val_auc=0.9356 best=0.9411 patience=5/10
    [tffm] epoch 15/50: train_loss=0.6909 val_auc=0.9398 best=0.9411 patience=6/10
    [tffm] epoch 16/50: train_loss=0.6571 val_auc=0.9390 best=0.9411 patience=7/10
    [tffm] epoch 17/50: train_loss=0.6544 val_auc=0.9164 best=0.9411 patience=8/10
    [tffm] epoch 18/50: train_loss=0.6962 val_auc=0.9476 best=0.9476 patience=0/10 *
    [tffm] epoch 19/50: train_loss=0.6538 val_auc=0.9429 best=0.9476 patience=1/10
    [tffm] epoch 20/50: train_loss=0.6373 val_auc=0.9427 best=0.9476 patience=2/10
    [tffm] epoch 21/50: train_loss=0.6686 val_auc=0.9442 best=0.9476 patience=3/10
    [tffm] epoch 22/50: train_loss=0.6245 val_auc=0.9448 best=0.9476 patience=4/10
    [tffm] epoch 23/50: train_loss=0.6773 val_auc=0.9425 best=0.9476 patience=5/10
    [tffm] epoch 24/50: train_loss=0.6505 val_auc=0.9508 best=0.9508 patience=0/10 *
    [tffm] epoch 25/50: train_loss=0.7362 val_auc=0.9547 best=0.9547 patience=0/10 *
    [tffm] epoch 26/50: train_loss=0.6290 val_auc=0.9474 best=0.9547 patience=1/10
    [tffm] epoch 27/50: train_loss=0.6384 val_auc=0.9348 best=0.9547 patience=2/10
    [tffm] epoch 28/50: train_loss=0.6338 val_auc=0.9486 best=0.9547 patience=3/10
    [tffm] epoch 29/50: train_loss=0.5978 val_auc=0.9508 best=0.9547 patience=4/10
    [tffm] epoch 30/50: train_loss=0.6822 val_auc=0.9450 best=0.9547 patience=5/10
    [tffm] epoch 31/50: train_loss=0.6074 val_auc=0.9414 best=0.9547 patience=6/10
    [tffm] epoch 32/50: train_loss=0.6441 val_auc=0.9504 best=0.9547 patience=7/10
    [tffm] epoch 33/50: train_loss=0.7197 val_auc=0.9509 best=0.9547 patience=8/10
    [tffm] epoch 34/50: train_loss=0.6097 val_auc=0.9389 best=0.9547 patience=9/10
    [tffm] epoch 35/50: train_loss=0.5968 val_auc=0.9496 best=0.9547 patience=10/10
    [tffm] early stop at epoch 35
  [tffm] fold 19/25: AUC=0.9547
    [tffm] epoch 01/50: train_loss=1.1916 val_auc=0.8734 best=0.8734 patience=0/10 *
    [tffm] epoch 02/50: train_loss=0.9591 val_auc=0.8847 best=0.8847 patience=0/10 *
    [tffm] epoch 03/50: train_loss=0.8074 val_auc=0.8941 best=0.8941 patience=0/10 *
    [tffm] epoch 04/50: train_loss=0.8252 val_auc=0.9034 best=0.9034 patience=0/10 *
    [tffm] epoch 05/50: train_loss=0.9243 val_auc=0.9271 best=0.9271 patience=0/10 *
    [tffm] epoch 06/50: train_loss=0.7785 val_auc=0.9449 best=0.9449 patience=0/10 *
    [tffm] epoch 07/50: train_loss=0.8706 val_auc=0.9389 best=0.9449 patience=1/10
    [tffm] epoch 08/50: train_loss=0.8234 val_auc=0.9478 best=0.9478 patience=0/10 *
    [tffm] epoch 09/50: train_loss=0.7594 val_auc=0.9479 best=0.9479 patience=0/10 *
    [tffm] epoch 10/50: train_loss=0.7819 val_auc=0.9529 best=0.9529 patience=0/10 *
    [tffm] epoch 11/50: train_loss=0.7435 val_auc=0.9545 best=0.9545 patience=0/10 *
    [tffm] epoch 12/50: train_loss=0.7319 val_auc=0.9571 best=0.9571 patience=0/10 *
    [tffm] epoch 13/50: train_loss=0.7499 val_auc=0.9581 best=0.9581 patience=0/10 *
    [tffm] epoch 14/50: train_loss=0.7371 val_auc=0.9615 best=0.9615 patience=0/10 *
    [tffm] epoch 15/50: train_loss=0.6863 val_auc=0.9618 best=0.9618 patience=0/10 *
    [tffm] epoch 16/50: train_loss=0.7073 val_auc=0.9627 best=0.9627 patience=0/10 *
    [tffm] epoch 17/50: train_loss=0.7027 val_auc=0.9647 best=0.9647 patience=0/10 *
    [tffm] epoch 18/50: train_loss=0.6657 val_auc=0.9653 best=0.9653 patience=0/10 *
    [tffm] epoch 19/50: train_loss=0.6373 val_auc=0.9639 best=0.9653 patience=1/10
    [tffm] epoch 20/50: train_loss=0.6613 val_auc=0.9627 best=0.9653 patience=2/10
    [tffm] epoch 21/50: train_loss=0.7355 val_auc=0.9597 best=0.9653 patience=3/10
    [tffm] epoch 22/50: train_loss=0.6721 val_auc=0.9575 best=0.9653 patience=4/10
    [tffm] epoch 23/50: train_loss=0.6364 val_auc=0.9564 best=0.9653 patience=5/10
    [tffm] epoch 24/50: train_loss=0.6203 val_auc=0.9537 best=0.9653 patience=6/10
    [tffm] epoch 25/50: train_loss=0.6837 val_auc=0.9551 best=0.9653 patience=7/10
    [tffm] epoch 26/50: train_loss=0.6468 val_auc=0.9546 best=0.9653 patience=8/10
    [tffm] epoch 27/50: train_loss=0.7326 val_auc=0.9469 best=0.9653 patience=9/10
    [tffm] epoch 28/50: train_loss=0.5991 val_auc=0.9513 best=0.9653 patience=10/10
    [tffm] early stop at epoch 28
  [tffm] fold 20/25: AUC=0.9653
    [tffm] epoch 01/50: train_loss=1.0661 val_auc=0.7937 best=0.7937 patience=0/10 *
    [tffm] epoch 02/50: train_loss=0.8380 val_auc=0.8039 best=0.8039 patience=0/10 *
    [tffm] epoch 03/50: train_loss=0.7510 val_auc=0.8082 best=0.8082 patience=0/10 *
    [tffm] epoch 04/50: train_loss=0.7189 val_auc=0.8210 best=0.8210 patience=0/10 *
    [tffm] epoch 05/50: train_loss=0.7207 val_auc=0.8181 best=0.8210 patience=1/10
    [tffm] epoch 06/50: train_loss=0.6962 val_auc=0.8272 best=0.8272 patience=0/10 *
    [tffm] epoch 07/50: train_loss=0.7440 val_auc=0.8363 best=0.8363 patience=0/10 *
    [tffm] epoch 08/50: train_loss=0.6918 val_auc=0.8408 best=0.8408 patience=0/10 *
    [tffm] epoch 09/50: train_loss=0.6715 val_auc=0.8432 best=0.8432 patience=0/10 *
    [tffm] epoch 10/50: train_loss=0.6465 val_auc=0.8428 best=0.8432 patience=1/10
    [tffm] epoch 11/50: train_loss=0.6077 val_auc=0.8517 best=0.8517 patience=0/10 *
    [tffm] epoch 12/50: train_loss=0.6204 val_auc=0.8549 best=0.8549 patience=0/10 *
    [tffm] epoch 13/50: train_loss=0.6165 val_auc=0.8585 best=0.8585 patience=0/10 *
    [tffm] epoch 14/50: train_loss=0.5876 val_auc=0.8591 best=0.8591 patience=0/10 *
    [tffm] epoch 15/50: train_loss=0.6866 val_auc=0.8645 best=0.8645 patience=0/10 *
    [tffm] epoch 16/50: train_loss=0.5601 val_auc=0.8561 best=0.8645 patience=1/10
    [tffm] epoch 17/50: train_loss=0.5718 val_auc=0.8317 best=0.8645 patience=2/10
    [tffm] epoch 18/50: train_loss=0.5462 val_auc=0.8611 best=0.8645 patience=3/10
    [tffm] epoch 19/50: train_loss=0.5216 val_auc=0.7916 best=0.8645 patience=4/10
    [tffm] epoch 20/50: train_loss=0.5386 val_auc=0.8610 best=0.8645 patience=5/10
    [tffm] epoch 21/50: train_loss=0.5448 val_auc=0.7732 best=0.8645 patience=6/10
    [tffm] epoch 22/50: train_loss=0.5425 val_auc=0.8682 best=0.8682 patience=0/10 *
    [tffm] epoch 23/50: train_loss=0.6115 val_auc=0.7941 best=0.8682 patience=1/10
    [tffm] epoch 24/50: train_loss=0.5995 val_auc=0.8427 best=0.8682 patience=2/10
    [tffm] epoch 25/50: train_loss=0.5753 val_auc=0.8165 best=0.8682 patience=3/10
    [tffm] epoch 26/50: train_loss=0.4887 val_auc=0.8273 best=0.8682 patience=4/10
    [tffm] epoch 27/50: train_loss=0.5873 val_auc=0.7567 best=0.8682 patience=5/10
    [tffm] epoch 28/50: train_loss=0.5050 val_auc=0.8057 best=0.8682 patience=6/10
    [tffm] epoch 29/50: train_loss=0.5328 val_auc=0.8156 best=0.8682 patience=7/10
    [tffm] epoch 30/50: train_loss=0.4959 val_auc=0.7351 best=0.8682 patience=8/10
    [tffm] epoch 31/50: train_loss=0.4770 val_auc=0.7233 best=0.8682 patience=9/10
    [tffm] epoch 32/50: train_loss=0.4665 val_auc=0.7327 best=0.8682 patience=10/10
    [tffm] early stop at epoch 32
  [tffm] fold 21/25: AUC=0.8682
    [tffm] epoch 01/50: train_loss=1.1817 val_auc=0.8619 best=0.8619 patience=0/10 *
    [tffm] epoch 02/50: train_loss=0.9079 val_auc=0.8798 best=0.8798 patience=0/10 *
    [tffm] epoch 03/50: train_loss=0.8075 val_auc=0.8914 best=0.8914 patience=0/10 *
    [tffm] epoch 04/50: train_loss=0.7731 val_auc=0.9046 best=0.9046 patience=0/10 *
    [tffm] epoch 05/50: train_loss=0.7669 val_auc=0.9054 best=0.9054 patience=0/10 *
    [tffm] epoch 06/50: train_loss=0.8612 val_auc=0.9075 best=0.9075 patience=0/10 *
    [tffm] epoch 07/50: train_loss=0.7056 val_auc=0.9056 best=0.9075 patience=1/10
    [tffm] epoch 08/50: train_loss=0.7439 val_auc=0.9117 best=0.9117 patience=0/10 *
    [tffm] epoch 09/50: train_loss=0.7946 val_auc=0.9066 best=0.9117 patience=1/10
    [tffm] epoch 10/50: train_loss=0.7300 val_auc=0.9055 best=0.9117 patience=2/10
    [tffm] epoch 11/50: train_loss=0.6643 val_auc=0.9021 best=0.9117 patience=3/10
    [tffm] epoch 12/50: train_loss=0.6641 val_auc=0.9091 best=0.9117 patience=4/10
    [tffm] epoch 13/50: train_loss=0.6892 val_auc=0.9092 best=0.9117 patience=5/10
    [tffm] epoch 14/50: train_loss=0.7103 val_auc=0.9166 best=0.9166 patience=0/10 *
    [tffm] epoch 15/50: train_loss=0.6979 val_auc=0.9097 best=0.9166 patience=1/10
    [tffm] epoch 16/50: train_loss=0.7608 val_auc=0.9185 best=0.9185 patience=0/10 *
    [tffm] epoch 17/50: train_loss=0.6363 val_auc=0.8854 best=0.9185 patience=1/10
    [tffm] epoch 18/50: train_loss=0.7180 val_auc=0.9183 best=0.9185 patience=2/10
    [tffm] epoch 19/50: train_loss=0.6443 val_auc=0.9106 best=0.9185 patience=3/10
    [tffm] epoch 20/50: train_loss=0.6603 val_auc=0.9220 best=0.9220 patience=0/10 *
    [tffm] epoch 21/50: train_loss=0.6311 val_auc=0.9215 best=0.9220 patience=1/10
    [tffm] epoch 22/50: train_loss=0.6513 val_auc=0.9180 best=0.9220 patience=2/10
    [tffm] epoch 23/50: train_loss=0.5886 val_auc=0.9160 best=0.9220 patience=3/10
    [tffm] epoch 24/50: train_loss=0.6284 val_auc=0.9222 best=0.9222 patience=0/10 *
    [tffm] epoch 25/50: train_loss=0.6487 val_auc=0.9193 best=0.9222 patience=1/10
    [tffm] epoch 26/50: train_loss=0.6061 val_auc=0.9205 best=0.9222 patience=2/10
    [tffm] epoch 27/50: train_loss=0.5642 val_auc=0.9121 best=0.9222 patience=3/10
    [tffm] epoch 28/50: train_loss=0.5735 val_auc=0.9200 best=0.9222 patience=4/10
    [tffm] epoch 29/50: train_loss=0.5740 val_auc=0.9059 best=0.9222 patience=5/10
    [tffm] epoch 30/50: train_loss=0.5800 val_auc=0.9036 best=0.9222 patience=6/10
    [tffm] epoch 31/50: train_loss=0.5556 val_auc=0.9127 best=0.9222 patience=7/10
    [tffm] epoch 32/50: train_loss=0.6120 val_auc=0.9136 best=0.9222 patience=8/10
    [tffm] epoch 33/50: train_loss=0.5677 val_auc=0.9073 best=0.9222 patience=9/10
    [tffm] epoch 34/50: train_loss=0.5874 val_auc=0.9121 best=0.9222 patience=10/10
    [tffm] early stop at epoch 34
  [tffm] fold 22/25: AUC=0.9222
    [tffm] epoch 01/50: train_loss=1.1556 val_auc=0.9026 best=0.9026 patience=0/10 *
    [tffm] epoch 02/50: train_loss=0.9903 val_auc=0.9031 best=0.9031 patience=0/10 *
    [tffm] epoch 03/50: train_loss=0.8147 val_auc=0.9064 best=0.9064 patience=0/10 *
    [tffm] epoch 04/50: train_loss=0.7889 val_auc=0.9104 best=0.9104 patience=0/10 *
    [tffm] epoch 05/50: train_loss=0.8237 val_auc=0.9169 best=0.9169 patience=0/10 *
    [tffm] epoch 06/50: train_loss=0.7870 val_auc=0.9236 best=0.9236 patience=0/10 *
    [tffm] epoch 07/50: train_loss=0.7296 val_auc=0.9286 best=0.9286 patience=0/10 *
    [tffm] epoch 08/50: train_loss=0.7505 val_auc=0.9318 best=0.9318 patience=0/10 *
    [tffm] epoch 09/50: train_loss=0.7337 val_auc=0.9363 best=0.9363 patience=0/10 *
    [tffm] epoch 10/50: train_loss=0.7102 val_auc=0.9344 best=0.9363 patience=1/10
    [tffm] epoch 11/50: train_loss=0.7477 val_auc=0.9353 best=0.9363 patience=2/10
    [tffm] epoch 12/50: train_loss=0.7109 val_auc=0.9380 best=0.9380 patience=0/10 *
    [tffm] epoch 13/50: train_loss=0.6810 val_auc=0.9353 best=0.9380 patience=1/10
    [tffm] epoch 14/50: train_loss=0.6972 val_auc=0.9367 best=0.9380 patience=2/10
    [tffm] epoch 15/50: train_loss=0.6701 val_auc=0.9365 best=0.9380 patience=3/10
    [tffm] epoch 16/50: train_loss=0.6526 val_auc=0.9359 best=0.9380 patience=4/10
    [tffm] epoch 17/50: train_loss=0.6547 val_auc=0.9370 best=0.9380 patience=5/10
    [tffm] epoch 18/50: train_loss=0.6650 val_auc=0.9364 best=0.9380 patience=6/10
    [tffm] epoch 19/50: train_loss=0.7338 val_auc=0.9327 best=0.9380 patience=7/10
    [tffm] epoch 20/50: train_loss=0.7192 val_auc=0.9277 best=0.9380 patience=8/10
    [tffm] epoch 21/50: train_loss=0.6570 val_auc=0.9267 best=0.9380 patience=9/10
    [tffm] epoch 22/50: train_loss=0.6750 val_auc=0.9377 best=0.9380 patience=10/10
    [tffm] early stop at epoch 22
  [tffm] fold 23/25: AUC=0.9380
    [tffm] epoch 01/50: train_loss=1.1629 val_auc=0.8622 best=0.8622 patience=0/10 *
    [tffm] epoch 02/50: train_loss=0.9150 val_auc=0.8643 best=0.8643 patience=0/10 *
    [tffm] epoch 03/50: train_loss=0.7979 val_auc=0.8648 best=0.8648 patience=0/10 *
    [tffm] epoch 04/50: train_loss=0.7623 val_auc=0.8707 best=0.8707 patience=0/10 *
    [tffm] epoch 05/50: train_loss=0.7294 val_auc=0.8777 best=0.8777 patience=0/10 *
    [tffm] epoch 06/50: train_loss=0.7878 val_auc=0.8846 best=0.8846 patience=0/10 *
    [tffm] epoch 07/50: train_loss=0.7804 val_auc=0.8869 best=0.8869 patience=0/10 *
    [tffm] epoch 08/50: train_loss=0.7288 val_auc=0.8525 best=0.8869 patience=1/10
    [tffm] epoch 09/50: train_loss=0.7581 val_auc=0.8831 best=0.8869 patience=2/10
    [tffm] epoch 10/50: train_loss=0.8611 val_auc=0.8685 best=0.8869 patience=3/10
    [tffm] epoch 11/50: train_loss=0.7088 val_auc=0.8685 best=0.8869 patience=4/10
    [tffm] epoch 12/50: train_loss=0.7023 val_auc=0.8931 best=0.8931 patience=0/10 *
    [tffm] epoch 13/50: train_loss=0.7134 val_auc=0.8848 best=0.8931 patience=1/10
    [tffm] epoch 14/50: train_loss=0.7216 val_auc=0.8864 best=0.8931 patience=2/10
    [tffm] epoch 15/50: train_loss=0.6904 val_auc=0.8740 best=0.8931 patience=3/10
    [tffm] epoch 16/50: train_loss=0.6597 val_auc=0.8619 best=0.8931 patience=4/10
    [tffm] epoch 17/50: train_loss=0.6412 val_auc=0.8695 best=0.8931 patience=5/10
    [tffm] epoch 18/50: train_loss=0.6787 val_auc=0.8780 best=0.8931 patience=6/10
    [tffm] epoch 19/50: train_loss=0.6263 val_auc=0.8789 best=0.8931 patience=7/10
    [tffm] epoch 20/50: train_loss=0.7213 val_auc=0.8705 best=0.8931 patience=8/10
    [tffm] epoch 21/50: train_loss=0.6511 val_auc=0.8654 best=0.8931 patience=9/10
    [tffm] epoch 22/50: train_loss=0.5973 val_auc=0.8415 best=0.8931 patience=10/10
    [tffm] early stop at epoch 22
  [tffm] fold 24/25: AUC=0.8931
    [tffm] epoch 01/50: train_loss=1.1551 val_auc=0.8696 best=0.8696 patience=0/10 *
    [tffm] epoch 02/50: train_loss=0.9107 val_auc=0.8753 best=0.8753 patience=0/10 *
    [tffm] epoch 03/50: train_loss=0.8266 val_auc=0.8826 best=0.8826 patience=0/10 *
    [tffm] epoch 04/50: train_loss=0.8358 val_auc=0.8886 best=0.8886 patience=0/10 *
    [tffm] epoch 05/50: train_loss=0.8372 val_auc=0.9007 best=0.9007 patience=0/10 *
    [tffm] epoch 06/50: train_loss=0.7494 val_auc=0.9084 best=0.9084 patience=0/10 *
    [tffm] epoch 07/50: train_loss=0.7781 val_auc=0.9127 best=0.9127 patience=0/10 *
    [tffm] epoch 08/50: train_loss=0.7389 val_auc=0.9170 best=0.9170 patience=0/10 *
    [tffm] epoch 09/50: train_loss=0.7127 val_auc=0.9207 best=0.9207 patience=0/10 *
    [tffm] epoch 10/50: train_loss=0.7144 val_auc=0.9259 best=0.9259 patience=0/10 *
    [tffm] epoch 11/50: train_loss=0.7323 val_auc=0.9225 best=0.9259 patience=1/10
    [tffm] epoch 12/50: train_loss=0.6914 val_auc=0.9255 best=0.9259 patience=2/10
    [tffm] epoch 13/50: train_loss=0.7127 val_auc=0.9279 best=0.9279 patience=0/10 *
    [tffm] epoch 14/50: train_loss=0.6499 val_auc=0.9340 best=0.9340 patience=0/10 *
    [tffm] epoch 15/50: train_loss=0.7367 val_auc=0.9359 best=0.9359 patience=0/10 *
    [tffm] epoch 16/50: train_loss=0.7021 val_auc=0.9357 best=0.9359 patience=1/10
    [tffm] epoch 17/50: train_loss=0.6455 val_auc=0.9360 best=0.9360 patience=0/10 *
    [tffm] epoch 18/50: train_loss=0.6139 val_auc=0.9386 best=0.9386 patience=0/10 *
    [tffm] epoch 19/50: train_loss=0.7514 val_auc=0.9334 best=0.9386 patience=1/10
    [tffm] epoch 20/50: train_loss=0.5994 val_auc=0.9380 best=0.9386 patience=2/10
    [tffm] epoch 21/50: train_loss=0.6075 val_auc=0.9394 best=0.9394 patience=0/10 *
    [tffm] epoch 22/50: train_loss=0.5896 val_auc=0.9329 best=0.9394 patience=1/10
    [tffm] epoch 23/50: train_loss=0.5965 val_auc=0.9384 best=0.9394 patience=2/10
    [tffm] epoch 24/50: train_loss=0.5750 val_auc=0.9414 best=0.9414 patience=0/10 *
    [tffm] epoch 25/50: train_loss=0.5834 val_auc=0.9453 best=0.9453 patience=0/10 *
    [tffm] epoch 26/50: train_loss=0.7688 val_auc=0.9187 best=0.9453 patience=1/10
    [tffm] epoch 27/50: train_loss=0.5886 val_auc=0.9361 best=0.9453 patience=2/10
    [tffm] epoch 28/50: train_loss=0.6466 val_auc=0.9469 best=0.9469 patience=0/10 *
    [tffm] epoch 29/50: train_loss=0.6026 val_auc=0.9415 best=0.9469 patience=1/10
    [tffm] epoch 30/50: train_loss=0.5589 val_auc=0.9215 best=0.9469 patience=2/10
    [tffm] epoch 31/50: train_loss=0.5720 val_auc=0.9372 best=0.9469 patience=3/10
    [tffm] epoch 32/50: train_loss=0.5868 val_auc=0.9372 best=0.9469 patience=4/10
    [tffm] epoch 33/50: train_loss=0.5381 val_auc=0.9086 best=0.9469 patience=5/10
    [tffm] epoch 34/50: train_loss=0.6065 val_auc=0.9332 best=0.9469 patience=6/10
    [tffm] epoch 35/50: train_loss=0.6457 val_auc=0.9203 best=0.9469 patience=7/10
    [tffm] epoch 36/50: train_loss=0.6275 val_auc=0.9312 best=0.9469 patience=8/10
    [tffm] epoch 37/50: train_loss=0.6279 val_auc=0.8486 best=0.9469 patience=9/10
    [tffm] epoch 38/50: train_loss=0.5625 val_auc=0.9381 best=0.9469 patience=10/10
    [tffm] early stop at epoch 38
  [tffm] fold 25/25: AUC=0.9469
tffm: mean=0.9188, std=0.0278, q25=0.8985, q10=0.8878 over 25 folds
