
== cv gnn ==
  out:   ./runs/sweep/gnn_h256_lr5e4
  cv     n_splits=5 n_repeats=5 quick=False
  model  seed=42 device=cuda epochs=30 lr=0.0005 weight_decay=0.0001 early_stop_patience=10 hidden=256 dropout=0.3
  data   data_dir=./data/facebook-recruiting-iv-human-or-bot runs_dir=./runs cache_dir=./runs/cache

    [gnn] epoch 01/30: train_loss=1.3084 val_auc=0.7377 best=0.7377 patience=0/10 *
    [gnn] epoch 02/30: train_loss=1.2753 val_auc=0.7775 best=0.7775 patience=0/10 *
    [gnn] epoch 03/30: train_loss=1.2445 val_auc=0.7669 best=0.7775 patience=1/10
    [gnn] epoch 04/30: train_loss=1.2101 val_auc=0.7617 best=0.7775 patience=2/10
    [gnn] epoch 05/30: train_loss=1.1528 val_auc=0.7605 best=0.7775 patience=3/10
    [gnn] epoch 06/30: train_loss=1.1234 val_auc=0.7618 best=0.7775 patience=4/10
    [gnn] epoch 07/30: train_loss=1.0850 val_auc=0.7593 best=0.7775 patience=5/10
    [gnn] epoch 08/30: train_loss=1.0441 val_auc=0.7604 best=0.7775 patience=6/10
    [gnn] epoch 09/30: train_loss=0.9670 val_auc=0.7609 best=0.7775 patience=7/10
    [gnn] epoch 10/30: train_loss=0.9603 val_auc=0.7619 best=0.7775 patience=8/10
    [gnn] epoch 11/30: train_loss=0.8950 val_auc=0.7683 best=0.7775 patience=9/10
    [gnn] epoch 12/30: train_loss=0.9273 val_auc=0.7690 best=0.7775 patience=10/10
    [gnn] early stop at epoch 12
  [gnn] fold 1/25: AUC=0.7775
    [gnn] epoch 01/30: train_loss=1.3284 val_auc=0.7855 best=0.7855 patience=0/10 *
    [gnn] epoch 02/30: train_loss=1.2826 val_auc=0.7567 best=0.7855 patience=1/10
    [gnn] epoch 03/30: train_loss=1.2485 val_auc=0.7557 best=0.7855 patience=2/10
    [gnn] epoch 04/30: train_loss=1.2059 val_auc=0.7649 best=0.7855 patience=3/10
    [gnn] epoch 05/30: train_loss=1.1700 val_auc=0.7684 best=0.7855 patience=4/10
    [gnn] epoch 06/30: train_loss=1.1240 val_auc=0.7744 best=0.7855 patience=5/10
    [gnn] epoch 07/30: train_loss=1.0920 val_auc=0.7807 best=0.7855 patience=6/10
    [gnn] epoch 08/30: train_loss=1.0609 val_auc=0.7870 best=0.7870 patience=0/10 *
    [gnn] epoch 09/30: train_loss=1.0307 val_auc=0.7911 best=0.7911 patience=0/10 *
    [gnn] epoch 10/30: train_loss=0.9775 val_auc=0.7956 best=0.7956 patience=0/10 *
    [gnn] epoch 11/30: train_loss=0.9232 val_auc=0.7977 best=0.7977 patience=0/10 *
    [gnn] epoch 12/30: train_loss=0.8939 val_auc=0.8020 best=0.8020 patience=0/10 *
    [gnn] epoch 13/30: train_loss=0.8381 val_auc=0.8047 best=0.8047 patience=0/10 *
    [gnn] epoch 14/30: train_loss=0.8319 val_auc=0.8078 best=0.8078 patience=0/10 *
    [gnn] epoch 15/30: train_loss=0.7994 val_auc=0.8119 best=0.8119 patience=0/10 *
    [gnn] epoch 16/30: train_loss=0.7623 val_auc=0.8144 best=0.8144 patience=0/10 *
    [gnn] epoch 17/30: train_loss=0.7046 val_auc=0.8187 best=0.8187 patience=0/10 *
    [gnn] epoch 18/30: train_loss=0.7681 val_auc=0.8202 best=0.8202 patience=0/10 *
    [gnn] epoch 19/30: train_loss=0.7115 val_auc=0.8217 best=0.8217 patience=0/10 *
    [gnn] epoch 20/30: train_loss=0.6763 val_auc=0.8235 best=0.8235 patience=0/10 *
    [gnn] epoch 21/30: train_loss=0.6678 val_auc=0.8254 best=0.8254 patience=0/10 *
    [gnn] epoch 22/30: train_loss=0.5983 val_auc=0.8256 best=0.8256 patience=0/10 *
    [gnn] epoch 23/30: train_loss=0.5402 val_auc=0.8255 best=0.8256 patience=1/10
    [gnn] epoch 24/30: train_loss=0.5419 val_auc=0.8272 best=0.8272 patience=0/10 *
    [gnn] epoch 25/30: train_loss=0.5609 val_auc=0.8260 best=0.8272 patience=1/10
    [gnn] epoch 26/30: train_loss=0.4831 val_auc=0.8272 best=0.8272 patience=2/10
    [gnn] epoch 27/30: train_loss=0.4657 val_auc=0.8262 best=0.8272 patience=3/10
    [gnn] epoch 28/30: train_loss=0.4712 val_auc=0.8245 best=0.8272 patience=4/10
    [gnn] epoch 29/30: train_loss=0.4693 val_auc=0.8252 best=0.8272 patience=5/10
    [gnn] epoch 30/30: train_loss=0.4188 val_auc=0.8276 best=0.8276 patience=0/10 *
  [gnn] fold 2/25: AUC=0.8276
    [gnn] epoch 01/30: train_loss=1.3265 val_auc=0.6976 best=0.6976 patience=0/10 *
    [gnn] epoch 02/30: train_loss=1.2807 val_auc=0.7458 best=0.7458 patience=0/10 *
    [gnn] epoch 03/30: train_loss=1.2403 val_auc=0.7563 best=0.7563 patience=0/10 *
    [gnn] epoch 04/30: train_loss=1.2022 val_auc=0.7624 best=0.7624 patience=0/10 *
    [gnn] epoch 05/30: train_loss=1.1767 val_auc=0.7582 best=0.7624 patience=1/10
    [gnn] epoch 06/30: train_loss=1.1066 val_auc=0.7592 best=0.7624 patience=2/10
    [gnn] epoch 07/30: train_loss=1.0676 val_auc=0.7655 best=0.7655 patience=0/10 *
    [gnn] epoch 08/30: train_loss=1.0250 val_auc=0.7695 best=0.7695 patience=0/10 *
    [gnn] epoch 09/30: train_loss=1.0053 val_auc=0.7691 best=0.7695 patience=1/10
    [gnn] epoch 10/30: train_loss=0.9267 val_auc=0.7725 best=0.7725 patience=0/10 *
    [gnn] epoch 11/30: train_loss=0.9025 val_auc=0.7761 best=0.7761 patience=0/10 *
    [gnn] epoch 12/30: train_loss=0.8786 val_auc=0.7784 best=0.7784 patience=0/10 *
    [gnn] epoch 13/30: train_loss=0.8452 val_auc=0.7791 best=0.7791 patience=0/10 *
    [gnn] epoch 14/30: train_loss=0.8130 val_auc=0.7815 best=0.7815 patience=0/10 *
    [gnn] epoch 15/30: train_loss=0.7876 val_auc=0.7838 best=0.7838 patience=0/10 *
    [gnn] epoch 16/30: train_loss=0.7541 val_auc=0.7873 best=0.7873 patience=0/10 *
    [gnn] epoch 17/30: train_loss=0.7082 val_auc=0.7907 best=0.7907 patience=0/10 *
    [gnn] epoch 18/30: train_loss=0.6775 val_auc=0.7929 best=0.7929 patience=0/10 *
    [gnn] epoch 19/30: train_loss=0.6350 val_auc=0.7963 best=0.7963 patience=0/10 *
    [gnn] epoch 20/30: train_loss=0.6053 val_auc=0.7999 best=0.7999 patience=0/10 *
    [gnn] epoch 21/30: train_loss=0.5835 val_auc=0.7981 best=0.7999 patience=1/10
    [gnn] epoch 22/30: train_loss=0.5634 val_auc=0.8009 best=0.8009 patience=0/10 *
    [gnn] epoch 23/30: train_loss=0.5476 val_auc=0.8033 best=0.8033 patience=0/10 *
    [gnn] epoch 24/30: train_loss=0.5985 val_auc=0.8054 best=0.8054 patience=0/10 *
    [gnn] epoch 25/30: train_loss=0.5910 val_auc=0.8082 best=0.8082 patience=0/10 *
    [gnn] epoch 26/30: train_loss=0.4686 val_auc=0.8055 best=0.8082 patience=1/10
    [gnn] epoch 27/30: train_loss=0.5426 val_auc=0.8065 best=0.8082 patience=2/10
    [gnn] epoch 28/30: train_loss=0.5218 val_auc=0.8096 best=0.8096 patience=0/10 *
    [gnn] epoch 29/30: train_loss=0.4107 val_auc=0.8110 best=0.8110 patience=0/10 *
    [gnn] epoch 30/30: train_loss=0.4095 val_auc=0.8095 best=0.8110 patience=1/10
  [gnn] fold 3/25: AUC=0.8110
    [gnn] epoch 01/30: train_loss=1.3096 val_auc=0.6830 best=0.6830 patience=0/10 *
    [gnn] epoch 02/30: train_loss=1.2657 val_auc=0.7001 best=0.7001 patience=0/10 *
    [gnn] epoch 03/30: train_loss=1.2073 val_auc=0.7179 best=0.7179 patience=0/10 *
    [gnn] epoch 04/30: train_loss=1.1723 val_auc=0.7308 best=0.7308 patience=0/10 *
    [gnn] epoch 05/30: train_loss=1.1328 val_auc=0.7397 best=0.7397 patience=0/10 *
    [gnn] epoch 06/30: train_loss=1.0869 val_auc=0.7445 best=0.7445 patience=0/10 *
    [gnn] epoch 07/30: train_loss=1.0290 val_auc=0.7466 best=0.7466 patience=0/10 *
    [gnn] epoch 08/30: train_loss=1.0062 val_auc=0.7509 best=0.7509 patience=0/10 *
    [gnn] epoch 09/30: train_loss=0.9582 val_auc=0.7560 best=0.7560 patience=0/10 *
    [gnn] epoch 10/30: train_loss=0.9109 val_auc=0.7581 best=0.7581 patience=0/10 *
    [gnn] epoch 11/30: train_loss=0.9166 val_auc=0.7609 best=0.7609 patience=0/10 *
    [gnn] epoch 12/30: train_loss=0.8464 val_auc=0.7573 best=0.7609 patience=1/10
    [gnn] epoch 13/30: train_loss=0.8023 val_auc=0.7558 best=0.7609 patience=2/10
    [gnn] epoch 14/30: train_loss=0.7973 val_auc=0.7563 best=0.7609 patience=3/10
    [gnn] epoch 15/30: train_loss=0.7398 val_auc=0.7576 best=0.7609 patience=4/10
    [gnn] epoch 16/30: train_loss=0.7175 val_auc=0.7590 best=0.7609 patience=5/10
    [gnn] epoch 17/30: train_loss=0.6776 val_auc=0.7603 best=0.7609 patience=6/10
    [gnn] epoch 18/30: train_loss=0.6808 val_auc=0.7620 best=0.7620 patience=0/10 *
    [gnn] epoch 19/30: train_loss=0.6893 val_auc=0.7637 best=0.7637 patience=0/10 *
    [gnn] epoch 20/30: train_loss=0.6153 val_auc=0.7593 best=0.7637 patience=1/10
    [gnn] epoch 21/30: train_loss=0.5693 val_auc=0.7585 best=0.7637 patience=2/10
    [gnn] epoch 22/30: train_loss=0.6320 val_auc=0.7573 best=0.7637 patience=3/10
    [gnn] epoch 23/30: train_loss=0.5422 val_auc=0.7572 best=0.7637 patience=4/10
    [gnn] epoch 24/30: train_loss=0.5511 val_auc=0.7579 best=0.7637 patience=5/10
    [gnn] epoch 25/30: train_loss=0.4872 val_auc=0.7563 best=0.7637 patience=6/10
    [gnn] epoch 26/30: train_loss=0.6382 val_auc=0.7556 best=0.7637 patience=7/10
    [gnn] epoch 27/30: train_loss=0.6883 val_auc=0.7582 best=0.7637 patience=8/10
    [gnn] epoch 28/30: train_loss=0.4858 val_auc=0.7582 best=0.7637 patience=9/10
    [gnn] epoch 29/30: train_loss=0.4855 val_auc=0.7568 best=0.7637 patience=10/10
    [gnn] early stop at epoch 29
  [gnn] fold 4/25: AUC=0.7637
    [gnn] epoch 01/30: train_loss=1.3109 val_auc=0.7321 best=0.7321 patience=0/10 *
    [gnn] epoch 02/30: train_loss=1.2689 val_auc=0.7634 best=0.7634 patience=0/10 *
    [gnn] epoch 03/30: train_loss=1.2267 val_auc=0.7819 best=0.7819 patience=0/10 *
    [gnn] epoch 04/30: train_loss=1.1849 val_auc=0.7855 best=0.7855 patience=0/10 *
    [gnn] epoch 05/30: train_loss=1.1350 val_auc=0.7912 best=0.7912 patience=0/10 *
    [gnn] epoch 06/30: train_loss=1.1069 val_auc=0.7993 best=0.7993 patience=0/10 *
    [gnn] epoch 07/30: train_loss=1.0528 val_auc=0.8046 best=0.8046 patience=0/10 *
    [gnn] epoch 08/30: train_loss=1.0653 val_auc=0.8139 best=0.8139 patience=0/10 *
    [gnn] epoch 09/30: train_loss=0.9731 val_auc=0.8223 best=0.8223 patience=0/10 *
    [gnn] epoch 10/30: train_loss=0.9208 val_auc=0.8241 best=0.8241 patience=0/10 *
    [gnn] epoch 11/30: train_loss=0.9141 val_auc=0.8277 best=0.8277 patience=0/10 *
    [gnn] epoch 12/30: train_loss=0.9154 val_auc=0.8302 best=0.8302 patience=0/10 *
    [gnn] epoch 13/30: train_loss=0.8957 val_auc=0.8289 best=0.8302 patience=1/10
    [gnn] epoch 14/30: train_loss=0.8501 val_auc=0.8305 best=0.8305 patience=0/10 *
    [gnn] epoch 15/30: train_loss=0.8014 val_auc=0.8321 best=0.8321 patience=0/10 *
    [gnn] epoch 16/30: train_loss=0.7511 val_auc=0.8338 best=0.8338 patience=0/10 *
    [gnn] epoch 17/30: train_loss=0.7458 val_auc=0.8308 best=0.8338 patience=1/10
    [gnn] epoch 18/30: train_loss=0.6746 val_auc=0.8293 best=0.8338 patience=2/10
    [gnn] epoch 19/30: train_loss=0.7251 val_auc=0.8314 best=0.8338 patience=3/10
    [gnn] epoch 20/30: train_loss=0.6794 val_auc=0.8295 best=0.8338 patience=4/10
    [gnn] epoch 21/30: train_loss=0.6330 val_auc=0.8250 best=0.8338 patience=5/10
    [gnn] epoch 22/30: train_loss=0.6271 val_auc=0.8253 best=0.8338 patience=6/10
    [gnn] epoch 23/30: train_loss=0.6073 val_auc=0.8291 best=0.8338 patience=7/10
    [gnn] epoch 24/30: train_loss=0.5629 val_auc=0.8276 best=0.8338 patience=8/10
    [gnn] epoch 25/30: train_loss=0.5308 val_auc=0.8237 best=0.8338 patience=9/10
    [gnn] epoch 26/30: train_loss=0.5374 val_auc=0.8213 best=0.8338 patience=10/10
    [gnn] early stop at epoch 26
  [gnn] fold 5/25: AUC=0.8338
    [gnn] epoch 01/30: train_loss=1.3228 val_auc=0.6470 best=0.6470 patience=0/10 *
    [gnn] epoch 02/30: train_loss=1.2749 val_auc=0.6614 best=0.6614 patience=0/10 *
    [gnn] epoch 03/30: train_loss=1.2330 val_auc=0.6731 best=0.6731 patience=0/10 *
    [gnn] epoch 04/30: train_loss=1.1926 val_auc=0.6796 best=0.6796 patience=0/10 *
    [gnn] epoch 05/30: train_loss=1.1665 val_auc=0.6953 best=0.6953 patience=0/10 *
    [gnn] epoch 06/30: train_loss=1.1121 val_auc=0.7019 best=0.7019 patience=0/10 *
    [gnn] epoch 07/30: train_loss=1.0637 val_auc=0.7071 best=0.7071 patience=0/10 *
    [gnn] epoch 08/30: train_loss=1.0487 val_auc=0.7076 best=0.7076 patience=0/10 *
    [gnn] epoch 09/30: train_loss=0.9723 val_auc=0.7105 best=0.7105 patience=0/10 *
    [gnn] epoch 10/30: train_loss=0.9266 val_auc=0.7149 best=0.7149 patience=0/10 *
    [gnn] epoch 11/30: train_loss=0.9127 val_auc=0.7165 best=0.7165 patience=0/10 *
    [gnn] epoch 12/30: train_loss=0.8609 val_auc=0.7194 best=0.7194 patience=0/10 *
    [gnn] epoch 13/30: train_loss=0.8758 val_auc=0.7249 best=0.7249 patience=0/10 *
    [gnn] epoch 14/30: train_loss=0.8523 val_auc=0.7296 best=0.7296 patience=0/10 *
    [gnn] epoch 15/30: train_loss=0.8302 val_auc=0.7275 best=0.7296 patience=1/10
    [gnn] epoch 16/30: train_loss=0.8575 val_auc=0.7266 best=0.7296 patience=2/10
    [gnn] epoch 17/30: train_loss=0.6988 val_auc=0.7248 best=0.7296 patience=3/10
    [gnn] epoch 18/30: train_loss=0.7454 val_auc=0.7256 best=0.7296 patience=4/10
    [gnn] epoch 19/30: train_loss=0.7504 val_auc=0.7261 best=0.7296 patience=5/10
    [gnn] epoch 20/30: train_loss=0.6778 val_auc=0.7261 best=0.7296 patience=6/10
    [gnn] epoch 21/30: train_loss=0.6031 val_auc=0.7248 best=0.7296 patience=7/10
    [gnn] epoch 22/30: train_loss=0.6074 val_auc=0.7234 best=0.7296 patience=8/10
    [gnn] epoch 23/30: train_loss=0.6297 val_auc=0.7215 best=0.7296 patience=9/10
    [gnn] epoch 24/30: train_loss=0.5770 val_auc=0.7226 best=0.7296 patience=10/10
    [gnn] early stop at epoch 24
  [gnn] fold 6/25: AUC=0.7296
    [gnn] epoch 01/30: train_loss=1.3441 val_auc=0.7350 best=0.7350 patience=0/10 *
    [gnn] epoch 02/30: train_loss=1.2975 val_auc=0.7550 best=0.7550 patience=0/10 *
    [gnn] epoch 03/30: train_loss=1.2515 val_auc=0.7609 best=0.7609 patience=0/10 *
    [gnn] epoch 04/30: train_loss=1.2154 val_auc=0.7714 best=0.7714 patience=0/10 *
    [gnn] epoch 05/30: train_loss=1.1879 val_auc=0.7818 best=0.7818 patience=0/10 *
    [gnn] epoch 06/30: train_loss=1.1528 val_auc=0.7878 best=0.7878 patience=0/10 *
    [gnn] epoch 07/30: train_loss=1.1049 val_auc=0.7911 best=0.7911 patience=0/10 *
    [gnn] epoch 08/30: train_loss=1.0645 val_auc=0.7983 best=0.7983 patience=0/10 *
    [gnn] epoch 09/30: train_loss=1.0064 val_auc=0.8022 best=0.8022 patience=0/10 *
    [gnn] epoch 10/30: train_loss=0.9746 val_auc=0.8022 best=0.8022 patience=1/10
    [gnn] epoch 11/30: train_loss=0.9339 val_auc=0.8064 best=0.8064 patience=0/10 *
    [gnn] epoch 12/30: train_loss=0.8802 val_auc=0.8065 best=0.8065 patience=0/10 *
    [gnn] epoch 13/30: train_loss=0.8656 val_auc=0.8072 best=0.8072 patience=0/10 *
    [gnn] epoch 14/30: train_loss=0.8520 val_auc=0.8053 best=0.8072 patience=1/10
    [gnn] epoch 15/30: train_loss=0.7723 val_auc=0.8085 best=0.8085 patience=0/10 *
    [gnn] epoch 16/30: train_loss=0.7130 val_auc=0.8098 best=0.8098 patience=0/10 *
    [gnn] epoch 17/30: train_loss=0.7118 val_auc=0.8094 best=0.8098 patience=1/10
    [gnn] epoch 18/30: train_loss=0.6937 val_auc=0.8058 best=0.8098 patience=2/10
    [gnn] epoch 19/30: train_loss=0.6679 val_auc=0.8072 best=0.8098 patience=3/10
    [gnn] epoch 20/30: train_loss=0.6105 val_auc=0.8109 best=0.8109 patience=0/10 *
    [gnn] epoch 21/30: train_loss=0.6339 val_auc=0.8103 best=0.8109 patience=1/10
    [gnn] epoch 22/30: train_loss=0.5784 val_auc=0.8084 best=0.8109 patience=2/10
    [gnn] epoch 23/30: train_loss=0.6032 val_auc=0.8063 best=0.8109 patience=3/10
    [gnn] epoch 24/30: train_loss=0.6321 val_auc=0.8120 best=0.8120 patience=0/10 *
    [gnn] epoch 25/30: train_loss=0.5290 val_auc=0.8141 best=0.8141 patience=0/10 *
    [gnn] epoch 26/30: train_loss=0.5958 val_auc=0.8171 best=0.8171 patience=0/10 *
    [gnn] epoch 27/30: train_loss=0.6068 val_auc=0.8185 best=0.8185 patience=0/10 *
    [gnn] epoch 28/30: train_loss=0.4890 val_auc=0.8131 best=0.8185 patience=1/10
    [gnn] epoch 29/30: train_loss=0.6252 val_auc=0.8103 best=0.8185 patience=2/10
    [gnn] epoch 30/30: train_loss=0.7438 val_auc=0.8141 best=0.8185 patience=3/10
  [gnn] fold 7/25: AUC=0.8185
    [gnn] epoch 01/30: train_loss=1.3216 val_auc=0.7579 best=0.7579 patience=0/10 *
    [gnn] epoch 02/30: train_loss=1.2825 val_auc=0.8015 best=0.8015 patience=0/10 *
    [gnn] epoch 03/30: train_loss=1.2334 val_auc=0.8190 best=0.8190 patience=0/10 *
    [gnn] epoch 04/30: train_loss=1.1933 val_auc=0.8116 best=0.8190 patience=1/10
    [gnn] epoch 05/30: train_loss=1.1522 val_auc=0.8062 best=0.8190 patience=2/10
    [gnn] epoch 06/30: train_loss=1.1266 val_auc=0.8033 best=0.8190 patience=3/10
    [gnn] epoch 07/30: train_loss=1.0578 val_auc=0.8098 best=0.8190 patience=4/10
    [gnn] epoch 08/30: train_loss=1.0111 val_auc=0.8130 best=0.8190 patience=5/10
    [gnn] epoch 09/30: train_loss=0.9765 val_auc=0.8139 best=0.8190 patience=6/10
    [gnn] epoch 10/30: train_loss=0.9311 val_auc=0.8222 best=0.8222 patience=0/10 *
    [gnn] epoch 11/30: train_loss=0.8769 val_auc=0.8226 best=0.8226 patience=0/10 *
    [gnn] epoch 12/30: train_loss=0.8607 val_auc=0.8231 best=0.8231 patience=0/10 *
    [gnn] epoch 13/30: train_loss=0.8318 val_auc=0.8252 best=0.8252 patience=0/10 *
    [gnn] epoch 14/30: train_loss=0.7653 val_auc=0.8285 best=0.8285 patience=0/10 *
    [gnn] epoch 15/30: train_loss=0.7340 val_auc=0.8305 best=0.8305 patience=0/10 *
    [gnn] epoch 16/30: train_loss=0.6949 val_auc=0.8303 best=0.8305 patience=1/10
    [gnn] epoch 17/30: train_loss=0.6731 val_auc=0.8290 best=0.8305 patience=2/10
    [gnn] epoch 18/30: train_loss=0.6481 val_auc=0.8277 best=0.8305 patience=3/10
    [gnn] epoch 19/30: train_loss=0.6037 val_auc=0.8287 best=0.8305 patience=4/10
    [gnn] epoch 20/30: train_loss=0.5999 val_auc=0.8293 best=0.8305 patience=5/10
    [gnn] epoch 21/30: train_loss=0.5594 val_auc=0.8310 best=0.8310 patience=0/10 *
    [gnn] epoch 22/30: train_loss=0.5199 val_auc=0.8316 best=0.8316 patience=0/10 *
    [gnn] epoch 23/30: train_loss=0.5038 val_auc=0.8321 best=0.8321 patience=0/10 *
    [gnn] epoch 24/30: train_loss=0.4914 val_auc=0.8275 best=0.8321 patience=1/10
    [gnn] epoch 25/30: train_loss=0.4317 val_auc=0.8229 best=0.8321 patience=2/10
    [gnn] epoch 26/30: train_loss=0.4773 val_auc=0.8232 best=0.8321 patience=3/10
    [gnn] epoch 27/30: train_loss=0.4161 val_auc=0.8290 best=0.8321 patience=4/10
    [gnn] epoch 28/30: train_loss=0.4735 val_auc=0.8298 best=0.8321 patience=5/10
    [gnn] epoch 29/30: train_loss=0.4328 val_auc=0.8272 best=0.8321 patience=6/10
    [gnn] epoch 30/30: train_loss=0.3259 val_auc=0.8220 best=0.8321 patience=7/10
  [gnn] fold 8/25: AUC=0.8321
    [gnn] epoch 01/30: train_loss=1.3322 val_auc=0.7440 best=0.7440 patience=0/10 *
    [gnn] epoch 02/30: train_loss=1.2756 val_auc=0.7990 best=0.7990 patience=0/10 *
    [gnn] epoch 03/30: train_loss=1.2340 val_auc=0.8114 best=0.8114 patience=0/10 *
    [gnn] epoch 04/30: train_loss=1.1890 val_auc=0.8052 best=0.8114 patience=1/10
    [gnn] epoch 05/30: train_loss=1.1719 val_auc=0.8105 best=0.8114 patience=2/10
    [gnn] epoch 06/30: train_loss=1.1366 val_auc=0.8169 best=0.8169 patience=0/10 *
    [gnn] epoch 07/30: train_loss=1.0969 val_auc=0.8148 best=0.8169 patience=1/10
    [gnn] epoch 08/30: train_loss=1.0428 val_auc=0.8092 best=0.8169 patience=2/10
    [gnn] epoch 09/30: train_loss=1.0081 val_auc=0.8088 best=0.8169 patience=3/10
    [gnn] epoch 10/30: train_loss=0.9453 val_auc=0.8092 best=0.8169 patience=4/10
    [gnn] epoch 11/30: train_loss=0.9210 val_auc=0.8090 best=0.8169 patience=5/10
    [gnn] epoch 12/30: train_loss=0.8644 val_auc=0.8111 best=0.8169 patience=6/10
    [gnn] epoch 13/30: train_loss=0.8027 val_auc=0.8147 best=0.8169 patience=7/10
    [gnn] epoch 14/30: train_loss=0.8135 val_auc=0.8182 best=0.8182 patience=0/10 *
    [gnn] epoch 15/30: train_loss=0.7639 val_auc=0.8179 best=0.8182 patience=1/10
    [gnn] epoch 16/30: train_loss=0.7505 val_auc=0.8228 best=0.8228 patience=0/10 *
    [gnn] epoch 17/30: train_loss=0.6858 val_auc=0.8277 best=0.8277 patience=0/10 *
    [gnn] epoch 18/30: train_loss=0.7192 val_auc=0.8285 best=0.8285 patience=0/10 *
    [gnn] epoch 19/30: train_loss=0.6649 val_auc=0.8277 best=0.8285 patience=1/10
    [gnn] epoch 20/30: train_loss=0.6310 val_auc=0.8287 best=0.8287 patience=0/10 *
    [gnn] epoch 21/30: train_loss=0.6549 val_auc=0.8330 best=0.8330 patience=0/10 *
    [gnn] epoch 22/30: train_loss=0.5968 val_auc=0.8349 best=0.8349 patience=0/10 *
    [gnn] epoch 23/30: train_loss=0.5532 val_auc=0.8353 best=0.8353 patience=0/10 *
    [gnn] epoch 24/30: train_loss=0.5424 val_auc=0.8394 best=0.8394 patience=0/10 *
    [gnn] epoch 25/30: train_loss=0.5006 val_auc=0.8445 best=0.8445 patience=0/10 *
    [gnn] epoch 26/30: train_loss=0.5024 val_auc=0.8479 best=0.8479 patience=0/10 *
    [gnn] epoch 27/30: train_loss=0.5122 val_auc=0.8459 best=0.8479 patience=1/10
    [gnn] epoch 28/30: train_loss=0.5061 val_auc=0.8474 best=0.8479 patience=2/10
    [gnn] epoch 29/30: train_loss=0.4573 val_auc=0.8513 best=0.8513 patience=0/10 *
    [gnn] epoch 30/30: train_loss=0.4282 val_auc=0.8518 best=0.8518 patience=0/10 *
  [gnn] fold 9/25: AUC=0.8518
    [gnn] epoch 01/30: train_loss=1.3235 val_auc=0.7579 best=0.7579 patience=0/10 *
    [gnn] epoch 02/30: train_loss=1.2763 val_auc=0.7582 best=0.7582 patience=0/10 *
    [gnn] epoch 03/30: train_loss=1.2417 val_auc=0.7593 best=0.7593 patience=0/10 *
    [gnn] epoch 04/30: train_loss=1.2110 val_auc=0.7729 best=0.7729 patience=0/10 *
    [gnn] epoch 05/30: train_loss=1.1688 val_auc=0.7719 best=0.7729 patience=1/10
    [gnn] epoch 06/30: train_loss=1.1366 val_auc=0.7708 best=0.7729 patience=2/10
    [gnn] epoch 07/30: train_loss=1.0891 val_auc=0.7717 best=0.7729 patience=3/10
    [gnn] epoch 08/30: train_loss=1.0691 val_auc=0.7798 best=0.7798 patience=0/10 *
    [gnn] epoch 09/30: train_loss=1.0052 val_auc=0.7843 best=0.7843 patience=0/10 *
    [gnn] epoch 10/30: train_loss=0.9632 val_auc=0.7889 best=0.7889 patience=0/10 *
    [gnn] epoch 11/30: train_loss=0.9301 val_auc=0.7885 best=0.7889 patience=1/10
    [gnn] epoch 12/30: train_loss=0.8778 val_auc=0.7916 best=0.7916 patience=0/10 *
    [gnn] epoch 13/30: train_loss=0.8417 val_auc=0.7950 best=0.7950 patience=0/10 *
    [gnn] epoch 14/30: train_loss=0.8192 val_auc=0.7978 best=0.7978 patience=0/10 *
    [gnn] epoch 15/30: train_loss=0.7668 val_auc=0.8005 best=0.8005 patience=0/10 *
    [gnn] epoch 16/30: train_loss=0.7466 val_auc=0.8024 best=0.8024 patience=0/10 *
    [gnn] epoch 17/30: train_loss=0.7216 val_auc=0.8025 best=0.8025 patience=0/10 *
    [gnn] epoch 18/30: train_loss=0.7315 val_auc=0.8034 best=0.8034 patience=0/10 *
    [gnn] epoch 19/30: train_loss=0.6451 val_auc=0.8059 best=0.8059 patience=0/10 *
    [gnn] epoch 20/30: train_loss=0.6463 val_auc=0.8071 best=0.8071 patience=0/10 *
    [gnn] epoch 21/30: train_loss=0.6663 val_auc=0.8071 best=0.8071 patience=1/10
    [gnn] epoch 22/30: train_loss=0.5652 val_auc=0.8089 best=0.8089 patience=0/10 *
    [gnn] epoch 23/30: train_loss=0.5623 val_auc=0.8114 best=0.8114 patience=0/10 *
    [gnn] epoch 24/30: train_loss=0.5555 val_auc=0.8137 best=0.8137 patience=0/10 *
    [gnn] epoch 25/30: train_loss=0.5053 val_auc=0.8160 best=0.8160 patience=0/10 *
    [gnn] epoch 26/30: train_loss=0.5547 val_auc=0.8166 best=0.8166 patience=0/10 *
    [gnn] epoch 27/30: train_loss=0.5086 val_auc=0.8182 best=0.8182 patience=0/10 *
    [gnn] epoch 28/30: train_loss=0.4430 val_auc=0.8187 best=0.8187 patience=0/10 *
    [gnn] epoch 29/30: train_loss=0.4407 val_auc=0.8192 best=0.8192 patience=0/10 *
    [gnn] epoch 30/30: train_loss=0.4267 val_auc=0.8196 best=0.8196 patience=0/10 *
  [gnn] fold 10/25: AUC=0.8196
    [gnn] epoch 01/30: train_loss=1.3108 val_auc=0.6400 best=0.6400 patience=0/10 *
    [gnn] epoch 02/30: train_loss=1.2675 val_auc=0.6471 best=0.6471 patience=0/10 *
    [gnn] epoch 03/30: train_loss=1.2288 val_auc=0.6594 best=0.6594 patience=0/10 *
    [gnn] epoch 04/30: train_loss=1.1912 val_auc=0.6697 best=0.6697 patience=0/10 *
    [gnn] epoch 05/30: train_loss=1.1489 val_auc=0.6743 best=0.6743 patience=0/10 *
    [gnn] epoch 06/30: train_loss=1.1019 val_auc=0.6819 best=0.6819 patience=0/10 *
    [gnn] epoch 07/30: train_loss=1.0684 val_auc=0.6938 best=0.6938 patience=0/10 *
    [gnn] epoch 08/30: train_loss=1.0204 val_auc=0.7038 best=0.7038 patience=0/10 *
    [gnn] epoch 09/30: train_loss=0.9775 val_auc=0.7098 best=0.7098 patience=0/10 *
    [gnn] epoch 10/30: train_loss=0.9271 val_auc=0.7120 best=0.7120 patience=0/10 *
    [gnn] epoch 11/30: train_loss=0.8893 val_auc=0.7165 best=0.7165 patience=0/10 *
    [gnn] epoch 12/30: train_loss=0.8423 val_auc=0.7185 best=0.7185 patience=0/10 *
    [gnn] epoch 13/30: train_loss=0.7979 val_auc=0.7218 best=0.7218 patience=0/10 *
    [gnn] epoch 14/30: train_loss=0.7767 val_auc=0.7246 best=0.7246 patience=0/10 *
    [gnn] epoch 15/30: train_loss=0.7938 val_auc=0.7277 best=0.7277 patience=0/10 *
    [gnn] epoch 16/30: train_loss=0.7319 val_auc=0.7284 best=0.7284 patience=0/10 *
    [gnn] epoch 17/30: train_loss=0.7230 val_auc=0.7296 best=0.7296 patience=0/10 *
    [gnn] epoch 18/30: train_loss=0.8119 val_auc=0.7342 best=0.7342 patience=0/10 *
    [gnn] epoch 19/30: train_loss=0.6859 val_auc=0.7349 best=0.7349 patience=0/10 *
    [gnn] epoch 20/30: train_loss=0.7488 val_auc=0.7360 best=0.7360 patience=0/10 *
    [gnn] epoch 21/30: train_loss=0.8171 val_auc=0.7359 best=0.7360 patience=1/10
    [gnn] epoch 22/30: train_loss=0.6936 val_auc=0.7362 best=0.7362 patience=0/10 *
    [gnn] epoch 23/30: train_loss=0.5940 val_auc=0.7378 best=0.7378 patience=0/10 *
    [gnn] epoch 24/30: train_loss=0.5897 val_auc=0.7388 best=0.7388 patience=0/10 *
    [gnn] epoch 25/30: train_loss=0.5253 val_auc=0.7415 best=0.7415 patience=0/10 *
    [gnn] epoch 26/30: train_loss=0.5405 val_auc=0.7423 best=0.7423 patience=0/10 *
    [gnn] epoch 27/30: train_loss=0.5407 val_auc=0.7450 best=0.7450 patience=0/10 *
    [gnn] epoch 28/30: train_loss=0.5087 val_auc=0.7456 best=0.7456 patience=0/10 *
    [gnn] epoch 29/30: train_loss=0.4680 val_auc=0.7447 best=0.7456 patience=1/10
    [gnn] epoch 30/30: train_loss=0.4669 val_auc=0.7467 best=0.7467 patience=0/10 *
  [gnn] fold 11/25: AUC=0.7467
    [gnn] epoch 01/30: train_loss=1.3217 val_auc=0.7742 best=0.7742 patience=0/10 *
    [gnn] epoch 02/30: train_loss=1.2723 val_auc=0.7875 best=0.7875 patience=0/10 *
    [gnn] epoch 03/30: train_loss=1.2445 val_auc=0.8032 best=0.8032 patience=0/10 *
    [gnn] epoch 04/30: train_loss=1.1988 val_auc=0.8025 best=0.8032 patience=1/10
    [gnn] epoch 05/30: train_loss=1.1740 val_auc=0.8035 best=0.8035 patience=0/10 *
    [gnn] epoch 06/30: train_loss=1.1304 val_auc=0.8028 best=0.8035 patience=1/10
    [gnn] epoch 07/30: train_loss=1.0960 val_auc=0.8047 best=0.8047 patience=0/10 *
    [gnn] epoch 08/30: train_loss=1.0720 val_auc=0.8024 best=0.8047 patience=1/10
    [gnn] epoch 09/30: train_loss=0.9797 val_auc=0.8064 best=0.8064 patience=0/10 *
    [gnn] epoch 10/30: train_loss=0.9595 val_auc=0.8114 best=0.8114 patience=0/10 *
    [gnn] epoch 11/30: train_loss=0.8674 val_auc=0.8150 best=0.8150 patience=0/10 *
    [gnn] epoch 12/30: train_loss=0.8339 val_auc=0.8140 best=0.8150 patience=1/10
    [gnn] epoch 13/30: train_loss=0.8369 val_auc=0.8145 best=0.8150 patience=2/10
    [gnn] epoch 14/30: train_loss=0.7972 val_auc=0.8144 best=0.8150 patience=3/10
    [gnn] epoch 15/30: train_loss=0.7763 val_auc=0.8120 best=0.8150 patience=4/10
    [gnn] epoch 16/30: train_loss=0.7284 val_auc=0.8156 best=0.8156 patience=0/10 *
    [gnn] epoch 17/30: train_loss=0.6873 val_auc=0.8189 best=0.8189 patience=0/10 *
    [gnn] epoch 18/30: train_loss=0.6887 val_auc=0.8201 best=0.8201 patience=0/10 *
    [gnn] epoch 19/30: train_loss=0.6689 val_auc=0.8207 best=0.8207 patience=0/10 *
    [gnn] epoch 20/30: train_loss=0.6434 val_auc=0.8222 best=0.8222 patience=0/10 *
    [gnn] epoch 21/30: train_loss=0.6013 val_auc=0.8237 best=0.8237 patience=0/10 *
    [gnn] epoch 22/30: train_loss=0.5793 val_auc=0.8250 best=0.8250 patience=0/10 *
    [gnn] epoch 23/30: train_loss=0.5349 val_auc=0.8270 best=0.8270 patience=0/10 *
    [gnn] epoch 24/30: train_loss=0.5371 val_auc=0.8287 best=0.8287 patience=0/10 *
    [gnn] epoch 25/30: train_loss=0.4948 val_auc=0.8298 best=0.8298 patience=0/10 *
    [gnn] epoch 26/30: train_loss=0.5093 val_auc=0.8305 best=0.8305 patience=0/10 *
    [gnn] epoch 27/30: train_loss=0.4770 val_auc=0.8295 best=0.8305 patience=1/10
    [gnn] epoch 28/30: train_loss=0.4628 val_auc=0.8307 best=0.8307 patience=0/10 *
    [gnn] epoch 29/30: train_loss=0.4116 val_auc=0.8332 best=0.8332 patience=0/10 *
    [gnn] epoch 30/30: train_loss=0.4110 val_auc=0.8332 best=0.8332 patience=0/10 *
  [gnn] fold 12/25: AUC=0.8332
    [gnn] epoch 01/30: train_loss=1.3175 val_auc=0.7208 best=0.7208 patience=0/10 *
    [gnn] epoch 02/30: train_loss=1.2869 val_auc=0.7472 best=0.7472 patience=0/10 *
    [gnn] epoch 03/30: train_loss=1.2594 val_auc=0.7731 best=0.7731 patience=0/10 *
    [gnn] epoch 04/30: train_loss=1.2279 val_auc=0.7838 best=0.7838 patience=0/10 *
    [gnn] epoch 05/30: train_loss=1.1931 val_auc=0.7891 best=0.7891 patience=0/10 *
    [gnn] epoch 06/30: train_loss=1.1616 val_auc=0.7928 best=0.7928 patience=0/10 *
    [gnn] epoch 07/30: train_loss=1.1257 val_auc=0.7993 best=0.7993 patience=0/10 *
    [gnn] epoch 08/30: train_loss=1.0875 val_auc=0.8044 best=0.8044 patience=0/10 *
    [gnn] epoch 09/30: train_loss=1.0337 val_auc=0.8120 best=0.8120 patience=0/10 *
    [gnn] epoch 10/30: train_loss=0.9857 val_auc=0.8125 best=0.8125 patience=0/10 *
    [gnn] epoch 11/30: train_loss=0.9351 val_auc=0.8125 best=0.8125 patience=1/10
    [gnn] epoch 12/30: train_loss=0.9223 val_auc=0.8116 best=0.8125 patience=2/10
    [gnn] epoch 13/30: train_loss=0.8908 val_auc=0.8093 best=0.8125 patience=3/10
    [gnn] epoch 14/30: train_loss=0.8663 val_auc=0.8114 best=0.8125 patience=4/10
    [gnn] epoch 15/30: train_loss=0.8223 val_auc=0.8106 best=0.8125 patience=5/10
    [gnn] epoch 16/30: train_loss=0.7743 val_auc=0.8085 best=0.8125 patience=6/10
    [gnn] epoch 17/30: train_loss=0.8057 val_auc=0.8096 best=0.8125 patience=7/10
    [gnn] epoch 18/30: train_loss=0.7067 val_auc=0.8089 best=0.8125 patience=8/10
    [gnn] epoch 19/30: train_loss=0.7322 val_auc=0.8078 best=0.8125 patience=9/10
    [gnn] epoch 20/30: train_loss=0.6826 val_auc=0.8072 best=0.8125 patience=10/10
    [gnn] early stop at epoch 20
  [gnn] fold 13/25: AUC=0.8125
    [gnn] epoch 01/30: train_loss=1.3193 val_auc=0.7907 best=0.7907 patience=0/10 *
    [gnn] epoch 02/30: train_loss=1.2924 val_auc=0.8499 best=0.8499 patience=0/10 *
    [gnn] epoch 03/30: train_loss=1.2572 val_auc=0.8590 best=0.8590 patience=0/10 *
    [gnn] epoch 04/30: train_loss=1.2263 val_auc=0.8711 best=0.8711 patience=0/10 *
    [gnn] epoch 05/30: train_loss=1.2076 val_auc=0.8745 best=0.8745 patience=0/10 *
    [gnn] epoch 06/30: train_loss=1.1619 val_auc=0.8783 best=0.8783 patience=0/10 *
    [gnn] epoch 07/30: train_loss=1.1300 val_auc=0.8759 best=0.8783 patience=1/10
    [gnn] epoch 08/30: train_loss=1.1049 val_auc=0.8853 best=0.8853 patience=0/10 *
    [gnn] epoch 09/30: train_loss=1.0441 val_auc=0.8954 best=0.8954 patience=0/10 *
    [gnn] epoch 10/30: train_loss=1.0066 val_auc=0.8988 best=0.8988 patience=0/10 *
    [gnn] epoch 11/30: train_loss=0.9644 val_auc=0.9027 best=0.9027 patience=0/10 *
    [gnn] epoch 12/30: train_loss=0.9211 val_auc=0.9076 best=0.9076 patience=0/10 *
    [gnn] epoch 13/30: train_loss=0.8610 val_auc=0.9151 best=0.9151 patience=0/10 *
    [gnn] epoch 14/30: train_loss=0.8308 val_auc=0.9158 best=0.9158 patience=0/10 *
    [gnn] epoch 15/30: train_loss=0.8094 val_auc=0.9211 best=0.9211 patience=0/10 *
    [gnn] epoch 16/30: train_loss=0.8011 val_auc=0.9177 best=0.9211 patience=1/10
    [gnn] epoch 17/30: train_loss=0.7123 val_auc=0.9165 best=0.9211 patience=2/10
    [gnn] epoch 18/30: train_loss=0.7235 val_auc=0.9132 best=0.9211 patience=3/10
    [gnn] epoch 19/30: train_loss=0.7152 val_auc=0.9120 best=0.9211 patience=4/10
    [gnn] epoch 20/30: train_loss=0.7095 val_auc=0.9097 best=0.9211 patience=5/10
    [gnn] epoch 21/30: train_loss=0.6553 val_auc=0.9105 best=0.9211 patience=6/10
    [gnn] epoch 22/30: train_loss=0.6478 val_auc=0.9069 best=0.9211 patience=7/10
    [gnn] epoch 23/30: train_loss=0.5673 val_auc=0.9059 best=0.9211 patience=8/10
    [gnn] epoch 24/30: train_loss=0.5559 val_auc=0.9088 best=0.9211 patience=9/10
    [gnn] epoch 25/30: train_loss=0.5528 val_auc=0.9077 best=0.9211 patience=10/10
    [gnn] early stop at epoch 25
  [gnn] fold 14/25: AUC=0.9211
    [gnn] epoch 01/30: train_loss=1.3229 val_auc=0.6318 best=0.6318 patience=0/10 *
    [gnn] epoch 02/30: train_loss=1.2844 val_auc=0.6741 best=0.6741 patience=0/10 *
    [gnn] epoch 03/30: train_loss=1.2355 val_auc=0.6967 best=0.6967 patience=0/10 *
    [gnn] epoch 04/30: train_loss=1.1878 val_auc=0.7153 best=0.7153 patience=0/10 *
    [gnn] epoch 05/30: train_loss=1.1614 val_auc=0.7220 best=0.7220 patience=0/10 *
    [gnn] epoch 06/30: train_loss=1.1235 val_auc=0.7285 best=0.7285 patience=0/10 *
    [gnn] epoch 07/30: train_loss=1.0739 val_auc=0.7429 best=0.7429 patience=0/10 *
    [gnn] epoch 08/30: train_loss=1.0155 val_auc=0.7580 best=0.7580 patience=0/10 *
    [gnn] epoch 09/30: train_loss=0.9584 val_auc=0.7715 best=0.7715 patience=0/10 *
    [gnn] epoch 10/30: train_loss=0.9287 val_auc=0.7776 best=0.7776 patience=0/10 *
    [gnn] epoch 11/30: train_loss=0.8601 val_auc=0.7780 best=0.7780 patience=0/10 *
    [gnn] epoch 12/30: train_loss=0.8472 val_auc=0.7829 best=0.7829 patience=0/10 *
    [gnn] epoch 13/30: train_loss=0.8376 val_auc=0.7864 best=0.7864 patience=0/10 *
    [gnn] epoch 14/30: train_loss=0.7639 val_auc=0.7884 best=0.7884 patience=0/10 *
    [gnn] epoch 15/30: train_loss=0.7242 val_auc=0.7864 best=0.7884 patience=1/10
    [gnn] epoch 16/30: train_loss=0.7115 val_auc=0.7847 best=0.7884 patience=2/10
    [gnn] epoch 17/30: train_loss=0.6889 val_auc=0.7857 best=0.7884 patience=3/10
    [gnn] epoch 18/30: train_loss=0.6868 val_auc=0.7872 best=0.7884 patience=4/10
    [gnn] epoch 19/30: train_loss=0.6062 val_auc=0.7881 best=0.7884 patience=5/10
    [gnn] epoch 20/30: train_loss=0.6450 val_auc=0.7914 best=0.7914 patience=0/10 *
    [gnn] epoch 21/30: train_loss=0.6080 val_auc=0.7955 best=0.7955 patience=0/10 *
    [gnn] epoch 22/30: train_loss=0.5312 val_auc=0.7927 best=0.7955 patience=1/10
    [gnn] epoch 23/30: train_loss=0.5353 val_auc=0.7872 best=0.7955 patience=2/10
    [gnn] epoch 24/30: train_loss=0.4897 val_auc=0.7861 best=0.7955 patience=3/10
    [gnn] epoch 25/30: train_loss=0.5248 val_auc=0.7836 best=0.7955 patience=4/10
    [gnn] epoch 26/30: train_loss=0.5311 val_auc=0.7819 best=0.7955 patience=5/10
    [gnn] epoch 27/30: train_loss=0.5212 val_auc=0.7808 best=0.7955 patience=6/10
    [gnn] epoch 28/30: train_loss=0.4490 val_auc=0.7791 best=0.7955 patience=7/10
    [gnn] epoch 29/30: train_loss=0.4094 val_auc=0.7775 best=0.7955 patience=8/10
    [gnn] epoch 30/30: train_loss=0.4558 val_auc=0.7749 best=0.7955 patience=9/10
  [gnn] fold 15/25: AUC=0.7955
    [gnn] epoch 01/30: train_loss=1.3261 val_auc=0.7316 best=0.7316 patience=0/10 *
    [gnn] epoch 02/30: train_loss=1.2851 val_auc=0.7729 best=0.7729 patience=0/10 *
    [gnn] epoch 03/30: train_loss=1.2652 val_auc=0.7705 best=0.7729 patience=1/10
    [gnn] epoch 04/30: train_loss=1.2330 val_auc=0.7703 best=0.7729 patience=2/10
    [gnn] epoch 05/30: train_loss=1.2025 val_auc=0.7641 best=0.7729 patience=3/10
    [gnn] epoch 06/30: train_loss=1.1636 val_auc=0.7619 best=0.7729 patience=4/10
    [gnn] epoch 07/30: train_loss=1.1223 val_auc=0.7614 best=0.7729 patience=5/10
    [gnn] epoch 08/30: train_loss=1.1280 val_auc=0.7603 best=0.7729 patience=6/10
    [gnn] epoch 09/30: train_loss=1.0383 val_auc=0.7585 best=0.7729 patience=7/10
    [gnn] epoch 10/30: train_loss=1.0259 val_auc=0.7597 best=0.7729 patience=8/10
    [gnn] epoch 11/30: train_loss=1.0130 val_auc=0.7577 best=0.7729 patience=9/10
    [gnn] epoch 12/30: train_loss=0.9429 val_auc=0.7579 best=0.7729 patience=10/10
    [gnn] early stop at epoch 12
  [gnn] fold 16/25: AUC=0.7729
    [gnn] epoch 01/30: train_loss=1.3194 val_auc=0.7579 best=0.7579 patience=0/10 *
    [gnn] epoch 02/30: train_loss=1.2748 val_auc=0.7962 best=0.7962 patience=0/10 *
    [gnn] epoch 03/30: train_loss=1.2410 val_auc=0.8043 best=0.8043 patience=0/10 *
    [gnn] epoch 04/30: train_loss=1.2234 val_auc=0.8094 best=0.8094 patience=0/10 *
    [gnn] epoch 05/30: train_loss=1.1724 val_auc=0.8161 best=0.8161 patience=0/10 *
    [gnn] epoch 06/30: train_loss=1.1319 val_auc=0.8216 best=0.8216 patience=0/10 *
    [gnn] epoch 07/30: train_loss=1.0892 val_auc=0.8273 best=0.8273 patience=0/10 *
    [gnn] epoch 08/30: train_loss=1.0570 val_auc=0.8302 best=0.8302 patience=0/10 *
    [gnn] epoch 09/30: train_loss=0.9941 val_auc=0.8296 best=0.8302 patience=1/10
    [gnn] epoch 10/30: train_loss=0.9152 val_auc=0.8293 best=0.8302 patience=2/10
    [gnn] epoch 11/30: train_loss=0.9284 val_auc=0.8301 best=0.8302 patience=3/10
    [gnn] epoch 12/30: train_loss=0.8536 val_auc=0.8369 best=0.8369 patience=0/10 *
    [gnn] epoch 13/30: train_loss=0.8582 val_auc=0.8374 best=0.8374 patience=0/10 *
    [gnn] epoch 14/30: train_loss=0.8365 val_auc=0.8386 best=0.8386 patience=0/10 *
    [gnn] epoch 15/30: train_loss=0.8497 val_auc=0.8387 best=0.8387 patience=0/10 *
    [gnn] epoch 16/30: train_loss=0.8138 val_auc=0.8404 best=0.8404 patience=0/10 *
    [gnn] epoch 17/30: train_loss=0.7625 val_auc=0.8417 best=0.8417 patience=0/10 *
    [gnn] epoch 18/30: train_loss=0.7171 val_auc=0.8417 best=0.8417 patience=0/10 *
    [gnn] epoch 19/30: train_loss=0.7041 val_auc=0.8443 best=0.8443 patience=0/10 *
    [gnn] epoch 20/30: train_loss=0.6267 val_auc=0.8463 best=0.8463 patience=0/10 *
    [gnn] epoch 21/30: train_loss=0.7419 val_auc=0.8464 best=0.8464 patience=0/10 *
    [gnn] epoch 22/30: train_loss=0.7364 val_auc=0.8492 best=0.8492 patience=0/10 *
    [gnn] epoch 23/30: train_loss=0.5969 val_auc=0.8500 best=0.8500 patience=0/10 *
    [gnn] epoch 24/30: train_loss=0.6973 val_auc=0.8514 best=0.8514 patience=0/10 *
    [gnn] epoch 25/30: train_loss=0.7389 val_auc=0.8543 best=0.8543 patience=0/10 *
    [gnn] epoch 26/30: train_loss=0.5830 val_auc=0.8560 best=0.8560 patience=0/10 *
    [gnn] epoch 27/30: train_loss=0.5722 val_auc=0.8566 best=0.8566 patience=0/10 *
    [gnn] epoch 28/30: train_loss=0.6717 val_auc=0.8585 best=0.8585 patience=0/10 *
    [gnn] epoch 29/30: train_loss=0.5316 val_auc=0.8575 best=0.8585 patience=1/10
    [gnn] epoch 30/30: train_loss=0.4898 val_auc=0.8570 best=0.8585 patience=2/10
  [gnn] fold 17/25: AUC=0.8585
    [gnn] epoch 01/30: train_loss=1.3212 val_auc=0.7549 best=0.7549 patience=0/10 *
    [gnn] epoch 02/30: train_loss=1.2644 val_auc=0.7754 best=0.7754 patience=0/10 *
    [gnn] epoch 03/30: train_loss=1.2237 val_auc=0.7818 best=0.7818 patience=0/10 *
    [gnn] epoch 04/30: train_loss=1.1708 val_auc=0.7777 best=0.7818 patience=1/10
    [gnn] epoch 05/30: train_loss=1.1190 val_auc=0.7800 best=0.7818 patience=2/10
    [gnn] epoch 06/30: train_loss=1.0746 val_auc=0.7907 best=0.7907 patience=0/10 *
    [gnn] epoch 07/30: train_loss=1.0486 val_auc=0.7928 best=0.7928 patience=0/10 *
    [gnn] epoch 08/30: train_loss=0.9966 val_auc=0.7926 best=0.7928 patience=1/10
    [gnn] epoch 09/30: train_loss=0.9361 val_auc=0.7934 best=0.7934 patience=0/10 *
    [gnn] epoch 10/30: train_loss=0.8931 val_auc=0.7954 best=0.7954 patience=0/10 *
    [gnn] epoch 11/30: train_loss=0.8723 val_auc=0.7964 best=0.7964 patience=0/10 *
    [gnn] epoch 12/30: train_loss=0.8779 val_auc=0.7951 best=0.7964 patience=1/10
    [gnn] epoch 13/30: train_loss=0.8276 val_auc=0.7893 best=0.7964 patience=2/10
    [gnn] epoch 14/30: train_loss=0.8408 val_auc=0.7876 best=0.7964 patience=3/10
    [gnn] epoch 15/30: train_loss=0.8495 val_auc=0.7890 best=0.7964 patience=4/10
    [gnn] epoch 16/30: train_loss=0.7009 val_auc=0.7880 best=0.7964 patience=5/10
    [gnn] epoch 17/30: train_loss=0.8137 val_auc=0.7853 best=0.7964 patience=6/10
    [gnn] epoch 18/30: train_loss=0.8867 val_auc=0.7833 best=0.7964 patience=7/10
    [gnn] epoch 19/30: train_loss=0.7342 val_auc=0.7807 best=0.7964 patience=8/10
    [gnn] epoch 20/30: train_loss=0.6943 val_auc=0.7805 best=0.7964 patience=9/10
    [gnn] epoch 21/30: train_loss=0.7311 val_auc=0.7818 best=0.7964 patience=10/10
    [gnn] early stop at epoch 21
  [gnn] fold 18/25: AUC=0.7964
    [gnn] epoch 01/30: train_loss=1.3169 val_auc=0.7267 best=0.7267 patience=0/10 *
    [gnn] epoch 02/30: train_loss=1.2697 val_auc=0.7454 best=0.7454 patience=0/10 *
    [gnn] epoch 03/30: train_loss=1.2241 val_auc=0.7398 best=0.7454 patience=1/10
    [gnn] epoch 04/30: train_loss=1.1979 val_auc=0.7412 best=0.7454 patience=2/10
    [gnn] epoch 05/30: train_loss=1.1807 val_auc=0.7414 best=0.7454 patience=3/10
    [gnn] epoch 06/30: train_loss=1.1402 val_auc=0.7433 best=0.7454 patience=4/10
    [gnn] epoch 07/30: train_loss=1.0779 val_auc=0.7441 best=0.7454 patience=5/10
    [gnn] epoch 08/30: train_loss=1.0546 val_auc=0.7480 best=0.7480 patience=0/10 *
    [gnn] epoch 09/30: train_loss=0.9925 val_auc=0.7551 best=0.7551 patience=0/10 *
    [gnn] epoch 10/30: train_loss=0.9469 val_auc=0.7563 best=0.7563 patience=0/10 *
    [gnn] epoch 11/30: train_loss=0.9069 val_auc=0.7623 best=0.7623 patience=0/10 *
    [gnn] epoch 12/30: train_loss=0.8577 val_auc=0.7677 best=0.7677 patience=0/10 *
    [gnn] epoch 13/30: train_loss=0.8221 val_auc=0.7724 best=0.7724 patience=0/10 *
    [gnn] epoch 14/30: train_loss=0.8519 val_auc=0.7775 best=0.7775 patience=0/10 *
    [gnn] epoch 15/30: train_loss=0.7819 val_auc=0.7829 best=0.7829 patience=0/10 *
    [gnn] epoch 16/30: train_loss=0.7728 val_auc=0.7906 best=0.7906 patience=0/10 *
    [gnn] epoch 17/30: train_loss=0.7353 val_auc=0.7982 best=0.7982 patience=0/10 *
    [gnn] epoch 18/30: train_loss=0.6864 val_auc=0.7995 best=0.7995 patience=0/10 *
    [gnn] epoch 19/30: train_loss=0.7141 val_auc=0.8000 best=0.8000 patience=0/10 *
    [gnn] epoch 20/30: train_loss=0.6185 val_auc=0.8010 best=0.8010 patience=0/10 *
    [gnn] epoch 21/30: train_loss=0.6062 val_auc=0.8046 best=0.8046 patience=0/10 *
    [gnn] epoch 22/30: train_loss=0.6745 val_auc=0.8081 best=0.8081 patience=0/10 *
    [gnn] epoch 23/30: train_loss=0.5527 val_auc=0.8109 best=0.8109 patience=0/10 *
    [gnn] epoch 24/30: train_loss=0.5623 val_auc=0.8126 best=0.8126 patience=0/10 *
    [gnn] epoch 25/30: train_loss=0.5537 val_auc=0.8130 best=0.8130 patience=0/10 *
    [gnn] epoch 26/30: train_loss=0.5231 val_auc=0.8136 best=0.8136 patience=0/10 *
    [gnn] epoch 27/30: train_loss=0.4982 val_auc=0.8141 best=0.8141 patience=0/10 *
    [gnn] epoch 28/30: train_loss=0.4944 val_auc=0.8158 best=0.8158 patience=0/10 *
    [gnn] epoch 29/30: train_loss=0.4548 val_auc=0.8137 best=0.8158 patience=1/10
    [gnn] epoch 30/30: train_loss=0.5182 val_auc=0.8137 best=0.8158 patience=2/10
  [gnn] fold 19/25: AUC=0.8158
    [gnn] epoch 01/30: train_loss=1.3154 val_auc=0.7565 best=0.7565 patience=0/10 *
    [gnn] epoch 02/30: train_loss=1.2621 val_auc=0.8207 best=0.8207 patience=0/10 *
    [gnn] epoch 03/30: train_loss=1.2317 val_auc=0.8122 best=0.8207 patience=1/10
    [gnn] epoch 04/30: train_loss=1.1991 val_auc=0.8122 best=0.8207 patience=2/10
    [gnn] epoch 05/30: train_loss=1.1549 val_auc=0.8195 best=0.8207 patience=3/10
    [gnn] epoch 06/30: train_loss=1.1192 val_auc=0.8217 best=0.8217 patience=0/10 *
    [gnn] epoch 07/30: train_loss=1.0779 val_auc=0.8254 best=0.8254 patience=0/10 *
    [gnn] epoch 08/30: train_loss=1.0200 val_auc=0.8283 best=0.8283 patience=0/10 *
    [gnn] epoch 09/30: train_loss=0.9850 val_auc=0.8283 best=0.8283 patience=1/10
    [gnn] epoch 10/30: train_loss=0.9265 val_auc=0.8255 best=0.8283 patience=2/10
    [gnn] epoch 11/30: train_loss=0.8955 val_auc=0.8263 best=0.8283 patience=3/10
    [gnn] epoch 12/30: train_loss=0.8545 val_auc=0.8260 best=0.8283 patience=4/10
    [gnn] epoch 13/30: train_loss=0.8277 val_auc=0.8285 best=0.8285 patience=0/10 *
    [gnn] epoch 14/30: train_loss=0.7689 val_auc=0.8251 best=0.8285 patience=1/10
    [gnn] epoch 15/30: train_loss=0.7396 val_auc=0.8297 best=0.8297 patience=0/10 *
    [gnn] epoch 16/30: train_loss=0.7256 val_auc=0.8296 best=0.8297 patience=1/10
    [gnn] epoch 17/30: train_loss=0.6855 val_auc=0.8274 best=0.8297 patience=2/10
    [gnn] epoch 18/30: train_loss=0.7023 val_auc=0.8291 best=0.8297 patience=3/10
    [gnn] epoch 19/30: train_loss=0.5982 val_auc=0.8308 best=0.8308 patience=0/10 *
    [gnn] epoch 20/30: train_loss=0.6006 val_auc=0.8304 best=0.8308 patience=1/10
    [gnn] epoch 21/30: train_loss=0.5467 val_auc=0.8305 best=0.8308 patience=2/10
    [gnn] epoch 22/30: train_loss=0.5492 val_auc=0.8293 best=0.8308 patience=3/10
    [gnn] epoch 23/30: train_loss=0.4956 val_auc=0.8279 best=0.8308 patience=4/10
    [gnn] epoch 24/30: train_loss=0.5016 val_auc=0.8292 best=0.8308 patience=5/10
    [gnn] epoch 25/30: train_loss=0.4779 val_auc=0.8293 best=0.8308 patience=6/10
    [gnn] epoch 26/30: train_loss=0.5107 val_auc=0.8280 best=0.8308 patience=7/10
    [gnn] epoch 27/30: train_loss=0.4842 val_auc=0.8254 best=0.8308 patience=8/10
    [gnn] epoch 28/30: train_loss=0.4319 val_auc=0.8250 best=0.8308 patience=9/10
    [gnn] epoch 29/30: train_loss=0.4419 val_auc=0.8263 best=0.8308 patience=10/10
    [gnn] early stop at epoch 29
  [gnn] fold 20/25: AUC=0.8308
    [gnn] epoch 01/30: train_loss=1.3129 val_auc=0.6371 best=0.6371 patience=0/10 *
    [gnn] epoch 02/30: train_loss=1.2709 val_auc=0.6391 best=0.6391 patience=0/10 *
    [gnn] epoch 03/30: train_loss=1.2167 val_auc=0.6467 best=0.6467 patience=0/10 *
    [gnn] epoch 04/30: train_loss=1.1866 val_auc=0.6637 best=0.6637 patience=0/10 *
    [gnn] epoch 05/30: train_loss=1.1297 val_auc=0.6876 best=0.6876 patience=0/10 *
    [gnn] epoch 06/30: train_loss=1.0758 val_auc=0.6978 best=0.6978 patience=0/10 *
    [gnn] epoch 07/30: train_loss=1.0572 val_auc=0.6981 best=0.6981 patience=0/10 *
    [gnn] epoch 08/30: train_loss=1.0055 val_auc=0.7044 best=0.7044 patience=0/10 *
    [gnn] epoch 09/30: train_loss=0.9880 val_auc=0.7059 best=0.7059 patience=0/10 *
    [gnn] epoch 10/30: train_loss=0.9331 val_auc=0.7103 best=0.7103 patience=0/10 *
    [gnn] epoch 11/30: train_loss=0.8874 val_auc=0.7127 best=0.7127 patience=0/10 *
    [gnn] epoch 12/30: train_loss=0.8546 val_auc=0.7098 best=0.7127 patience=1/10
    [gnn] epoch 13/30: train_loss=0.7979 val_auc=0.7072 best=0.7127 patience=2/10
    [gnn] epoch 14/30: train_loss=0.7883 val_auc=0.6993 best=0.7127 patience=3/10
    [gnn] epoch 15/30: train_loss=0.7433 val_auc=0.6967 best=0.7127 patience=4/10
    [gnn] epoch 16/30: train_loss=0.6781 val_auc=0.6947 best=0.7127 patience=5/10
    [gnn] epoch 17/30: train_loss=0.6371 val_auc=0.6966 best=0.7127 patience=6/10
    [gnn] epoch 18/30: train_loss=0.6234 val_auc=0.6921 best=0.7127 patience=7/10
    [gnn] epoch 19/30: train_loss=0.6093 val_auc=0.6885 best=0.7127 patience=8/10
    [gnn] epoch 20/30: train_loss=0.5773 val_auc=0.6819 best=0.7127 patience=9/10
    [gnn] epoch 21/30: train_loss=0.5603 val_auc=0.6770 best=0.7127 patience=10/10
    [gnn] early stop at epoch 21
  [gnn] fold 21/25: AUC=0.7127
    [gnn] epoch 01/30: train_loss=1.3248 val_auc=0.7430 best=0.7430 patience=0/10 *
    [gnn] epoch 02/30: train_loss=1.2769 val_auc=0.7432 best=0.7432 patience=0/10 *
    [gnn] epoch 03/30: train_loss=1.2405 val_auc=0.7511 best=0.7511 patience=0/10 *
    [gnn] epoch 04/30: train_loss=1.2005 val_auc=0.7666 best=0.7666 patience=0/10 *
    [gnn] epoch 05/30: train_loss=1.1633 val_auc=0.7838 best=0.7838 patience=0/10 *
    [gnn] epoch 06/30: train_loss=1.1017 val_auc=0.8017 best=0.8017 patience=0/10 *
    [gnn] epoch 07/30: train_loss=1.0795 val_auc=0.7983 best=0.8017 patience=1/10
    [gnn] epoch 08/30: train_loss=1.0313 val_auc=0.8029 best=0.8029 patience=0/10 *
    [gnn] epoch 09/30: train_loss=0.9576 val_auc=0.8045 best=0.8045 patience=0/10 *
    [gnn] epoch 10/30: train_loss=0.9444 val_auc=0.8033 best=0.8045 patience=1/10
    [gnn] epoch 11/30: train_loss=0.8714 val_auc=0.8059 best=0.8059 patience=0/10 *
    [gnn] epoch 12/30: train_loss=0.8729 val_auc=0.8069 best=0.8069 patience=0/10 *
    [gnn] epoch 13/30: train_loss=0.8392 val_auc=0.8082 best=0.8082 patience=0/10 *
    [gnn] epoch 14/30: train_loss=0.8420 val_auc=0.8101 best=0.8101 patience=0/10 *
    [gnn] epoch 15/30: train_loss=0.7953 val_auc=0.8100 best=0.8101 patience=1/10
    [gnn] epoch 16/30: train_loss=0.7693 val_auc=0.8098 best=0.8101 patience=2/10
    [gnn] epoch 17/30: train_loss=0.7653 val_auc=0.8111 best=0.8111 patience=0/10 *
    [gnn] epoch 18/30: train_loss=0.7051 val_auc=0.8118 best=0.8118 patience=0/10 *
    [gnn] epoch 19/30: train_loss=0.6628 val_auc=0.8115 best=0.8118 patience=1/10
    [gnn] epoch 20/30: train_loss=0.6517 val_auc=0.8119 best=0.8119 patience=0/10 *
    [gnn] epoch 21/30: train_loss=0.6333 val_auc=0.8138 best=0.8138 patience=0/10 *
    [gnn] epoch 22/30: train_loss=0.6052 val_auc=0.8130 best=0.8138 patience=1/10
    [gnn] epoch 23/30: train_loss=0.5569 val_auc=0.8119 best=0.8138 patience=2/10
    [gnn] epoch 24/30: train_loss=0.5448 val_auc=0.8118 best=0.8138 patience=3/10
    [gnn] epoch 25/30: train_loss=0.5663 val_auc=0.8153 best=0.8153 patience=0/10 *
    [gnn] epoch 26/30: train_loss=0.5241 val_auc=0.8161 best=0.8161 patience=0/10 *
    [gnn] epoch 27/30: train_loss=0.4878 val_auc=0.8158 best=0.8161 patience=1/10
    [gnn] epoch 28/30: train_loss=0.4752 val_auc=0.8171 best=0.8171 patience=0/10 *
    [gnn] epoch 29/30: train_loss=0.4673 val_auc=0.8201 best=0.8201 patience=0/10 *
    [gnn] epoch 30/30: train_loss=0.4265 val_auc=0.8200 best=0.8201 patience=1/10
  [gnn] fold 22/25: AUC=0.8201
    [gnn] epoch 01/30: train_loss=1.3206 val_auc=0.7609 best=0.7609 patience=0/10 *
    [gnn] epoch 02/30: train_loss=1.2817 val_auc=0.8042 best=0.8042 patience=0/10 *
    [gnn] epoch 03/30: train_loss=1.2474 val_auc=0.8156 best=0.8156 patience=0/10 *
    [gnn] epoch 04/30: train_loss=1.2018 val_auc=0.8062 best=0.8156 patience=1/10
    [gnn] epoch 05/30: train_loss=1.1646 val_auc=0.8060 best=0.8156 patience=2/10
    [gnn] epoch 06/30: train_loss=1.1339 val_auc=0.8079 best=0.8156 patience=3/10
    [gnn] epoch 07/30: train_loss=1.0880 val_auc=0.8084 best=0.8156 patience=4/10
    [gnn] epoch 08/30: train_loss=1.0235 val_auc=0.8130 best=0.8156 patience=5/10
    [gnn] epoch 09/30: train_loss=0.9475 val_auc=0.8159 best=0.8159 patience=0/10 *
    [gnn] epoch 10/30: train_loss=0.9263 val_auc=0.8250 best=0.8250 patience=0/10 *
    [gnn] epoch 11/30: train_loss=0.9332 val_auc=0.8333 best=0.8333 patience=0/10 *
    [gnn] epoch 12/30: train_loss=0.8723 val_auc=0.8374 best=0.8374 patience=0/10 *
    [gnn] epoch 13/30: train_loss=0.8406 val_auc=0.8403 best=0.8403 patience=0/10 *
    [gnn] epoch 14/30: train_loss=0.7920 val_auc=0.8428 best=0.8428 patience=0/10 *
    [gnn] epoch 15/30: train_loss=0.7870 val_auc=0.8474 best=0.8474 patience=0/10 *
    [gnn] epoch 16/30: train_loss=0.7860 val_auc=0.8522 best=0.8522 patience=0/10 *
    [gnn] epoch 17/30: train_loss=0.7368 val_auc=0.8540 best=0.8540 patience=0/10 *
    [gnn] epoch 18/30: train_loss=0.7081 val_auc=0.8565 best=0.8565 patience=0/10 *
    [gnn] epoch 19/30: train_loss=0.6704 val_auc=0.8594 best=0.8594 patience=0/10 *
    [gnn] epoch 20/30: train_loss=0.6268 val_auc=0.8647 best=0.8647 patience=0/10 *
    [gnn] epoch 21/30: train_loss=0.5915 val_auc=0.8705 best=0.8705 patience=0/10 *
    [gnn] epoch 22/30: train_loss=0.5551 val_auc=0.8731 best=0.8731 patience=0/10 *
    [gnn] epoch 23/30: train_loss=0.5127 val_auc=0.8736 best=0.8736 patience=0/10 *
    [gnn] epoch 24/30: train_loss=0.5476 val_auc=0.8753 best=0.8753 patience=0/10 *
    [gnn] epoch 25/30: train_loss=0.5100 val_auc=0.8770 best=0.8770 patience=0/10 *
    [gnn] epoch 26/30: train_loss=0.5613 val_auc=0.8770 best=0.8770 patience=1/10
    [gnn] epoch 27/30: train_loss=0.4997 val_auc=0.8777 best=0.8777 patience=0/10 *
    [gnn] epoch 28/30: train_loss=0.4496 val_auc=0.8768 best=0.8777 patience=1/10
    [gnn] epoch 29/30: train_loss=0.5106 val_auc=0.8771 best=0.8777 patience=2/10
    [gnn] epoch 30/30: train_loss=0.4791 val_auc=0.8770 best=0.8777 patience=3/10
  [gnn] fold 23/25: AUC=0.8777
    [gnn] epoch 01/30: train_loss=1.3270 val_auc=0.7806 best=0.7806 patience=0/10 *
    [gnn] epoch 02/30: train_loss=1.2737 val_auc=0.8030 best=0.8030 patience=0/10 *
    [gnn] epoch 03/30: train_loss=1.2397 val_auc=0.8069 best=0.8069 patience=0/10 *
    [gnn] epoch 04/30: train_loss=1.2120 val_auc=0.8085 best=0.8085 patience=0/10 *
    [gnn] epoch 05/30: train_loss=1.1704 val_auc=0.8086 best=0.8086 patience=0/10 *
    [gnn] epoch 06/30: train_loss=1.1404 val_auc=0.8094 best=0.8094 patience=0/10 *
    [gnn] epoch 07/30: train_loss=1.0980 val_auc=0.8148 best=0.8148 patience=0/10 *
    [gnn] epoch 08/30: train_loss=1.0674 val_auc=0.8162 best=0.8162 patience=0/10 *
    [gnn] epoch 09/30: train_loss=1.0043 val_auc=0.8152 best=0.8162 patience=1/10
    [gnn] epoch 10/30: train_loss=0.9655 val_auc=0.8183 best=0.8183 patience=0/10 *
    [gnn] epoch 11/30: train_loss=0.9267 val_auc=0.8139 best=0.8183 patience=1/10
    [gnn] epoch 12/30: train_loss=0.8975 val_auc=0.8164 best=0.8183 patience=2/10
    [gnn] epoch 13/30: train_loss=0.8640 val_auc=0.8183 best=0.8183 patience=3/10
    [gnn] epoch 14/30: train_loss=0.8181 val_auc=0.8157 best=0.8183 patience=4/10
    [gnn] epoch 15/30: train_loss=0.7964 val_auc=0.8170 best=0.8183 patience=5/10
    [gnn] epoch 16/30: train_loss=0.7388 val_auc=0.8237 best=0.8237 patience=0/10 *
    [gnn] epoch 17/30: train_loss=0.7667 val_auc=0.8247 best=0.8247 patience=0/10 *
    [gnn] epoch 18/30: train_loss=0.7020 val_auc=0.8207 best=0.8247 patience=1/10
    [gnn] epoch 19/30: train_loss=0.6740 val_auc=0.8209 best=0.8247 patience=2/10
    [gnn] epoch 20/30: train_loss=0.6716 val_auc=0.8266 best=0.8266 patience=0/10 *
    [gnn] epoch 21/30: train_loss=0.5965 val_auc=0.8274 best=0.8274 patience=0/10 *
    [gnn] epoch 22/30: train_loss=0.5685 val_auc=0.8255 best=0.8274 patience=1/10
    [gnn] epoch 23/30: train_loss=0.6193 val_auc=0.8275 best=0.8275 patience=0/10 *
    [gnn] epoch 24/30: train_loss=0.5739 val_auc=0.8339 best=0.8339 patience=0/10 *
    [gnn] epoch 25/30: train_loss=0.5247 val_auc=0.8351 best=0.8351 patience=0/10 *
    [gnn] epoch 26/30: train_loss=0.5221 val_auc=0.8329 best=0.8351 patience=1/10
    [gnn] epoch 27/30: train_loss=0.5401 val_auc=0.8344 best=0.8351 patience=2/10
    [gnn] epoch 28/30: train_loss=0.5111 val_auc=0.8394 best=0.8394 patience=0/10 *
    [gnn] epoch 29/30: train_loss=0.4475 val_auc=0.8414 best=0.8414 patience=0/10 *
    [gnn] epoch 30/30: train_loss=0.4271 val_auc=0.8397 best=0.8414 patience=1/10
  [gnn] fold 24/25: AUC=0.8414
    [gnn] epoch 01/30: train_loss=1.3320 val_auc=0.7270 best=0.7270 patience=0/10 *
    [gnn] epoch 02/30: train_loss=1.2889 val_auc=0.7758 best=0.7758 patience=0/10 *
    [gnn] epoch 03/30: train_loss=1.2566 val_auc=0.8010 best=0.8010 patience=0/10 *
    [gnn] epoch 04/30: train_loss=1.2198 val_auc=0.8063 best=0.8063 patience=0/10 *
    [gnn] epoch 05/30: train_loss=1.1978 val_auc=0.8088 best=0.8088 patience=0/10 *
    [gnn] epoch 06/30: train_loss=1.1555 val_auc=0.8195 best=0.8195 patience=0/10 *
    [gnn] epoch 07/30: train_loss=1.1035 val_auc=0.8258 best=0.8258 patience=0/10 *
    [gnn] epoch 08/30: train_loss=1.0556 val_auc=0.8308 best=0.8308 patience=0/10 *
    [gnn] epoch 09/30: train_loss=1.0350 val_auc=0.8448 best=0.8448 patience=0/10 *
    [gnn] epoch 10/30: train_loss=0.9719 val_auc=0.8479 best=0.8479 patience=0/10 *
    [gnn] epoch 11/30: train_loss=0.9423 val_auc=0.8497 best=0.8497 patience=0/10 *
    [gnn] epoch 12/30: train_loss=0.9129 val_auc=0.8487 best=0.8497 patience=1/10
    [gnn] epoch 13/30: train_loss=0.8624 val_auc=0.8501 best=0.8501 patience=0/10 *
    [gnn] epoch 14/30: train_loss=0.8158 val_auc=0.8513 best=0.8513 patience=0/10 *
    [gnn] epoch 15/30: train_loss=0.7912 val_auc=0.8517 best=0.8517 patience=0/10 *
    [gnn] epoch 16/30: train_loss=0.7642 val_auc=0.8518 best=0.8518 patience=0/10 *
    [gnn] epoch 17/30: train_loss=0.7555 val_auc=0.8531 best=0.8531 patience=0/10 *
    [gnn] epoch 18/30: train_loss=0.6594 val_auc=0.8535 best=0.8535 patience=0/10 *
    [gnn] epoch 19/30: train_loss=0.8125 val_auc=0.8529 best=0.8535 patience=1/10
    [gnn] epoch 20/30: train_loss=0.8213 val_auc=0.8546 best=0.8546 patience=0/10 *
    [gnn] epoch 21/30: train_loss=0.5935 val_auc=0.8551 best=0.8551 patience=0/10 *
    [gnn] epoch 22/30: train_loss=0.6774 val_auc=0.8568 best=0.8568 patience=0/10 *
    [gnn] epoch 23/30: train_loss=0.7392 val_auc=0.8571 best=0.8571 patience=0/10 *
    [gnn] epoch 24/30: train_loss=0.6422 val_auc=0.8576 best=0.8576 patience=0/10 *
    [gnn] epoch 25/30: train_loss=0.5534 val_auc=0.8573 best=0.8576 patience=1/10
    [gnn] epoch 26/30: train_loss=0.5870 val_auc=0.8581 best=0.8581 patience=0/10 *
    [gnn] epoch 27/30: train_loss=0.5082 val_auc=0.8598 best=0.8598 patience=0/10 *
    [gnn] epoch 28/30: train_loss=0.5726 val_auc=0.8605 best=0.8605 patience=0/10 *
    [gnn] epoch 29/30: train_loss=0.5764 val_auc=0.8613 best=0.8613 patience=0/10 *
    [gnn] epoch 30/30: train_loss=0.4810 val_auc=0.8596 best=0.8613 patience=1/10
  [gnn] fold 25/25: AUC=0.8613
gnn: mean=0.8145, std=0.0455, q25=0.7955, q10=0.7535 over 25 folds
