/usr/local/lib/python3.11/dist-packages/torch_frame/data/mapper.py:105: UserWarning: The given NumPy array is not writable, and PyTorch does not support non-writable tensors. This means writing to this tensor will result in undefined behavior. You may want to copy the array to protect its data or make it writable before converting it to a tensor. This type of warning will be suppressed for the rest of this program. (Triggered internally at /pytorch/torch/csrc/utils/tensor_numpy.cpp:203.)
  index = torch.from_numpy(index).to(device)

== cv tffm ==
  out:   ./runs/sweep/tffm_lr5e4
  cv     n_splits=5 n_repeats=5 quick=False
  model  seed=42 device=cuda epochs=50 batch_size=256 lr=0.0005 weight_decay=1e-05 early_stop_patience=10 channels=128 num_layers=3
  data   data_dir=./data/facebook-recruiting-iv-human-or-bot runs_dir=./runs cache_dir=./runs/cache

    [tffm] epoch 01/50: train_loss=1.1202 val_auc=0.8386 best=0.8386 patience=0/10 *
    [tffm] epoch 02/50: train_loss=0.8537 val_auc=0.8691 best=0.8691 patience=0/10 *
    [tffm] epoch 03/50: train_loss=0.7779 val_auc=0.8953 best=0.8953 patience=0/10 *
    [tffm] epoch 04/50: train_loss=0.7460 val_auc=0.8817 best=0.8953 patience=1/10
    [tffm] epoch 05/50: train_loss=0.7544 val_auc=0.8672 best=0.8953 patience=2/10
    [tffm] epoch 06/50: train_loss=0.7762 val_auc=0.8798 best=0.8953 patience=3/10
    [tffm] epoch 07/50: train_loss=0.7519 val_auc=0.8159 best=0.8953 patience=4/10
    [tffm] epoch 08/50: train_loss=0.7574 val_auc=0.8697 best=0.8953 patience=5/10
    [tffm] epoch 09/50: train_loss=0.7166 val_auc=0.8615 best=0.8953 patience=6/10
    [tffm] epoch 10/50: train_loss=0.7513 val_auc=0.8882 best=0.8953 patience=7/10
    [tffm] epoch 11/50: train_loss=0.7474 val_auc=0.7767 best=0.8953 patience=8/10
    [tffm] epoch 12/50: train_loss=0.7268 val_auc=0.8949 best=0.8953 patience=9/10
    [tffm] epoch 13/50: train_loss=0.7487 val_auc=0.7681 best=0.8953 patience=10/10
    [tffm] early stop at epoch 13
  [tffm] fold 1/25: AUC=0.8953
    [tffm] epoch 01/50: train_loss=1.2363 val_auc=0.8793 best=0.8793 patience=0/10 *
    [tffm] epoch 02/50: train_loss=0.8817 val_auc=0.9013 best=0.9013 patience=0/10 *
    [tffm] epoch 03/50: train_loss=0.7820 val_auc=0.9126 best=0.9126 patience=0/10 *
    [tffm] epoch 04/50: train_loss=0.8326 val_auc=0.9048 best=0.9126 patience=1/10
    [tffm] epoch 05/50: train_loss=0.8228 val_auc=0.9193 best=0.9193 patience=0/10 *
    [tffm] epoch 06/50: train_loss=0.9694 val_auc=0.9068 best=0.9193 patience=1/10
    [tffm] epoch 07/50: train_loss=0.7972 val_auc=0.9125 best=0.9193 patience=2/10
    [tffm] epoch 08/50: train_loss=0.8071 val_auc=0.9131 best=0.9193 patience=3/10
    [tffm] epoch 09/50: train_loss=0.8251 val_auc=0.9190 best=0.9193 patience=4/10
    [tffm] epoch 10/50: train_loss=0.7773 val_auc=0.9221 best=0.9221 patience=0/10 *
    [tffm] epoch 11/50: train_loss=0.7659 val_auc=0.9217 best=0.9221 patience=1/10
    [tffm] epoch 12/50: train_loss=0.6972 val_auc=0.9294 best=0.9294 patience=0/10 *
    [tffm] epoch 13/50: train_loss=0.8472 val_auc=0.9144 best=0.9294 patience=1/10
    [tffm] epoch 14/50: train_loss=0.7108 val_auc=0.9270 best=0.9294 patience=2/10
    [tffm] epoch 15/50: train_loss=0.7188 val_auc=0.9296 best=0.9296 patience=0/10 *
    [tffm] epoch 16/50: train_loss=0.9114 val_auc=0.9357 best=0.9357 patience=0/10 *
    [tffm] epoch 17/50: train_loss=0.7065 val_auc=0.9237 best=0.9357 patience=1/10
    [tffm] epoch 18/50: train_loss=0.7941 val_auc=0.9299 best=0.9357 patience=2/10
    [tffm] epoch 19/50: train_loss=0.6693 val_auc=0.9251 best=0.9357 patience=3/10
    [tffm] epoch 20/50: train_loss=0.6716 val_auc=0.9218 best=0.9357 patience=4/10
    [tffm] epoch 21/50: train_loss=0.7573 val_auc=0.9251 best=0.9357 patience=5/10
    [tffm] epoch 22/50: train_loss=0.6350 val_auc=0.9240 best=0.9357 patience=6/10
    [tffm] epoch 23/50: train_loss=0.6252 val_auc=0.9202 best=0.9357 patience=7/10
    [tffm] epoch 24/50: train_loss=0.6554 val_auc=0.8694 best=0.9357 patience=8/10
    [tffm] epoch 25/50: train_loss=0.7589 val_auc=0.9252 best=0.9357 patience=9/10
    [tffm] epoch 26/50: train_loss=0.6552 val_auc=0.9228 best=0.9357 patience=10/10
    [tffm] early stop at epoch 26
  [tffm] fold 2/25: AUC=0.9357
    [tffm] epoch 01/50: train_loss=1.1288 val_auc=0.8437 best=0.8437 patience=0/10 *
    [tffm] epoch 02/50: train_loss=0.9203 val_auc=0.8356 best=0.8437 patience=1/10
    [tffm] epoch 03/50: train_loss=0.8333 val_auc=0.8613 best=0.8613 patience=0/10 *
    [tffm] epoch 04/50: train_loss=0.7740 val_auc=0.8568 best=0.8613 patience=1/10
    [tffm] epoch 05/50: train_loss=0.7545 val_auc=0.8429 best=0.8613 patience=2/10
    [tffm] epoch 06/50: train_loss=0.7287 val_auc=0.8458 best=0.8613 patience=3/10
    [tffm] epoch 07/50: train_loss=0.8685 val_auc=0.8748 best=0.8748 patience=0/10 *
    [tffm] epoch 08/50: train_loss=0.7747 val_auc=0.8573 best=0.8748 patience=1/10
    [tffm] epoch 09/50: train_loss=0.7324 val_auc=0.8616 best=0.8748 patience=2/10
    [tffm] epoch 10/50: train_loss=0.7244 val_auc=0.8642 best=0.8748 patience=3/10
    [tffm] epoch 11/50: train_loss=0.8042 val_auc=0.8465 best=0.8748 patience=4/10
    [tffm] epoch 12/50: train_loss=0.7774 val_auc=0.8649 best=0.8748 patience=5/10
    [tffm] epoch 13/50: train_loss=0.7830 val_auc=0.8665 best=0.8748 patience=6/10
    [tffm] epoch 14/50: train_loss=0.7065 val_auc=0.8672 best=0.8748 patience=7/10
    [tffm] epoch 15/50: train_loss=0.7832 val_auc=0.8630 best=0.8748 patience=8/10
    [tffm] epoch 16/50: train_loss=0.6850 val_auc=0.8606 best=0.8748 patience=9/10
    [tffm] epoch 17/50: train_loss=0.7172 val_auc=0.8680 best=0.8748 patience=10/10
    [tffm] early stop at epoch 17
  [tffm] fold 3/25: AUC=0.8748
    [tffm] epoch 01/50: train_loss=1.2392 val_auc=0.8243 best=0.8243 patience=0/10 *
    [tffm] epoch 02/50: train_loss=0.8366 val_auc=0.8169 best=0.8243 patience=1/10
    [tffm] epoch 03/50: train_loss=0.7850 val_auc=0.8321 best=0.8321 patience=0/10 *
    [tffm] epoch 04/50: train_loss=0.7866 val_auc=0.8317 best=0.8321 patience=1/10
    [tffm] epoch 05/50: train_loss=0.7896 val_auc=0.8596 best=0.8596 patience=0/10 *
    [tffm] epoch 06/50: train_loss=0.7155 val_auc=0.8552 best=0.8596 patience=1/10
    [tffm] epoch 07/50: train_loss=0.7499 val_auc=0.8563 best=0.8596 patience=2/10
    [tffm] epoch 08/50: train_loss=0.6893 val_auc=0.8771 best=0.8771 patience=0/10 *
    [tffm] epoch 09/50: train_loss=0.7897 val_auc=0.8766 best=0.8771 patience=1/10
    [tffm] epoch 10/50: train_loss=0.7385 val_auc=0.8542 best=0.8771 patience=2/10
    [tffm] epoch 11/50: train_loss=0.8340 val_auc=0.8656 best=0.8771 patience=3/10
    [tffm] epoch 12/50: train_loss=0.7554 val_auc=0.8797 best=0.8797 patience=0/10 *
    [tffm] epoch 13/50: train_loss=0.7085 val_auc=0.8679 best=0.8797 patience=1/10
    [tffm] epoch 14/50: train_loss=0.6524 val_auc=0.8623 best=0.8797 patience=2/10
    [tffm] epoch 15/50: train_loss=0.6661 val_auc=0.8552 best=0.8797 patience=3/10
    [tffm] epoch 16/50: train_loss=0.6330 val_auc=0.8588 best=0.8797 patience=4/10
    [tffm] epoch 17/50: train_loss=0.6619 val_auc=0.8360 best=0.8797 patience=5/10
    [tffm] epoch 18/50: train_loss=0.6833 val_auc=0.8654 best=0.8797 patience=6/10
    [tffm] epoch 19/50: train_loss=0.6140 val_auc=0.8687 best=0.8797 patience=7/10
    [tffm] epoch 20/50: train_loss=0.6364 val_auc=0.8716 best=0.8797 patience=8/10
    [tffm] epoch 21/50: train_loss=0.6886 val_auc=0.8664 best=0.8797 patience=9/10
    [tffm] epoch 22/50: train_loss=0.6265 val_auc=0.8632 best=0.8797 patience=10/10
    [tffm] early stop at epoch 22
  [tffm] fold 4/25: AUC=0.8797
    [tffm] epoch 01/50: train_loss=1.0844 val_auc=0.9026 best=0.9026 patience=0/10 *
    [tffm] epoch 02/50: train_loss=0.8788 val_auc=0.9198 best=0.9198 patience=0/10 *
    [tffm] epoch 03/50: train_loss=0.8509 val_auc=0.9026 best=0.9198 patience=1/10
    [tffm] epoch 04/50: train_loss=0.8738 val_auc=0.9065 best=0.9198 patience=2/10
    [tffm] epoch 05/50: train_loss=0.8320 val_auc=0.9202 best=0.9202 patience=0/10 *
    [tffm] epoch 06/50: train_loss=0.7692 val_auc=0.9064 best=0.9202 patience=1/10
    [tffm] epoch 07/50: train_loss=0.7729 val_auc=0.8987 best=0.9202 patience=2/10
    [tffm] epoch 08/50: train_loss=0.8060 val_auc=0.9106 best=0.9202 patience=3/10
    [tffm] epoch 09/50: train_loss=0.7992 val_auc=0.9208 best=0.9208 patience=0/10 *
    [tffm] epoch 10/50: train_loss=0.7440 val_auc=0.9289 best=0.9289 patience=0/10 *
    [tffm] epoch 11/50: train_loss=0.9148 val_auc=0.9132 best=0.9289 patience=1/10
    [tffm] epoch 12/50: train_loss=0.7490 val_auc=0.9232 best=0.9289 patience=2/10
    [tffm] epoch 13/50: train_loss=0.7243 val_auc=0.9274 best=0.9289 patience=3/10
    [tffm] epoch 14/50: train_loss=0.7019 val_auc=0.9323 best=0.9323 patience=0/10 *
    [tffm] epoch 15/50: train_loss=0.7547 val_auc=0.9205 best=0.9323 patience=1/10
    [tffm] epoch 16/50: train_loss=0.7135 val_auc=0.9308 best=0.9323 patience=2/10
    [tffm] epoch 17/50: train_loss=0.7180 val_auc=0.9331 best=0.9331 patience=0/10 *
    [tffm] epoch 18/50: train_loss=0.8041 val_auc=0.9313 best=0.9331 patience=1/10
    [tffm] epoch 19/50: train_loss=0.6907 val_auc=0.9309 best=0.9331 patience=2/10
    [tffm] epoch 20/50: train_loss=0.7054 val_auc=0.9287 best=0.9331 patience=3/10
    [tffm] epoch 21/50: train_loss=0.7165 val_auc=0.8935 best=0.9331 patience=4/10
    [tffm] epoch 22/50: train_loss=1.0341 val_auc=0.9301 best=0.9331 patience=5/10
    [tffm] epoch 23/50: train_loss=0.6944 val_auc=0.9298 best=0.9331 patience=6/10
    [tffm] epoch 24/50: train_loss=0.6775 val_auc=0.9355 best=0.9355 patience=0/10 *
    [tffm] epoch 25/50: train_loss=0.6474 val_auc=0.9387 best=0.9387 patience=0/10 *
    [tffm] epoch 26/50: train_loss=0.7596 val_auc=0.9305 best=0.9387 patience=1/10
    [tffm] epoch 27/50: train_loss=0.6535 val_auc=0.9346 best=0.9387 patience=2/10
    [tffm] epoch 28/50: train_loss=0.6420 val_auc=0.9342 best=0.9387 patience=3/10
    [tffm] epoch 29/50: train_loss=0.7217 val_auc=0.9276 best=0.9387 patience=4/10
    [tffm] epoch 30/50: train_loss=0.6241 val_auc=0.9353 best=0.9387 patience=5/10
    [tffm] epoch 31/50: train_loss=0.6431 val_auc=0.9412 best=0.9412 patience=0/10 *
    [tffm] epoch 32/50: train_loss=0.7301 val_auc=0.9359 best=0.9412 patience=1/10
    [tffm] epoch 33/50: train_loss=0.6791 val_auc=0.9432 best=0.9432 patience=0/10 *
    [tffm] epoch 34/50: train_loss=0.6717 val_auc=0.9364 best=0.9432 patience=1/10
    [tffm] epoch 35/50: train_loss=0.7091 val_auc=0.9393 best=0.9432 patience=2/10
    [tffm] epoch 36/50: train_loss=0.6670 val_auc=0.9254 best=0.9432 patience=3/10
    [tffm] epoch 37/50: train_loss=0.7666 val_auc=0.9334 best=0.9432 patience=4/10
    [tffm] epoch 38/50: train_loss=0.6561 val_auc=0.9323 best=0.9432 patience=5/10
    [tffm] epoch 39/50: train_loss=0.6577 val_auc=0.9387 best=0.9432 patience=6/10
    [tffm] epoch 40/50: train_loss=0.5736 val_auc=0.9335 best=0.9432 patience=7/10
    [tffm] epoch 41/50: train_loss=0.6208 val_auc=0.9331 best=0.9432 patience=8/10
    [tffm] epoch 42/50: train_loss=0.5648 val_auc=0.9332 best=0.9432 patience=9/10
    [tffm] epoch 43/50: train_loss=0.5488 val_auc=0.9181 best=0.9432 patience=10/10
    [tffm] early stop at epoch 43
  [tffm] fold 5/25: AUC=0.9432
    [tffm] epoch 01/50: train_loss=1.1828 val_auc=0.8722 best=0.8722 patience=0/10 *
    [tffm] epoch 02/50: train_loss=0.9528 val_auc=0.8923 best=0.8923 patience=0/10 *
    [tffm] epoch 03/50: train_loss=0.7995 val_auc=0.9147 best=0.9147 patience=0/10 *
    [tffm] epoch 04/50: train_loss=0.8545 val_auc=0.9292 best=0.9292 patience=0/10 *
    [tffm] epoch 05/50: train_loss=0.8466 val_auc=0.9359 best=0.9359 patience=0/10 *
    [tffm] epoch 06/50: train_loss=0.7961 val_auc=0.9283 best=0.9359 patience=1/10
    [tffm] epoch 07/50: train_loss=0.7131 val_auc=0.9268 best=0.9359 patience=2/10
    [tffm] epoch 08/50: train_loss=0.7287 val_auc=0.9287 best=0.9359 patience=3/10
    [tffm] epoch 09/50: train_loss=0.7000 val_auc=0.9086 best=0.9359 patience=4/10
    [tffm] epoch 10/50: train_loss=0.6684 val_auc=0.9180 best=0.9359 patience=5/10
    [tffm] epoch 11/50: train_loss=0.7282 val_auc=0.9328 best=0.9359 patience=6/10
    [tffm] epoch 12/50: train_loss=0.7193 val_auc=0.9054 best=0.9359 patience=7/10
    [tffm] epoch 13/50: train_loss=0.7034 val_auc=0.9035 best=0.9359 patience=8/10
    [tffm] epoch 14/50: train_loss=0.7474 val_auc=0.9215 best=0.9359 patience=9/10
    [tffm] epoch 15/50: train_loss=0.6726 val_auc=0.8978 best=0.9359 patience=10/10
    [tffm] early stop at epoch 15
  [tffm] fold 6/25: AUC=0.9359
    [tffm] epoch 01/50: train_loss=1.0708 val_auc=0.8630 best=0.8630 patience=0/10 *
    [tffm] epoch 02/50: train_loss=0.8094 val_auc=0.8646 best=0.8646 patience=0/10 *
    [tffm] epoch 03/50: train_loss=0.8349 val_auc=0.8896 best=0.8896 patience=0/10 *
    [tffm] epoch 04/50: train_loss=0.7594 val_auc=0.8676 best=0.8896 patience=1/10
    [tffm] epoch 05/50: train_loss=0.8203 val_auc=0.8990 best=0.8990 patience=0/10 *
    [tffm] epoch 06/50: train_loss=0.8228 val_auc=0.8803 best=0.8990 patience=1/10
    [tffm] epoch 07/50: train_loss=0.8132 val_auc=0.8949 best=0.8990 patience=2/10
    [tffm] epoch 08/50: train_loss=0.8082 val_auc=0.8988 best=0.8990 patience=3/10
    [tffm] epoch 09/50: train_loss=0.6949 val_auc=0.9049 best=0.9049 patience=0/10 *
    [tffm] epoch 10/50: train_loss=0.7152 val_auc=0.8972 best=0.9049 patience=1/10
    [tffm] epoch 11/50: train_loss=0.6232 val_auc=0.8801 best=0.9049 patience=2/10
    [tffm] epoch 12/50: train_loss=0.7250 val_auc=0.9142 best=0.9142 patience=0/10 *
    [tffm] epoch 13/50: train_loss=0.6430 val_auc=0.8904 best=0.9142 patience=1/10
    [tffm] epoch 14/50: train_loss=0.6556 val_auc=0.9216 best=0.9216 patience=0/10 *
    [tffm] epoch 15/50: train_loss=0.7742 val_auc=0.8388 best=0.9216 patience=1/10
    [tffm] epoch 16/50: train_loss=0.7149 val_auc=0.9049 best=0.9216 patience=2/10
    [tffm] epoch 17/50: train_loss=0.6569 val_auc=0.9055 best=0.9216 patience=3/10
    [tffm] epoch 18/50: train_loss=0.6336 val_auc=0.8210 best=0.9216 patience=4/10
    [tffm] epoch 19/50: train_loss=0.6328 val_auc=0.8449 best=0.9216 patience=5/10
    [tffm] epoch 20/50: train_loss=0.6153 val_auc=0.8847 best=0.9216 patience=6/10
    [tffm] epoch 21/50: train_loss=0.6159 val_auc=0.8775 best=0.9216 patience=7/10
    [tffm] epoch 22/50: train_loss=0.6187 val_auc=0.7922 best=0.9216 patience=8/10
    [tffm] epoch 23/50: train_loss=0.6845 val_auc=0.8677 best=0.9216 patience=9/10
    [tffm] epoch 24/50: train_loss=0.6176 val_auc=0.8433 best=0.9216 patience=10/10
    [tffm] early stop at epoch 24
  [tffm] fold 7/25: AUC=0.9216
    [tffm] epoch 01/50: train_loss=1.1094 val_auc=0.8614 best=0.8614 patience=0/10 *
    [tffm] epoch 02/50: train_loss=0.7556 val_auc=0.7968 best=0.8614 patience=1/10
    [tffm] epoch 03/50: train_loss=0.9525 val_auc=0.8782 best=0.8782 patience=0/10 *
    [tffm] epoch 04/50: train_loss=0.7881 val_auc=0.8687 best=0.8782 patience=1/10
    [tffm] epoch 05/50: train_loss=0.7762 val_auc=0.8846 best=0.8846 patience=0/10 *
    [tffm] epoch 06/50: train_loss=0.7349 val_auc=0.8915 best=0.8915 patience=0/10 *
    [tffm] epoch 07/50: train_loss=0.7558 val_auc=0.8908 best=0.8915 patience=1/10
    [tffm] epoch 08/50: train_loss=0.7532 val_auc=0.8958 best=0.8958 patience=0/10 *
    [tffm] epoch 09/50: train_loss=0.7363 val_auc=0.8750 best=0.8958 patience=1/10
    [tffm] epoch 10/50: train_loss=0.8010 val_auc=0.8826 best=0.8958 patience=2/10
    [tffm] epoch 11/50: train_loss=0.6891 val_auc=0.8892 best=0.8958 patience=3/10
    [tffm] epoch 12/50: train_loss=0.7514 val_auc=0.8920 best=0.8958 patience=4/10
    [tffm] epoch 13/50: train_loss=0.7926 val_auc=0.8906 best=0.8958 patience=5/10
    [tffm] epoch 14/50: train_loss=0.6659 val_auc=0.8912 best=0.8958 patience=6/10
    [tffm] epoch 15/50: train_loss=0.6841 val_auc=0.8969 best=0.8969 patience=0/10 *
    [tffm] epoch 16/50: train_loss=0.7058 val_auc=0.9020 best=0.9020 patience=0/10 *
    [tffm] epoch 17/50: train_loss=0.6611 val_auc=0.8953 best=0.9020 patience=1/10
    [tffm] epoch 18/50: train_loss=0.6791 val_auc=0.8896 best=0.9020 patience=2/10
    [tffm] epoch 19/50: train_loss=0.6496 val_auc=0.8915 best=0.9020 patience=3/10
    [tffm] epoch 20/50: train_loss=0.6468 val_auc=0.8886 best=0.9020 patience=4/10
    [tffm] epoch 21/50: train_loss=0.7208 val_auc=0.8687 best=0.9020 patience=5/10
    [tffm] epoch 22/50: train_loss=0.6524 val_auc=0.8877 best=0.9020 patience=6/10
    [tffm] epoch 23/50: train_loss=0.7169 val_auc=0.8917 best=0.9020 patience=7/10
    [tffm] epoch 24/50: train_loss=0.7108 val_auc=0.8888 best=0.9020 patience=8/10
    [tffm] epoch 25/50: train_loss=0.6538 val_auc=0.8707 best=0.9020 patience=9/10
    [tffm] epoch 26/50: train_loss=0.6822 val_auc=0.8902 best=0.9020 patience=10/10
    [tffm] early stop at epoch 26
  [tffm] fold 8/25: AUC=0.9020
    [tffm] epoch 01/50: train_loss=1.1998 val_auc=0.8936 best=0.8936 patience=0/10 *
    [tffm] epoch 02/50: train_loss=0.8240 val_auc=0.8980 best=0.8980 patience=0/10 *
    [tffm] epoch 03/50: train_loss=0.8986 val_auc=0.9086 best=0.9086 patience=0/10 *
    [tffm] epoch 04/50: train_loss=0.7992 val_auc=0.9072 best=0.9086 patience=1/10
    [tffm] epoch 05/50: train_loss=0.7609 val_auc=0.9219 best=0.9219 patience=0/10 *
    [tffm] epoch 06/50: train_loss=0.8665 val_auc=0.9109 best=0.9219 patience=1/10
    [tffm] epoch 07/50: train_loss=0.7490 val_auc=0.9188 best=0.9219 patience=2/10
    [tffm] epoch 08/50: train_loss=0.7754 val_auc=0.9211 best=0.9219 patience=3/10
    [tffm] epoch 09/50: train_loss=0.7489 val_auc=0.9064 best=0.9219 patience=4/10
    [tffm] epoch 10/50: train_loss=0.7849 val_auc=0.9251 best=0.9251 patience=0/10 *
    [tffm] epoch 11/50: train_loss=0.6965 val_auc=0.9356 best=0.9356 patience=0/10 *
    [tffm] epoch 12/50: train_loss=0.9460 val_auc=0.9418 best=0.9418 patience=0/10 *
    [tffm] epoch 13/50: train_loss=0.8144 val_auc=0.9270 best=0.9418 patience=1/10
    [tffm] epoch 14/50: train_loss=0.7767 val_auc=0.9432 best=0.9432 patience=0/10 *
    [tffm] epoch 15/50: train_loss=0.7714 val_auc=0.9397 best=0.9432 patience=1/10
    [tffm] epoch 16/50: train_loss=0.6895 val_auc=0.9342 best=0.9432 patience=2/10
    [tffm] epoch 17/50: train_loss=0.7163 val_auc=0.9479 best=0.9479 patience=0/10 *
    [tffm] epoch 18/50: train_loss=0.6779 val_auc=0.9431 best=0.9479 patience=1/10
    [tffm] epoch 19/50: train_loss=0.6569 val_auc=0.9435 best=0.9479 patience=2/10
    [tffm] epoch 20/50: train_loss=0.7042 val_auc=0.9433 best=0.9479 patience=3/10
    [tffm] epoch 21/50: train_loss=0.7345 val_auc=0.9542 best=0.9542 patience=0/10 *
    [tffm] epoch 22/50: train_loss=0.6549 val_auc=0.9517 best=0.9542 patience=1/10
    [tffm] epoch 23/50: train_loss=0.6319 val_auc=0.9440 best=0.9542 patience=2/10
    [tffm] epoch 24/50: train_loss=0.6922 val_auc=0.9491 best=0.9542 patience=3/10
    [tffm] epoch 25/50: train_loss=0.6765 val_auc=0.9501 best=0.9542 patience=4/10
    [tffm] epoch 26/50: train_loss=0.6729 val_auc=0.9465 best=0.9542 patience=5/10
    [tffm] epoch 27/50: train_loss=0.6078 val_auc=0.9408 best=0.9542 patience=6/10
    [tffm] epoch 28/50: train_loss=0.6375 val_auc=0.9487 best=0.9542 patience=7/10
    [tffm] epoch 29/50: train_loss=0.6772 val_auc=0.9469 best=0.9542 patience=8/10
    [tffm] epoch 30/50: train_loss=0.7031 val_auc=0.9403 best=0.9542 patience=9/10
    [tffm] epoch 31/50: train_loss=0.6094 val_auc=0.9339 best=0.9542 patience=10/10
    [tffm] early stop at epoch 31
  [tffm] fold 9/25: AUC=0.9542
    [tffm] epoch 01/50: train_loss=1.1398 val_auc=0.8226 best=0.8226 patience=0/10 *
    [tffm] epoch 02/50: train_loss=0.8441 val_auc=0.8076 best=0.8226 patience=1/10
    [tffm] epoch 03/50: train_loss=0.7490 val_auc=0.8296 best=0.8296 patience=0/10 *
    [tffm] epoch 04/50: train_loss=0.8256 val_auc=0.8435 best=0.8435 patience=0/10 *
    [tffm] epoch 05/50: train_loss=0.8588 val_auc=0.8423 best=0.8435 patience=1/10
    [tffm] epoch 06/50: train_loss=0.8208 val_auc=0.8486 best=0.8486 patience=0/10 *
    [tffm] epoch 07/50: train_loss=0.7307 val_auc=0.8584 best=0.8584 patience=0/10 *
    [tffm] epoch 08/50: train_loss=0.7438 val_auc=0.8640 best=0.8640 patience=0/10 *
    [tffm] epoch 09/50: train_loss=0.7338 val_auc=0.8564 best=0.8640 patience=1/10
    [tffm] epoch 10/50: train_loss=0.7425 val_auc=0.8620 best=0.8640 patience=2/10
    [tffm] epoch 11/50: train_loss=0.7316 val_auc=0.8563 best=0.8640 patience=3/10
    [tffm] epoch 12/50: train_loss=0.6681 val_auc=0.8674 best=0.8674 patience=0/10 *
    [tffm] epoch 13/50: train_loss=0.6462 val_auc=0.8698 best=0.8698 patience=0/10 *
    [tffm] epoch 14/50: train_loss=0.6918 val_auc=0.8849 best=0.8849 patience=0/10 *
    [tffm] epoch 15/50: train_loss=0.6826 val_auc=0.8853 best=0.8853 patience=0/10 *
    [tffm] epoch 16/50: train_loss=0.6410 val_auc=0.8870 best=0.8870 patience=0/10 *
    [tffm] epoch 17/50: train_loss=0.6936 val_auc=0.8868 best=0.8870 patience=1/10
    [tffm] epoch 18/50: train_loss=0.6411 val_auc=0.8954 best=0.8954 patience=0/10 *
    [tffm] epoch 19/50: train_loss=0.6346 val_auc=0.8944 best=0.8954 patience=1/10
    [tffm] epoch 20/50: train_loss=0.6076 val_auc=0.8965 best=0.8965 patience=0/10 *
    [tffm] epoch 21/50: train_loss=0.5713 val_auc=0.8548 best=0.8965 patience=1/10
    [tffm] epoch 22/50: train_loss=0.6034 val_auc=0.8242 best=0.8965 patience=2/10
    [tffm] epoch 23/50: train_loss=0.7116 val_auc=0.8983 best=0.8983 patience=0/10 *
    [tffm] epoch 24/50: train_loss=0.6171 val_auc=0.8579 best=0.8983 patience=1/10
    [tffm] epoch 25/50: train_loss=0.6200 val_auc=0.8874 best=0.8983 patience=2/10
    [tffm] epoch 26/50: train_loss=0.5918 val_auc=0.8575 best=0.8983 patience=3/10
    [tffm] epoch 27/50: train_loss=0.6673 val_auc=0.8719 best=0.8983 patience=4/10
    [tffm] epoch 28/50: train_loss=0.5864 val_auc=0.8740 best=0.8983 patience=5/10
    [tffm] epoch 29/50: train_loss=0.6107 val_auc=0.9031 best=0.9031 patience=0/10 *
    [tffm] epoch 30/50: train_loss=0.6293 val_auc=0.8715 best=0.9031 patience=1/10
    [tffm] epoch 31/50: train_loss=0.5249 val_auc=0.7991 best=0.9031 patience=2/10
    [tffm] epoch 32/50: train_loss=0.6643 val_auc=0.8914 best=0.9031 patience=3/10
    [tffm] epoch 33/50: train_loss=0.5389 val_auc=0.8630 best=0.9031 patience=4/10
    [tffm] epoch 34/50: train_loss=0.5419 val_auc=0.8679 best=0.9031 patience=5/10
    [tffm] epoch 35/50: train_loss=0.5839 val_auc=0.8675 best=0.9031 patience=6/10
    [tffm] epoch 36/50: train_loss=0.5136 val_auc=0.8692 best=0.9031 patience=7/10
    [tffm] epoch 37/50: train_loss=0.6212 val_auc=0.8665 best=0.9031 patience=8/10
    [tffm] epoch 38/50: train_loss=0.7046 val_auc=0.8671 best=0.9031 patience=9/10
    [tffm] epoch 39/50: train_loss=0.5305 val_auc=0.7741 best=0.9031 patience=10/10
    [tffm] early stop at epoch 39
  [tffm] fold 10/25: AUC=0.9031
    [tffm] epoch 01/50: train_loss=1.0630 val_auc=0.8053 best=0.8053 patience=0/10 *
    [tffm] epoch 02/50: train_loss=0.7872 val_auc=0.8503 best=0.8503 patience=0/10 *
    [tffm] epoch 03/50: train_loss=0.7606 val_auc=0.8388 best=0.8503 patience=1/10
    [tffm] epoch 04/50: train_loss=0.8234 val_auc=0.8382 best=0.8503 patience=2/10
    [tffm] epoch 05/50: train_loss=0.7782 val_auc=0.8310 best=0.8503 patience=3/10
    [tffm] epoch 06/50: train_loss=0.7599 val_auc=0.8493 best=0.8503 patience=4/10
    [tffm] epoch 07/50: train_loss=0.7095 val_auc=0.8654 best=0.8654 patience=0/10 *
    [tffm] epoch 08/50: train_loss=0.7682 val_auc=0.8558 best=0.8654 patience=1/10
    [tffm] epoch 09/50: train_loss=0.7717 val_auc=0.8611 best=0.8654 patience=2/10
    [tffm] epoch 10/50: train_loss=0.7509 val_auc=0.8578 best=0.8654 patience=3/10
    [tffm] epoch 11/50: train_loss=0.6984 val_auc=0.8730 best=0.8730 patience=0/10 *
    [tffm] epoch 12/50: train_loss=0.6925 val_auc=0.8772 best=0.8772 patience=0/10 *
    [tffm] epoch 13/50: train_loss=0.6975 val_auc=0.8808 best=0.8808 patience=0/10 *
    [tffm] epoch 14/50: train_loss=0.6472 val_auc=0.8666 best=0.8808 patience=1/10
    [tffm] epoch 15/50: train_loss=0.6382 val_auc=0.8873 best=0.8873 patience=0/10 *
    [tffm] epoch 16/50: train_loss=0.6676 val_auc=0.8721 best=0.8873 patience=1/10
    [tffm] epoch 17/50: train_loss=0.6764 val_auc=0.8689 best=0.8873 patience=2/10
    [tffm] epoch 18/50: train_loss=0.7148 val_auc=0.8707 best=0.8873 patience=3/10
    [tffm] epoch 19/50: train_loss=0.7029 val_auc=0.8786 best=0.8873 patience=4/10
    [tffm] epoch 20/50: train_loss=0.6501 val_auc=0.8871 best=0.8873 patience=5/10
    [tffm] epoch 21/50: train_loss=0.5800 val_auc=0.8680 best=0.8873 patience=6/10
    [tffm] epoch 22/50: train_loss=0.6583 val_auc=0.8834 best=0.8873 patience=7/10
    [tffm] epoch 23/50: train_loss=0.6889 val_auc=0.8782 best=0.8873 patience=8/10
    [tffm] epoch 24/50: train_loss=0.5844 val_auc=0.8765 best=0.8873 patience=9/10
    [tffm] epoch 25/50: train_loss=0.5796 val_auc=0.8707 best=0.8873 patience=10/10
    [tffm] early stop at epoch 25
  [tffm] fold 11/25: AUC=0.8873
    [tffm] epoch 01/50: train_loss=1.0669 val_auc=0.8635 best=0.8635 patience=0/10 *
    [tffm] epoch 02/50: train_loss=0.8188 val_auc=0.8355 best=0.8635 patience=1/10
    [tffm] epoch 03/50: train_loss=0.7721 val_auc=0.8601 best=0.8635 patience=2/10
    [tffm] epoch 04/50: train_loss=0.7077 val_auc=0.8254 best=0.8635 patience=3/10
    [tffm] epoch 05/50: train_loss=0.7561 val_auc=0.8565 best=0.8635 patience=4/10
    [tffm] epoch 06/50: train_loss=0.6674 val_auc=0.7720 best=0.8635 patience=5/10
    [tffm] epoch 07/50: train_loss=0.8083 val_auc=0.8427 best=0.8635 patience=6/10
    [tffm] epoch 08/50: train_loss=0.7463 val_auc=0.8677 best=0.8677 patience=0/10 *
    [tffm] epoch 09/50: train_loss=0.7122 val_auc=0.8677 best=0.8677 patience=0/10 *
    [tffm] epoch 10/50: train_loss=0.6868 val_auc=0.8468 best=0.8677 patience=1/10
    [tffm] epoch 11/50: train_loss=0.6497 val_auc=0.8676 best=0.8677 patience=2/10
    [tffm] epoch 12/50: train_loss=0.6259 val_auc=0.7843 best=0.8677 patience=3/10
    [tffm] epoch 13/50: train_loss=0.7143 val_auc=0.8512 best=0.8677 patience=4/10
    [tffm] epoch 14/50: train_loss=0.8000 val_auc=0.8570 best=0.8677 patience=5/10
    [tffm] epoch 15/50: train_loss=0.6511 val_auc=0.8569 best=0.8677 patience=6/10
    [tffm] epoch 16/50: train_loss=0.6274 val_auc=0.8676 best=0.8677 patience=7/10
    [tffm] epoch 17/50: train_loss=0.5833 val_auc=0.7641 best=0.8677 patience=8/10
    [tffm] epoch 18/50: train_loss=0.6556 val_auc=0.8670 best=0.8677 patience=9/10
    [tffm] epoch 19/50: train_loss=0.9521 val_auc=0.7482 best=0.8677 patience=10/10
    [tffm] early stop at epoch 19
  [tffm] fold 12/25: AUC=0.8677
    [tffm] epoch 01/50: train_loss=1.1468 val_auc=0.8303 best=0.8303 patience=0/10 *
    [tffm] epoch 02/50: train_loss=0.8696 val_auc=0.8548 best=0.8548 patience=0/10 *
    [tffm] epoch 03/50: train_loss=0.8821 val_auc=0.8605 best=0.8605 patience=0/10 *
    [tffm] epoch 04/50: train_loss=0.7360 val_auc=0.8747 best=0.8747 patience=0/10 *
    [tffm] epoch 05/50: train_loss=0.9100 val_auc=0.8696 best=0.8747 patience=1/10
    [tffm] epoch 06/50: train_loss=0.8895 val_auc=0.8642 best=0.8747 patience=2/10
    [tffm] epoch 07/50: train_loss=0.7725 val_auc=0.8583 best=0.8747 patience=3/10
    [tffm] epoch 08/50: train_loss=0.7505 val_auc=0.8387 best=0.8747 patience=4/10
    [tffm] epoch 09/50: train_loss=0.9393 val_auc=0.8639 best=0.8747 patience=5/10
    [tffm] epoch 10/50: train_loss=0.7615 val_auc=0.8573 best=0.8747 patience=6/10
    [tffm] epoch 11/50: train_loss=0.7933 val_auc=0.8621 best=0.8747 patience=7/10
    [tffm] epoch 12/50: train_loss=0.7329 val_auc=0.8598 best=0.8747 patience=8/10
    [tffm] epoch 13/50: train_loss=0.6981 val_auc=0.8670 best=0.8747 patience=9/10
    [tffm] epoch 14/50: train_loss=0.6742 val_auc=0.8659 best=0.8747 patience=10/10
    [tffm] early stop at epoch 14
  [tffm] fold 13/25: AUC=0.8747
    [tffm] epoch 01/50: train_loss=1.2936 val_auc=0.9090 best=0.9090 patience=0/10 *
    [tffm] epoch 02/50: train_loss=0.9900 val_auc=0.9165 best=0.9165 patience=0/10 *
    [tffm] epoch 03/50: train_loss=0.8653 val_auc=0.9526 best=0.9526 patience=0/10 *
    [tffm] epoch 04/50: train_loss=0.9019 val_auc=0.9569 best=0.9569 patience=0/10 *
    [tffm] epoch 05/50: train_loss=0.9398 val_auc=0.9666 best=0.9666 patience=0/10 *
    [tffm] epoch 06/50: train_loss=0.8615 val_auc=0.9598 best=0.9666 patience=1/10
    [tffm] epoch 07/50: train_loss=0.8194 val_auc=0.9580 best=0.9666 patience=2/10
    [tffm] epoch 08/50: train_loss=0.8976 val_auc=0.9665 best=0.9666 patience=3/10
    [tffm] epoch 09/50: train_loss=0.8659 val_auc=0.9650 best=0.9666 patience=4/10
    [tffm] epoch 10/50: train_loss=0.8175 val_auc=0.9671 best=0.9671 patience=0/10 *
    [tffm] epoch 11/50: train_loss=0.8111 val_auc=0.9652 best=0.9671 patience=1/10
    [tffm] epoch 12/50: train_loss=0.8109 val_auc=0.9670 best=0.9671 patience=2/10
    [tffm] epoch 13/50: train_loss=0.7721 val_auc=0.9521 best=0.9671 patience=3/10
    [tffm] epoch 14/50: train_loss=0.7597 val_auc=0.9651 best=0.9671 patience=4/10
    [tffm] epoch 15/50: train_loss=0.7403 val_auc=0.9620 best=0.9671 patience=5/10
    [tffm] epoch 16/50: train_loss=0.7153 val_auc=0.9649 best=0.9671 patience=6/10
    [tffm] epoch 17/50: train_loss=0.7037 val_auc=0.9603 best=0.9671 patience=7/10
    [tffm] epoch 18/50: train_loss=0.7059 val_auc=0.9651 best=0.9671 patience=8/10
    [tffm] epoch 19/50: train_loss=0.7103 val_auc=0.9671 best=0.9671 patience=9/10
    [tffm] epoch 20/50: train_loss=0.7100 val_auc=0.9707 best=0.9707 patience=0/10 *
    [tffm] epoch 21/50: train_loss=0.8481 val_auc=0.9640 best=0.9707 patience=1/10
    [tffm] epoch 22/50: train_loss=0.6853 val_auc=0.9686 best=0.9707 patience=2/10
    [tffm] epoch 23/50: train_loss=0.6612 val_auc=0.9627 best=0.9707 patience=3/10
    [tffm] epoch 24/50: train_loss=0.6713 val_auc=0.9679 best=0.9707 patience=4/10
    [tffm] epoch 25/50: train_loss=0.7680 val_auc=0.9736 best=0.9736 patience=0/10 *
    [tffm] epoch 26/50: train_loss=0.6695 val_auc=0.9723 best=0.9736 patience=1/10
    [tffm] epoch 27/50: train_loss=0.6979 val_auc=0.9331 best=0.9736 patience=2/10
    [tffm] epoch 28/50: train_loss=0.6867 val_auc=0.9622 best=0.9736 patience=3/10
    [tffm] epoch 29/50: train_loss=0.6746 val_auc=0.9660 best=0.9736 patience=4/10
    [tffm] epoch 30/50: train_loss=0.6274 val_auc=0.9647 best=0.9736 patience=5/10
    [tffm] epoch 31/50: train_loss=0.6206 val_auc=0.9412 best=0.9736 patience=6/10
    [tffm] epoch 32/50: train_loss=0.6457 val_auc=0.9531 best=0.9736 patience=7/10
    [tffm] epoch 33/50: train_loss=0.5913 val_auc=0.9602 best=0.9736 patience=8/10
    [tffm] epoch 34/50: train_loss=0.5568 val_auc=0.9576 best=0.9736 patience=9/10
    [tffm] epoch 35/50: train_loss=0.6182 val_auc=0.9364 best=0.9736 patience=10/10
    [tffm] early stop at epoch 35
  [tffm] fold 14/25: AUC=0.9736
    [tffm] epoch 01/50: train_loss=1.0561 val_auc=0.8559 best=0.8559 patience=0/10 *
    [tffm] epoch 02/50: train_loss=0.8267 val_auc=0.8762 best=0.8762 patience=0/10 *
    [tffm] epoch 03/50: train_loss=0.7629 val_auc=0.8987 best=0.8987 patience=0/10 *
    [tffm] epoch 04/50: train_loss=1.0190 val_auc=0.8830 best=0.8987 patience=1/10
    [tffm] epoch 05/50: train_loss=0.8184 val_auc=0.8967 best=0.8987 patience=2/10
    [tffm] epoch 06/50: train_loss=0.8027 val_auc=0.8829 best=0.8987 patience=3/10
    [tffm] epoch 07/50: train_loss=0.8483 val_auc=0.8928 best=0.8987 patience=4/10
    [tffm] epoch 08/50: train_loss=0.7527 val_auc=0.8948 best=0.8987 patience=5/10
    [tffm] epoch 09/50: train_loss=0.6933 val_auc=0.9083 best=0.9083 patience=0/10 *
    [tffm] epoch 10/50: train_loss=0.7136 val_auc=0.8987 best=0.9083 patience=1/10
    [tffm] epoch 11/50: train_loss=0.6509 val_auc=0.9030 best=0.9083 patience=2/10
    [tffm] epoch 12/50: train_loss=0.7464 val_auc=0.8952 best=0.9083 patience=3/10
    [tffm] epoch 13/50: train_loss=0.7619 val_auc=0.8991 best=0.9083 patience=4/10
    [tffm] epoch 14/50: train_loss=0.6982 val_auc=0.8963 best=0.9083 patience=5/10
    [tffm] epoch 15/50: train_loss=0.6786 val_auc=0.9063 best=0.9083 patience=6/10
    [tffm] epoch 16/50: train_loss=0.7001 val_auc=0.8772 best=0.9083 patience=7/10
    [tffm] epoch 17/50: train_loss=0.7726 val_auc=0.8992 best=0.9083 patience=8/10
    [tffm] epoch 18/50: train_loss=0.7654 val_auc=0.8982 best=0.9083 patience=9/10
    [tffm] epoch 19/50: train_loss=0.6777 val_auc=0.8953 best=0.9083 patience=10/10
    [tffm] early stop at epoch 19
  [tffm] fold 15/25: AUC=0.9083
    [tffm] epoch 01/50: train_loss=1.0672 val_auc=0.8224 best=0.8224 patience=0/10 *
    [tffm] epoch 02/50: train_loss=0.8043 val_auc=0.8308 best=0.8308 patience=0/10 *
    [tffm] epoch 03/50: train_loss=0.7681 val_auc=0.8655 best=0.8655 patience=0/10 *
    [tffm] epoch 04/50: train_loss=0.8266 val_auc=0.8488 best=0.8655 patience=1/10
    [tffm] epoch 05/50: train_loss=0.7826 val_auc=0.8590 best=0.8655 patience=2/10
    [tffm] epoch 06/50: train_loss=0.7675 val_auc=0.8411 best=0.8655 patience=3/10
    [tffm] epoch 07/50: train_loss=0.7175 val_auc=0.8565 best=0.8655 patience=4/10
    [tffm] epoch 08/50: train_loss=0.7605 val_auc=0.8594 best=0.8655 patience=5/10
    [tffm] epoch 09/50: train_loss=0.6650 val_auc=0.8595 best=0.8655 patience=6/10
    [tffm] epoch 10/50: train_loss=0.6568 val_auc=0.8628 best=0.8655 patience=7/10
    [tffm] epoch 11/50: train_loss=0.6551 val_auc=0.8530 best=0.8655 patience=8/10
    [tffm] epoch 12/50: train_loss=0.6720 val_auc=0.8581 best=0.8655 patience=9/10
    [tffm] epoch 13/50: train_loss=0.6788 val_auc=0.8443 best=0.8655 patience=10/10
    [tffm] early stop at epoch 13
  [tffm] fold 16/25: AUC=0.8655
    [tffm] epoch 01/50: train_loss=1.0748 val_auc=0.8544 best=0.8544 patience=0/10 *
    [tffm] epoch 02/50: train_loss=0.9604 val_auc=0.8700 best=0.8700 patience=0/10 *
    [tffm] epoch 03/50: train_loss=0.8041 val_auc=0.8881 best=0.8881 patience=0/10 *
    [tffm] epoch 04/50: train_loss=0.9560 val_auc=0.8788 best=0.8881 patience=1/10
    [tffm] epoch 05/50: train_loss=0.8190 val_auc=0.8871 best=0.8881 patience=2/10
    [tffm] epoch 06/50: train_loss=0.9250 val_auc=0.8866 best=0.8881 patience=3/10
    [tffm] epoch 07/50: train_loss=0.8231 val_auc=0.8902 best=0.8902 patience=0/10 *
    [tffm] epoch 08/50: train_loss=0.8065 val_auc=0.9061 best=0.9061 patience=0/10 *
    [tffm] epoch 09/50: train_loss=0.7689 val_auc=0.9090 best=0.9090 patience=0/10 *
    [tffm] epoch 10/50: train_loss=0.7568 val_auc=0.9092 best=0.9092 patience=0/10 *
    [tffm] epoch 11/50: train_loss=0.8412 val_auc=0.8474 best=0.9092 patience=1/10
    [tffm] epoch 12/50: train_loss=0.7007 val_auc=0.9000 best=0.9092 patience=2/10
    [tffm] epoch 13/50: train_loss=0.7409 val_auc=0.8899 best=0.9092 patience=3/10
    [tffm] epoch 14/50: train_loss=0.7115 val_auc=0.9000 best=0.9092 patience=4/10
    [tffm] epoch 15/50: train_loss=0.8174 val_auc=0.9056 best=0.9092 patience=5/10
    [tffm] epoch 16/50: train_loss=0.7511 val_auc=0.9048 best=0.9092 patience=6/10
    [tffm] epoch 17/50: train_loss=0.6624 val_auc=0.9040 best=0.9092 patience=7/10
    [tffm] epoch 18/50: train_loss=0.6835 val_auc=0.8983 best=0.9092 patience=8/10
    [tffm] epoch 19/50: train_loss=0.6662 val_auc=0.8907 best=0.9092 patience=9/10
    [tffm] epoch 20/50: train_loss=0.6427 val_auc=0.8677 best=0.9092 patience=10/10
    [tffm] early stop at epoch 20
  [tffm] fold 17/25: AUC=0.9092
    [tffm] epoch 01/50: train_loss=1.0979 val_auc=0.8355 best=0.8355 patience=0/10 *
    [tffm] epoch 02/50: train_loss=0.8129 val_auc=0.8652 best=0.8652 patience=0/10 *
    [tffm] epoch 03/50: train_loss=0.7943 val_auc=0.8626 best=0.8652 patience=1/10
    [tffm] epoch 04/50: train_loss=0.7624 val_auc=0.8429 best=0.8652 patience=2/10
    [tffm] epoch 05/50: train_loss=0.7970 val_auc=0.8399 best=0.8652 patience=3/10
    [tffm] epoch 06/50: train_loss=0.6945 val_auc=0.8540 best=0.8652 patience=4/10
    [tffm] epoch 07/50: train_loss=0.6958 val_auc=0.8414 best=0.8652 patience=5/10
    [tffm] epoch 08/50: train_loss=0.7039 val_auc=0.8670 best=0.8670 patience=0/10 *
    [tffm] epoch 09/50: train_loss=0.7621 val_auc=0.8702 best=0.8702 patience=0/10 *
    [tffm] epoch 10/50: train_loss=0.6337 val_auc=0.8202 best=0.8702 patience=1/10
    [tffm] epoch 11/50: train_loss=1.1328 val_auc=0.8379 best=0.8702 patience=2/10
    [tffm] epoch 12/50: train_loss=0.7922 val_auc=0.8143 best=0.8702 patience=3/10
    [tffm] epoch 13/50: train_loss=0.6474 val_auc=0.8618 best=0.8702 patience=4/10
    [tffm] epoch 14/50: train_loss=0.7460 val_auc=0.8353 best=0.8702 patience=5/10
    [tffm] epoch 15/50: train_loss=0.7235 val_auc=0.8470 best=0.8702 patience=6/10
    [tffm] epoch 16/50: train_loss=0.6415 val_auc=0.8492 best=0.8702 patience=7/10
    [tffm] epoch 17/50: train_loss=0.6149 val_auc=0.8226 best=0.8702 patience=8/10
    [tffm] epoch 18/50: train_loss=0.8025 val_auc=0.8377 best=0.8702 patience=9/10
    [tffm] epoch 19/50: train_loss=0.6555 val_auc=0.8436 best=0.8702 patience=10/10
    [tffm] early stop at epoch 19
  [tffm] fold 18/25: AUC=0.8702
    [tffm] epoch 01/50: train_loss=1.2020 val_auc=0.8750 best=0.8750 patience=0/10 *
    [tffm] epoch 02/50: train_loss=0.8256 val_auc=0.8832 best=0.8832 patience=0/10 *
    [tffm] epoch 03/50: train_loss=0.8877 val_auc=0.9225 best=0.9225 patience=0/10 *
    [tffm] epoch 04/50: train_loss=0.7777 val_auc=0.9329 best=0.9329 patience=0/10 *
    [tffm] epoch 05/50: train_loss=0.9133 val_auc=0.9151 best=0.9329 patience=1/10
    [tffm] epoch 06/50: train_loss=0.8201 val_auc=0.9072 best=0.9329 patience=2/10
    [tffm] epoch 07/50: train_loss=0.8360 val_auc=0.9158 best=0.9329 patience=3/10
    [tffm] epoch 08/50: train_loss=0.7454 val_auc=0.9017 best=0.9329 patience=4/10
    [tffm] epoch 09/50: train_loss=0.7801 val_auc=0.9200 best=0.9329 patience=5/10
    [tffm] epoch 10/50: train_loss=0.7798 val_auc=0.9130 best=0.9329 patience=6/10
    [tffm] epoch 11/50: train_loss=0.7289 val_auc=0.9313 best=0.9329 patience=7/10
    [tffm] epoch 12/50: train_loss=0.9346 val_auc=0.9043 best=0.9329 patience=8/10
    [tffm] epoch 13/50: train_loss=0.7900 val_auc=0.9250 best=0.9329 patience=9/10
    [tffm] epoch 14/50: train_loss=0.7637 val_auc=0.9170 best=0.9329 patience=10/10
    [tffm] early stop at epoch 14
  [tffm] fold 19/25: AUC=0.9329
    [tffm] epoch 01/50: train_loss=1.1437 val_auc=0.8832 best=0.8832 patience=0/10 *
    [tffm] epoch 02/50: train_loss=0.8361 val_auc=0.8997 best=0.8997 patience=0/10 *
    [tffm] epoch 03/50: train_loss=0.8027 val_auc=0.9414 best=0.9414 patience=0/10 *
    [tffm] epoch 04/50: train_loss=0.7662 val_auc=0.8740 best=0.9414 patience=1/10
    [tffm] epoch 05/50: train_loss=0.8598 val_auc=0.8898 best=0.9414 patience=2/10
    [tffm] epoch 06/50: train_loss=0.9220 val_auc=0.9310 best=0.9414 patience=3/10
    [tffm] epoch 07/50: train_loss=0.8050 val_auc=0.9562 best=0.9562 patience=0/10 *
    [tffm] epoch 08/50: train_loss=0.8086 val_auc=0.9487 best=0.9562 patience=1/10
    [tffm] epoch 09/50: train_loss=0.8395 val_auc=0.9452 best=0.9562 patience=2/10
    [tffm] epoch 10/50: train_loss=0.7890 val_auc=0.9524 best=0.9562 patience=3/10
    [tffm] epoch 11/50: train_loss=0.7561 val_auc=0.9342 best=0.9562 patience=4/10
    [tffm] epoch 12/50: train_loss=0.8133 val_auc=0.9552 best=0.9562 patience=5/10
    [tffm] epoch 13/50: train_loss=0.7406 val_auc=0.9527 best=0.9562 patience=6/10
    [tffm] epoch 14/50: train_loss=0.8087 val_auc=0.9616 best=0.9616 patience=0/10 *
    [tffm] epoch 15/50: train_loss=0.7092 val_auc=0.9609 best=0.9616 patience=1/10
    [tffm] epoch 16/50: train_loss=0.7412 val_auc=0.9590 best=0.9616 patience=2/10
    [tffm] epoch 17/50: train_loss=0.7645 val_auc=0.9524 best=0.9616 patience=3/10
    [tffm] epoch 18/50: train_loss=0.7546 val_auc=0.9609 best=0.9616 patience=4/10
    [tffm] epoch 19/50: train_loss=0.7506 val_auc=0.9640 best=0.9640 patience=0/10 *
    [tffm] epoch 20/50: train_loss=0.6767 val_auc=0.9474 best=0.9640 patience=1/10
    [tffm] epoch 21/50: train_loss=0.9182 val_auc=0.9552 best=0.9640 patience=2/10
    [tffm] epoch 22/50: train_loss=0.6681 val_auc=0.9563 best=0.9640 patience=3/10
    [tffm] epoch 23/50: train_loss=0.6502 val_auc=0.9562 best=0.9640 patience=4/10
    [tffm] epoch 24/50: train_loss=0.6947 val_auc=0.9589 best=0.9640 patience=5/10
    [tffm] epoch 25/50: train_loss=0.6580 val_auc=0.9538 best=0.9640 patience=6/10
    [tffm] epoch 26/50: train_loss=0.6299 val_auc=0.9564 best=0.9640 patience=7/10
    [tffm] epoch 27/50: train_loss=0.7479 val_auc=0.9562 best=0.9640 patience=8/10
    [tffm] epoch 28/50: train_loss=0.7347 val_auc=0.9545 best=0.9640 patience=9/10
    [tffm] epoch 29/50: train_loss=0.6722 val_auc=0.9364 best=0.9640 patience=10/10
    [tffm] early stop at epoch 29
  [tffm] fold 20/25: AUC=0.9640
    [tffm] epoch 01/50: train_loss=1.2153 val_auc=0.8089 best=0.8089 patience=0/10 *
    [tffm] epoch 02/50: train_loss=0.7913 val_auc=0.8374 best=0.8374 patience=0/10 *
    [tffm] epoch 03/50: train_loss=0.7357 val_auc=0.8417 best=0.8417 patience=0/10 *
    [tffm] epoch 04/50: train_loss=0.7627 val_auc=0.8566 best=0.8566 patience=0/10 *
    [tffm] epoch 05/50: train_loss=0.7154 val_auc=0.8583 best=0.8583 patience=0/10 *
    [tffm] epoch 06/50: train_loss=0.6942 val_auc=0.8674 best=0.8674 patience=0/10 *
    [tffm] epoch 07/50: train_loss=0.7209 val_auc=0.8674 best=0.8674 patience=0/10 *
    [tffm] epoch 08/50: train_loss=0.8939 val_auc=0.8621 best=0.8674 patience=1/10
    [tffm] epoch 09/50: train_loss=0.7722 val_auc=0.8528 best=0.8674 patience=2/10
    [tffm] epoch 10/50: train_loss=0.6509 val_auc=0.8672 best=0.8674 patience=3/10
    [tffm] epoch 11/50: train_loss=0.7017 val_auc=0.8738 best=0.8738 patience=0/10 *
    [tffm] epoch 12/50: train_loss=0.6184 val_auc=0.8742 best=0.8742 patience=0/10 *
    [tffm] epoch 13/50: train_loss=0.6807 val_auc=0.8689 best=0.8742 patience=1/10
    [tffm] epoch 14/50: train_loss=0.6198 val_auc=0.8634 best=0.8742 patience=2/10
    [tffm] epoch 15/50: train_loss=0.6296 val_auc=0.8510 best=0.8742 patience=3/10
    [tffm] epoch 16/50: train_loss=0.6928 val_auc=0.8635 best=0.8742 patience=4/10
    [tffm] epoch 17/50: train_loss=0.6304 val_auc=0.8610 best=0.8742 patience=5/10
    [tffm] epoch 18/50: train_loss=0.6589 val_auc=0.7745 best=0.8742 patience=6/10
    [tffm] epoch 19/50: train_loss=0.6792 val_auc=0.8483 best=0.8742 patience=7/10
    [tffm] epoch 20/50: train_loss=0.6301 val_auc=0.8660 best=0.8742 patience=8/10
    [tffm] epoch 21/50: train_loss=0.5805 val_auc=0.8628 best=0.8742 patience=9/10
    [tffm] epoch 22/50: train_loss=0.7197 val_auc=0.8601 best=0.8742 patience=10/10
    [tffm] early stop at epoch 22
  [tffm] fold 21/25: AUC=0.8742
    [tffm] epoch 01/50: train_loss=1.1435 val_auc=0.8652 best=0.8652 patience=0/10 *
    [tffm] epoch 02/50: train_loss=0.9332 val_auc=0.9142 best=0.9142 patience=0/10 *
    [tffm] epoch 03/50: train_loss=0.7654 val_auc=0.9095 best=0.9142 patience=1/10
    [tffm] epoch 04/50: train_loss=0.8226 val_auc=0.9221 best=0.9221 patience=0/10 *
    [tffm] epoch 05/50: train_loss=0.7593 val_auc=0.8897 best=0.9221 patience=1/10
    [tffm] epoch 06/50: train_loss=0.7655 val_auc=0.8945 best=0.9221 patience=2/10
    [tffm] epoch 07/50: train_loss=0.7536 val_auc=0.8760 best=0.9221 patience=3/10
    [tffm] epoch 08/50: train_loss=0.7709 val_auc=0.9013 best=0.9221 patience=4/10
    [tffm] epoch 09/50: train_loss=0.8030 val_auc=0.8828 best=0.9221 patience=5/10
    [tffm] epoch 10/50: train_loss=0.7595 val_auc=0.9070 best=0.9221 patience=6/10
    [tffm] epoch 11/50: train_loss=0.7500 val_auc=0.8796 best=0.9221 patience=7/10
    [tffm] epoch 12/50: train_loss=0.7244 val_auc=0.8770 best=0.9221 patience=8/10
    [tffm] epoch 13/50: train_loss=0.8454 val_auc=0.8828 best=0.9221 patience=9/10
    [tffm] epoch 14/50: train_loss=0.8348 val_auc=0.8806 best=0.9221 patience=10/10
    [tffm] early stop at epoch 14
  [tffm] fold 22/25: AUC=0.9221
    [tffm] epoch 01/50: train_loss=1.0889 val_auc=0.8894 best=0.8894 patience=0/10 *
    [tffm] epoch 02/50: train_loss=0.8296 val_auc=0.8844 best=0.8894 patience=1/10
    [tffm] epoch 03/50: train_loss=1.0127 val_auc=0.8854 best=0.8894 patience=2/10
    [tffm] epoch 04/50: train_loss=0.7357 val_auc=0.8801 best=0.8894 patience=3/10
    [tffm] epoch 05/50: train_loss=0.9114 val_auc=0.9021 best=0.9021 patience=0/10 *
    [tffm] epoch 06/50: train_loss=0.7735 val_auc=0.9049 best=0.9049 patience=0/10 *
    [tffm] epoch 07/50: train_loss=0.8057 val_auc=0.9013 best=0.9049 patience=1/10
    [tffm] epoch 08/50: train_loss=0.8241 val_auc=0.9081 best=0.9081 patience=0/10 *
    [tffm] epoch 09/50: train_loss=0.7728 val_auc=0.9152 best=0.9152 patience=0/10 *
    [tffm] epoch 10/50: train_loss=0.7651 val_auc=0.9203 best=0.9203 patience=0/10 *
    [tffm] epoch 11/50: train_loss=0.7510 val_auc=0.9226 best=0.9226 patience=0/10 *
    [tffm] epoch 12/50: train_loss=0.7186 val_auc=0.9312 best=0.9312 patience=0/10 *
    [tffm] epoch 13/50: train_loss=0.7711 val_auc=0.9374 best=0.9374 patience=0/10 *
    [tffm] epoch 14/50: train_loss=0.8194 val_auc=0.9352 best=0.9374 patience=1/10
    [tffm] epoch 15/50: train_loss=0.6991 val_auc=0.9292 best=0.9374 patience=2/10
    [tffm] epoch 16/50: train_loss=0.7738 val_auc=0.9331 best=0.9374 patience=3/10
    [tffm] epoch 17/50: train_loss=0.6851 val_auc=0.9253 best=0.9374 patience=4/10
    [tffm] epoch 18/50: train_loss=0.8146 val_auc=0.9258 best=0.9374 patience=5/10
    [tffm] epoch 19/50: train_loss=0.7140 val_auc=0.9243 best=0.9374 patience=6/10
    [tffm] epoch 20/50: train_loss=1.0856 val_auc=0.9198 best=0.9374 patience=7/10
    [tffm] epoch 21/50: train_loss=0.7073 val_auc=0.9342 best=0.9374 patience=8/10
    [tffm] epoch 22/50: train_loss=0.7387 val_auc=0.9333 best=0.9374 patience=9/10
    [tffm] epoch 23/50: train_loss=0.7069 val_auc=0.9368 best=0.9374 patience=10/10
    [tffm] early stop at epoch 23
  [tffm] fold 23/25: AUC=0.9374
    [tffm] epoch 01/50: train_loss=1.1703 val_auc=0.8746 best=0.8746 patience=0/10 *
    [tffm] epoch 02/50: train_loss=0.8180 val_auc=0.8775 best=0.8775 patience=0/10 *
    [tffm] epoch 03/50: train_loss=0.8072 val_auc=0.8843 best=0.8843 patience=0/10 *
    [tffm] epoch 04/50: train_loss=0.7601 val_auc=0.7949 best=0.8843 patience=1/10
    [tffm] epoch 05/50: train_loss=0.8506 val_auc=0.8840 best=0.8843 patience=2/10
    [tffm] epoch 06/50: train_loss=0.8723 val_auc=0.8890 best=0.8890 patience=0/10 *
    [tffm] epoch 07/50: train_loss=0.8781 val_auc=0.8183 best=0.8890 patience=1/10
    [tffm] epoch 08/50: train_loss=0.8307 val_auc=0.8806 best=0.8890 patience=2/10
    [tffm] epoch 09/50: train_loss=0.8104 val_auc=0.8737 best=0.8890 patience=3/10
    [tffm] epoch 10/50: train_loss=0.7611 val_auc=0.8822 best=0.8890 patience=4/10
    [tffm] epoch 11/50: train_loss=0.7201 val_auc=0.8745 best=0.8890 patience=5/10
    [tffm] epoch 12/50: train_loss=0.6917 val_auc=0.8713 best=0.8890 patience=6/10
    [tffm] epoch 13/50: train_loss=0.8186 val_auc=0.8836 best=0.8890 patience=7/10
    [tffm] epoch 14/50: train_loss=0.7075 val_auc=0.8796 best=0.8890 patience=8/10
    [tffm] epoch 15/50: train_loss=0.7132 val_auc=0.8869 best=0.8890 patience=9/10
    [tffm] epoch 16/50: train_loss=0.6729 val_auc=0.8902 best=0.8902 patience=0/10 *
    [tffm] epoch 17/50: train_loss=0.6946 val_auc=0.8788 best=0.8902 patience=1/10
    [tffm] epoch 18/50: train_loss=0.7324 val_auc=0.8827 best=0.8902 patience=2/10
    [tffm] epoch 19/50: train_loss=0.7062 val_auc=0.8936 best=0.8936 patience=0/10 *
    [tffm] epoch 20/50: train_loss=0.6672 val_auc=0.8912 best=0.8936 patience=1/10
    [tffm] epoch 21/50: train_loss=0.6681 val_auc=0.8984 best=0.8984 patience=0/10 *
    [tffm] epoch 22/50: train_loss=0.6255 val_auc=0.8973 best=0.8984 patience=1/10
    [tffm] epoch 23/50: train_loss=0.6325 val_auc=0.8898 best=0.8984 patience=2/10
    [tffm] epoch 24/50: train_loss=0.7550 val_auc=0.8812 best=0.8984 patience=3/10
    [tffm] epoch 25/50: train_loss=0.7611 val_auc=0.8918 best=0.8984 patience=4/10
    [tffm] epoch 26/50: train_loss=0.6583 val_auc=0.8991 best=0.8991 patience=0/10 *
    [tffm] epoch 27/50: train_loss=0.6273 val_auc=0.8736 best=0.8991 patience=1/10
    [tffm] epoch 28/50: train_loss=0.6987 val_auc=0.8737 best=0.8991 patience=2/10
    [tffm] epoch 29/50: train_loss=0.6297 val_auc=0.8825 best=0.8991 patience=3/10
    [tffm] epoch 30/50: train_loss=0.7462 val_auc=0.8605 best=0.8991 patience=4/10
    [tffm] epoch 31/50: train_loss=0.6552 val_auc=0.8694 best=0.8991 patience=5/10
    [tffm] epoch 32/50: train_loss=0.6536 val_auc=0.8691 best=0.8991 patience=6/10
    [tffm] epoch 33/50: train_loss=0.6970 val_auc=0.8596 best=0.8991 patience=7/10
    [tffm] epoch 34/50: train_loss=0.6270 val_auc=0.8740 best=0.8991 patience=8/10
    [tffm] epoch 35/50: train_loss=0.6984 val_auc=0.8679 best=0.8991 patience=9/10
    [tffm] epoch 36/50: train_loss=0.6676 val_auc=0.8466 best=0.8991 patience=10/10
    [tffm] early stop at epoch 36
  [tffm] fold 24/25: AUC=0.8991
    [tffm] epoch 01/50: train_loss=1.2618 val_auc=0.8476 best=0.8476 patience=0/10 *
    [tffm] epoch 02/50: train_loss=0.8890 val_auc=0.8708 best=0.8708 patience=0/10 *
    [tffm] epoch 03/50: train_loss=0.7863 val_auc=0.8840 best=0.8840 patience=0/10 *
    [tffm] epoch 04/50: train_loss=0.9586 val_auc=0.8950 best=0.8950 patience=0/10 *
    [tffm] epoch 05/50: train_loss=0.8499 val_auc=0.8887 best=0.8950 patience=1/10
    [tffm] epoch 06/50: train_loss=0.8983 val_auc=0.9060 best=0.9060 patience=0/10 *
    [tffm] epoch 07/50: train_loss=0.8308 val_auc=0.9182 best=0.9182 patience=0/10 *
    [tffm] epoch 08/50: train_loss=0.7547 val_auc=0.9293 best=0.9293 patience=0/10 *
    [tffm] epoch 09/50: train_loss=0.7703 val_auc=0.9327 best=0.9327 patience=0/10 *
    [tffm] epoch 10/50: train_loss=0.8082 val_auc=0.9228 best=0.9327 patience=1/10
    [tffm] epoch 11/50: train_loss=0.8556 val_auc=0.9365 best=0.9365 patience=0/10 *
    [tffm] epoch 12/50: train_loss=0.6980 val_auc=0.9271 best=0.9365 patience=1/10
    [tffm] epoch 13/50: train_loss=0.8049 val_auc=0.9334 best=0.9365 patience=2/10
    [tffm] epoch 14/50: train_loss=0.7675 val_auc=0.9360 best=0.9365 patience=3/10
    [tffm] epoch 15/50: train_loss=0.7708 val_auc=0.9318 best=0.9365 patience=4/10
    [tffm] epoch 16/50: train_loss=0.7164 val_auc=0.9321 best=0.9365 patience=5/10
    [tffm] epoch 17/50: train_loss=0.7664 val_auc=0.9343 best=0.9365 patience=6/10
    [tffm] epoch 18/50: train_loss=0.7490 val_auc=0.9412 best=0.9412 patience=0/10 *
    [tffm] epoch 19/50: train_loss=0.7360 val_auc=0.9398 best=0.9412 patience=1/10
    [tffm] epoch 20/50: train_loss=0.6956 val_auc=0.9436 best=0.9436 patience=0/10 *
    [tffm] epoch 21/50: train_loss=0.6604 val_auc=0.9374 best=0.9436 patience=1/10
    [tffm] epoch 22/50: train_loss=0.7545 val_auc=0.9288 best=0.9436 patience=2/10
    [tffm] epoch 23/50: train_loss=0.7337 val_auc=0.9389 best=0.9436 patience=3/10
    [tffm] epoch 24/50: train_loss=0.7138 val_auc=0.9295 best=0.9436 patience=4/10
    [tffm] epoch 25/50: train_loss=0.7242 val_auc=0.9370 best=0.9436 patience=5/10
    [tffm] epoch 26/50: train_loss=0.6767 val_auc=0.9331 best=0.9436 patience=6/10
    [tffm] epoch 27/50: train_loss=0.6561 val_auc=0.9393 best=0.9436 patience=7/10
    [tffm] epoch 28/50: train_loss=0.5965 val_auc=0.9360 best=0.9436 patience=8/10
    [tffm] epoch 29/50: train_loss=0.6504 val_auc=0.9444 best=0.9444 patience=0/10 *
    [tffm] epoch 30/50: train_loss=0.6184 val_auc=0.9470 best=0.9470 patience=0/10 *
    [tffm] epoch 31/50: train_loss=0.6561 val_auc=0.9429 best=0.9470 patience=1/10
    [tffm] epoch 32/50: train_loss=0.6300 val_auc=0.9471 best=0.9471 patience=0/10 *
    [tffm] epoch 33/50: train_loss=0.6095 val_auc=0.9479 best=0.9479 patience=0/10 *
    [tffm] epoch 34/50: train_loss=0.6552 val_auc=0.9492 best=0.9492 patience=0/10 *
    [tffm] epoch 35/50: train_loss=0.6154 val_auc=0.9487 best=0.9492 patience=1/10
    [tffm] epoch 36/50: train_loss=0.6055 val_auc=0.9492 best=0.9492 patience=2/10
    [tffm] epoch 37/50: train_loss=0.6203 val_auc=0.9475 best=0.9492 patience=3/10
    [tffm] epoch 38/50: train_loss=0.5783 val_auc=0.9469 best=0.9492 patience=4/10
    [tffm] epoch 39/50: train_loss=0.5731 val_auc=0.9425 best=0.9492 patience=5/10
    [tffm] epoch 40/50: train_loss=0.5690 val_auc=0.8894 best=0.9492 patience=6/10
    [tffm] epoch 41/50: train_loss=0.7325 val_auc=0.9226 best=0.9492 patience=7/10
    [tffm] epoch 42/50: train_loss=0.6689 val_auc=0.9402 best=0.9492 patience=8/10
    [tffm] epoch 43/50: train_loss=0.6210 val_auc=0.9404 best=0.9492 patience=9/10
    [tffm] epoch 44/50: train_loss=0.5914 val_auc=0.9228 best=0.9492 patience=10/10
    [tffm] early stop at epoch 44
  [tffm] fold 25/25: AUC=0.9492
tffm: mean=0.9112, std=0.0319, q25=0.8797, q10=0.8718 over 25 folds
