
== cv resnet ==
  out:   ./runs/sweep/resnet_lr3e4
  cv     n_splits=5 n_repeats=5 quick=False
  model  seed=42 device=cuda epochs=50 batch_size=256 lr=0.0003 weight_decay=0.0001 early_stop_patience=10 hidden=128 block_hidden=256 n_layers=4 dropout=0.2
  data   data_dir=./data/facebook-recruiting-iv-human-or-bot runs_dir=./runs cache_dir=./runs/cache

    [resnet] epoch 01/50: train_loss=1.4860 val_auc=0.2658 best=0.2658 patience=0/10 *
    [resnet] epoch 02/50: train_loss=1.4225 val_auc=0.2784 best=0.2784 patience=0/10 *
    [resnet] epoch 03/50: train_loss=1.3838 val_auc=0.4718 best=0.4718 patience=0/10 *
    [resnet] epoch 04/50: train_loss=1.3759 val_auc=0.8027 best=0.8027 patience=0/10 *
    [resnet] epoch 05/50: train_loss=1.3098 val_auc=0.7026 best=0.8027 patience=1/10
    [resnet] epoch 06/50: train_loss=1.2810 val_auc=0.7142 best=0.8027 patience=2/10
    [resnet] epoch 07/50: train_loss=1.2912 val_auc=0.7372 best=0.8027 patience=3/10
    [resnet] epoch 08/50: train_loss=1.2597 val_auc=0.7370 best=0.8027 patience=4/10
    [resnet] epoch 09/50: train_loss=1.2435 val_auc=0.7368 best=0.8027 patience=5/10
    [resnet] epoch 10/50: train_loss=1.2743 val_auc=0.7368 best=0.8027 patience=6/10
    [resnet] epoch 11/50: train_loss=1.2248 val_auc=0.7366 best=0.8027 patience=7/10
    [resnet] epoch 12/50: train_loss=1.1933 val_auc=0.7352 best=0.8027 patience=8/10
    [resnet] epoch 13/50: train_loss=1.1839 val_auc=0.7351 best=0.8027 patience=9/10
    [resnet] epoch 14/50: train_loss=1.1968 val_auc=0.7349 best=0.8027 patience=10/10
    [resnet] early stop at epoch 14
  [resnet] fold 1/25: AUC=0.8027
    [resnet] epoch 01/50: train_loss=1.2687 val_auc=0.7205 best=0.7205 patience=0/10 *
    [resnet] epoch 02/50: train_loss=1.2014 val_auc=0.7206 best=0.7206 patience=0/10 *
    [resnet] epoch 03/50: train_loss=1.2557 val_auc=0.7215 best=0.7215 patience=0/10 *
    [resnet] epoch 04/50: train_loss=1.2515 val_auc=0.7227 best=0.7227 patience=0/10 *
    [resnet] epoch 05/50: train_loss=1.2223 val_auc=0.7228 best=0.7228 patience=0/10 *
    [resnet] epoch 06/50: train_loss=1.2000 val_auc=0.7231 best=0.7231 patience=0/10 *
    [resnet] epoch 07/50: train_loss=1.2111 val_auc=0.7232 best=0.7232 patience=0/10 *
    [resnet] epoch 08/50: train_loss=1.2231 val_auc=0.7236 best=0.7236 patience=0/10 *
    [resnet] epoch 09/50: train_loss=1.1824 val_auc=0.7238 best=0.7238 patience=0/10 *
    [resnet] epoch 10/50: train_loss=1.2235 val_auc=0.7238 best=0.7238 patience=1/10
    [resnet] epoch 11/50: train_loss=1.1956 val_auc=0.7238 best=0.7238 patience=2/10
    [resnet] epoch 12/50: train_loss=1.1572 val_auc=0.7233 best=0.7238 patience=3/10
    [resnet] epoch 13/50: train_loss=1.1478 val_auc=0.7232 best=0.7238 patience=4/10
    [resnet] epoch 14/50: train_loss=1.1656 val_auc=0.7236 best=0.7238 patience=5/10
    [resnet] epoch 15/50: train_loss=1.1798 val_auc=0.7234 best=0.7238 patience=6/10
    [resnet] epoch 16/50: train_loss=1.1633 val_auc=0.7233 best=0.7238 patience=7/10
    [resnet] epoch 17/50: train_loss=1.1953 val_auc=0.7232 best=0.7238 patience=8/10
    [resnet] epoch 18/50: train_loss=1.1749 val_auc=0.7231 best=0.7238 patience=9/10
    [resnet] epoch 19/50: train_loss=1.1449 val_auc=0.7232 best=0.7238 patience=10/10
    [resnet] early stop at epoch 19
  [resnet] fold 2/25: AUC=0.7238
    [resnet] epoch 01/50: train_loss=1.4273 val_auc=0.2743 best=0.2743 patience=0/10 *
    [resnet] epoch 02/50: train_loss=1.3726 val_auc=0.5540 best=0.5540 patience=0/10 *
    [resnet] epoch 03/50: train_loss=1.3012 val_auc=0.6760 best=0.6760 patience=0/10 *
    [resnet] epoch 04/50: train_loss=1.3375 val_auc=0.7322 best=0.7322 patience=0/10 *
    [resnet] epoch 05/50: train_loss=1.2825 val_auc=0.7339 best=0.7339 patience=0/10 *
    [resnet] epoch 06/50: train_loss=1.2208 val_auc=0.7345 best=0.7345 patience=0/10 *
    [resnet] epoch 07/50: train_loss=1.2673 val_auc=0.7346 best=0.7346 patience=0/10 *
    [resnet] epoch 08/50: train_loss=1.2707 val_auc=0.7347 best=0.7347 patience=0/10 *
    [resnet] epoch 09/50: train_loss=1.2212 val_auc=0.7347 best=0.7347 patience=1/10
    [resnet] epoch 10/50: train_loss=1.2171 val_auc=0.7347 best=0.7347 patience=2/10
    [resnet] epoch 11/50: train_loss=1.2014 val_auc=0.7349 best=0.7349 patience=0/10 *
    [resnet] epoch 12/50: train_loss=1.2087 val_auc=0.7351 best=0.7351 patience=0/10 *
    [resnet] epoch 13/50: train_loss=1.2005 val_auc=0.7347 best=0.7351 patience=1/10
    [resnet] epoch 14/50: train_loss=1.1939 val_auc=0.7350 best=0.7351 patience=2/10
    [resnet] epoch 15/50: train_loss=1.2461 val_auc=0.7346 best=0.7351 patience=3/10
    [resnet] epoch 16/50: train_loss=1.2131 val_auc=0.7349 best=0.7351 patience=4/10
    [resnet] epoch 17/50: train_loss=1.2000 val_auc=0.7340 best=0.7351 patience=5/10
    [resnet] epoch 18/50: train_loss=1.1690 val_auc=0.7349 best=0.7351 patience=6/10
    [resnet] epoch 19/50: train_loss=1.1679 val_auc=0.7347 best=0.7351 patience=7/10
    [resnet] epoch 20/50: train_loss=1.1805 val_auc=0.7349 best=0.7351 patience=8/10
    [resnet] epoch 21/50: train_loss=1.1848 val_auc=0.7349 best=0.7351 patience=9/10
    [resnet] epoch 22/50: train_loss=1.1783 val_auc=0.7345 best=0.7351 patience=10/10
    [resnet] early stop at epoch 22
  [resnet] fold 3/25: AUC=0.7351
    [resnet] epoch 01/50: train_loss=1.3195 val_auc=0.5470 best=0.5470 patience=0/10 *
    [resnet] epoch 02/50: train_loss=1.2579 val_auc=0.5157 best=0.5470 patience=1/10
    [resnet] epoch 03/50: train_loss=1.2610 val_auc=0.5177 best=0.5470 patience=2/10
    [resnet] epoch 04/50: train_loss=1.2531 val_auc=0.6011 best=0.6011 patience=0/10 *
    [resnet] epoch 05/50: train_loss=1.1984 val_auc=0.7238 best=0.7238 patience=0/10 *
    [resnet] epoch 06/50: train_loss=1.2079 val_auc=0.7246 best=0.7246 patience=0/10 *
    [resnet] epoch 07/50: train_loss=1.2436 val_auc=0.7246 best=0.7246 patience=1/10
    [resnet] epoch 08/50: train_loss=1.2368 val_auc=0.7245 best=0.7246 patience=2/10
    [resnet] epoch 09/50: train_loss=1.1903 val_auc=0.7246 best=0.7246 patience=3/10
    [resnet] epoch 10/50: train_loss=1.1740 val_auc=0.7243 best=0.7246 patience=4/10
    [resnet] epoch 11/50: train_loss=1.2505 val_auc=0.7243 best=0.7246 patience=5/10
    [resnet] epoch 12/50: train_loss=1.1810 val_auc=0.7241 best=0.7246 patience=6/10
    [resnet] epoch 13/50: train_loss=1.2126 val_auc=0.7237 best=0.7246 patience=7/10
    [resnet] epoch 14/50: train_loss=1.2657 val_auc=0.7238 best=0.7246 patience=8/10
    [resnet] epoch 15/50: train_loss=1.1990 val_auc=0.7237 best=0.7246 patience=9/10
    [resnet] epoch 16/50: train_loss=1.2107 val_auc=0.7237 best=0.7246 patience=10/10
    [resnet] early stop at epoch 16
  [resnet] fold 4/25: AUC=0.7246
    [resnet] epoch 01/50: train_loss=1.2521 val_auc=0.6357 best=0.6357 patience=0/10 *
    [resnet] epoch 02/50: train_loss=1.2617 val_auc=0.7097 best=0.7097 patience=0/10 *
    [resnet] epoch 03/50: train_loss=1.2338 val_auc=0.7098 best=0.7098 patience=0/10 *
    [resnet] epoch 04/50: train_loss=1.2372 val_auc=0.7101 best=0.7101 patience=0/10 *
    [resnet] epoch 05/50: train_loss=1.2121 val_auc=0.7102 best=0.7102 patience=0/10 *
    [resnet] epoch 06/50: train_loss=1.2095 val_auc=0.7099 best=0.7102 patience=1/10
    [resnet] epoch 07/50: train_loss=1.1969 val_auc=0.7102 best=0.7102 patience=2/10
    [resnet] epoch 08/50: train_loss=1.1811 val_auc=0.7101 best=0.7102 patience=3/10
    [resnet] epoch 09/50: train_loss=1.1867 val_auc=0.7101 best=0.7102 patience=4/10
    [resnet] epoch 10/50: train_loss=1.2160 val_auc=0.7099 best=0.7102 patience=5/10
    [resnet] epoch 11/50: train_loss=1.1938 val_auc=0.7102 best=0.7102 patience=6/10
    [resnet] epoch 12/50: train_loss=1.1664 val_auc=0.7099 best=0.7102 patience=7/10
    [resnet] epoch 13/50: train_loss=1.1880 val_auc=0.7102 best=0.7102 patience=8/10
    [resnet] epoch 14/50: train_loss=1.1523 val_auc=0.7099 best=0.7102 patience=9/10
    [resnet] epoch 15/50: train_loss=1.1485 val_auc=0.7101 best=0.7102 patience=10/10
    [resnet] early stop at epoch 15
  [resnet] fold 5/25: AUC=0.7102
    [resnet] epoch 01/50: train_loss=1.2926 val_auc=0.5570 best=0.5570 patience=0/10 *
    [resnet] epoch 02/50: train_loss=1.2288 val_auc=0.5526 best=0.5570 patience=1/10
    [resnet] epoch 03/50: train_loss=1.2164 val_auc=0.6063 best=0.6063 patience=0/10 *
    [resnet] epoch 04/50: train_loss=1.2355 val_auc=0.7430 best=0.7430 patience=0/10 *
    [resnet] epoch 05/50: train_loss=1.2129 val_auc=0.7373 best=0.7430 patience=1/10
    [resnet] epoch 06/50: train_loss=1.2152 val_auc=0.7365 best=0.7430 patience=2/10
    [resnet] epoch 07/50: train_loss=1.2138 val_auc=0.7365 best=0.7430 patience=3/10
    [resnet] epoch 08/50: train_loss=1.2359 val_auc=0.7360 best=0.7430 patience=4/10
    [resnet] epoch 09/50: train_loss=1.2369 val_auc=0.7357 best=0.7430 patience=5/10
    [resnet] epoch 10/50: train_loss=1.2185 val_auc=0.7356 best=0.7430 patience=6/10
    [resnet] epoch 11/50: train_loss=1.1881 val_auc=0.7355 best=0.7430 patience=7/10
    [resnet] epoch 12/50: train_loss=1.1895 val_auc=0.7354 best=0.7430 patience=8/10
    [resnet] epoch 13/50: train_loss=1.1632 val_auc=0.7354 best=0.7430 patience=9/10
    [resnet] epoch 14/50: train_loss=1.2186 val_auc=0.7351 best=0.7430 patience=10/10
    [resnet] early stop at epoch 14
  [resnet] fold 6/25: AUC=0.7430
    [resnet] epoch 01/50: train_loss=1.2796 val_auc=0.6358 best=0.6358 patience=0/10 *
    [resnet] epoch 02/50: train_loss=1.3094 val_auc=0.6358 best=0.6358 patience=1/10
    [resnet] epoch 03/50: train_loss=1.2702 val_auc=0.6723 best=0.6723 patience=0/10 *
    [resnet] epoch 04/50: train_loss=1.2933 val_auc=0.6773 best=0.6773 patience=0/10 *
    [resnet] epoch 05/50: train_loss=1.2209 val_auc=0.6801 best=0.6801 patience=0/10 *
    [resnet] epoch 06/50: train_loss=1.2558 val_auc=0.6921 best=0.6921 patience=0/10 *
    [resnet] epoch 07/50: train_loss=1.2206 val_auc=0.6951 best=0.6951 patience=0/10 *
    [resnet] epoch 08/50: train_loss=1.1844 val_auc=0.6956 best=0.6956 patience=0/10 *
    [resnet] epoch 09/50: train_loss=1.2200 val_auc=0.6958 best=0.6958 patience=0/10 *
    [resnet] epoch 10/50: train_loss=1.1834 val_auc=0.6960 best=0.6960 patience=0/10 *
    [resnet] epoch 11/50: train_loss=1.1966 val_auc=0.6961 best=0.6961 patience=0/10 *
    [resnet] epoch 12/50: train_loss=1.2253 val_auc=0.6962 best=0.6962 patience=0/10 *
    [resnet] epoch 13/50: train_loss=1.1845 val_auc=0.6962 best=0.6962 patience=1/10
    [resnet] epoch 14/50: train_loss=1.1692 val_auc=0.6962 best=0.6962 patience=2/10
    [resnet] epoch 15/50: train_loss=1.2011 val_auc=0.6962 best=0.6962 patience=3/10
    [resnet] epoch 16/50: train_loss=1.2052 val_auc=0.6962 best=0.6962 patience=4/10
    [resnet] epoch 17/50: train_loss=1.1898 val_auc=0.6963 best=0.6963 patience=0/10 *
    [resnet] epoch 18/50: train_loss=1.1737 val_auc=0.6963 best=0.6963 patience=1/10
    [resnet] epoch 19/50: train_loss=1.2098 val_auc=0.6961 best=0.6963 patience=2/10
    [resnet] epoch 20/50: train_loss=1.2312 val_auc=0.6962 best=0.6963 patience=3/10
    [resnet] epoch 21/50: train_loss=1.2077 val_auc=0.6961 best=0.6963 patience=4/10
    [resnet] epoch 22/50: train_loss=1.2486 val_auc=0.6961 best=0.6963 patience=5/10
    [resnet] epoch 23/50: train_loss=1.2218 val_auc=0.6961 best=0.6963 patience=6/10
    [resnet] epoch 24/50: train_loss=1.1440 val_auc=0.6963 best=0.6963 patience=0/10 *
    [resnet] epoch 25/50: train_loss=1.1366 val_auc=0.6961 best=0.6963 patience=1/10
    [resnet] epoch 26/50: train_loss=1.1535 val_auc=0.6961 best=0.6963 patience=2/10
    [resnet] epoch 27/50: train_loss=1.1758 val_auc=0.6965 best=0.6965 patience=0/10 *
    [resnet] epoch 28/50: train_loss=1.1455 val_auc=0.6965 best=0.6965 patience=1/10
    [resnet] epoch 29/50: train_loss=1.1800 val_auc=0.6965 best=0.6965 patience=2/10
    [resnet] epoch 30/50: train_loss=1.1558 val_auc=0.6965 best=0.6965 patience=3/10
    [resnet] epoch 31/50: train_loss=1.1651 val_auc=0.6965 best=0.6965 patience=0/10 *
    [resnet] epoch 32/50: train_loss=1.1704 val_auc=0.6962 best=0.6965 patience=1/10
    [resnet] epoch 33/50: train_loss=1.1327 val_auc=0.6964 best=0.6965 patience=2/10
    [resnet] epoch 34/50: train_loss=1.1822 val_auc=0.6963 best=0.6965 patience=3/10
    [resnet] epoch 35/50: train_loss=1.1294 val_auc=0.6962 best=0.6965 patience=4/10
    [resnet] epoch 36/50: train_loss=1.1195 val_auc=0.6962 best=0.6965 patience=5/10
    [resnet] epoch 37/50: train_loss=1.1793 val_auc=0.6950 best=0.6965 patience=6/10
    [resnet] epoch 38/50: train_loss=1.1563 val_auc=0.6953 best=0.6965 patience=7/10
    [resnet] epoch 39/50: train_loss=1.1602 val_auc=0.6953 best=0.6965 patience=8/10
    [resnet] epoch 40/50: train_loss=1.1282 val_auc=0.6960 best=0.6965 patience=9/10
    [resnet] epoch 41/50: train_loss=1.1457 val_auc=0.6951 best=0.6965 patience=10/10
    [resnet] early stop at epoch 41
  [resnet] fold 7/25: AUC=0.6965
    [resnet] epoch 01/50: train_loss=1.2131 val_auc=0.7254 best=0.7254 patience=0/10 *
    [resnet] epoch 02/50: train_loss=1.2548 val_auc=0.7256 best=0.7256 patience=0/10 *
    [resnet] epoch 03/50: train_loss=1.2405 val_auc=0.7255 best=0.7256 patience=1/10
    [resnet] epoch 04/50: train_loss=1.2527 val_auc=0.7253 best=0.7256 patience=2/10
    [resnet] epoch 05/50: train_loss=1.2494 val_auc=0.7245 best=0.7256 patience=3/10
    [resnet] epoch 06/50: train_loss=1.2291 val_auc=0.7245 best=0.7256 patience=4/10
    [resnet] epoch 07/50: train_loss=1.2333 val_auc=0.7245 best=0.7256 patience=5/10
    [resnet] epoch 08/50: train_loss=1.1812 val_auc=0.7245 best=0.7256 patience=6/10
    [resnet] epoch 09/50: train_loss=1.1902 val_auc=0.7239 best=0.7256 patience=7/10
    [resnet] epoch 10/50: train_loss=1.2181 val_auc=0.7238 best=0.7256 patience=8/10
    [resnet] epoch 11/50: train_loss=1.2028 val_auc=0.7240 best=0.7256 patience=9/10
    [resnet] epoch 12/50: train_loss=1.2004 val_auc=0.7239 best=0.7256 patience=10/10
    [resnet] early stop at epoch 12
  [resnet] fold 8/25: AUC=0.7256
    [resnet] epoch 01/50: train_loss=1.2644 val_auc=0.7283 best=0.7283 patience=0/10 *
    [resnet] epoch 02/50: train_loss=1.3021 val_auc=0.7411 best=0.7411 patience=0/10 *
    [resnet] epoch 03/50: train_loss=1.2122 val_auc=0.7482 best=0.7482 patience=0/10 *
    [resnet] epoch 04/50: train_loss=1.2290 val_auc=0.7507 best=0.7507 patience=0/10 *
    [resnet] epoch 05/50: train_loss=1.1665 val_auc=0.7512 best=0.7512 patience=0/10 *
    [resnet] epoch 06/50: train_loss=1.1996 val_auc=0.7513 best=0.7513 patience=0/10 *
    [resnet] epoch 07/50: train_loss=1.2544 val_auc=0.7514 best=0.7514 patience=0/10 *
    [resnet] epoch 08/50: train_loss=1.1796 val_auc=0.7516 best=0.7516 patience=0/10 *
    [resnet] epoch 09/50: train_loss=1.1899 val_auc=0.7510 best=0.7516 patience=1/10
    [resnet] epoch 10/50: train_loss=1.2128 val_auc=0.7520 best=0.7520 patience=0/10 *
    [resnet] epoch 11/50: train_loss=1.1450 val_auc=0.7521 best=0.7521 patience=0/10 *
    [resnet] epoch 12/50: train_loss=1.1884 val_auc=0.7525 best=0.7525 patience=0/10 *
    [resnet] epoch 13/50: train_loss=1.2184 val_auc=0.7516 best=0.7525 patience=1/10
    [resnet] epoch 14/50: train_loss=1.1739 val_auc=0.7520 best=0.7525 patience=2/10
    [resnet] epoch 15/50: train_loss=1.1726 val_auc=0.7517 best=0.7525 patience=3/10
    [resnet] epoch 16/50: train_loss=1.1946 val_auc=0.7516 best=0.7525 patience=4/10
    [resnet] epoch 17/50: train_loss=1.1848 val_auc=0.7518 best=0.7525 patience=5/10
    [resnet] epoch 18/50: train_loss=1.1295 val_auc=0.7521 best=0.7525 patience=6/10
    [resnet] epoch 19/50: train_loss=1.1651 val_auc=0.7518 best=0.7525 patience=7/10
    [resnet] epoch 20/50: train_loss=1.1501 val_auc=0.7517 best=0.7525 patience=8/10
    [resnet] epoch 21/50: train_loss=1.1468 val_auc=0.7520 best=0.7525 patience=9/10
    [resnet] epoch 22/50: train_loss=1.1651 val_auc=0.7509 best=0.7525 patience=10/10
    [resnet] early stop at epoch 22
  [resnet] fold 9/25: AUC=0.7525
    [resnet] epoch 01/50: train_loss=1.3546 val_auc=0.6048 best=0.6048 patience=0/10 *
    [resnet] epoch 02/50: train_loss=1.3204 val_auc=0.7084 best=0.7084 patience=0/10 *
    [resnet] epoch 03/50: train_loss=1.2503 val_auc=0.7267 best=0.7267 patience=0/10 *
    [resnet] epoch 04/50: train_loss=1.2824 val_auc=0.7267 best=0.7267 patience=1/10
    [resnet] epoch 05/50: train_loss=1.2317 val_auc=0.7267 best=0.7267 patience=2/10
    [resnet] epoch 06/50: train_loss=1.2710 val_auc=0.7267 best=0.7267 patience=3/10
    [resnet] epoch 07/50: train_loss=1.2388 val_auc=0.7264 best=0.7267 patience=4/10
    [resnet] epoch 08/50: train_loss=1.2348 val_auc=0.7263 best=0.7267 patience=5/10
    [resnet] epoch 09/50: train_loss=1.1918 val_auc=0.7262 best=0.7267 patience=6/10
    [resnet] epoch 10/50: train_loss=1.2349 val_auc=0.7260 best=0.7267 patience=7/10
    [resnet] epoch 11/50: train_loss=1.2086 val_auc=0.7260 best=0.7267 patience=8/10
    [resnet] epoch 12/50: train_loss=1.1803 val_auc=0.7260 best=0.7267 patience=9/10
    [resnet] epoch 13/50: train_loss=1.1796 val_auc=0.7260 best=0.7267 patience=10/10
    [resnet] early stop at epoch 13
  [resnet] fold 10/25: AUC=0.7267
    [resnet] epoch 01/50: train_loss=1.3601 val_auc=0.6583 best=0.6583 patience=0/10 *
    [resnet] epoch 02/50: train_loss=1.2725 val_auc=0.7784 best=0.7784 patience=0/10 *
    [resnet] epoch 03/50: train_loss=1.2411 val_auc=0.7334 best=0.7784 patience=1/10
    [resnet] epoch 04/50: train_loss=1.2606 val_auc=0.7321 best=0.7784 patience=2/10
    [resnet] epoch 05/50: train_loss=1.2667 val_auc=0.7317 best=0.7784 patience=3/10
    [resnet] epoch 06/50: train_loss=1.1950 val_auc=0.7315 best=0.7784 patience=4/10
    [resnet] epoch 07/50: train_loss=1.1604 val_auc=0.7311 best=0.7784 patience=5/10
    [resnet] epoch 08/50: train_loss=1.1974 val_auc=0.7310 best=0.7784 patience=6/10
    [resnet] epoch 09/50: train_loss=1.1976 val_auc=0.7309 best=0.7784 patience=7/10
    [resnet] epoch 10/50: train_loss=1.2004 val_auc=0.7309 best=0.7784 patience=8/10
    [resnet] epoch 11/50: train_loss=1.2184 val_auc=0.7305 best=0.7784 patience=9/10
    [resnet] epoch 12/50: train_loss=1.2196 val_auc=0.7305 best=0.7784 patience=10/10
    [resnet] early stop at epoch 12
  [resnet] fold 11/25: AUC=0.7784
    [resnet] epoch 01/50: train_loss=1.4136 val_auc=0.3793 best=0.3793 patience=0/10 *
    [resnet] epoch 02/50: train_loss=1.3621 val_auc=0.5162 best=0.5162 patience=0/10 *
    [resnet] epoch 03/50: train_loss=1.3254 val_auc=0.6190 best=0.6190 patience=0/10 *
    [resnet] epoch 04/50: train_loss=1.2816 val_auc=0.6361 best=0.6361 patience=0/10 *
    [resnet] epoch 05/50: train_loss=1.3008 val_auc=0.6826 best=0.6826 patience=0/10 *
    [resnet] epoch 06/50: train_loss=1.2653 val_auc=0.6859 best=0.6859 patience=0/10 *
    [resnet] epoch 07/50: train_loss=1.2529 val_auc=0.6869 best=0.6869 patience=0/10 *
    [resnet] epoch 08/50: train_loss=1.2676 val_auc=0.6872 best=0.6872 patience=0/10 *
    [resnet] epoch 09/50: train_loss=1.2197 val_auc=0.6871 best=0.6872 patience=1/10
    [resnet] epoch 10/50: train_loss=1.2109 val_auc=0.6870 best=0.6872 patience=2/10
    [resnet] epoch 11/50: train_loss=1.2060 val_auc=0.6876 best=0.6876 patience=0/10 *
    [resnet] epoch 12/50: train_loss=1.1873 val_auc=0.6872 best=0.6876 patience=1/10
    [resnet] epoch 13/50: train_loss=1.1995 val_auc=0.6872 best=0.6876 patience=2/10
    [resnet] epoch 14/50: train_loss=1.2080 val_auc=0.6872 best=0.6876 patience=3/10
    [resnet] epoch 15/50: train_loss=1.1903 val_auc=0.6872 best=0.6876 patience=4/10
    [resnet] epoch 16/50: train_loss=1.2122 val_auc=0.6874 best=0.6876 patience=5/10
    [resnet] epoch 17/50: train_loss=1.1506 val_auc=0.6874 best=0.6876 patience=6/10
    [resnet] epoch 18/50: train_loss=1.2008 val_auc=0.6874 best=0.6876 patience=7/10
    [resnet] epoch 19/50: train_loss=1.2073 val_auc=0.6881 best=0.6881 patience=0/10 *
    [resnet] epoch 20/50: train_loss=1.2160 val_auc=0.6871 best=0.6881 patience=1/10
    [resnet] epoch 21/50: train_loss=1.1907 val_auc=0.6872 best=0.6881 patience=2/10
    [resnet] epoch 22/50: train_loss=1.1724 val_auc=0.6877 best=0.6881 patience=3/10
    [resnet] epoch 23/50: train_loss=1.1808 val_auc=0.6877 best=0.6881 patience=4/10
    [resnet] epoch 24/50: train_loss=1.1815 val_auc=0.6877 best=0.6881 patience=5/10
    [resnet] epoch 25/50: train_loss=1.1664 val_auc=0.6877 best=0.6881 patience=6/10
    [resnet] epoch 26/50: train_loss=1.1750 val_auc=0.6877 best=0.6881 patience=7/10
    [resnet] epoch 27/50: train_loss=1.1715 val_auc=0.6877 best=0.6881 patience=8/10
    [resnet] epoch 28/50: train_loss=1.1490 val_auc=0.6877 best=0.6881 patience=9/10
    [resnet] epoch 29/50: train_loss=1.1568 val_auc=0.6877 best=0.6881 patience=10/10
    [resnet] early stop at epoch 29
  [resnet] fold 12/25: AUC=0.6881
    [resnet] epoch 01/50: train_loss=1.3595 val_auc=0.5013 best=0.5013 patience=0/10 *
    [resnet] epoch 02/50: train_loss=1.2995 val_auc=0.5140 best=0.5140 patience=0/10 *
    [resnet] epoch 03/50: train_loss=1.2940 val_auc=0.6544 best=0.6544 patience=0/10 *
    [resnet] epoch 04/50: train_loss=1.2669 val_auc=0.7666 best=0.7666 patience=0/10 *
    [resnet] epoch 05/50: train_loss=1.2626 val_auc=0.7559 best=0.7666 patience=1/10
    [resnet] epoch 06/50: train_loss=1.2108 val_auc=0.7547 best=0.7666 patience=2/10
    [resnet] epoch 07/50: train_loss=1.2570 val_auc=0.7538 best=0.7666 patience=3/10
    [resnet] epoch 08/50: train_loss=1.1960 val_auc=0.7534 best=0.7666 patience=4/10
    [resnet] epoch 09/50: train_loss=1.2216 val_auc=0.7534 best=0.7666 patience=5/10
    [resnet] epoch 10/50: train_loss=1.1944 val_auc=0.7527 best=0.7666 patience=6/10
    [resnet] epoch 11/50: train_loss=1.1993 val_auc=0.7523 best=0.7666 patience=7/10
    [resnet] epoch 12/50: train_loss=1.1818 val_auc=0.7523 best=0.7666 patience=8/10
    [resnet] epoch 13/50: train_loss=1.1879 val_auc=0.7523 best=0.7666 patience=9/10
    [resnet] epoch 14/50: train_loss=1.1800 val_auc=0.7522 best=0.7666 patience=10/10
    [resnet] early stop at epoch 14
  [resnet] fold 13/25: AUC=0.7666
    [resnet] epoch 01/50: train_loss=1.3339 val_auc=0.3648 best=0.3648 patience=0/10 *
    [resnet] epoch 02/50: train_loss=1.2961 val_auc=0.5281 best=0.5281 patience=0/10 *
    [resnet] epoch 03/50: train_loss=1.2938 val_auc=0.7353 best=0.7353 patience=0/10 *
    [resnet] epoch 04/50: train_loss=1.2279 val_auc=0.7355 best=0.7355 patience=0/10 *
    [resnet] epoch 05/50: train_loss=1.2186 val_auc=0.7355 best=0.7355 patience=1/10
    [resnet] epoch 06/50: train_loss=1.2367 val_auc=0.7355 best=0.7355 patience=2/10
    [resnet] epoch 07/50: train_loss=1.1967 val_auc=0.7352 best=0.7355 patience=3/10
    [resnet] epoch 08/50: train_loss=1.2219 val_auc=0.7352 best=0.7355 patience=4/10
    [resnet] epoch 09/50: train_loss=1.2430 val_auc=0.7352 best=0.7355 patience=5/10
    [resnet] epoch 10/50: train_loss=1.2145 val_auc=0.7352 best=0.7355 patience=6/10
    [resnet] epoch 11/50: train_loss=1.2006 val_auc=0.7352 best=0.7355 patience=7/10
    [resnet] epoch 12/50: train_loss=1.1922 val_auc=0.7352 best=0.7355 patience=8/10
    [resnet] epoch 13/50: train_loss=1.2093 val_auc=0.7351 best=0.7355 patience=9/10
    [resnet] epoch 14/50: train_loss=1.2233 val_auc=0.7349 best=0.7355 patience=10/10
    [resnet] early stop at epoch 14
  [resnet] fold 14/25: AUC=0.7355
    [resnet] epoch 01/50: train_loss=1.2076 val_auc=0.7284 best=0.7284 patience=0/10 *
    [resnet] epoch 02/50: train_loss=1.2074 val_auc=0.7281 best=0.7284 patience=1/10
    [resnet] epoch 03/50: train_loss=1.2255 val_auc=0.7280 best=0.7284 patience=2/10
    [resnet] epoch 04/50: train_loss=1.2238 val_auc=0.7277 best=0.7284 patience=3/10
    [resnet] epoch 05/50: train_loss=1.1939 val_auc=0.7278 best=0.7284 patience=4/10
    [resnet] epoch 06/50: train_loss=1.1612 val_auc=0.7278 best=0.7284 patience=5/10
    [resnet] epoch 07/50: train_loss=1.1773 val_auc=0.7279 best=0.7284 patience=6/10
    [resnet] epoch 08/50: train_loss=1.1544 val_auc=0.7279 best=0.7284 patience=7/10
    [resnet] epoch 09/50: train_loss=1.1887 val_auc=0.7279 best=0.7284 patience=8/10
    [resnet] epoch 10/50: train_loss=1.1457 val_auc=0.7277 best=0.7284 patience=9/10
    [resnet] epoch 11/50: train_loss=1.1908 val_auc=0.7271 best=0.7284 patience=10/10
    [resnet] early stop at epoch 11
  [resnet] fold 15/25: AUC=0.7284
    [resnet] epoch 01/50: train_loss=1.3122 val_auc=0.7002 best=0.7002 patience=0/10 *
    [resnet] epoch 02/50: train_loss=1.2562 val_auc=0.7016 best=0.7016 patience=0/10 *
    [resnet] epoch 03/50: train_loss=1.2546 val_auc=0.7024 best=0.7024 patience=0/10 *
    [resnet] epoch 04/50: train_loss=1.2382 val_auc=0.7014 best=0.7024 patience=1/10
    [resnet] epoch 05/50: train_loss=1.2116 val_auc=0.7013 best=0.7024 patience=2/10
    [resnet] epoch 06/50: train_loss=1.2603 val_auc=0.7009 best=0.7024 patience=3/10
    [resnet] epoch 07/50: train_loss=1.2205 val_auc=0.7014 best=0.7024 patience=4/10
    [resnet] epoch 08/50: train_loss=1.1938 val_auc=0.7014 best=0.7024 patience=5/10
    [resnet] epoch 09/50: train_loss=1.1883 val_auc=0.7014 best=0.7024 patience=6/10
    [resnet] epoch 10/50: train_loss=1.1694 val_auc=0.7012 best=0.7024 patience=7/10
    [resnet] epoch 11/50: train_loss=1.1560 val_auc=0.7012 best=0.7024 patience=8/10
    [resnet] epoch 12/50: train_loss=1.1506 val_auc=0.7009 best=0.7024 patience=9/10
    [resnet] epoch 13/50: train_loss=1.2038 val_auc=0.7011 best=0.7024 patience=10/10
    [resnet] early stop at epoch 13
  [resnet] fold 16/25: AUC=0.7024
    [resnet] epoch 01/50: train_loss=1.4435 val_auc=0.4771 best=0.4771 patience=0/10 *
    [resnet] epoch 02/50: train_loss=1.3903 val_auc=0.5499 best=0.5499 patience=0/10 *
    [resnet] epoch 03/50: train_loss=1.3899 val_auc=0.5985 best=0.5985 patience=0/10 *
    [resnet] epoch 04/50: train_loss=1.3661 val_auc=0.6606 best=0.6606 patience=0/10 *
    [resnet] epoch 05/50: train_loss=1.3455 val_auc=0.6904 best=0.6904 patience=0/10 *
    [resnet] epoch 06/50: train_loss=1.2837 val_auc=0.7101 best=0.7101 patience=0/10 *
    [resnet] epoch 07/50: train_loss=1.2993 val_auc=0.7165 best=0.7165 patience=0/10 *
    [resnet] epoch 08/50: train_loss=1.2561 val_auc=0.7180 best=0.7180 patience=0/10 *
    [resnet] epoch 09/50: train_loss=1.2267 val_auc=0.7232 best=0.7232 patience=0/10 *
    [resnet] epoch 10/50: train_loss=1.2542 val_auc=0.7232 best=0.7232 patience=1/10
    [resnet] epoch 11/50: train_loss=1.2346 val_auc=0.7232 best=0.7232 patience=2/10
    [resnet] epoch 12/50: train_loss=1.2407 val_auc=0.7232 best=0.7232 patience=3/10
    [resnet] epoch 13/50: train_loss=1.2591 val_auc=0.7228 best=0.7232 patience=4/10
    [resnet] epoch 14/50: train_loss=1.2239 val_auc=0.7233 best=0.7233 patience=0/10 *
    [resnet] epoch 15/50: train_loss=1.2050 val_auc=0.7231 best=0.7233 patience=1/10
    [resnet] epoch 16/50: train_loss=1.2336 val_auc=0.7231 best=0.7233 patience=2/10
    [resnet] epoch 17/50: train_loss=1.1967 val_auc=0.7230 best=0.7233 patience=3/10
    [resnet] epoch 18/50: train_loss=1.2486 val_auc=0.7228 best=0.7233 patience=4/10
    [resnet] epoch 19/50: train_loss=1.2030 val_auc=0.7227 best=0.7233 patience=5/10
    [resnet] epoch 20/50: train_loss=1.1761 val_auc=0.7229 best=0.7233 patience=6/10
    [resnet] epoch 21/50: train_loss=1.1865 val_auc=0.7226 best=0.7233 patience=7/10
    [resnet] epoch 22/50: train_loss=1.2083 val_auc=0.7227 best=0.7233 patience=8/10
    [resnet] epoch 23/50: train_loss=1.1739 val_auc=0.7227 best=0.7233 patience=9/10
    [resnet] epoch 24/50: train_loss=1.1806 val_auc=0.7227 best=0.7233 patience=10/10
    [resnet] early stop at epoch 24
  [resnet] fold 17/25: AUC=0.7233
    [resnet] epoch 01/50: train_loss=1.2748 val_auc=0.7701 best=0.7701 patience=0/10 *
    [resnet] epoch 02/50: train_loss=1.2670 val_auc=0.7747 best=0.7747 patience=0/10 *
    [resnet] epoch 03/50: train_loss=1.2648 val_auc=0.7752 best=0.7752 patience=0/10 *
    [resnet] epoch 04/50: train_loss=1.2372 val_auc=0.7745 best=0.7752 patience=1/10
    [resnet] epoch 05/50: train_loss=1.2431 val_auc=0.7755 best=0.7755 patience=0/10 *
    [resnet] epoch 06/50: train_loss=1.2454 val_auc=0.7764 best=0.7764 patience=0/10 *
    [resnet] epoch 07/50: train_loss=1.2133 val_auc=0.7764 best=0.7764 patience=1/10
    [resnet] epoch 08/50: train_loss=1.2070 val_auc=0.7763 best=0.7764 patience=2/10
    [resnet] epoch 09/50: train_loss=1.1984 val_auc=0.7761 best=0.7764 patience=3/10
    [resnet] epoch 10/50: train_loss=1.2554 val_auc=0.7766 best=0.7766 patience=0/10 *
    [resnet] epoch 11/50: train_loss=1.2419 val_auc=0.7764 best=0.7766 patience=1/10
    [resnet] epoch 12/50: train_loss=1.2042 val_auc=0.7764 best=0.7766 patience=2/10
    [resnet] epoch 13/50: train_loss=1.2512 val_auc=0.7771 best=0.7771 patience=0/10 *
    [resnet] epoch 14/50: train_loss=1.2095 val_auc=0.7770 best=0.7771 patience=1/10
    [resnet] epoch 15/50: train_loss=1.2234 val_auc=0.7767 best=0.7771 patience=2/10
    [resnet] epoch 16/50: train_loss=1.1853 val_auc=0.7769 best=0.7771 patience=3/10
    [resnet] epoch 17/50: train_loss=1.2042 val_auc=0.7763 best=0.7771 patience=4/10
    [resnet] epoch 18/50: train_loss=1.1904 val_auc=0.7761 best=0.7771 patience=5/10
    [resnet] epoch 19/50: train_loss=1.2062 val_auc=0.7760 best=0.7771 patience=6/10
    [resnet] epoch 20/50: train_loss=1.2136 val_auc=0.7757 best=0.7771 patience=7/10
    [resnet] epoch 21/50: train_loss=1.1611 val_auc=0.7756 best=0.7771 patience=8/10
    [resnet] epoch 22/50: train_loss=1.2008 val_auc=0.7752 best=0.7771 patience=9/10
    [resnet] epoch 23/50: train_loss=1.2196 val_auc=0.7755 best=0.7771 patience=10/10
    [resnet] early stop at epoch 23
  [resnet] fold 18/25: AUC=0.7771
    [resnet] epoch 01/50: train_loss=1.2436 val_auc=0.6718 best=0.6718 patience=0/10 *
    [resnet] epoch 02/50: train_loss=1.2295 val_auc=0.7116 best=0.7116 patience=0/10 *
    [resnet] epoch 03/50: train_loss=1.2276 val_auc=0.7120 best=0.7120 patience=0/10 *
    [resnet] epoch 04/50: train_loss=1.2389 val_auc=0.7100 best=0.7120 patience=1/10
    [resnet] epoch 05/50: train_loss=1.2165 val_auc=0.7096 best=0.7120 patience=2/10
    [resnet] epoch 06/50: train_loss=1.2114 val_auc=0.7096 best=0.7120 patience=3/10
    [resnet] epoch 07/50: train_loss=1.2071 val_auc=0.7095 best=0.7120 patience=4/10
    [resnet] epoch 08/50: train_loss=1.2168 val_auc=0.7093 best=0.7120 patience=5/10
    [resnet] epoch 09/50: train_loss=1.2386 val_auc=0.7092 best=0.7120 patience=6/10
    [resnet] epoch 10/50: train_loss=1.1831 val_auc=0.7090 best=0.7120 patience=7/10
    [resnet] epoch 11/50: train_loss=1.2141 val_auc=0.7090 best=0.7120 patience=8/10
    [resnet] epoch 12/50: train_loss=1.2281 val_auc=0.7091 best=0.7120 patience=9/10
    [resnet] epoch 13/50: train_loss=1.1740 val_auc=0.7088 best=0.7120 patience=10/10
    [resnet] early stop at epoch 13
  [resnet] fold 19/25: AUC=0.7120
    [resnet] epoch 01/50: train_loss=1.3892 val_auc=0.4891 best=0.4891 patience=0/10 *
    [resnet] epoch 02/50: train_loss=1.2912 val_auc=0.6750 best=0.6750 patience=0/10 *
    [resnet] epoch 03/50: train_loss=1.2650 val_auc=0.7308 best=0.7308 patience=0/10 *
    [resnet] epoch 04/50: train_loss=1.2587 val_auc=0.7319 best=0.7319 patience=0/10 *
    [resnet] epoch 05/50: train_loss=1.2614 val_auc=0.7334 best=0.7334 patience=0/10 *
    [resnet] epoch 06/50: train_loss=1.2740 val_auc=0.7335 best=0.7335 patience=0/10 *
    [resnet] epoch 07/50: train_loss=1.2065 val_auc=0.7336 best=0.7336 patience=0/10 *
    [resnet] epoch 08/50: train_loss=1.2404 val_auc=0.7336 best=0.7336 patience=1/10
    [resnet] epoch 09/50: train_loss=1.2187 val_auc=0.7336 best=0.7336 patience=2/10
    [resnet] epoch 10/50: train_loss=1.2019 val_auc=0.7338 best=0.7338 patience=0/10 *
    [resnet] epoch 11/50: train_loss=1.2083 val_auc=0.7338 best=0.7338 patience=1/10
    [resnet] epoch 12/50: train_loss=1.2340 val_auc=0.7338 best=0.7338 patience=2/10
    [resnet] epoch 13/50: train_loss=1.2167 val_auc=0.7338 best=0.7338 patience=3/10
    [resnet] epoch 14/50: train_loss=1.2095 val_auc=0.7338 best=0.7338 patience=0/10 *
    [resnet] epoch 15/50: train_loss=1.1918 val_auc=0.7338 best=0.7338 patience=1/10
    [resnet] epoch 16/50: train_loss=1.1962 val_auc=0.7338 best=0.7338 patience=2/10
    [resnet] epoch 17/50: train_loss=1.2239 val_auc=0.7338 best=0.7338 patience=3/10
    [resnet] epoch 18/50: train_loss=1.1723 val_auc=0.7338 best=0.7338 patience=4/10
    [resnet] epoch 19/50: train_loss=1.1660 val_auc=0.7338 best=0.7338 patience=5/10
    [resnet] epoch 20/50: train_loss=1.1899 val_auc=0.7338 best=0.7338 patience=6/10
    [resnet] epoch 21/50: train_loss=1.1690 val_auc=0.7338 best=0.7338 patience=7/10
    [resnet] epoch 22/50: train_loss=1.1631 val_auc=0.7338 best=0.7338 patience=8/10
    [resnet] epoch 23/50: train_loss=1.1876 val_auc=0.7338 best=0.7338 patience=9/10
    [resnet] epoch 24/50: train_loss=1.1290 val_auc=0.7338 best=0.7338 patience=10/10
    [resnet] early stop at epoch 24
  [resnet] fold 20/25: AUC=0.7338
    [resnet] epoch 01/50: train_loss=1.2794 val_auc=0.7294 best=0.7294 patience=0/10 *
    [resnet] epoch 02/50: train_loss=1.3019 val_auc=0.7289 best=0.7294 patience=1/10
    [resnet] epoch 03/50: train_loss=1.2366 val_auc=0.7289 best=0.7294 patience=2/10
    [resnet] epoch 04/50: train_loss=1.2267 val_auc=0.7289 best=0.7294 patience=3/10
    [resnet] epoch 05/50: train_loss=1.2059 val_auc=0.7292 best=0.7294 patience=4/10
    [resnet] epoch 06/50: train_loss=1.2008 val_auc=0.7291 best=0.7294 patience=5/10
    [resnet] epoch 07/50: train_loss=1.2314 val_auc=0.7291 best=0.7294 patience=6/10
    [resnet] epoch 08/50: train_loss=1.2424 val_auc=0.7287 best=0.7294 patience=7/10
    [resnet] epoch 09/50: train_loss=1.1875 val_auc=0.7284 best=0.7294 patience=8/10
    [resnet] epoch 10/50: train_loss=1.1940 val_auc=0.7289 best=0.7294 patience=9/10
    [resnet] epoch 11/50: train_loss=1.1915 val_auc=0.7289 best=0.7294 patience=10/10
    [resnet] early stop at epoch 11
  [resnet] fold 21/25: AUC=0.7294
    [resnet] epoch 01/50: train_loss=1.3029 val_auc=0.5591 best=0.5591 patience=0/10 *
    [resnet] epoch 02/50: train_loss=1.3037 val_auc=0.5749 best=0.5749 patience=0/10 *
    [resnet] epoch 03/50: train_loss=1.2381 val_auc=0.8578 best=0.8578 patience=0/10 *
    [resnet] epoch 04/50: train_loss=1.2403 val_auc=0.6982 best=0.8578 patience=1/10
    [resnet] epoch 05/50: train_loss=1.2739 val_auc=0.6971 best=0.8578 patience=2/10
    [resnet] epoch 06/50: train_loss=1.2053 val_auc=0.6966 best=0.8578 patience=3/10
    [resnet] epoch 07/50: train_loss=1.2133 val_auc=0.6960 best=0.8578 patience=4/10
    [resnet] epoch 08/50: train_loss=1.2210 val_auc=0.6958 best=0.8578 patience=5/10
    [resnet] epoch 09/50: train_loss=1.1600 val_auc=0.6945 best=0.8578 patience=6/10
    [resnet] epoch 10/50: train_loss=1.2460 val_auc=0.6945 best=0.8578 patience=7/10
    [resnet] epoch 11/50: train_loss=1.1646 val_auc=0.6945 best=0.8578 patience=8/10
    [resnet] epoch 12/50: train_loss=1.2012 val_auc=0.6945 best=0.8578 patience=9/10
    [resnet] epoch 13/50: train_loss=1.1873 val_auc=0.6948 best=0.8578 patience=10/10
    [resnet] early stop at epoch 13
  [resnet] fold 22/25: AUC=0.8578
    [resnet] epoch 01/50: train_loss=1.3812 val_auc=0.3145 best=0.3145 patience=0/10 *
    [resnet] epoch 02/50: train_loss=1.3695 val_auc=0.3333 best=0.3333 patience=0/10 *
    [resnet] epoch 03/50: train_loss=1.2971 val_auc=0.3707 best=0.3707 patience=0/10 *
    [resnet] epoch 04/50: train_loss=1.3002 val_auc=0.6075 best=0.6075 patience=0/10 *
    [resnet] epoch 05/50: train_loss=1.3205 val_auc=0.7122 best=0.7122 patience=0/10 *
    [resnet] epoch 06/50: train_loss=1.2685 val_auc=0.7163 best=0.7163 patience=0/10 *
    [resnet] epoch 07/50: train_loss=1.2432 val_auc=0.7216 best=0.7216 patience=0/10 *
    [resnet] epoch 08/50: train_loss=1.2380 val_auc=0.7223 best=0.7223 patience=0/10 *
    [resnet] epoch 09/50: train_loss=1.1889 val_auc=0.7229 best=0.7229 patience=0/10 *
    [resnet] epoch 10/50: train_loss=1.2618 val_auc=0.7229 best=0.7229 patience=1/10
    [resnet] epoch 11/50: train_loss=1.2559 val_auc=0.7229 best=0.7229 patience=2/10
    [resnet] epoch 12/50: train_loss=1.2149 val_auc=0.7229 best=0.7229 patience=3/10
    [resnet] epoch 13/50: train_loss=1.2741 val_auc=0.7229 best=0.7229 patience=4/10
    [resnet] epoch 14/50: train_loss=1.2225 val_auc=0.7226 best=0.7229 patience=5/10
    [resnet] epoch 15/50: train_loss=1.2309 val_auc=0.7229 best=0.7229 patience=6/10
    [resnet] epoch 16/50: train_loss=1.2227 val_auc=0.7230 best=0.7230 patience=0/10 *
    [resnet] epoch 17/50: train_loss=1.2139 val_auc=0.7230 best=0.7230 patience=1/10
    [resnet] epoch 18/50: train_loss=1.2601 val_auc=0.7228 best=0.7230 patience=2/10
    [resnet] epoch 19/50: train_loss=1.2449 val_auc=0.7230 best=0.7230 patience=3/10
    [resnet] epoch 20/50: train_loss=1.1973 val_auc=0.7231 best=0.7231 patience=0/10 *
    [resnet] epoch 21/50: train_loss=1.2160 val_auc=0.7230 best=0.7231 patience=1/10
    [resnet] epoch 22/50: train_loss=1.2141 val_auc=0.7231 best=0.7231 patience=0/10 *
    [resnet] epoch 23/50: train_loss=1.2046 val_auc=0.7231 best=0.7231 patience=1/10
    [resnet] epoch 24/50: train_loss=1.1753 val_auc=0.7231 best=0.7231 patience=2/10
    [resnet] epoch 25/50: train_loss=1.1810 val_auc=0.7231 best=0.7231 patience=3/10
    [resnet] epoch 26/50: train_loss=1.1923 val_auc=0.7230 best=0.7231 patience=4/10
    [resnet] epoch 27/50: train_loss=1.1986 val_auc=0.7230 best=0.7231 patience=5/10
    [resnet] epoch 28/50: train_loss=1.2172 val_auc=0.7226 best=0.7231 patience=6/10
    [resnet] epoch 29/50: train_loss=1.1972 val_auc=0.7230 best=0.7231 patience=7/10
    [resnet] epoch 30/50: train_loss=1.1916 val_auc=0.7230 best=0.7231 patience=8/10
    [resnet] epoch 31/50: train_loss=1.1857 val_auc=0.7226 best=0.7231 patience=9/10
    [resnet] epoch 32/50: train_loss=1.1580 val_auc=0.7230 best=0.7231 patience=10/10
    [resnet] early stop at epoch 32
  [resnet] fold 23/25: AUC=0.7231
    [resnet] epoch 01/50: train_loss=1.2482 val_auc=0.6918 best=0.6918 patience=0/10 *
    [resnet] epoch 02/50: train_loss=1.2879 val_auc=0.7364 best=0.7364 patience=0/10 *
    [resnet] epoch 03/50: train_loss=1.2554 val_auc=0.7368 best=0.7368 patience=0/10 *
    [resnet] epoch 04/50: train_loss=1.2159 val_auc=0.7368 best=0.7368 patience=1/10
    [resnet] epoch 05/50: train_loss=1.1932 val_auc=0.7368 best=0.7368 patience=2/10
    [resnet] epoch 06/50: train_loss=1.1860 val_auc=0.7366 best=0.7368 patience=3/10
    [resnet] epoch 07/50: train_loss=1.2212 val_auc=0.7366 best=0.7368 patience=4/10
    [resnet] epoch 08/50: train_loss=1.2165 val_auc=0.7366 best=0.7368 patience=5/10
    [resnet] epoch 09/50: train_loss=1.1658 val_auc=0.7360 best=0.7368 patience=6/10
    [resnet] epoch 10/50: train_loss=1.1851 val_auc=0.7357 best=0.7368 patience=7/10
    [resnet] epoch 11/50: train_loss=1.1776 val_auc=0.7357 best=0.7368 patience=8/10
    [resnet] epoch 12/50: train_loss=1.1769 val_auc=0.7359 best=0.7368 patience=9/10
    [resnet] epoch 13/50: train_loss=1.2220 val_auc=0.7360 best=0.7368 patience=10/10
    [resnet] early stop at epoch 13
  [resnet] fold 24/25: AUC=0.7368
    [resnet] epoch 01/50: train_loss=1.3549 val_auc=0.5692 best=0.5692 patience=0/10 *
    [resnet] epoch 02/50: train_loss=1.3520 val_auc=0.6327 best=0.6327 patience=0/10 *
    [resnet] epoch 03/50: train_loss=1.3134 val_auc=0.6591 best=0.6591 patience=0/10 *
    [resnet] epoch 04/50: train_loss=1.2630 val_auc=0.7160 best=0.7160 patience=0/10 *
    [resnet] epoch 05/50: train_loss=1.2607 val_auc=0.7611 best=0.7611 patience=0/10 *
    [resnet] epoch 06/50: train_loss=1.2931 val_auc=0.7608 best=0.7611 patience=1/10
    [resnet] epoch 07/50: train_loss=1.2676 val_auc=0.7608 best=0.7611 patience=2/10
    [resnet] epoch 08/50: train_loss=1.2596 val_auc=0.7612 best=0.7612 patience=0/10 *
    [resnet] epoch 09/50: train_loss=1.2408 val_auc=0.7612 best=0.7612 patience=1/10
    [resnet] epoch 10/50: train_loss=1.2420 val_auc=0.7612 best=0.7612 patience=2/10
    [resnet] epoch 11/50: train_loss=1.2187 val_auc=0.7608 best=0.7612 patience=3/10
    [resnet] epoch 12/50: train_loss=1.2107 val_auc=0.7604 best=0.7612 patience=4/10
    [resnet] epoch 13/50: train_loss=1.1847 val_auc=0.7607 best=0.7612 patience=5/10
    [resnet] epoch 14/50: train_loss=1.2148 val_auc=0.7611 best=0.7612 patience=6/10
    [resnet] epoch 15/50: train_loss=1.1711 val_auc=0.7605 best=0.7612 patience=7/10
    [resnet] epoch 16/50: train_loss=1.1879 val_auc=0.7605 best=0.7612 patience=8/10
    [resnet] epoch 17/50: train_loss=1.1974 val_auc=0.7601 best=0.7612 patience=9/10
    [resnet] epoch 18/50: train_loss=1.1861 val_auc=0.7600 best=0.7612 patience=10/10
    [resnet] early stop at epoch 18
  [resnet] fold 25/25: AUC=0.7612
resnet: mean=0.7398, std=0.0355, q25=0.7233, q10=0.7055 over 25 folds
