/usr/local/lib/python3.11/dist-packages/torch_frame/data/mapper.py:105: UserWarning: The given NumPy array is not writable, and PyTorch does not support non-writable tensors. This means writing to this tensor will result in undefined behavior. You may want to copy the array to protect its data or make it writable before converting it to a tensor. This type of warning will be suppressed for the rest of this program. (Triggered internally at /pytorch/torch/csrc/utils/tensor_numpy.cpp:203.)
  index = torch.from_numpy(index).to(device)

== cv tffm ==
  out:   ./runs/sweep/tffm_lr3e4
  cv     n_splits=5 n_repeats=5 quick=False
  model  seed=42 device=cuda epochs=50 batch_size=256 lr=0.0003 weight_decay=1e-05 early_stop_patience=10 channels=128 num_layers=3
  data   data_dir=./data/facebook-recruiting-iv-human-or-bot runs_dir=./runs cache_dir=./runs/cache

    [tffm] epoch 01/50: train_loss=1.1217 val_auc=0.8401 best=0.8401 patience=0/10 *
    [tffm] epoch 02/50: train_loss=0.8887 val_auc=0.8669 best=0.8669 patience=0/10 *
    [tffm] epoch 03/50: train_loss=0.7891 val_auc=0.8810 best=0.8810 patience=0/10 *
    [tffm] epoch 04/50: train_loss=0.7603 val_auc=0.8844 best=0.8844 patience=0/10 *
    [tffm] epoch 05/50: train_loss=0.7569 val_auc=0.8827 best=0.8844 patience=1/10
    [tffm] epoch 06/50: train_loss=0.7947 val_auc=0.8756 best=0.8844 patience=2/10
    [tffm] epoch 07/50: train_loss=0.7742 val_auc=0.8777 best=0.8844 patience=3/10
    [tffm] epoch 08/50: train_loss=0.7743 val_auc=0.8765 best=0.8844 patience=4/10
    [tffm] epoch 09/50: train_loss=0.7391 val_auc=0.8822 best=0.8844 patience=5/10
    [tffm] epoch 10/50: train_loss=0.6736 val_auc=0.8859 best=0.8859 patience=0/10 *
    [tffm] epoch 11/50: train_loss=0.7048 val_auc=0.7502 best=0.8859 patience=1/10
    [tffm] epoch 12/50: train_loss=0.7133 val_auc=0.8854 best=0.8859 patience=2/10
    [tffm] epoch 13/50: train_loss=0.7070 val_auc=0.7799 best=0.8859 patience=3/10
    [tffm] epoch 14/50: train_loss=0.6983 val_auc=0.8892 best=0.8892 patience=0/10 *
    [tffm] epoch 15/50: train_loss=0.7318 val_auc=0.8659 best=0.8892 patience=1/10
    [tffm] epoch 16/50: train_loss=0.6571 val_auc=0.8732 best=0.8892 patience=2/10
    [tffm] epoch 17/50: train_loss=0.7331 val_auc=0.8906 best=0.8906 patience=0/10 *
    [tffm] epoch 18/50: train_loss=0.6240 val_auc=0.7580 best=0.8906 patience=1/10
    [tffm] epoch 19/50: train_loss=0.7894 val_auc=0.8163 best=0.8906 patience=2/10
    [tffm] epoch 20/50: train_loss=0.6852 val_auc=0.8191 best=0.8906 patience=3/10
    [tffm] epoch 21/50: train_loss=0.6644 val_auc=0.8979 best=0.8979 patience=0/10 *
    [tffm] epoch 22/50: train_loss=0.6206 val_auc=0.9015 best=0.9015 patience=0/10 *
    [tffm] epoch 23/50: train_loss=0.5782 val_auc=0.7602 best=0.9015 patience=1/10
    [tffm] epoch 24/50: train_loss=0.6916 val_auc=0.8048 best=0.9015 patience=2/10
    [tffm] epoch 25/50: train_loss=0.8182 val_auc=0.8576 best=0.9015 patience=3/10
    [tffm] epoch 26/50: train_loss=0.7242 val_auc=0.8984 best=0.9015 patience=4/10
    [tffm] epoch 27/50: train_loss=0.6574 val_auc=0.7550 best=0.9015 patience=5/10
    [tffm] epoch 28/50: train_loss=0.6928 val_auc=0.8709 best=0.9015 patience=6/10
    [tffm] epoch 29/50: train_loss=0.6229 val_auc=0.8433 best=0.9015 patience=7/10
    [tffm] epoch 30/50: train_loss=0.5881 val_auc=0.8013 best=0.9015 patience=8/10
    [tffm] epoch 31/50: train_loss=0.6032 val_auc=0.7962 best=0.9015 patience=9/10
    [tffm] epoch 32/50: train_loss=0.5806 val_auc=0.8620 best=0.9015 patience=10/10
    [tffm] early stop at epoch 32
  [tffm] fold 1/25: AUC=0.9015
    [tffm] epoch 01/50: train_loss=1.1438 val_auc=0.8852 best=0.8852 patience=0/10 *
    [tffm] epoch 02/50: train_loss=0.9758 val_auc=0.8964 best=0.8964 patience=0/10 *
    [tffm] epoch 03/50: train_loss=0.7794 val_auc=0.9013 best=0.9013 patience=0/10 *
    [tffm] epoch 04/50: train_loss=0.8876 val_auc=0.9155 best=0.9155 patience=0/10 *
    [tffm] epoch 05/50: train_loss=0.7931 val_auc=0.9162 best=0.9162 patience=0/10 *
    [tffm] epoch 06/50: train_loss=0.8392 val_auc=0.9195 best=0.9195 patience=0/10 *
    [tffm] epoch 07/50: train_loss=0.7346 val_auc=0.9049 best=0.9195 patience=1/10
    [tffm] epoch 08/50: train_loss=0.7415 val_auc=0.9277 best=0.9277 patience=0/10 *
    [tffm] epoch 09/50: train_loss=0.7681 val_auc=0.9164 best=0.9277 patience=1/10
    [tffm] epoch 10/50: train_loss=0.8017 val_auc=0.9346 best=0.9346 patience=0/10 *
    [tffm] epoch 11/50: train_loss=0.6910 val_auc=0.9165 best=0.9346 patience=1/10
    [tffm] epoch 12/50: train_loss=0.6913 val_auc=0.9370 best=0.9370 patience=0/10 *
    [tffm] epoch 13/50: train_loss=0.6871 val_auc=0.9266 best=0.9370 patience=1/10
    [tffm] epoch 14/50: train_loss=0.6513 val_auc=0.9332 best=0.9370 patience=2/10
    [tffm] epoch 15/50: train_loss=0.6969 val_auc=0.9216 best=0.9370 patience=3/10
    [tffm] epoch 16/50: train_loss=0.7343 val_auc=0.9334 best=0.9370 patience=4/10
    [tffm] epoch 17/50: train_loss=0.7002 val_auc=0.9265 best=0.9370 patience=5/10
    [tffm] epoch 18/50: train_loss=0.6670 val_auc=0.9289 best=0.9370 patience=6/10
    [tffm] epoch 19/50: train_loss=0.7337 val_auc=0.9250 best=0.9370 patience=7/10
    [tffm] epoch 20/50: train_loss=0.6902 val_auc=0.9348 best=0.9370 patience=8/10
    [tffm] epoch 21/50: train_loss=0.6440 val_auc=0.9365 best=0.9370 patience=9/10
    [tffm] epoch 22/50: train_loss=0.6253 val_auc=0.9410 best=0.9410 patience=0/10 *
    [tffm] epoch 23/50: train_loss=0.6439 val_auc=0.9309 best=0.9410 patience=1/10
    [tffm] epoch 24/50: train_loss=0.6645 val_auc=0.9051 best=0.9410 patience=2/10
    [tffm] epoch 25/50: train_loss=0.7824 val_auc=0.9196 best=0.9410 patience=3/10
    [tffm] epoch 26/50: train_loss=0.6134 val_auc=0.8872 best=0.9410 patience=4/10
    [tffm] epoch 27/50: train_loss=0.6598 val_auc=0.8960 best=0.9410 patience=5/10
    [tffm] epoch 28/50: train_loss=0.5791 val_auc=0.9122 best=0.9410 patience=6/10
    [tffm] epoch 29/50: train_loss=0.6021 val_auc=0.9028 best=0.9410 patience=7/10
    [tffm] epoch 30/50: train_loss=0.5616 val_auc=0.9013 best=0.9410 patience=8/10
    [tffm] epoch 31/50: train_loss=0.6374 val_auc=0.9250 best=0.9410 patience=9/10
    [tffm] epoch 32/50: train_loss=0.7613 val_auc=0.8972 best=0.9410 patience=10/10
    [tffm] early stop at epoch 32
  [tffm] fold 2/25: AUC=0.9410
    [tffm] epoch 01/50: train_loss=1.1098 val_auc=0.8525 best=0.8525 patience=0/10 *
    [tffm] epoch 02/50: train_loss=0.9144 val_auc=0.8475 best=0.8525 patience=1/10
    [tffm] epoch 03/50: train_loss=0.8279 val_auc=0.8555 best=0.8555 patience=0/10 *
    [tffm] epoch 04/50: train_loss=0.7379 val_auc=0.8576 best=0.8576 patience=0/10 *
    [tffm] epoch 05/50: train_loss=0.7214 val_auc=0.8665 best=0.8665 patience=0/10 *
    [tffm] epoch 06/50: train_loss=0.7432 val_auc=0.8422 best=0.8665 patience=1/10
    [tffm] epoch 07/50: train_loss=0.6729 val_auc=0.8631 best=0.8665 patience=2/10
    [tffm] epoch 08/50: train_loss=0.8691 val_auc=0.8539 best=0.8665 patience=3/10
    [tffm] epoch 09/50: train_loss=0.7181 val_auc=0.8670 best=0.8670 patience=0/10 *
    [tffm] epoch 10/50: train_loss=0.7802 val_auc=0.8801 best=0.8801 patience=0/10 *
    [tffm] epoch 11/50: train_loss=0.6818 val_auc=0.8786 best=0.8801 patience=1/10
    [tffm] epoch 12/50: train_loss=0.7002 val_auc=0.9049 best=0.9049 patience=0/10 *
    [tffm] epoch 13/50: train_loss=0.8534 val_auc=0.8707 best=0.9049 patience=1/10
    [tffm] epoch 14/50: train_loss=0.8013 val_auc=0.8983 best=0.9049 patience=2/10
    [tffm] epoch 15/50: train_loss=0.7112 val_auc=0.8920 best=0.9049 patience=3/10
    [tffm] epoch 16/50: train_loss=0.6477 val_auc=0.8999 best=0.9049 patience=4/10
    [tffm] epoch 17/50: train_loss=0.6158 val_auc=0.8963 best=0.9049 patience=5/10
    [tffm] epoch 18/50: train_loss=0.6091 val_auc=0.8944 best=0.9049 patience=6/10
    [tffm] epoch 19/50: train_loss=0.6443 val_auc=0.8959 best=0.9049 patience=7/10
    [tffm] epoch 20/50: train_loss=0.6554 val_auc=0.8908 best=0.9049 patience=8/10
    [tffm] epoch 21/50: train_loss=0.6688 val_auc=0.9036 best=0.9049 patience=9/10
    [tffm] epoch 22/50: train_loss=0.6530 val_auc=0.9097 best=0.9097 patience=0/10 *
    [tffm] epoch 23/50: train_loss=0.6198 val_auc=0.9048 best=0.9097 patience=1/10
    [tffm] epoch 24/50: train_loss=0.5864 val_auc=0.9040 best=0.9097 patience=2/10
    [tffm] epoch 25/50: train_loss=0.5952 val_auc=0.9004 best=0.9097 patience=3/10
    [tffm] epoch 26/50: train_loss=0.5710 val_auc=0.9034 best=0.9097 patience=4/10
    [tffm] epoch 27/50: train_loss=0.6292 val_auc=0.9112 best=0.9112 patience=0/10 *
    [tffm] epoch 28/50: train_loss=0.6208 val_auc=0.9000 best=0.9112 patience=1/10
    [tffm] epoch 29/50: train_loss=0.5757 val_auc=0.9043 best=0.9112 patience=2/10
    [tffm] epoch 30/50: train_loss=0.5584 val_auc=0.9060 best=0.9112 patience=3/10
    [tffm] epoch 31/50: train_loss=0.5495 val_auc=0.8797 best=0.9112 patience=4/10
    [tffm] epoch 32/50: train_loss=0.6257 val_auc=0.9046 best=0.9112 patience=5/10
    [tffm] epoch 33/50: train_loss=0.6420 val_auc=0.9049 best=0.9112 patience=6/10
    [tffm] epoch 34/50: train_loss=0.5507 val_auc=0.8947 best=0.9112 patience=7/10
    [tffm] epoch 35/50: train_loss=0.6443 val_auc=0.8989 best=0.9112 patience=8/10
    [tffm] epoch 36/50: train_loss=0.5806 val_auc=0.8894 best=0.9112 patience=9/10
    [tffm] epoch 37/50: train_loss=0.5456 val_auc=0.9025 best=0.9112 patience=10/10
    [tffm] early stop at epoch 37
  [tffm] fold 3/25: AUC=0.9112
    [tffm] epoch 01/50: train_loss=1.0973 val_auc=0.8241 best=0.8241 patience=0/10 *
    [tffm] epoch 02/50: train_loss=0.9016 val_auc=0.8253 best=0.8253 patience=0/10 *
    [tffm] epoch 03/50: train_loss=0.7945 val_auc=0.8257 best=0.8257 patience=0/10 *
    [tffm] epoch 04/50: train_loss=0.7656 val_auc=0.8297 best=0.8297 patience=0/10 *
    [tffm] epoch 05/50: train_loss=0.7091 val_auc=0.8424 best=0.8424 patience=0/10 *
    [tffm] epoch 06/50: train_loss=0.6937 val_auc=0.8359 best=0.8424 patience=1/10
    [tffm] epoch 07/50: train_loss=0.7144 val_auc=0.8640 best=0.8640 patience=0/10 *
    [tffm] epoch 08/50: train_loss=0.7345 val_auc=0.8436 best=0.8640 patience=1/10
    [tffm] epoch 09/50: train_loss=0.6929 val_auc=0.8478 best=0.8640 patience=2/10
    [tffm] epoch 10/50: train_loss=0.8181 val_auc=0.8380 best=0.8640 patience=3/10
    [tffm] epoch 11/50: train_loss=0.7513 val_auc=0.8541 best=0.8640 patience=4/10
    [tffm] epoch 12/50: train_loss=0.7063 val_auc=0.8589 best=0.8640 patience=5/10
    [tffm] epoch 13/50: train_loss=0.6655 val_auc=0.8620 best=0.8640 patience=6/10
    [tffm] epoch 14/50: train_loss=0.6506 val_auc=0.8012 best=0.8640 patience=7/10
    [tffm] epoch 15/50: train_loss=0.6379 val_auc=0.8541 best=0.8640 patience=8/10
    [tffm] epoch 16/50: train_loss=0.6786 val_auc=0.8479 best=0.8640 patience=9/10
    [tffm] epoch 17/50: train_loss=0.6682 val_auc=0.8521 best=0.8640 patience=10/10
    [tffm] early stop at epoch 17
  [tffm] fold 4/25: AUC=0.8640
    [tffm] epoch 01/50: train_loss=1.1635 val_auc=0.9134 best=0.9134 patience=0/10 *
    [tffm] epoch 02/50: train_loss=0.9116 val_auc=0.8914 best=0.9134 patience=1/10
    [tffm] epoch 03/50: train_loss=0.8569 val_auc=0.8950 best=0.9134 patience=2/10
    [tffm] epoch 04/50: train_loss=0.7687 val_auc=0.9096 best=0.9134 patience=3/10
    [tffm] epoch 05/50: train_loss=0.7943 val_auc=0.9069 best=0.9134 patience=4/10
    [tffm] epoch 06/50: train_loss=0.8020 val_auc=0.9075 best=0.9134 patience=5/10
    [tffm] epoch 07/50: train_loss=0.8122 val_auc=0.9109 best=0.9134 patience=6/10
    [tffm] epoch 08/50: train_loss=0.8328 val_auc=0.9153 best=0.9153 patience=0/10 *
    [tffm] epoch 09/50: train_loss=0.7922 val_auc=0.9281 best=0.9281 patience=0/10 *
    [tffm] epoch 10/50: train_loss=0.7816 val_auc=0.9266 best=0.9281 patience=1/10
    [tffm] epoch 11/50: train_loss=0.7275 val_auc=0.9270 best=0.9281 patience=2/10
    [tffm] epoch 12/50: train_loss=0.7467 val_auc=0.9202 best=0.9281 patience=3/10
    [tffm] epoch 13/50: train_loss=0.7274 val_auc=0.9287 best=0.9287 patience=0/10 *
    [tffm] epoch 14/50: train_loss=0.6827 val_auc=0.9263 best=0.9287 patience=1/10
    [tffm] epoch 15/50: train_loss=0.6791 val_auc=0.9296 best=0.9296 patience=0/10 *
    [tffm] epoch 16/50: train_loss=0.7127 val_auc=0.9295 best=0.9296 patience=1/10
    [tffm] epoch 17/50: train_loss=0.6603 val_auc=0.9360 best=0.9360 patience=0/10 *
    [tffm] epoch 18/50: train_loss=0.6601 val_auc=0.9188 best=0.9360 patience=1/10
    [tffm] epoch 19/50: train_loss=0.7913 val_auc=0.9034 best=0.9360 patience=2/10
    [tffm] epoch 20/50: train_loss=0.7026 val_auc=0.9334 best=0.9360 patience=3/10
    [tffm] epoch 21/50: train_loss=0.8269 val_auc=0.9331 best=0.9360 patience=4/10
    [tffm] epoch 22/50: train_loss=0.7856 val_auc=0.9312 best=0.9360 patience=5/10
    [tffm] epoch 23/50: train_loss=0.7072 val_auc=0.9387 best=0.9387 patience=0/10 *
    [tffm] epoch 24/50: train_loss=0.6884 val_auc=0.9306 best=0.9387 patience=1/10
    [tffm] epoch 25/50: train_loss=0.6207 val_auc=0.9359 best=0.9387 patience=2/10
    [tffm] epoch 26/50: train_loss=0.8068 val_auc=0.9353 best=0.9387 patience=3/10
    [tffm] epoch 27/50: train_loss=0.6542 val_auc=0.9377 best=0.9387 patience=4/10
    [tffm] epoch 28/50: train_loss=0.7047 val_auc=0.9287 best=0.9387 patience=5/10
    [tffm] epoch 29/50: train_loss=0.6687 val_auc=0.9368 best=0.9387 patience=6/10
    [tffm] epoch 30/50: train_loss=0.6902 val_auc=0.9346 best=0.9387 patience=7/10
    [tffm] epoch 31/50: train_loss=0.6271 val_auc=0.9365 best=0.9387 patience=8/10
    [tffm] epoch 32/50: train_loss=0.6322 val_auc=0.9351 best=0.9387 patience=9/10
    [tffm] epoch 33/50: train_loss=0.6750 val_auc=0.9280 best=0.9387 patience=10/10
    [tffm] early stop at epoch 33
  [tffm] fold 5/25: AUC=0.9387
    [tffm] epoch 01/50: train_loss=1.1630 val_auc=0.8844 best=0.8844 patience=0/10 *
    [tffm] epoch 02/50: train_loss=0.8877 val_auc=0.9145 best=0.9145 patience=0/10 *
    [tffm] epoch 03/50: train_loss=0.8075 val_auc=0.8953 best=0.9145 patience=1/10
    [tffm] epoch 04/50: train_loss=0.7972 val_auc=0.8958 best=0.9145 patience=2/10
    [tffm] epoch 05/50: train_loss=0.7564 val_auc=0.8932 best=0.9145 patience=3/10
    [tffm] epoch 06/50: train_loss=0.7946 val_auc=0.9257 best=0.9257 patience=0/10 *
    [tffm] epoch 07/50: train_loss=0.7732 val_auc=0.8897 best=0.9257 patience=1/10
    [tffm] epoch 08/50: train_loss=0.7378 val_auc=0.9272 best=0.9272 patience=0/10 *
    [tffm] epoch 09/50: train_loss=0.9599 val_auc=0.9238 best=0.9272 patience=1/10
    [tffm] epoch 10/50: train_loss=0.8225 val_auc=0.8997 best=0.9272 patience=2/10
    [tffm] epoch 11/50: train_loss=0.7036 val_auc=0.9267 best=0.9272 patience=3/10
    [tffm] epoch 12/50: train_loss=0.7185 val_auc=0.9182 best=0.9272 patience=4/10
    [tffm] epoch 13/50: train_loss=0.6883 val_auc=0.9263 best=0.9272 patience=5/10
    [tffm] epoch 14/50: train_loss=0.6592 val_auc=0.9116 best=0.9272 patience=6/10
    [tffm] epoch 15/50: train_loss=0.7347 val_auc=0.9157 best=0.9272 patience=7/10
    [tffm] epoch 16/50: train_loss=0.6923 val_auc=0.9165 best=0.9272 patience=8/10
    [tffm] epoch 17/50: train_loss=0.6579 val_auc=0.9198 best=0.9272 patience=9/10
    [tffm] epoch 18/50: train_loss=0.6502 val_auc=0.9016 best=0.9272 patience=10/10
    [tffm] early stop at epoch 18
  [tffm] fold 6/25: AUC=0.9272
    [tffm] epoch 01/50: train_loss=1.2082 val_auc=0.8578 best=0.8578 patience=0/10 *
    [tffm] epoch 02/50: train_loss=0.8496 val_auc=0.8549 best=0.8578 patience=1/10
    [tffm] epoch 03/50: train_loss=0.8037 val_auc=0.8719 best=0.8719 patience=0/10 *
    [tffm] epoch 04/50: train_loss=0.8181 val_auc=0.8775 best=0.8775 patience=0/10 *
    [tffm] epoch 05/50: train_loss=0.7484 val_auc=0.8760 best=0.8775 patience=1/10
    [tffm] epoch 06/50: train_loss=0.7658 val_auc=0.8932 best=0.8932 patience=0/10 *
    [tffm] epoch 07/50: train_loss=0.7992 val_auc=0.8997 best=0.8997 patience=0/10 *
    [tffm] epoch 08/50: train_loss=0.7399 val_auc=0.8952 best=0.8997 patience=1/10
    [tffm] epoch 09/50: train_loss=0.6971 val_auc=0.8984 best=0.8997 patience=2/10
    [tffm] epoch 10/50: train_loss=0.6649 val_auc=0.8908 best=0.8997 patience=3/10
    [tffm] epoch 11/50: train_loss=0.6921 val_auc=0.8925 best=0.8997 patience=4/10
    [tffm] epoch 12/50: train_loss=0.6798 val_auc=0.8982 best=0.8997 patience=5/10
    [tffm] epoch 13/50: train_loss=0.6573 val_auc=0.9036 best=0.9036 patience=0/10 *
    [tffm] epoch 14/50: train_loss=0.7084 val_auc=0.8207 best=0.9036 patience=1/10
    [tffm] epoch 15/50: train_loss=0.6865 val_auc=0.8861 best=0.9036 patience=2/10
    [tffm] epoch 16/50: train_loss=0.6844 val_auc=0.8832 best=0.9036 patience=3/10
    [tffm] epoch 17/50: train_loss=0.6294 val_auc=0.8858 best=0.9036 patience=4/10
    [tffm] epoch 18/50: train_loss=0.5864 val_auc=0.8807 best=0.9036 patience=5/10
    [tffm] epoch 19/50: train_loss=0.6260 val_auc=0.8787 best=0.9036 patience=6/10
    [tffm] epoch 20/50: train_loss=0.5876 val_auc=0.8197 best=0.9036 patience=7/10
    [tffm] epoch 21/50: train_loss=0.6940 val_auc=0.9006 best=0.9036 patience=8/10
    [tffm] epoch 22/50: train_loss=0.7020 val_auc=0.7795 best=0.9036 patience=9/10
    [tffm] epoch 23/50: train_loss=0.6159 val_auc=0.8737 best=0.9036 patience=10/10
    [tffm] early stop at epoch 23
  [tffm] fold 7/25: AUC=0.9036
    [tffm] epoch 01/50: train_loss=1.1427 val_auc=0.8527 best=0.8527 patience=0/10 *
    [tffm] epoch 02/50: train_loss=0.9261 val_auc=0.8684 best=0.8684 patience=0/10 *
    [tffm] epoch 03/50: train_loss=0.8362 val_auc=0.8675 best=0.8684 patience=1/10
    [tffm] epoch 04/50: train_loss=0.7921 val_auc=0.8802 best=0.8802 patience=0/10 *
    [tffm] epoch 05/50: train_loss=0.7752 val_auc=0.8833 best=0.8833 patience=0/10 *
    [tffm] epoch 06/50: train_loss=0.7177 val_auc=0.8872 best=0.8872 patience=0/10 *
    [tffm] epoch 07/50: train_loss=0.7297 val_auc=0.8868 best=0.8872 patience=1/10
    [tffm] epoch 08/50: train_loss=0.6943 val_auc=0.8913 best=0.8913 patience=0/10 *
    [tffm] epoch 09/50: train_loss=0.7006 val_auc=0.8923 best=0.8923 patience=0/10 *
    [tffm] epoch 10/50: train_loss=0.7451 val_auc=0.8992 best=0.8992 patience=0/10 *
    [tffm] epoch 11/50: train_loss=0.8153 val_auc=0.8950 best=0.8992 patience=1/10
    [tffm] epoch 12/50: train_loss=0.6716 val_auc=0.8906 best=0.8992 patience=2/10
    [tffm] epoch 13/50: train_loss=0.6448 val_auc=0.8884 best=0.8992 patience=3/10
    [tffm] epoch 14/50: train_loss=0.6777 val_auc=0.8753 best=0.8992 patience=4/10
    [tffm] epoch 15/50: train_loss=0.6224 val_auc=0.8886 best=0.8992 patience=5/10
    [tffm] epoch 16/50: train_loss=0.6395 val_auc=0.8884 best=0.8992 patience=6/10
    [tffm] epoch 17/50: train_loss=0.6702 val_auc=0.8101 best=0.8992 patience=7/10
    [tffm] epoch 18/50: train_loss=0.6275 val_auc=0.8533 best=0.8992 patience=8/10
    [tffm] epoch 19/50: train_loss=0.6755 val_auc=0.8886 best=0.8992 patience=9/10
    [tffm] epoch 20/50: train_loss=0.6154 val_auc=0.8680 best=0.8992 patience=10/10
    [tffm] early stop at epoch 20
  [tffm] fold 8/25: AUC=0.8992
    [tffm] epoch 01/50: train_loss=1.1061 val_auc=0.9026 best=0.9026 patience=0/10 *
    [tffm] epoch 02/50: train_loss=0.8997 val_auc=0.9017 best=0.9026 patience=1/10
    [tffm] epoch 03/50: train_loss=0.8465 val_auc=0.9147 best=0.9147 patience=0/10 *
    [tffm] epoch 04/50: train_loss=0.7999 val_auc=0.9038 best=0.9147 patience=1/10
    [tffm] epoch 05/50: train_loss=0.7591 val_auc=0.9212 best=0.9212 patience=0/10 *
    [tffm] epoch 06/50: train_loss=0.8122 val_auc=0.8971 best=0.9212 patience=1/10
    [tffm] epoch 07/50: train_loss=0.8984 val_auc=0.9085 best=0.9212 patience=2/10
    [tffm] epoch 08/50: train_loss=0.7764 val_auc=0.9093 best=0.9212 patience=3/10
    [tffm] epoch 09/50: train_loss=0.7431 val_auc=0.9089 best=0.9212 patience=4/10
    [tffm] epoch 10/50: train_loss=0.7593 val_auc=0.9173 best=0.9212 patience=5/10
    [tffm] epoch 11/50: train_loss=0.7321 val_auc=0.9259 best=0.9259 patience=0/10 *
    [tffm] epoch 12/50: train_loss=0.7316 val_auc=0.9364 best=0.9364 patience=0/10 *
    [tffm] epoch 13/50: train_loss=0.7668 val_auc=0.9416 best=0.9416 patience=0/10 *
    [tffm] epoch 14/50: train_loss=0.6956 val_auc=0.9416 best=0.9416 patience=1/10
    [tffm] epoch 15/50: train_loss=0.6829 val_auc=0.9359 best=0.9416 patience=2/10
    [tffm] epoch 16/50: train_loss=0.7401 val_auc=0.9323 best=0.9416 patience=3/10
    [tffm] epoch 17/50: train_loss=0.6873 val_auc=0.9382 best=0.9416 patience=4/10
    [tffm] epoch 18/50: train_loss=0.7271 val_auc=0.9416 best=0.9416 patience=5/10
    [tffm] epoch 19/50: train_loss=0.6741 val_auc=0.9462 best=0.9462 patience=0/10 *
    [tffm] epoch 20/50: train_loss=0.6556 val_auc=0.9372 best=0.9462 patience=1/10
    [tffm] epoch 21/50: train_loss=0.6781 val_auc=0.9455 best=0.9462 patience=2/10
    [tffm] epoch 22/50: train_loss=0.6147 val_auc=0.9268 best=0.9462 patience=3/10
    [tffm] epoch 23/50: train_loss=0.6905 val_auc=0.9378 best=0.9462 patience=4/10
    [tffm] epoch 24/50: train_loss=0.6754 val_auc=0.9377 best=0.9462 patience=5/10
    [tffm] epoch 25/50: train_loss=0.6325 val_auc=0.9401 best=0.9462 patience=6/10
    [tffm] epoch 26/50: train_loss=0.6710 val_auc=0.9470 best=0.9470 patience=0/10 *
    [tffm] epoch 27/50: train_loss=0.6954 val_auc=0.9455 best=0.9470 patience=1/10
    [tffm] epoch 28/50: train_loss=0.5964 val_auc=0.9389 best=0.9470 patience=2/10
    [tffm] epoch 29/50: train_loss=0.6166 val_auc=0.9357 best=0.9470 patience=3/10
    [tffm] epoch 30/50: train_loss=0.5754 val_auc=0.9357 best=0.9470 patience=4/10
    [tffm] epoch 31/50: train_loss=0.6775 val_auc=0.9444 best=0.9470 patience=5/10
    [tffm] epoch 32/50: train_loss=0.8141 val_auc=0.9403 best=0.9470 patience=6/10
    [tffm] epoch 33/50: train_loss=0.6036 val_auc=0.9277 best=0.9470 patience=7/10
    [tffm] epoch 34/50: train_loss=0.6036 val_auc=0.9384 best=0.9470 patience=8/10
    [tffm] epoch 35/50: train_loss=0.6172 val_auc=0.9351 best=0.9470 patience=9/10
    [tffm] epoch 36/50: train_loss=0.6757 val_auc=0.9410 best=0.9470 patience=10/10
    [tffm] early stop at epoch 36
  [tffm] fold 9/25: AUC=0.9470
    [tffm] epoch 01/50: train_loss=1.2212 val_auc=0.8310 best=0.8310 patience=0/10 *
    [tffm] epoch 02/50: train_loss=0.8886 val_auc=0.8093 best=0.8310 patience=1/10
    [tffm] epoch 03/50: train_loss=0.8097 val_auc=0.8267 best=0.8310 patience=2/10
    [tffm] epoch 04/50: train_loss=0.8135 val_auc=0.8423 best=0.8423 patience=0/10 *
    [tffm] epoch 05/50: train_loss=0.8101 val_auc=0.8415 best=0.8423 patience=1/10
    [tffm] epoch 06/50: train_loss=0.8191 val_auc=0.8654 best=0.8654 patience=0/10 *
    [tffm] epoch 07/50: train_loss=0.7035 val_auc=0.8648 best=0.8654 patience=1/10
    [tffm] epoch 08/50: train_loss=0.8032 val_auc=0.8631 best=0.8654 patience=2/10
    [tffm] epoch 09/50: train_loss=0.7232 val_auc=0.8702 best=0.8702 patience=0/10 *
    [tffm] epoch 10/50: train_loss=0.6888 val_auc=0.8698 best=0.8702 patience=1/10
    [tffm] epoch 11/50: train_loss=0.7106 val_auc=0.8725 best=0.8725 patience=0/10 *
    [tffm] epoch 12/50: train_loss=0.6715 val_auc=0.8813 best=0.8813 patience=0/10 *
    [tffm] epoch 13/50: train_loss=0.6540 val_auc=0.8844 best=0.8844 patience=0/10 *
    [tffm] epoch 14/50: train_loss=0.6732 val_auc=0.8874 best=0.8874 patience=0/10 *
    [tffm] epoch 15/50: train_loss=0.6113 val_auc=0.8882 best=0.8882 patience=0/10 *
    [tffm] epoch 16/50: train_loss=0.6694 val_auc=0.8819 best=0.8882 patience=1/10
    [tffm] epoch 17/50: train_loss=0.6348 val_auc=0.8902 best=0.8902 patience=0/10 *
    [tffm] epoch 18/50: train_loss=0.6340 val_auc=0.8924 best=0.8924 patience=0/10 *
    [tffm] epoch 19/50: train_loss=0.6149 val_auc=0.8949 best=0.8949 patience=0/10 *
    [tffm] epoch 20/50: train_loss=0.6541 val_auc=0.8882 best=0.8949 patience=1/10
    [tffm] epoch 21/50: train_loss=0.6195 val_auc=0.8903 best=0.8949 patience=2/10
    [tffm] epoch 22/50: train_loss=0.6190 val_auc=0.8915 best=0.8949 patience=3/10
    [tffm] epoch 23/50: train_loss=0.6299 val_auc=0.8912 best=0.8949 patience=4/10
    [tffm] epoch 24/50: train_loss=0.5734 val_auc=0.8966 best=0.8966 patience=0/10 *
    [tffm] epoch 25/50: train_loss=0.5974 val_auc=0.8527 best=0.8966 patience=1/10
    [tffm] epoch 26/50: train_loss=0.6065 val_auc=0.8920 best=0.8966 patience=2/10
    [tffm] epoch 27/50: train_loss=0.5987 val_auc=0.9012 best=0.9012 patience=0/10 *
    [tffm] epoch 28/50: train_loss=0.5876 val_auc=0.8954 best=0.9012 patience=1/10
    [tffm] epoch 29/50: train_loss=0.5814 val_auc=0.8873 best=0.9012 patience=2/10
    [tffm] epoch 30/50: train_loss=0.6478 val_auc=0.8399 best=0.9012 patience=3/10
    [tffm] epoch 31/50: train_loss=0.6325 val_auc=0.8924 best=0.9012 patience=4/10
    [tffm] epoch 32/50: train_loss=0.5664 val_auc=0.8703 best=0.9012 patience=5/10
    [tffm] epoch 33/50: train_loss=0.5540 val_auc=0.8870 best=0.9012 patience=6/10
    [tffm] epoch 34/50: train_loss=0.5927 val_auc=0.8935 best=0.9012 patience=7/10
    [tffm] epoch 35/50: train_loss=0.5518 val_auc=0.8916 best=0.9012 patience=8/10
    [tffm] epoch 36/50: train_loss=0.5422 val_auc=0.8903 best=0.9012 patience=9/10
    [tffm] epoch 37/50: train_loss=0.5836 val_auc=0.9016 best=0.9016 patience=0/10 *
    [tffm] epoch 38/50: train_loss=0.5226 val_auc=0.8877 best=0.9016 patience=1/10
    [tffm] epoch 39/50: train_loss=0.5375 val_auc=0.8632 best=0.9016 patience=2/10
    [tffm] epoch 40/50: train_loss=0.6228 val_auc=0.8721 best=0.9016 patience=3/10
    [tffm] epoch 41/50: train_loss=0.4855 val_auc=0.8673 best=0.9016 patience=4/10
    [tffm] epoch 42/50: train_loss=0.5844 val_auc=0.8412 best=0.9016 patience=5/10
    [tffm] epoch 43/50: train_loss=0.5005 val_auc=0.8948 best=0.9016 patience=6/10
    [tffm] epoch 44/50: train_loss=0.5004 val_auc=0.9024 best=0.9024 patience=0/10 *
    [tffm] epoch 45/50: train_loss=0.5079 val_auc=0.9067 best=0.9067 patience=0/10 *
    [tffm] epoch 46/50: train_loss=0.5303 val_auc=0.8975 best=0.9067 patience=1/10
    [tffm] epoch 47/50: train_loss=0.5297 val_auc=0.8747 best=0.9067 patience=2/10
    [tffm] epoch 48/50: train_loss=0.5013 val_auc=0.8764 best=0.9067 patience=3/10
    [tffm] epoch 49/50: train_loss=0.5767 val_auc=0.8884 best=0.9067 patience=4/10
    [tffm] epoch 50/50: train_loss=0.4564 val_auc=0.7779 best=0.9067 patience=5/10
  [tffm] fold 10/25: AUC=0.9067
    [tffm] epoch 01/50: train_loss=1.1306 val_auc=0.8039 best=0.8039 patience=0/10 *
    [tffm] epoch 02/50: train_loss=0.8556 val_auc=0.8129 best=0.8129 patience=0/10 *
    [tffm] epoch 03/50: train_loss=0.7499 val_auc=0.8256 best=0.8256 patience=0/10 *
    [tffm] epoch 04/50: train_loss=0.7529 val_auc=0.8327 best=0.8327 patience=0/10 *
    [tffm] epoch 05/50: train_loss=0.8208 val_auc=0.8483 best=0.8483 patience=0/10 *
    [tffm] epoch 06/50: train_loss=0.7241 val_auc=0.8460 best=0.8483 patience=1/10
    [tffm] epoch 07/50: train_loss=0.7712 val_auc=0.8508 best=0.8508 patience=0/10 *
    [tffm] epoch 08/50: train_loss=0.7970 val_auc=0.8490 best=0.8508 patience=1/10
    [tffm] epoch 09/50: train_loss=0.7462 val_auc=0.8558 best=0.8558 patience=0/10 *
    [tffm] epoch 10/50: train_loss=0.7247 val_auc=0.8571 best=0.8571 patience=0/10 *
    [tffm] epoch 11/50: train_loss=0.6701 val_auc=0.8743 best=0.8743 patience=0/10 *
    [tffm] epoch 12/50: train_loss=0.6648 val_auc=0.8689 best=0.8743 patience=1/10
    [tffm] epoch 13/50: train_loss=0.6439 val_auc=0.8746 best=0.8746 patience=0/10 *
    [tffm] epoch 14/50: train_loss=0.7462 val_auc=0.8780 best=0.8780 patience=0/10 *
    [tffm] epoch 15/50: train_loss=0.6416 val_auc=0.8878 best=0.8878 patience=0/10 *
    [tffm] epoch 16/50: train_loss=0.6339 val_auc=0.8913 best=0.8913 patience=0/10 *
    [tffm] epoch 17/50: train_loss=0.6888 val_auc=0.8896 best=0.8913 patience=1/10
    [tffm] epoch 18/50: train_loss=0.6031 val_auc=0.8934 best=0.8934 patience=0/10 *
    [tffm] epoch 19/50: train_loss=0.5814 val_auc=0.8918 best=0.8934 patience=1/10
    [tffm] epoch 20/50: train_loss=0.6168 val_auc=0.8985 best=0.8985 patience=0/10 *
    [tffm] epoch 21/50: train_loss=0.6543 val_auc=0.8919 best=0.8985 patience=1/10
    [tffm] epoch 22/50: train_loss=0.6459 val_auc=0.9008 best=0.9008 patience=0/10 *
    [tffm] epoch 23/50: train_loss=0.5900 val_auc=0.8997 best=0.9008 patience=1/10
    [tffm] epoch 24/50: train_loss=0.5689 val_auc=0.8935 best=0.9008 patience=2/10
    [tffm] epoch 25/50: train_loss=0.5904 val_auc=0.8952 best=0.9008 patience=3/10
    [tffm] epoch 26/50: train_loss=0.5622 val_auc=0.8940 best=0.9008 patience=4/10
    [tffm] epoch 27/50: train_loss=0.5655 val_auc=0.8909 best=0.9008 patience=5/10
    [tffm] epoch 28/50: train_loss=0.5666 val_auc=0.8913 best=0.9008 patience=6/10
    [tffm] epoch 29/50: train_loss=0.5517 val_auc=0.8871 best=0.9008 patience=7/10
    [tffm] epoch 30/50: train_loss=0.5669 val_auc=0.8874 best=0.9008 patience=8/10
    [tffm] epoch 31/50: train_loss=0.5128 val_auc=0.8725 best=0.9008 patience=9/10
    [tffm] epoch 32/50: train_loss=0.5289 val_auc=0.8730 best=0.9008 patience=10/10
    [tffm] early stop at epoch 32
  [tffm] fold 11/25: AUC=0.9008
    [tffm] epoch 01/50: train_loss=1.1786 val_auc=0.8695 best=0.8695 patience=0/10 *
    [tffm] epoch 02/50: train_loss=0.8842 val_auc=0.8588 best=0.8695 patience=1/10
    [tffm] epoch 03/50: train_loss=0.7742 val_auc=0.8647 best=0.8695 patience=2/10
    [tffm] epoch 04/50: train_loss=0.7831 val_auc=0.8386 best=0.8695 patience=3/10
    [tffm] epoch 05/50: train_loss=0.7551 val_auc=0.8073 best=0.8695 patience=4/10
    [tffm] epoch 06/50: train_loss=0.8203 val_auc=0.8464 best=0.8695 patience=5/10
    [tffm] epoch 07/50: train_loss=0.7207 val_auc=0.8096 best=0.8695 patience=6/10
    [tffm] epoch 08/50: train_loss=0.7174 val_auc=0.7886 best=0.8695 patience=7/10
    [tffm] epoch 09/50: train_loss=0.6940 val_auc=0.8272 best=0.8695 patience=8/10
    [tffm] epoch 10/50: train_loss=0.6723 val_auc=0.7911 best=0.8695 patience=9/10
    [tffm] epoch 11/50: train_loss=0.6923 val_auc=0.7800 best=0.8695 patience=10/10
    [tffm] early stop at epoch 11
  [tffm] fold 12/25: AUC=0.8695
    [tffm] epoch 01/50: train_loss=1.1253 val_auc=0.8217 best=0.8217 patience=0/10 *
    [tffm] epoch 02/50: train_loss=0.9771 val_auc=0.8419 best=0.8419 patience=0/10 *
    [tffm] epoch 03/50: train_loss=0.8262 val_auc=0.8409 best=0.8419 patience=1/10
    [tffm] epoch 04/50: train_loss=0.7616 val_auc=0.8702 best=0.8702 patience=0/10 *
    [tffm] epoch 05/50: train_loss=0.8485 val_auc=0.8862 best=0.8862 patience=0/10 *
    [tffm] epoch 06/50: train_loss=0.7625 val_auc=0.8897 best=0.8897 patience=0/10 *
    [tffm] epoch 07/50: train_loss=0.7569 val_auc=0.8881 best=0.8897 patience=1/10
    [tffm] epoch 08/50: train_loss=0.7372 val_auc=0.8960 best=0.8960 patience=0/10 *
    [tffm] epoch 09/50: train_loss=0.6983 val_auc=0.8965 best=0.8965 patience=0/10 *
    [tffm] epoch 10/50: train_loss=0.6887 val_auc=0.8987 best=0.8987 patience=0/10 *
    [tffm] epoch 11/50: train_loss=0.6541 val_auc=0.8930 best=0.8987 patience=1/10
    [tffm] epoch 12/50: train_loss=0.7656 val_auc=0.9159 best=0.9159 patience=0/10 *
    [tffm] epoch 13/50: train_loss=0.6720 val_auc=0.9083 best=0.9159 patience=1/10
    [tffm] epoch 14/50: train_loss=0.6922 val_auc=0.9141 best=0.9159 patience=2/10
    [tffm] epoch 15/50: train_loss=0.6803 val_auc=0.9083 best=0.9159 patience=3/10
    [tffm] epoch 16/50: train_loss=0.6366 val_auc=0.9089 best=0.9159 patience=4/10
    [tffm] epoch 17/50: train_loss=0.6710 val_auc=0.8969 best=0.9159 patience=5/10
    [tffm] epoch 18/50: train_loss=0.6159 val_auc=0.9069 best=0.9159 patience=6/10
    [tffm] epoch 19/50: train_loss=0.7102 val_auc=0.9073 best=0.9159 patience=7/10
    [tffm] epoch 20/50: train_loss=0.6580 val_auc=0.9004 best=0.9159 patience=8/10
    [tffm] epoch 21/50: train_loss=0.6978 val_auc=0.8915 best=0.9159 patience=9/10
    [tffm] epoch 22/50: train_loss=0.6790 val_auc=0.9003 best=0.9159 patience=10/10
    [tffm] early stop at epoch 22
  [tffm] fold 13/25: AUC=0.9159
    [tffm] epoch 01/50: train_loss=1.1386 val_auc=0.9213 best=0.9213 patience=0/10 *
    [tffm] epoch 02/50: train_loss=0.9024 val_auc=0.9199 best=0.9213 patience=1/10
    [tffm] epoch 03/50: train_loss=0.8907 val_auc=0.9513 best=0.9513 patience=0/10 *
    [tffm] epoch 04/50: train_loss=0.8736 val_auc=0.9372 best=0.9513 patience=1/10
    [tffm] epoch 05/50: train_loss=0.8885 val_auc=0.9635 best=0.9635 patience=0/10 *
    [tffm] epoch 06/50: train_loss=0.8300 val_auc=0.9616 best=0.9635 patience=1/10
    [tffm] epoch 07/50: train_loss=0.9358 val_auc=0.9624 best=0.9635 patience=2/10
    [tffm] epoch 08/50: train_loss=0.7781 val_auc=0.9717 best=0.9717 patience=0/10 *
    [tffm] epoch 09/50: train_loss=0.7711 val_auc=0.9666 best=0.9717 patience=1/10
    [tffm] epoch 10/50: train_loss=0.8098 val_auc=0.9728 best=0.9728 patience=0/10 *
    [tffm] epoch 11/50: train_loss=0.7597 val_auc=0.9720 best=0.9728 patience=1/10
    [tffm] epoch 12/50: train_loss=0.8154 val_auc=0.9708 best=0.9728 patience=2/10
    [tffm] epoch 13/50: train_loss=0.7677 val_auc=0.9712 best=0.9728 patience=3/10
    [tffm] epoch 14/50: train_loss=0.8180 val_auc=0.9695 best=0.9728 patience=4/10
    [tffm] epoch 15/50: train_loss=0.7974 val_auc=0.9683 best=0.9728 patience=5/10
    [tffm] epoch 16/50: train_loss=0.7839 val_auc=0.9707 best=0.9728 patience=6/10
    [tffm] epoch 17/50: train_loss=0.7113 val_auc=0.9715 best=0.9728 patience=7/10
    [tffm] epoch 18/50: train_loss=0.7853 val_auc=0.9723 best=0.9728 patience=8/10
    [tffm] epoch 19/50: train_loss=0.7682 val_auc=0.9696 best=0.9728 patience=9/10
    [tffm] epoch 20/50: train_loss=0.8494 val_auc=0.9724 best=0.9728 patience=10/10
    [tffm] early stop at epoch 20
  [tffm] fold 14/25: AUC=0.9728
    [tffm] epoch 01/50: train_loss=1.1502 val_auc=0.8516 best=0.8516 patience=0/10 *
    [tffm] epoch 02/50: train_loss=0.8805 val_auc=0.8674 best=0.8674 patience=0/10 *
    [tffm] epoch 03/50: train_loss=0.8597 val_auc=0.8809 best=0.8809 patience=0/10 *
    [tffm] epoch 04/50: train_loss=0.8566 val_auc=0.8889 best=0.8889 patience=0/10 *
    [tffm] epoch 05/50: train_loss=0.7861 val_auc=0.8933 best=0.8933 patience=0/10 *
    [tffm] epoch 06/50: train_loss=0.8050 val_auc=0.9031 best=0.9031 patience=0/10 *
    [tffm] epoch 07/50: train_loss=0.7862 val_auc=0.8948 best=0.9031 patience=1/10
    [tffm] epoch 08/50: train_loss=0.6864 val_auc=0.9160 best=0.9160 patience=0/10 *
    [tffm] epoch 09/50: train_loss=0.7904 val_auc=0.9050 best=0.9160 patience=1/10
    [tffm] epoch 10/50: train_loss=0.7222 val_auc=0.9127 best=0.9160 patience=2/10
    [tffm] epoch 11/50: train_loss=0.6887 val_auc=0.9097 best=0.9160 patience=3/10
    [tffm] epoch 12/50: train_loss=0.7285 val_auc=0.9175 best=0.9175 patience=0/10 *
    [tffm] epoch 13/50: train_loss=0.7377 val_auc=0.9075 best=0.9175 patience=1/10
    [tffm] epoch 14/50: train_loss=0.6611 val_auc=0.9085 best=0.9175 patience=2/10
    [tffm] epoch 15/50: train_loss=0.6567 val_auc=0.9014 best=0.9175 patience=3/10
    [tffm] epoch 16/50: train_loss=0.7527 val_auc=0.8818 best=0.9175 patience=4/10
    [tffm] epoch 17/50: train_loss=0.6536 val_auc=0.9224 best=0.9224 patience=0/10 *
    [tffm] epoch 18/50: train_loss=0.6265 val_auc=0.9085 best=0.9224 patience=1/10
    [tffm] epoch 19/50: train_loss=0.6163 val_auc=0.9194 best=0.9224 patience=2/10
    [tffm] epoch 20/50: train_loss=0.6548 val_auc=0.8312 best=0.9224 patience=3/10
    [tffm] epoch 21/50: train_loss=0.6982 val_auc=0.9022 best=0.9224 patience=4/10
    [tffm] epoch 22/50: train_loss=0.6392 val_auc=0.9116 best=0.9224 patience=5/10
    [tffm] epoch 23/50: train_loss=0.7082 val_auc=0.9171 best=0.9224 patience=6/10
    [tffm] epoch 24/50: train_loss=0.6250 val_auc=0.8915 best=0.9224 patience=7/10
    [tffm] epoch 25/50: train_loss=0.5553 val_auc=0.9246 best=0.9246 patience=0/10 *
    [tffm] epoch 26/50: train_loss=0.6655 val_auc=0.8787 best=0.9246 patience=1/10
    [tffm] epoch 27/50: train_loss=0.6036 val_auc=0.8313 best=0.9246 patience=2/10
    [tffm] epoch 28/50: train_loss=0.6614 val_auc=0.8793 best=0.9246 patience=3/10
    [tffm] epoch 29/50: train_loss=0.5596 val_auc=0.8973 best=0.9246 patience=4/10
    [tffm] epoch 30/50: train_loss=0.6090 val_auc=0.8640 best=0.9246 patience=5/10
    [tffm] epoch 31/50: train_loss=0.5893 val_auc=0.8679 best=0.9246 patience=6/10
    [tffm] epoch 32/50: train_loss=0.6016 val_auc=0.8496 best=0.9246 patience=7/10
    [tffm] epoch 33/50: train_loss=0.7373 val_auc=0.9045 best=0.9246 patience=8/10
    [tffm] epoch 34/50: train_loss=0.6213 val_auc=0.8295 best=0.9246 patience=9/10
    [tffm] epoch 35/50: train_loss=0.5878 val_auc=0.8660 best=0.9246 patience=10/10
    [tffm] early stop at epoch 35
  [tffm] fold 15/25: AUC=0.9246
    [tffm] epoch 01/50: train_loss=1.1808 val_auc=0.8337 best=0.8337 patience=0/10 *
    [tffm] epoch 02/50: train_loss=0.8663 val_auc=0.8595 best=0.8595 patience=0/10 *
    [tffm] epoch 03/50: train_loss=0.7484 val_auc=0.8540 best=0.8595 patience=1/10
    [tffm] epoch 04/50: train_loss=0.7228 val_auc=0.7705 best=0.8595 patience=2/10
    [tffm] epoch 05/50: train_loss=0.8478 val_auc=0.8519 best=0.8595 patience=3/10
    [tffm] epoch 06/50: train_loss=0.7265 val_auc=0.8366 best=0.8595 patience=4/10
    [tffm] epoch 07/50: train_loss=0.7214 val_auc=0.8332 best=0.8595 patience=5/10
    [tffm] epoch 08/50: train_loss=0.8046 val_auc=0.8379 best=0.8595 patience=6/10
    [tffm] epoch 09/50: train_loss=0.6768 val_auc=0.8478 best=0.8595 patience=7/10
    [tffm] epoch 10/50: train_loss=0.8007 val_auc=0.8465 best=0.8595 patience=8/10
    [tffm] epoch 11/50: train_loss=0.7173 val_auc=0.8544 best=0.8595 patience=9/10
    [tffm] epoch 12/50: train_loss=0.7231 val_auc=0.8499 best=0.8595 patience=10/10
    [tffm] early stop at epoch 12
  [tffm] fold 16/25: AUC=0.8595
    [tffm] epoch 01/50: train_loss=1.0900 val_auc=0.8823 best=0.8823 patience=0/10 *
    [tffm] epoch 02/50: train_loss=0.9149 val_auc=0.8857 best=0.8857 patience=0/10 *
    [tffm] epoch 03/50: train_loss=0.9161 val_auc=0.8773 best=0.8857 patience=1/10
    [tffm] epoch 04/50: train_loss=0.8042 val_auc=0.8942 best=0.8942 patience=0/10 *
    [tffm] epoch 05/50: train_loss=0.8494 val_auc=0.8950 best=0.8950 patience=0/10 *
    [tffm] epoch 06/50: train_loss=0.8415 val_auc=0.8964 best=0.8964 patience=0/10 *
    [tffm] epoch 07/50: train_loss=0.7634 val_auc=0.8974 best=0.8974 patience=0/10 *
    [tffm] epoch 08/50: train_loss=0.7677 val_auc=0.8990 best=0.8990 patience=0/10 *
    [tffm] epoch 09/50: train_loss=0.7224 val_auc=0.9038 best=0.9038 patience=0/10 *
    [tffm] epoch 10/50: train_loss=0.7954 val_auc=0.9056 best=0.9056 patience=0/10 *
    [tffm] epoch 11/50: train_loss=0.7051 val_auc=0.9121 best=0.9121 patience=0/10 *
    [tffm] epoch 12/50: train_loss=0.7232 val_auc=0.9100 best=0.9121 patience=1/10
    [tffm] epoch 13/50: train_loss=0.7563 val_auc=0.9094 best=0.9121 patience=2/10
    [tffm] epoch 14/50: train_loss=0.6568 val_auc=0.9124 best=0.9124 patience=0/10 *
    [tffm] epoch 15/50: train_loss=0.7874 val_auc=0.9145 best=0.9145 patience=0/10 *
    [tffm] epoch 16/50: train_loss=0.6798 val_auc=0.9134 best=0.9145 patience=1/10
    [tffm] epoch 17/50: train_loss=0.6463 val_auc=0.9147 best=0.9147 patience=0/10 *
    [tffm] epoch 18/50: train_loss=0.7077 val_auc=0.9114 best=0.9147 patience=1/10
    [tffm] epoch 19/50: train_loss=0.6955 val_auc=0.8295 best=0.9147 patience=2/10
    [tffm] epoch 20/50: train_loss=0.6582 val_auc=0.9152 best=0.9152 patience=0/10 *
    [tffm] epoch 21/50: train_loss=0.6601 val_auc=0.8288 best=0.9152 patience=1/10
    [tffm] epoch 22/50: train_loss=0.7272 val_auc=0.9197 best=0.9197 patience=0/10 *
    [tffm] epoch 23/50: train_loss=0.7258 val_auc=0.8746 best=0.9197 patience=1/10
    [tffm] epoch 24/50: train_loss=0.6454 val_auc=0.9235 best=0.9235 patience=0/10 *
    [tffm] epoch 25/50: train_loss=0.6727 val_auc=0.8532 best=0.9235 patience=1/10
    [tffm] epoch 26/50: train_loss=0.6385 val_auc=0.9252 best=0.9252 patience=0/10 *
    [tffm] epoch 27/50: train_loss=0.6980 val_auc=0.8731 best=0.9252 patience=1/10
    [tffm] epoch 28/50: train_loss=0.6016 val_auc=0.8599 best=0.9252 patience=2/10
    [tffm] epoch 29/50: train_loss=0.6047 val_auc=0.8635 best=0.9252 patience=3/10
    [tffm] epoch 30/50: train_loss=0.5723 val_auc=0.8670 best=0.9252 patience=4/10
    [tffm] epoch 31/50: train_loss=0.5679 val_auc=0.8594 best=0.9252 patience=5/10
    [tffm] epoch 32/50: train_loss=0.6494 val_auc=0.8599 best=0.9252 patience=6/10
    [tffm] epoch 33/50: train_loss=0.5734 val_auc=0.8489 best=0.9252 patience=7/10
    [tffm] epoch 34/50: train_loss=0.6511 val_auc=0.9159 best=0.9252 patience=8/10
    [tffm] epoch 35/50: train_loss=0.6532 val_auc=0.8217 best=0.9252 patience=9/10
    [tffm] epoch 36/50: train_loss=0.6098 val_auc=0.8970 best=0.9252 patience=10/10
    [tffm] early stop at epoch 36
  [tffm] fold 17/25: AUC=0.9252
    [tffm] epoch 01/50: train_loss=1.1946 val_auc=0.8383 best=0.8383 patience=0/10 *
    [tffm] epoch 02/50: train_loss=0.9138 val_auc=0.8566 best=0.8566 patience=0/10 *
    [tffm] epoch 03/50: train_loss=0.8038 val_auc=0.8513 best=0.8566 patience=1/10
    [tffm] epoch 04/50: train_loss=0.7530 val_auc=0.8494 best=0.8566 patience=2/10
    [tffm] epoch 05/50: train_loss=0.7204 val_auc=0.8662 best=0.8662 patience=0/10 *
    [tffm] epoch 06/50: train_loss=0.7361 val_auc=0.8539 best=0.8662 patience=1/10
    [tffm] epoch 07/50: train_loss=0.6902 val_auc=0.8553 best=0.8662 patience=2/10
    [tffm] epoch 08/50: train_loss=0.7440 val_auc=0.8785 best=0.8785 patience=0/10 *
    [tffm] epoch 09/50: train_loss=0.6623 val_auc=0.8598 best=0.8785 patience=1/10
    [tffm] epoch 10/50: train_loss=0.6505 val_auc=0.8341 best=0.8785 patience=2/10
    [tffm] epoch 11/50: train_loss=0.6912 val_auc=0.8509 best=0.8785 patience=3/10
    [tffm] epoch 12/50: train_loss=0.7047 val_auc=0.8676 best=0.8785 patience=4/10
    [tffm] epoch 13/50: train_loss=0.6479 val_auc=0.8684 best=0.8785 patience=5/10
    [tffm] epoch 14/50: train_loss=0.9109 val_auc=0.8545 best=0.8785 patience=6/10
    [tffm] epoch 15/50: train_loss=0.7405 val_auc=0.8590 best=0.8785 patience=7/10
    [tffm] epoch 16/50: train_loss=0.8056 val_auc=0.8145 best=0.8785 patience=8/10
    [tffm] epoch 17/50: train_loss=0.8300 val_auc=0.8550 best=0.8785 patience=9/10
    [tffm] epoch 18/50: train_loss=0.8083 val_auc=0.8740 best=0.8785 patience=10/10
    [tffm] early stop at epoch 18
  [tffm] fold 18/25: AUC=0.8785
    [tffm] epoch 01/50: train_loss=1.1120 val_auc=0.8771 best=0.8771 patience=0/10 *
    [tffm] epoch 02/50: train_loss=0.9998 val_auc=0.9068 best=0.9068 patience=0/10 *
    [tffm] epoch 03/50: train_loss=0.9370 val_auc=0.8781 best=0.9068 patience=1/10
    [tffm] epoch 04/50: train_loss=0.8021 val_auc=0.9169 best=0.9169 patience=0/10 *
    [tffm] epoch 05/50: train_loss=0.7649 val_auc=0.9334 best=0.9334 patience=0/10 *
    [tffm] epoch 06/50: train_loss=0.8206 val_auc=0.9374 best=0.9374 patience=0/10 *
    [tffm] epoch 07/50: train_loss=0.8072 val_auc=0.9416 best=0.9416 patience=0/10 *
    [tffm] epoch 08/50: train_loss=0.7495 val_auc=0.9368 best=0.9416 patience=1/10
    [tffm] epoch 09/50: train_loss=0.7384 val_auc=0.9127 best=0.9416 patience=2/10
    [tffm] epoch 10/50: train_loss=0.8048 val_auc=0.9369 best=0.9416 patience=3/10
    [tffm] epoch 11/50: train_loss=0.8210 val_auc=0.9107 best=0.9416 patience=4/10
    [tffm] epoch 12/50: train_loss=0.7541 val_auc=0.9229 best=0.9416 patience=5/10
    [tffm] epoch 13/50: train_loss=0.8448 val_auc=0.9200 best=0.9416 patience=6/10
    [tffm] epoch 14/50: train_loss=0.6847 val_auc=0.9128 best=0.9416 patience=7/10
    [tffm] epoch 15/50: train_loss=0.7102 val_auc=0.9421 best=0.9421 patience=0/10 *
    [tffm] epoch 16/50: train_loss=0.7954 val_auc=0.9123 best=0.9421 patience=1/10
    [tffm] epoch 17/50: train_loss=0.6667 val_auc=0.9351 best=0.9421 patience=2/10
    [tffm] epoch 18/50: train_loss=0.6568 val_auc=0.9331 best=0.9421 patience=3/10
    [tffm] epoch 19/50: train_loss=0.6627 val_auc=0.9338 best=0.9421 patience=4/10
    [tffm] epoch 20/50: train_loss=0.7624 val_auc=0.9418 best=0.9421 patience=5/10
    [tffm] epoch 21/50: train_loss=0.7478 val_auc=0.8973 best=0.9421 patience=6/10
    [tffm] epoch 22/50: train_loss=0.6745 val_auc=0.9115 best=0.9421 patience=7/10
    [tffm] epoch 23/50: train_loss=0.6452 val_auc=0.9308 best=0.9421 patience=8/10
    [tffm] epoch 24/50: train_loss=0.7324 val_auc=0.8747 best=0.9421 patience=9/10
    [tffm] epoch 25/50: train_loss=0.7842 val_auc=0.9369 best=0.9421 patience=10/10
    [tffm] early stop at epoch 25
  [tffm] fold 19/25: AUC=0.9421
    [tffm] epoch 01/50: train_loss=1.1184 val_auc=0.8809 best=0.8809 patience=0/10 *
    [tffm] epoch 02/50: train_loss=0.8876 val_auc=0.9416 best=0.9416 patience=0/10 *
    [tffm] epoch 03/50: train_loss=0.8646 val_auc=0.9212 best=0.9416 patience=1/10
    [tffm] epoch 04/50: train_loss=0.8454 val_auc=0.9378 best=0.9416 patience=2/10
    [tffm] epoch 05/50: train_loss=0.7745 val_auc=0.9450 best=0.9450 patience=0/10 *
    [tffm] epoch 06/50: train_loss=0.8197 val_auc=0.9518 best=0.9518 patience=0/10 *
    [tffm] epoch 07/50: train_loss=0.7650 val_auc=0.9419 best=0.9518 patience=1/10
    [tffm] epoch 08/50: train_loss=0.8278 val_auc=0.9479 best=0.9518 patience=2/10
    [tffm] epoch 09/50: train_loss=0.7798 val_auc=0.9522 best=0.9522 patience=0/10 *
    [tffm] epoch 10/50: train_loss=0.9188 val_auc=0.9429 best=0.9522 patience=1/10
    [tffm] epoch 11/50: train_loss=0.8288 val_auc=0.9535 best=0.9535 patience=0/10 *
    [tffm] epoch 12/50: train_loss=0.8680 val_auc=0.9490 best=0.9535 patience=1/10
    [tffm] epoch 13/50: train_loss=0.7666 val_auc=0.9588 best=0.9588 patience=0/10 *
    [tffm] epoch 14/50: train_loss=0.7232 val_auc=0.9577 best=0.9588 patience=1/10
    [tffm] epoch 15/50: train_loss=0.7139 val_auc=0.9641 best=0.9641 patience=0/10 *
    [tffm] epoch 16/50: train_loss=0.6802 val_auc=0.9610 best=0.9641 patience=1/10
    [tffm] epoch 17/50: train_loss=0.7887 val_auc=0.9616 best=0.9641 patience=2/10
    [tffm] epoch 18/50: train_loss=0.7694 val_auc=0.9620 best=0.9641 patience=3/10
    [tffm] epoch 19/50: train_loss=0.6960 val_auc=0.9620 best=0.9641 patience=4/10
    [tffm] epoch 20/50: train_loss=0.7119 val_auc=0.9634 best=0.9641 patience=5/10
    [tffm] epoch 21/50: train_loss=0.7326 val_auc=0.9652 best=0.9652 patience=0/10 *
    [tffm] epoch 22/50: train_loss=0.6588 val_auc=0.9619 best=0.9652 patience=1/10
    [tffm] epoch 23/50: train_loss=0.6694 val_auc=0.9589 best=0.9652 patience=2/10
    [tffm] epoch 24/50: train_loss=0.8044 val_auc=0.9593 best=0.9652 patience=3/10
    [tffm] epoch 25/50: train_loss=0.6757 val_auc=0.9539 best=0.9652 patience=4/10
    [tffm] epoch 26/50: train_loss=0.7568 val_auc=0.9613 best=0.9652 patience=5/10
    [tffm] epoch 27/50: train_loss=0.6484 val_auc=0.9577 best=0.9652 patience=6/10
    [tffm] epoch 28/50: train_loss=0.7331 val_auc=0.9545 best=0.9652 patience=7/10
    [tffm] epoch 29/50: train_loss=0.6882 val_auc=0.9565 best=0.9652 patience=8/10
    [tffm] epoch 30/50: train_loss=0.7264 val_auc=0.9615 best=0.9652 patience=9/10
    [tffm] epoch 31/50: train_loss=0.7288 val_auc=0.9546 best=0.9652 patience=10/10
    [tffm] early stop at epoch 31
  [tffm] fold 20/25: AUC=0.9652
    [tffm] epoch 01/50: train_loss=1.1215 val_auc=0.8072 best=0.8072 patience=0/10 *
    [tffm] epoch 02/50: train_loss=0.8313 val_auc=0.8384 best=0.8384 patience=0/10 *
    [tffm] epoch 03/50: train_loss=0.7476 val_auc=0.8409 best=0.8409 patience=0/10 *
    [tffm] epoch 04/50: train_loss=0.6978 val_auc=0.8589 best=0.8589 patience=0/10 *
    [tffm] epoch 05/50: train_loss=0.7878 val_auc=0.8533 best=0.8589 patience=1/10
    [tffm] epoch 06/50: train_loss=0.6721 val_auc=0.8637 best=0.8637 patience=0/10 *
    [tffm] epoch 07/50: train_loss=0.6736 val_auc=0.8576 best=0.8637 patience=1/10
    [tffm] epoch 08/50: train_loss=0.6328 val_auc=0.8667 best=0.8667 patience=0/10 *
    [tffm] epoch 09/50: train_loss=0.6127 val_auc=0.8652 best=0.8667 patience=1/10
    [tffm] epoch 10/50: train_loss=0.5910 val_auc=0.8719 best=0.8719 patience=0/10 *
    [tffm] epoch 11/50: train_loss=0.5957 val_auc=0.8781 best=0.8781 patience=0/10 *
    [tffm] epoch 12/50: train_loss=0.5910 val_auc=0.8696 best=0.8781 patience=1/10
    [tffm] epoch 13/50: train_loss=0.6611 val_auc=0.8802 best=0.8802 patience=0/10 *
    [tffm] epoch 14/50: train_loss=0.6803 val_auc=0.8441 best=0.8802 patience=1/10
    [tffm] epoch 15/50: train_loss=0.5838 val_auc=0.8563 best=0.8802 patience=2/10
    [tffm] epoch 16/50: train_loss=0.5662 val_auc=0.8605 best=0.8802 patience=3/10
    [tffm] epoch 17/50: train_loss=0.6276 val_auc=0.8626 best=0.8802 patience=4/10
    [tffm] epoch 18/50: train_loss=0.6488 val_auc=0.8343 best=0.8802 patience=5/10
    [tffm] epoch 19/50: train_loss=0.5634 val_auc=0.8261 best=0.8802 patience=6/10
    [tffm] epoch 20/50: train_loss=0.6392 val_auc=0.8409 best=0.8802 patience=7/10
    [tffm] epoch 21/50: train_loss=0.8043 val_auc=0.8345 best=0.8802 patience=8/10
    [tffm] epoch 22/50: train_loss=0.5214 val_auc=0.7521 best=0.8802 patience=9/10
    [tffm] epoch 23/50: train_loss=0.6351 val_auc=0.8434 best=0.8802 patience=10/10
    [tffm] early stop at epoch 23
  [tffm] fold 21/25: AUC=0.8802
    [tffm] epoch 01/50: train_loss=1.0708 val_auc=0.8824 best=0.8824 patience=0/10 *
    [tffm] epoch 02/50: train_loss=0.8079 val_auc=0.9160 best=0.9160 patience=0/10 *
    [tffm] epoch 03/50: train_loss=0.8166 val_auc=0.9255 best=0.9255 patience=0/10 *
    [tffm] epoch 04/50: train_loss=0.9004 val_auc=0.9284 best=0.9284 patience=0/10 *
    [tffm] epoch 05/50: train_loss=0.8360 val_auc=0.9262 best=0.9284 patience=1/10
    [tffm] epoch 06/50: train_loss=0.8129 val_auc=0.9247 best=0.9284 patience=2/10
    [tffm] epoch 07/50: train_loss=0.7916 val_auc=0.9343 best=0.9343 patience=0/10 *
    [tffm] epoch 08/50: train_loss=0.8370 val_auc=0.9078 best=0.9343 patience=1/10
    [tffm] epoch 09/50: train_loss=0.7298 val_auc=0.8922 best=0.9343 patience=2/10
    [tffm] epoch 10/50: train_loss=0.7029 val_auc=0.9039 best=0.9343 patience=3/10
    [tffm] epoch 11/50: train_loss=0.8517 val_auc=0.9107 best=0.9343 patience=4/10
    [tffm] epoch 12/50: train_loss=0.6742 val_auc=0.8943 best=0.9343 patience=5/10
    [tffm] epoch 13/50: train_loss=0.8801 val_auc=0.9152 best=0.9343 patience=6/10
    [tffm] epoch 14/50: train_loss=0.6469 val_auc=0.9188 best=0.9343 patience=7/10
    [tffm] epoch 15/50: train_loss=0.6487 val_auc=0.8679 best=0.9343 patience=8/10
    [tffm] epoch 16/50: train_loss=0.9761 val_auc=0.9181 best=0.9343 patience=9/10
    [tffm] epoch 17/50: train_loss=0.7262 val_auc=0.8873 best=0.9343 patience=10/10
    [tffm] early stop at epoch 17
  [tffm] fold 22/25: AUC=0.9343
    [tffm] epoch 01/50: train_loss=1.1649 val_auc=0.8843 best=0.8843 patience=0/10 *
    [tffm] epoch 02/50: train_loss=0.9022 val_auc=0.8819 best=0.8843 patience=1/10
    [tffm] epoch 03/50: train_loss=0.8289 val_auc=0.8821 best=0.8843 patience=2/10
    [tffm] epoch 04/50: train_loss=0.9025 val_auc=0.8871 best=0.8871 patience=0/10 *
    [tffm] epoch 05/50: train_loss=0.8239 val_auc=0.8953 best=0.8953 patience=0/10 *
    [tffm] epoch 06/50: train_loss=0.8684 val_auc=0.8923 best=0.8953 patience=1/10
    [tffm] epoch 07/50: train_loss=0.7772 val_auc=0.8983 best=0.8983 patience=0/10 *
    [tffm] epoch 08/50: train_loss=0.7652 val_auc=0.9031 best=0.9031 patience=0/10 *
    [tffm] epoch 09/50: train_loss=0.7696 val_auc=0.9050 best=0.9050 patience=0/10 *
    [tffm] epoch 10/50: train_loss=0.7530 val_auc=0.9110 best=0.9110 patience=0/10 *
    [tffm] epoch 11/50: train_loss=0.7629 val_auc=0.9174 best=0.9174 patience=0/10 *
    [tffm] epoch 12/50: train_loss=0.7550 val_auc=0.9169 best=0.9174 patience=1/10
    [tffm] epoch 13/50: train_loss=0.7539 val_auc=0.9182 best=0.9182 patience=0/10 *
    [tffm] epoch 14/50: train_loss=0.7069 val_auc=0.9198 best=0.9198 patience=0/10 *
    [tffm] epoch 15/50: train_loss=0.6942 val_auc=0.9242 best=0.9242 patience=0/10 *
    [tffm] epoch 16/50: train_loss=0.7462 val_auc=0.9273 best=0.9273 patience=0/10 *
    [tffm] epoch 17/50: train_loss=0.6873 val_auc=0.9241 best=0.9273 patience=1/10
    [tffm] epoch 18/50: train_loss=0.6534 val_auc=0.9203 best=0.9273 patience=2/10
    [tffm] epoch 19/50: train_loss=0.6278 val_auc=0.9213 best=0.9273 patience=3/10
    [tffm] epoch 20/50: train_loss=0.7400 val_auc=0.9289 best=0.9289 patience=0/10 *
    [tffm] epoch 21/50: train_loss=0.6435 val_auc=0.9294 best=0.9294 patience=0/10 *
    [tffm] epoch 22/50: train_loss=0.6456 val_auc=0.9306 best=0.9306 patience=0/10 *
    [tffm] epoch 23/50: train_loss=0.6132 val_auc=0.9279 best=0.9306 patience=1/10
    [tffm] epoch 24/50: train_loss=0.6449 val_auc=0.9281 best=0.9306 patience=2/10
    [tffm] epoch 25/50: train_loss=0.6016 val_auc=0.9328 best=0.9328 patience=0/10 *
    [tffm] epoch 26/50: train_loss=0.5865 val_auc=0.9334 best=0.9334 patience=0/10 *
    [tffm] epoch 27/50: train_loss=0.5978 val_auc=0.9281 best=0.9334 patience=1/10
    [tffm] epoch 28/50: train_loss=0.6148 val_auc=0.9260 best=0.9334 patience=2/10
    [tffm] epoch 29/50: train_loss=0.6697 val_auc=0.8216 best=0.9334 patience=3/10
    [tffm] epoch 30/50: train_loss=0.7180 val_auc=0.9417 best=0.9417 patience=0/10 *
    [tffm] epoch 31/50: train_loss=0.5703 val_auc=0.8381 best=0.9417 patience=1/10
    [tffm] epoch 32/50: train_loss=0.6206 val_auc=0.8290 best=0.9417 patience=2/10
    [tffm] epoch 33/50: train_loss=0.6160 val_auc=0.9241 best=0.9417 patience=3/10
    [tffm] epoch 34/50: train_loss=0.5667 val_auc=0.9301 best=0.9417 patience=4/10
    [tffm] epoch 35/50: train_loss=0.5595 val_auc=0.9439 best=0.9439 patience=0/10 *
    [tffm] epoch 36/50: train_loss=0.5600 val_auc=0.8719 best=0.9439 patience=1/10
    [tffm] epoch 37/50: train_loss=0.6001 val_auc=0.9304 best=0.9439 patience=2/10
    [tffm] epoch 38/50: train_loss=0.5742 val_auc=0.9051 best=0.9439 patience=3/10
    [tffm] epoch 39/50: train_loss=0.5635 val_auc=0.6424 best=0.9439 patience=4/10
    [tffm] epoch 40/50: train_loss=0.7525 val_auc=0.9086 best=0.9439 patience=5/10
    [tffm] epoch 41/50: train_loss=0.5415 val_auc=0.7537 best=0.9439 patience=6/10
    [tffm] epoch 42/50: train_loss=0.7965 val_auc=0.9377 best=0.9439 patience=7/10
    [tffm] epoch 43/50: train_loss=0.6014 val_auc=0.8254 best=0.9439 patience=8/10
    [tffm] epoch 44/50: train_loss=0.5792 val_auc=0.8993 best=0.9439 patience=9/10
    [tffm] epoch 45/50: train_loss=0.6293 val_auc=0.8232 best=0.9439 patience=10/10
    [tffm] early stop at epoch 45
  [tffm] fold 23/25: AUC=0.9439
    [tffm] epoch 01/50: train_loss=1.2020 val_auc=0.8729 best=0.8729 patience=0/10 *
    [tffm] epoch 02/50: train_loss=0.9298 val_auc=0.8772 best=0.8772 patience=0/10 *
    [tffm] epoch 03/50: train_loss=0.8109 val_auc=0.8730 best=0.8772 patience=1/10
    [tffm] epoch 04/50: train_loss=0.7872 val_auc=0.8715 best=0.8772 patience=2/10
    [tffm] epoch 05/50: train_loss=0.8052 val_auc=0.9048 best=0.9048 patience=0/10 *
    [tffm] epoch 06/50: train_loss=0.7614 val_auc=0.9037 best=0.9048 patience=1/10
    [tffm] epoch 07/50: train_loss=0.7629 val_auc=0.8914 best=0.9048 patience=2/10
    [tffm] epoch 08/50: train_loss=0.8249 val_auc=0.8880 best=0.9048 patience=3/10
    [tffm] epoch 09/50: train_loss=0.7659 val_auc=0.8958 best=0.9048 patience=4/10
    [tffm] epoch 10/50: train_loss=0.7929 val_auc=0.8448 best=0.9048 patience=5/10
    [tffm] epoch 11/50: train_loss=0.7065 val_auc=0.8805 best=0.9048 patience=6/10
    [tffm] epoch 12/50: train_loss=0.7052 val_auc=0.9041 best=0.9048 patience=7/10
    [tffm] epoch 13/50: train_loss=0.7023 val_auc=0.9055 best=0.9055 patience=0/10 *
    [tffm] epoch 14/50: train_loss=0.7237 val_auc=0.9013 best=0.9055 patience=1/10
    [tffm] epoch 15/50: train_loss=0.7844 val_auc=0.8512 best=0.9055 patience=2/10
    [tffm] epoch 16/50: train_loss=0.6697 val_auc=0.8921 best=0.9055 patience=3/10
    [tffm] epoch 17/50: train_loss=0.6749 val_auc=0.9092 best=0.9092 patience=0/10 *
    [tffm] epoch 18/50: train_loss=0.6701 val_auc=0.9073 best=0.9092 patience=1/10
    [tffm] epoch 19/50: train_loss=0.6501 val_auc=0.8910 best=0.9092 patience=2/10
    [tffm] epoch 20/50: train_loss=0.7484 val_auc=0.9010 best=0.9092 patience=3/10
    [tffm] epoch 21/50: train_loss=0.6892 val_auc=0.9039 best=0.9092 patience=4/10
    [tffm] epoch 22/50: train_loss=0.6575 val_auc=0.8978 best=0.9092 patience=5/10
    [tffm] epoch 23/50: train_loss=0.8289 val_auc=0.9035 best=0.9092 patience=6/10
    [tffm] epoch 24/50: train_loss=0.6713 val_auc=0.9058 best=0.9092 patience=7/10
    [tffm] epoch 25/50: train_loss=0.6655 val_auc=0.8849 best=0.9092 patience=8/10
    [tffm] epoch 26/50: train_loss=0.6221 val_auc=0.8411 best=0.9092 patience=9/10
    [tffm] epoch 27/50: train_loss=0.7167 val_auc=0.9067 best=0.9092 patience=10/10
    [tffm] early stop at epoch 27
  [tffm] fold 24/25: AUC=0.9092
    [tffm] epoch 01/50: train_loss=1.2032 val_auc=0.8529 best=0.8529 patience=0/10 *
    [tffm] epoch 02/50: train_loss=0.9148 val_auc=0.8814 best=0.8814 patience=0/10 *
    [tffm] epoch 03/50: train_loss=0.8879 val_auc=0.8906 best=0.8906 patience=0/10 *
    [tffm] epoch 04/50: train_loss=0.7769 val_auc=0.8877 best=0.8906 patience=1/10
    [tffm] epoch 05/50: train_loss=0.9171 val_auc=0.8920 best=0.8920 patience=0/10 *
    [tffm] epoch 06/50: train_loss=0.8572 val_auc=0.9035 best=0.9035 patience=0/10 *
    [tffm] epoch 07/50: train_loss=0.8210 val_auc=0.9151 best=0.9151 patience=0/10 *
    [tffm] epoch 08/50: train_loss=0.8149 val_auc=0.9226 best=0.9226 patience=0/10 *
    [tffm] epoch 09/50: train_loss=0.7428 val_auc=0.9254 best=0.9254 patience=0/10 *
    [tffm] epoch 10/50: train_loss=0.7028 val_auc=0.9291 best=0.9291 patience=0/10 *
    [tffm] epoch 11/50: train_loss=0.7762 val_auc=0.9315 best=0.9315 patience=0/10 *
    [tffm] epoch 12/50: train_loss=0.7028 val_auc=0.9323 best=0.9323 patience=0/10 *
    [tffm] epoch 13/50: train_loss=0.7029 val_auc=0.9277 best=0.9323 patience=1/10
    [tffm] epoch 14/50: train_loss=0.6552 val_auc=0.9406 best=0.9406 patience=0/10 *
    [tffm] epoch 15/50: train_loss=0.7952 val_auc=0.9340 best=0.9406 patience=1/10
    [tffm] epoch 16/50: train_loss=0.6856 val_auc=0.9348 best=0.9406 patience=2/10
    [tffm] epoch 17/50: train_loss=0.7414 val_auc=0.9365 best=0.9406 patience=3/10
    [tffm] epoch 18/50: train_loss=0.7307 val_auc=0.9408 best=0.9408 patience=0/10 *
    [tffm] epoch 19/50: train_loss=0.6425 val_auc=0.9393 best=0.9408 patience=1/10
    [tffm] epoch 20/50: train_loss=0.6907 val_auc=0.9378 best=0.9408 patience=2/10
    [tffm] epoch 21/50: train_loss=0.6389 val_auc=0.9377 best=0.9408 patience=3/10
    [tffm] epoch 22/50: train_loss=0.6495 val_auc=0.9312 best=0.9408 patience=4/10
    [tffm] epoch 23/50: train_loss=0.6475 val_auc=0.9322 best=0.9408 patience=5/10
    [tffm] epoch 24/50: train_loss=0.6648 val_auc=0.9308 best=0.9408 patience=6/10
    [tffm] epoch 25/50: train_loss=0.6382 val_auc=0.9268 best=0.9408 patience=7/10
    [tffm] epoch 26/50: train_loss=0.7248 val_auc=0.9301 best=0.9408 patience=8/10
    [tffm] epoch 27/50: train_loss=0.7084 val_auc=0.9360 best=0.9408 patience=9/10
    [tffm] epoch 28/50: train_loss=0.6238 val_auc=0.9373 best=0.9408 patience=10/10
    [tffm] early stop at epoch 28
  [tffm] fold 25/25: AUC=0.9408
tffm: mean=0.9161, std=0.0298, q25=0.9008, q10=0.8731 over 25 folds
