
== cv gnn ==
  out:   ./runs/sweep/gnn_h256
  cv     n_splits=5 n_repeats=5 quick=False
  model  seed=42 device=cuda epochs=30 lr=0.001 weight_decay=0.0001 early_stop_patience=10 hidden=256 dropout=0.3
  data   data_dir=./data/facebook-recruiting-iv-human-or-bot runs_dir=./runs cache_dir=./runs/cache

    [gnn] epoch 01/30: train_loss=1.3084 val_auc=0.7570 best=0.7570 patience=0/10 *
    [gnn] epoch 02/30: train_loss=1.2523 val_auc=0.7573 best=0.7573 patience=0/10 *
    [gnn] epoch 03/30: train_loss=1.1964 val_auc=0.7648 best=0.7648 patience=0/10 *
    [gnn] epoch 04/30: train_loss=1.1563 val_auc=0.7269 best=0.7648 patience=1/10
    [gnn] epoch 05/30: train_loss=1.1270 val_auc=0.7600 best=0.7648 patience=2/10
    [gnn] epoch 06/30: train_loss=1.0142 val_auc=0.7650 best=0.7650 patience=0/10 *
    [gnn] epoch 07/30: train_loss=1.0931 val_auc=0.7691 best=0.7691 patience=0/10 *
    [gnn] epoch 08/30: train_loss=1.0064 val_auc=0.7649 best=0.7691 patience=1/10
    [gnn] epoch 09/30: train_loss=0.8947 val_auc=0.7671 best=0.7691 patience=2/10
    [gnn] epoch 10/30: train_loss=0.9028 val_auc=0.7730 best=0.7730 patience=0/10 *
    [gnn] epoch 11/30: train_loss=0.8117 val_auc=0.7723 best=0.7730 patience=1/10
    [gnn] epoch 12/30: train_loss=0.7798 val_auc=0.7737 best=0.7737 patience=0/10 *
    [gnn] epoch 13/30: train_loss=0.7235 val_auc=0.7786 best=0.7786 patience=0/10 *
    [gnn] epoch 14/30: train_loss=0.6578 val_auc=0.7794 best=0.7794 patience=0/10 *
    [gnn] epoch 15/30: train_loss=0.6193 val_auc=0.7861 best=0.7861 patience=0/10 *
    [gnn] epoch 16/30: train_loss=0.6173 val_auc=0.7852 best=0.7861 patience=1/10
    [gnn] epoch 17/30: train_loss=0.5671 val_auc=0.7896 best=0.7896 patience=0/10 *
    [gnn] epoch 18/30: train_loss=0.5053 val_auc=0.7845 best=0.7896 patience=1/10
    [gnn] epoch 19/30: train_loss=0.6598 val_auc=0.7924 best=0.7924 patience=0/10 *
    [gnn] epoch 20/30: train_loss=0.5461 val_auc=0.8044 best=0.8044 patience=0/10 *
    [gnn] epoch 21/30: train_loss=0.5543 val_auc=0.8063 best=0.8063 patience=0/10 *
    [gnn] epoch 22/30: train_loss=0.5353 val_auc=0.8049 best=0.8063 patience=1/10
    [gnn] epoch 23/30: train_loss=0.4168 val_auc=0.8082 best=0.8082 patience=0/10 *
    [gnn] epoch 24/30: train_loss=0.3829 val_auc=0.8077 best=0.8082 patience=1/10
    [gnn] epoch 25/30: train_loss=0.4536 val_auc=0.8080 best=0.8082 patience=2/10
    [gnn] epoch 26/30: train_loss=0.3703 val_auc=0.8012 best=0.8082 patience=3/10
    [gnn] epoch 27/30: train_loss=0.4051 val_auc=0.8024 best=0.8082 patience=4/10
    [gnn] epoch 28/30: train_loss=0.4022 val_auc=0.8078 best=0.8082 patience=5/10
    [gnn] epoch 29/30: train_loss=0.2712 val_auc=0.8082 best=0.8082 patience=6/10
    [gnn] epoch 30/30: train_loss=0.2365 val_auc=0.8019 best=0.8082 patience=7/10
  [gnn] fold 1/25: AUC=0.8082
    [gnn] epoch 01/30: train_loss=1.3135 val_auc=0.7024 best=0.7024 patience=0/10 *
    [gnn] epoch 02/30: train_loss=1.2629 val_auc=0.7266 best=0.7266 patience=0/10 *
    [gnn] epoch 03/30: train_loss=1.2099 val_auc=0.7457 best=0.7457 patience=0/10 *
    [gnn] epoch 04/30: train_loss=1.1376 val_auc=0.7643 best=0.7643 patience=0/10 *
    [gnn] epoch 05/30: train_loss=1.0574 val_auc=0.7740 best=0.7740 patience=0/10 *
    [gnn] epoch 06/30: train_loss=1.0023 val_auc=0.7926 best=0.7926 patience=0/10 *
    [gnn] epoch 07/30: train_loss=1.0407 val_auc=0.7981 best=0.7981 patience=0/10 *
    [gnn] epoch 08/30: train_loss=0.8561 val_auc=0.7996 best=0.7996 patience=0/10 *
    [gnn] epoch 09/30: train_loss=0.8914 val_auc=0.8058 best=0.8058 patience=0/10 *
    [gnn] epoch 10/30: train_loss=0.8171 val_auc=0.8150 best=0.8150 patience=0/10 *
    [gnn] epoch 11/30: train_loss=0.7173 val_auc=0.8175 best=0.8175 patience=0/10 *
    [gnn] epoch 12/30: train_loss=0.7228 val_auc=0.8254 best=0.8254 patience=0/10 *
    [gnn] epoch 13/30: train_loss=0.6453 val_auc=0.8283 best=0.8283 patience=0/10 *
    [gnn] epoch 14/30: train_loss=0.6058 val_auc=0.8318 best=0.8318 patience=0/10 *
    [gnn] epoch 15/30: train_loss=0.6307 val_auc=0.8322 best=0.8322 patience=0/10 *
    [gnn] epoch 16/30: train_loss=0.5028 val_auc=0.8357 best=0.8357 patience=0/10 *
    [gnn] epoch 17/30: train_loss=0.4904 val_auc=0.8396 best=0.8396 patience=0/10 *
    [gnn] epoch 18/30: train_loss=0.6189 val_auc=0.8393 best=0.8396 patience=1/10
    [gnn] epoch 19/30: train_loss=0.4744 val_auc=0.8360 best=0.8396 patience=2/10
    [gnn] epoch 20/30: train_loss=0.5817 val_auc=0.8356 best=0.8396 patience=3/10
    [gnn] epoch 21/30: train_loss=0.5494 val_auc=0.8392 best=0.8396 patience=4/10
    [gnn] epoch 22/30: train_loss=0.3876 val_auc=0.8383 best=0.8396 patience=5/10
    [gnn] epoch 23/30: train_loss=0.3542 val_auc=0.8356 best=0.8396 patience=6/10
    [gnn] epoch 24/30: train_loss=0.4154 val_auc=0.8363 best=0.8396 patience=7/10
    [gnn] epoch 25/30: train_loss=0.3245 val_auc=0.8407 best=0.8407 patience=0/10 *
    [gnn] epoch 26/30: train_loss=0.6210 val_auc=0.8404 best=0.8407 patience=1/10
    [gnn] epoch 27/30: train_loss=0.6746 val_auc=0.8378 best=0.8407 patience=2/10
    [gnn] epoch 28/30: train_loss=0.2994 val_auc=0.8376 best=0.8407 patience=3/10
    [gnn] epoch 29/30: train_loss=0.4954 val_auc=0.8364 best=0.8407 patience=4/10
    [gnn] epoch 30/30: train_loss=0.6205 val_auc=0.8363 best=0.8407 patience=5/10
  [gnn] fold 2/25: AUC=0.8407
    [gnn] epoch 01/30: train_loss=1.3278 val_auc=0.7759 best=0.7759 patience=0/10 *
    [gnn] epoch 02/30: train_loss=1.2629 val_auc=0.7900 best=0.7900 patience=0/10 *
    [gnn] epoch 03/30: train_loss=1.1919 val_auc=0.7851 best=0.7900 patience=1/10
    [gnn] epoch 04/30: train_loss=1.1376 val_auc=0.7876 best=0.7900 patience=2/10
    [gnn] epoch 05/30: train_loss=1.1042 val_auc=0.7912 best=0.7912 patience=0/10 *
    [gnn] epoch 06/30: train_loss=1.0320 val_auc=0.8023 best=0.8023 patience=0/10 *
    [gnn] epoch 07/30: train_loss=0.9251 val_auc=0.8057 best=0.8057 patience=0/10 *
    [gnn] epoch 08/30: train_loss=0.9010 val_auc=0.8075 best=0.8075 patience=0/10 *
    [gnn] epoch 09/30: train_loss=0.8959 val_auc=0.8109 best=0.8109 patience=0/10 *
    [gnn] epoch 10/30: train_loss=0.8096 val_auc=0.8077 best=0.8109 patience=1/10
    [gnn] epoch 11/30: train_loss=1.1585 val_auc=0.8128 best=0.8128 patience=0/10 *
    [gnn] epoch 12/30: train_loss=1.1422 val_auc=0.8181 best=0.8181 patience=0/10 *
    [gnn] epoch 13/30: train_loss=0.6361 val_auc=0.8191 best=0.8191 patience=0/10 *
    [gnn] epoch 14/30: train_loss=0.7683 val_auc=0.8207 best=0.8207 patience=0/10 *
    [gnn] epoch 15/30: train_loss=0.6499 val_auc=0.8180 best=0.8207 patience=1/10
    [gnn] epoch 16/30: train_loss=0.8243 val_auc=0.8184 best=0.8207 patience=2/10
    [gnn] epoch 17/30: train_loss=0.8792 val_auc=0.8219 best=0.8219 patience=0/10 *
    [gnn] epoch 18/30: train_loss=0.5752 val_auc=0.8245 best=0.8245 patience=0/10 *
    [gnn] epoch 19/30: train_loss=0.7791 val_auc=0.8236 best=0.8245 patience=1/10
    [gnn] epoch 20/30: train_loss=0.8587 val_auc=0.8231 best=0.8245 patience=2/10
    [gnn] epoch 21/30: train_loss=0.6674 val_auc=0.8226 best=0.8245 patience=3/10
    [gnn] epoch 22/30: train_loss=0.4968 val_auc=0.8214 best=0.8245 patience=4/10
    [gnn] epoch 23/30: train_loss=0.5605 val_auc=0.8226 best=0.8245 patience=5/10
    [gnn] epoch 24/30: train_loss=0.4289 val_auc=0.8247 best=0.8247 patience=0/10 *
    [gnn] epoch 25/30: train_loss=0.5151 val_auc=0.8255 best=0.8255 patience=0/10 *
    [gnn] epoch 26/30: train_loss=0.5112 val_auc=0.8256 best=0.8256 patience=0/10 *
    [gnn] epoch 27/30: train_loss=0.4052 val_auc=0.8221 best=0.8256 patience=1/10
    [gnn] epoch 28/30: train_loss=0.6279 val_auc=0.8207 best=0.8256 patience=2/10
    [gnn] epoch 29/30: train_loss=0.8072 val_auc=0.8251 best=0.8256 patience=3/10
    [gnn] epoch 30/30: train_loss=0.5074 val_auc=0.8266 best=0.8266 patience=0/10 *
  [gnn] fold 3/25: AUC=0.8266
    [gnn] epoch 01/30: train_loss=1.3201 val_auc=0.7033 best=0.7033 patience=0/10 *
    [gnn] epoch 02/30: train_loss=1.2766 val_auc=0.7245 best=0.7245 patience=0/10 *
    [gnn] epoch 03/30: train_loss=1.1962 val_auc=0.7403 best=0.7403 patience=0/10 *
    [gnn] epoch 04/30: train_loss=1.1477 val_auc=0.7438 best=0.7438 patience=0/10 *
    [gnn] epoch 05/30: train_loss=1.1145 val_auc=0.7547 best=0.7547 patience=0/10 *
    [gnn] epoch 06/30: train_loss=1.0345 val_auc=0.7551 best=0.7551 patience=0/10 *
    [gnn] epoch 07/30: train_loss=0.9305 val_auc=0.7465 best=0.7551 patience=1/10
    [gnn] epoch 08/30: train_loss=0.9552 val_auc=0.7593 best=0.7593 patience=0/10 *
    [gnn] epoch 09/30: train_loss=0.8478 val_auc=0.7616 best=0.7616 patience=0/10 *
    [gnn] epoch 10/30: train_loss=0.8768 val_auc=0.7620 best=0.7620 patience=0/10 *
    [gnn] epoch 11/30: train_loss=0.7506 val_auc=0.7613 best=0.7620 patience=1/10
    [gnn] epoch 12/30: train_loss=0.7494 val_auc=0.7648 best=0.7648 patience=0/10 *
    [gnn] epoch 13/30: train_loss=0.6733 val_auc=0.7644 best=0.7648 patience=1/10
    [gnn] epoch 14/30: train_loss=0.6085 val_auc=0.7581 best=0.7648 patience=2/10
    [gnn] epoch 15/30: train_loss=0.6262 val_auc=0.7562 best=0.7648 patience=3/10
    [gnn] epoch 16/30: train_loss=0.5841 val_auc=0.7531 best=0.7648 patience=4/10
    [gnn] epoch 17/30: train_loss=0.5145 val_auc=0.7505 best=0.7648 patience=5/10
    [gnn] epoch 18/30: train_loss=0.5576 val_auc=0.7513 best=0.7648 patience=6/10
    [gnn] epoch 19/30: train_loss=0.4238 val_auc=0.7474 best=0.7648 patience=7/10
    [gnn] epoch 20/30: train_loss=0.4673 val_auc=0.7476 best=0.7648 patience=8/10
    [gnn] epoch 21/30: train_loss=0.3537 val_auc=0.7429 best=0.7648 patience=9/10
    [gnn] epoch 22/30: train_loss=0.3789 val_auc=0.7449 best=0.7648 patience=10/10
    [gnn] early stop at epoch 22
  [gnn] fold 4/25: AUC=0.7648
    [gnn] epoch 01/30: train_loss=1.3301 val_auc=0.7183 best=0.7183 patience=0/10 *
    [gnn] epoch 02/30: train_loss=1.2884 val_auc=0.7471 best=0.7471 patience=0/10 *
    [gnn] epoch 03/30: train_loss=1.2605 val_auc=0.7823 best=0.7823 patience=0/10 *
    [gnn] epoch 04/30: train_loss=1.2079 val_auc=0.7991 best=0.7991 patience=0/10 *
    [gnn] epoch 05/30: train_loss=1.1695 val_auc=0.8128 best=0.8128 patience=0/10 *
    [gnn] epoch 06/30: train_loss=1.1058 val_auc=0.8169 best=0.8169 patience=0/10 *
    [gnn] epoch 07/30: train_loss=1.0666 val_auc=0.8238 best=0.8238 patience=0/10 *
    [gnn] epoch 08/30: train_loss=0.9899 val_auc=0.8318 best=0.8318 patience=0/10 *
    [gnn] epoch 09/30: train_loss=0.9136 val_auc=0.8366 best=0.8366 patience=0/10 *
    [gnn] epoch 10/30: train_loss=0.8670 val_auc=0.8380 best=0.8380 patience=0/10 *
    [gnn] epoch 11/30: train_loss=0.8618 val_auc=0.8412 best=0.8412 patience=0/10 *
    [gnn] epoch 12/30: train_loss=0.7608 val_auc=0.8390 best=0.8412 patience=1/10
    [gnn] epoch 13/30: train_loss=0.7887 val_auc=0.8403 best=0.8412 patience=2/10
    [gnn] epoch 14/30: train_loss=0.6870 val_auc=0.8403 best=0.8412 patience=3/10
    [gnn] epoch 15/30: train_loss=0.6907 val_auc=0.8424 best=0.8424 patience=0/10 *
    [gnn] epoch 16/30: train_loss=0.6197 val_auc=0.8420 best=0.8424 patience=1/10
    [gnn] epoch 17/30: train_loss=0.5886 val_auc=0.8428 best=0.8428 patience=0/10 *
    [gnn] epoch 18/30: train_loss=0.5596 val_auc=0.8411 best=0.8428 patience=1/10
    [gnn] epoch 19/30: train_loss=0.5908 val_auc=0.8424 best=0.8428 patience=2/10
    [gnn] epoch 20/30: train_loss=0.4703 val_auc=0.8382 best=0.8428 patience=3/10
    [gnn] epoch 21/30: train_loss=0.4252 val_auc=0.8352 best=0.8428 patience=4/10
    [gnn] epoch 22/30: train_loss=0.4775 val_auc=0.8296 best=0.8428 patience=5/10
    [gnn] epoch 23/30: train_loss=0.4020 val_auc=0.8264 best=0.8428 patience=6/10
    [gnn] epoch 24/30: train_loss=0.3569 val_auc=0.8203 best=0.8428 patience=7/10
    [gnn] epoch 25/30: train_loss=0.4134 val_auc=0.8168 best=0.8428 patience=8/10
    [gnn] epoch 26/30: train_loss=0.2833 val_auc=0.8160 best=0.8428 patience=9/10
    [gnn] epoch 27/30: train_loss=0.4496 val_auc=0.8143 best=0.8428 patience=10/10
    [gnn] early stop at epoch 27
  [gnn] fold 5/25: AUC=0.8428
    [gnn] epoch 01/30: train_loss=1.3231 val_auc=0.6616 best=0.6616 patience=0/10 *
    [gnn] epoch 02/30: train_loss=1.2703 val_auc=0.6700 best=0.6700 patience=0/10 *
    [gnn] epoch 03/30: train_loss=1.2157 val_auc=0.6830 best=0.6830 patience=0/10 *
    [gnn] epoch 04/30: train_loss=1.1624 val_auc=0.6985 best=0.6985 patience=0/10 *
    [gnn] epoch 05/30: train_loss=1.0676 val_auc=0.7029 best=0.7029 patience=0/10 *
    [gnn] epoch 06/30: train_loss=1.0144 val_auc=0.6995 best=0.7029 patience=1/10
    [gnn] epoch 07/30: train_loss=1.0261 val_auc=0.7089 best=0.7089 patience=0/10 *
    [gnn] epoch 08/30: train_loss=0.8852 val_auc=0.7153 best=0.7153 patience=0/10 *
    [gnn] epoch 09/30: train_loss=0.8354 val_auc=0.7076 best=0.7153 patience=1/10
    [gnn] epoch 10/30: train_loss=1.0053 val_auc=0.7168 best=0.7168 patience=0/10 *
    [gnn] epoch 11/30: train_loss=0.8195 val_auc=0.7214 best=0.7214 patience=0/10 *
    [gnn] epoch 12/30: train_loss=0.8571 val_auc=0.7200 best=0.7214 patience=1/10
    [gnn] epoch 13/30: train_loss=0.8260 val_auc=0.7139 best=0.7214 patience=2/10
    [gnn] epoch 14/30: train_loss=0.6871 val_auc=0.7128 best=0.7214 patience=3/10
    [gnn] epoch 15/30: train_loss=0.6492 val_auc=0.7165 best=0.7214 patience=4/10
    [gnn] epoch 16/30: train_loss=0.6926 val_auc=0.7132 best=0.7214 patience=5/10
    [gnn] epoch 17/30: train_loss=0.5879 val_auc=0.7083 best=0.7214 patience=6/10
    [gnn] epoch 18/30: train_loss=0.8370 val_auc=0.7094 best=0.7214 patience=7/10
    [gnn] epoch 19/30: train_loss=0.9555 val_auc=0.7164 best=0.7214 patience=8/10
    [gnn] epoch 20/30: train_loss=0.5840 val_auc=0.7186 best=0.7214 patience=9/10
    [gnn] epoch 21/30: train_loss=0.6559 val_auc=0.7200 best=0.7214 patience=10/10
    [gnn] early stop at epoch 21
  [gnn] fold 6/25: AUC=0.7214
    [gnn] epoch 01/30: train_loss=1.3244 val_auc=0.7077 best=0.7077 patience=0/10 *
    [gnn] epoch 02/30: train_loss=1.2576 val_auc=0.7735 best=0.7735 patience=0/10 *
    [gnn] epoch 03/30: train_loss=1.1959 val_auc=0.7740 best=0.7740 patience=0/10 *
    [gnn] epoch 04/30: train_loss=1.1453 val_auc=0.7659 best=0.7740 patience=1/10
    [gnn] epoch 05/30: train_loss=1.0990 val_auc=0.7877 best=0.7877 patience=0/10 *
    [gnn] epoch 06/30: train_loss=1.0502 val_auc=0.7944 best=0.7944 patience=0/10 *
    [gnn] epoch 07/30: train_loss=0.9700 val_auc=0.7984 best=0.7984 patience=0/10 *
    [gnn] epoch 08/30: train_loss=0.9200 val_auc=0.7998 best=0.7998 patience=0/10 *
    [gnn] epoch 09/30: train_loss=0.8894 val_auc=0.7971 best=0.7998 patience=1/10
    [gnn] epoch 10/30: train_loss=0.8382 val_auc=0.7969 best=0.7998 patience=2/10
    [gnn] epoch 11/30: train_loss=0.7872 val_auc=0.7944 best=0.7998 patience=3/10
    [gnn] epoch 12/30: train_loss=0.7562 val_auc=0.8000 best=0.8000 patience=0/10 *
    [gnn] epoch 13/30: train_loss=0.6960 val_auc=0.8004 best=0.8004 patience=0/10 *
    [gnn] epoch 14/30: train_loss=0.6305 val_auc=0.8055 best=0.8055 patience=0/10 *
    [gnn] epoch 15/30: train_loss=0.6449 val_auc=0.8027 best=0.8055 patience=1/10
    [gnn] epoch 16/30: train_loss=0.5518 val_auc=0.8083 best=0.8083 patience=0/10 *
    [gnn] epoch 17/30: train_loss=0.5179 val_auc=0.8033 best=0.8083 patience=1/10
    [gnn] epoch 18/30: train_loss=0.5619 val_auc=0.8053 best=0.8083 patience=2/10
    [gnn] epoch 19/30: train_loss=0.4474 val_auc=0.8085 best=0.8085 patience=0/10 *
    [gnn] epoch 20/30: train_loss=0.5591 val_auc=0.8079 best=0.8085 patience=1/10
    [gnn] epoch 21/30: train_loss=0.4316 val_auc=0.8054 best=0.8085 patience=2/10
    [gnn] epoch 22/30: train_loss=0.8230 val_auc=0.8082 best=0.8085 patience=3/10
    [gnn] epoch 23/30: train_loss=0.9074 val_auc=0.8128 best=0.8128 patience=0/10 *
    [gnn] epoch 24/30: train_loss=0.4110 val_auc=0.8159 best=0.8159 patience=0/10 *
    [gnn] epoch 25/30: train_loss=0.5660 val_auc=0.8164 best=0.8164 patience=0/10 *
    [gnn] epoch 26/30: train_loss=0.7325 val_auc=0.8169 best=0.8169 patience=0/10 *
    [gnn] epoch 27/30: train_loss=0.4904 val_auc=0.8189 best=0.8189 patience=0/10 *
    [gnn] epoch 28/30: train_loss=0.3428 val_auc=0.8176 best=0.8189 patience=1/10
    [gnn] epoch 29/30: train_loss=0.5051 val_auc=0.8174 best=0.8189 patience=2/10
    [gnn] epoch 30/30: train_loss=0.3292 val_auc=0.8139 best=0.8189 patience=3/10
  [gnn] fold 7/25: AUC=0.8189
    [gnn] epoch 01/30: train_loss=1.3216 val_auc=0.7321 best=0.7321 patience=0/10 *
    [gnn] epoch 02/30: train_loss=1.2706 val_auc=0.7292 best=0.7321 patience=1/10
    [gnn] epoch 03/30: train_loss=1.2196 val_auc=0.7588 best=0.7588 patience=0/10 *
    [gnn] epoch 04/30: train_loss=1.1443 val_auc=0.7806 best=0.7806 patience=0/10 *
    [gnn] epoch 05/30: train_loss=1.0839 val_auc=0.7809 best=0.7809 patience=0/10 *
    [gnn] epoch 06/30: train_loss=1.0820 val_auc=0.7901 best=0.7901 patience=0/10 *
    [gnn] epoch 07/30: train_loss=0.9458 val_auc=0.7961 best=0.7961 patience=0/10 *
    [gnn] epoch 08/30: train_loss=0.9190 val_auc=0.8014 best=0.8014 patience=0/10 *
    [gnn] epoch 09/30: train_loss=0.8391 val_auc=0.8118 best=0.8118 patience=0/10 *
    [gnn] epoch 10/30: train_loss=0.8167 val_auc=0.8155 best=0.8155 patience=0/10 *
    [gnn] epoch 11/30: train_loss=0.7395 val_auc=0.8180 best=0.8180 patience=0/10 *
    [gnn] epoch 12/30: train_loss=0.6711 val_auc=0.8227 best=0.8227 patience=0/10 *
    [gnn] epoch 13/30: train_loss=0.8092 val_auc=0.8255 best=0.8255 patience=0/10 *
    [gnn] epoch 14/30: train_loss=0.6773 val_auc=0.8264 best=0.8264 patience=0/10 *
    [gnn] epoch 15/30: train_loss=0.7617 val_auc=0.8291 best=0.8291 patience=0/10 *
    [gnn] epoch 16/30: train_loss=0.7552 val_auc=0.8341 best=0.8341 patience=0/10 *
    [gnn] epoch 17/30: train_loss=0.5367 val_auc=0.8323 best=0.8341 patience=1/10
    [gnn] epoch 18/30: train_loss=0.5388 val_auc=0.8333 best=0.8341 patience=2/10
    [gnn] epoch 19/30: train_loss=0.5108 val_auc=0.8336 best=0.8341 patience=3/10
    [gnn] epoch 20/30: train_loss=0.4311 val_auc=0.8291 best=0.8341 patience=4/10
    [gnn] epoch 21/30: train_loss=0.5195 val_auc=0.8283 best=0.8341 patience=5/10
    [gnn] epoch 22/30: train_loss=0.3650 val_auc=0.8295 best=0.8341 patience=6/10
    [gnn] epoch 23/30: train_loss=0.5342 val_auc=0.8280 best=0.8341 patience=7/10
    [gnn] epoch 24/30: train_loss=0.5335 val_auc=0.8260 best=0.8341 patience=8/10
    [gnn] epoch 25/30: train_loss=0.2854 val_auc=0.8204 best=0.8341 patience=9/10
    [gnn] epoch 26/30: train_loss=1.0987 val_auc=0.8181 best=0.8341 patience=10/10
    [gnn] early stop at epoch 26
  [gnn] fold 8/25: AUC=0.8341
    [gnn] epoch 01/30: train_loss=1.3121 val_auc=0.8064 best=0.8064 patience=0/10 *
    [gnn] epoch 02/30: train_loss=1.2459 val_auc=0.8216 best=0.8216 patience=0/10 *
    [gnn] epoch 03/30: train_loss=1.2134 val_auc=0.8246 best=0.8246 patience=0/10 *
    [gnn] epoch 04/30: train_loss=1.1518 val_auc=0.8203 best=0.8246 patience=1/10
    [gnn] epoch 05/30: train_loss=1.0679 val_auc=0.8178 best=0.8246 patience=2/10
    [gnn] epoch 06/30: train_loss=1.0629 val_auc=0.8185 best=0.8246 patience=3/10
    [gnn] epoch 07/30: train_loss=0.9498 val_auc=0.8258 best=0.8258 patience=0/10 *
    [gnn] epoch 08/30: train_loss=1.0092 val_auc=0.8275 best=0.8275 patience=0/10 *
    [gnn] epoch 09/30: train_loss=0.8817 val_auc=0.8181 best=0.8275 patience=1/10
    [gnn] epoch 10/30: train_loss=1.0187 val_auc=0.8165 best=0.8275 patience=2/10
    [gnn] epoch 11/30: train_loss=1.0323 val_auc=0.8236 best=0.8275 patience=3/10
    [gnn] epoch 12/30: train_loss=0.7493 val_auc=0.8275 best=0.8275 patience=4/10
    [gnn] epoch 13/30: train_loss=0.9410 val_auc=0.8267 best=0.8275 patience=5/10
    [gnn] epoch 14/30: train_loss=1.0097 val_auc=0.8255 best=0.8275 patience=6/10
    [gnn] epoch 15/30: train_loss=0.7602 val_auc=0.8216 best=0.8275 patience=7/10
    [gnn] epoch 16/30: train_loss=0.7992 val_auc=0.8221 best=0.8275 patience=8/10
    [gnn] epoch 17/30: train_loss=0.9321 val_auc=0.8288 best=0.8288 patience=0/10 *
    [gnn] epoch 18/30: train_loss=0.7381 val_auc=0.8300 best=0.8300 patience=0/10 *
    [gnn] epoch 19/30: train_loss=0.6415 val_auc=0.8327 best=0.8327 patience=0/10 *
    [gnn] epoch 20/30: train_loss=0.6576 val_auc=0.8347 best=0.8347 patience=0/10 *
    [gnn] epoch 21/30: train_loss=0.5560 val_auc=0.8382 best=0.8382 patience=0/10 *
    [gnn] epoch 22/30: train_loss=0.6932 val_auc=0.8381 best=0.8382 patience=1/10
    [gnn] epoch 23/30: train_loss=0.7597 val_auc=0.8423 best=0.8423 patience=0/10 *
    [gnn] epoch 24/30: train_loss=0.5424 val_auc=0.8440 best=0.8440 patience=0/10 *
    [gnn] epoch 25/30: train_loss=0.4846 val_auc=0.8450 best=0.8450 patience=0/10 *
    [gnn] epoch 26/30: train_loss=0.4970 val_auc=0.8475 best=0.8475 patience=0/10 *
    [gnn] epoch 27/30: train_loss=0.3965 val_auc=0.8463 best=0.8475 patience=1/10
    [gnn] epoch 28/30: train_loss=0.6163 val_auc=0.8471 best=0.8475 patience=2/10
    [gnn] epoch 29/30: train_loss=0.6853 val_auc=0.8463 best=0.8475 patience=3/10
    [gnn] epoch 30/30: train_loss=0.4426 val_auc=0.8495 best=0.8495 patience=0/10 *
  [gnn] fold 9/25: AUC=0.8495
    [gnn] epoch 01/30: train_loss=1.3180 val_auc=0.6825 best=0.6825 patience=0/10 *
    [gnn] epoch 02/30: train_loss=1.2586 val_auc=0.7250 best=0.7250 patience=0/10 *
    [gnn] epoch 03/30: train_loss=1.2134 val_auc=0.7569 best=0.7569 patience=0/10 *
    [gnn] epoch 04/30: train_loss=1.1649 val_auc=0.7730 best=0.7730 patience=0/10 *
    [gnn] epoch 05/30: train_loss=1.1019 val_auc=0.7758 best=0.7758 patience=0/10 *
    [gnn] epoch 06/30: train_loss=1.0268 val_auc=0.7770 best=0.7770 patience=0/10 *
    [gnn] epoch 07/30: train_loss=0.9813 val_auc=0.7795 best=0.7795 patience=0/10 *
    [gnn] epoch 08/30: train_loss=0.9157 val_auc=0.7760 best=0.7795 patience=1/10
    [gnn] epoch 09/30: train_loss=0.9182 val_auc=0.7839 best=0.7839 patience=0/10 *
    [gnn] epoch 10/30: train_loss=0.8081 val_auc=0.7876 best=0.7876 patience=0/10 *
    [gnn] epoch 11/30: train_loss=0.7904 val_auc=0.7894 best=0.7894 patience=0/10 *
    [gnn] epoch 12/30: train_loss=0.7655 val_auc=0.7882 best=0.7894 patience=1/10
    [gnn] epoch 13/30: train_loss=0.6825 val_auc=0.7906 best=0.7906 patience=0/10 *
    [gnn] epoch 14/30: train_loss=0.6404 val_auc=0.7914 best=0.7914 patience=0/10 *
    [gnn] epoch 15/30: train_loss=0.6227 val_auc=0.7955 best=0.7955 patience=0/10 *
    [gnn] epoch 16/30: train_loss=0.5352 val_auc=0.8059 best=0.8059 patience=0/10 *
    [gnn] epoch 17/30: train_loss=0.7265 val_auc=0.8099 best=0.8099 patience=0/10 *
    [gnn] epoch 18/30: train_loss=0.6786 val_auc=0.8068 best=0.8099 patience=1/10
    [gnn] epoch 19/30: train_loss=0.5092 val_auc=0.8072 best=0.8099 patience=2/10
    [gnn] epoch 20/30: train_loss=0.4465 val_auc=0.8092 best=0.8099 patience=3/10
    [gnn] epoch 21/30: train_loss=0.4819 val_auc=0.8081 best=0.8099 patience=4/10
    [gnn] epoch 22/30: train_loss=0.4045 val_auc=0.8039 best=0.8099 patience=5/10
    [gnn] epoch 23/30: train_loss=0.5279 val_auc=0.8027 best=0.8099 patience=6/10
    [gnn] epoch 24/30: train_loss=0.6028 val_auc=0.8013 best=0.8099 patience=7/10
    [gnn] epoch 25/30: train_loss=0.3462 val_auc=0.8052 best=0.8099 patience=8/10
    [gnn] epoch 26/30: train_loss=0.6026 val_auc=0.8063 best=0.8099 patience=9/10
    [gnn] epoch 27/30: train_loss=0.7177 val_auc=0.8050 best=0.8099 patience=10/10
    [gnn] early stop at epoch 27
  [gnn] fold 10/25: AUC=0.8099
    [gnn] epoch 01/30: train_loss=1.3051 val_auc=0.6402 best=0.6402 patience=0/10 *
    [gnn] epoch 02/30: train_loss=1.2415 val_auc=0.6717 best=0.6717 patience=0/10 *
    [gnn] epoch 03/30: train_loss=1.1860 val_auc=0.6820 best=0.6820 patience=0/10 *
    [gnn] epoch 04/30: train_loss=1.1232 val_auc=0.6951 best=0.6951 patience=0/10 *
    [gnn] epoch 05/30: train_loss=1.0296 val_auc=0.6983 best=0.6983 patience=0/10 *
    [gnn] epoch 06/30: train_loss=0.9763 val_auc=0.7012 best=0.7012 patience=0/10 *
    [gnn] epoch 07/30: train_loss=1.0145 val_auc=0.7073 best=0.7073 patience=0/10 *
    [gnn] epoch 08/30: train_loss=0.8562 val_auc=0.7137 best=0.7137 patience=0/10 *
    [gnn] epoch 09/30: train_loss=0.9991 val_auc=0.7179 best=0.7179 patience=0/10 *
    [gnn] epoch 10/30: train_loss=0.8848 val_auc=0.7155 best=0.7179 patience=1/10
    [gnn] epoch 11/30: train_loss=0.8704 val_auc=0.7183 best=0.7183 patience=0/10 *
    [gnn] epoch 12/30: train_loss=0.8750 val_auc=0.7195 best=0.7195 patience=0/10 *
    [gnn] epoch 13/30: train_loss=0.6939 val_auc=0.7248 best=0.7248 patience=0/10 *
    [gnn] epoch 14/30: train_loss=0.6584 val_auc=0.7273 best=0.7273 patience=0/10 *
    [gnn] epoch 15/30: train_loss=0.6882 val_auc=0.7320 best=0.7320 patience=0/10 *
    [gnn] epoch 16/30: train_loss=0.6331 val_auc=0.7372 best=0.7372 patience=0/10 *
    [gnn] epoch 17/30: train_loss=0.6153 val_auc=0.7400 best=0.7400 patience=0/10 *
    [gnn] epoch 18/30: train_loss=0.5687 val_auc=0.7397 best=0.7400 patience=1/10
    [gnn] epoch 19/30: train_loss=0.5715 val_auc=0.7402 best=0.7402 patience=0/10 *
    [gnn] epoch 20/30: train_loss=0.5310 val_auc=0.7438 best=0.7438 patience=0/10 *
    [gnn] epoch 21/30: train_loss=0.4757 val_auc=0.7440 best=0.7440 patience=0/10 *
    [gnn] epoch 22/30: train_loss=0.4211 val_auc=0.7440 best=0.7440 patience=0/10 *
    [gnn] epoch 23/30: train_loss=0.4622 val_auc=0.7445 best=0.7445 patience=0/10 *
    [gnn] epoch 24/30: train_loss=0.4750 val_auc=0.7450 best=0.7450 patience=0/10 *
    [gnn] epoch 25/30: train_loss=0.3500 val_auc=0.7459 best=0.7459 patience=0/10 *
    [gnn] epoch 26/30: train_loss=0.3316 val_auc=0.7477 best=0.7477 patience=0/10 *
    [gnn] epoch 27/30: train_loss=0.4691 val_auc=0.7471 best=0.7477 patience=1/10
    [gnn] epoch 28/30: train_loss=0.3725 val_auc=0.7477 best=0.7477 patience=2/10
    [gnn] epoch 29/30: train_loss=0.2985 val_auc=0.7466 best=0.7477 patience=3/10
    [gnn] epoch 30/30: train_loss=0.2735 val_auc=0.7457 best=0.7477 patience=4/10
  [gnn] fold 11/25: AUC=0.7477
    [gnn] epoch 01/30: train_loss=1.3186 val_auc=0.7876 best=0.7876 patience=0/10 *
    [gnn] epoch 02/30: train_loss=1.2614 val_auc=0.8088 best=0.8088 patience=0/10 *
    [gnn] epoch 03/30: train_loss=1.2319 val_auc=0.8179 best=0.8179 patience=0/10 *
    [gnn] epoch 04/30: train_loss=1.1532 val_auc=0.8292 best=0.8292 patience=0/10 *
    [gnn] epoch 05/30: train_loss=1.0676 val_auc=0.8194 best=0.8292 patience=1/10
    [gnn] epoch 06/30: train_loss=1.0731 val_auc=0.8252 best=0.8292 patience=2/10
    [gnn] epoch 07/30: train_loss=0.9510 val_auc=0.8252 best=0.8292 patience=3/10
    [gnn] epoch 08/30: train_loss=0.9134 val_auc=0.8282 best=0.8292 patience=4/10
    [gnn] epoch 09/30: train_loss=0.8181 val_auc=0.8259 best=0.8292 patience=5/10
    [gnn] epoch 10/30: train_loss=0.7876 val_auc=0.8278 best=0.8292 patience=6/10
    [gnn] epoch 11/30: train_loss=0.7566 val_auc=0.8297 best=0.8297 patience=0/10 *
    [gnn] epoch 12/30: train_loss=0.7044 val_auc=0.8251 best=0.8297 patience=1/10
    [gnn] epoch 13/30: train_loss=0.8128 val_auc=0.8305 best=0.8305 patience=0/10 *
    [gnn] epoch 14/30: train_loss=0.6560 val_auc=0.8381 best=0.8381 patience=0/10 *
    [gnn] epoch 15/30: train_loss=0.7289 val_auc=0.8392 best=0.8392 patience=0/10 *
    [gnn] epoch 16/30: train_loss=0.7123 val_auc=0.8372 best=0.8392 patience=1/10
    [gnn] epoch 17/30: train_loss=0.5142 val_auc=0.8352 best=0.8392 patience=2/10
    [gnn] epoch 18/30: train_loss=0.5743 val_auc=0.8387 best=0.8392 patience=3/10
    [gnn] epoch 19/30: train_loss=0.4544 val_auc=0.8363 best=0.8392 patience=4/10
    [gnn] epoch 20/30: train_loss=0.4274 val_auc=0.8371 best=0.8392 patience=5/10
    [gnn] epoch 21/30: train_loss=0.4030 val_auc=0.8350 best=0.8392 patience=6/10
    [gnn] epoch 22/30: train_loss=0.3848 val_auc=0.8368 best=0.8392 patience=7/10
    [gnn] epoch 23/30: train_loss=0.3475 val_auc=0.8322 best=0.8392 patience=8/10
    [gnn] epoch 24/30: train_loss=0.3672 val_auc=0.8326 best=0.8392 patience=9/10
    [gnn] epoch 25/30: train_loss=0.3122 val_auc=0.8318 best=0.8392 patience=10/10
    [gnn] early stop at epoch 25
  [gnn] fold 12/25: AUC=0.8392
    [gnn] epoch 01/30: train_loss=1.3302 val_auc=0.7410 best=0.7410 patience=0/10 *
    [gnn] epoch 02/30: train_loss=1.2697 val_auc=0.8025 best=0.8025 patience=0/10 *
    [gnn] epoch 03/30: train_loss=1.2160 val_auc=0.7989 best=0.8025 patience=1/10
    [gnn] epoch 04/30: train_loss=1.1683 val_auc=0.8140 best=0.8140 patience=0/10 *
    [gnn] epoch 05/30: train_loss=1.1141 val_auc=0.8095 best=0.8140 patience=1/10
    [gnn] epoch 06/30: train_loss=1.0416 val_auc=0.8178 best=0.8178 patience=0/10 *
    [gnn] epoch 07/30: train_loss=0.9811 val_auc=0.8129 best=0.8178 patience=1/10
    [gnn] epoch 08/30: train_loss=0.9984 val_auc=0.8154 best=0.8178 patience=2/10
    [gnn] epoch 09/30: train_loss=0.8825 val_auc=0.8164 best=0.8178 patience=3/10
    [gnn] epoch 10/30: train_loss=0.8222 val_auc=0.8168 best=0.8178 patience=4/10
    [gnn] epoch 11/30: train_loss=0.8075 val_auc=0.8104 best=0.8178 patience=5/10
    [gnn] epoch 12/30: train_loss=0.8960 val_auc=0.8124 best=0.8178 patience=6/10
    [gnn] epoch 13/30: train_loss=0.7300 val_auc=0.8164 best=0.8178 patience=7/10
    [gnn] epoch 14/30: train_loss=0.8510 val_auc=0.8150 best=0.8178 patience=8/10
    [gnn] epoch 15/30: train_loss=0.8419 val_auc=0.8104 best=0.8178 patience=9/10
    [gnn] epoch 16/30: train_loss=0.6302 val_auc=0.8093 best=0.8178 patience=10/10
    [gnn] early stop at epoch 16
  [gnn] fold 13/25: AUC=0.8178
    [gnn] epoch 01/30: train_loss=1.3161 val_auc=0.8560 best=0.8560 patience=0/10 *
    [gnn] epoch 02/30: train_loss=1.2502 val_auc=0.9026 best=0.9026 patience=0/10 *
    [gnn] epoch 03/30: train_loss=1.2034 val_auc=0.9213 best=0.9213 patience=0/10 *
    [gnn] epoch 04/30: train_loss=1.1570 val_auc=0.9200 best=0.9213 patience=1/10
    [gnn] epoch 05/30: train_loss=1.0586 val_auc=0.9254 best=0.9254 patience=0/10 *
    [gnn] epoch 06/30: train_loss=1.0818 val_auc=0.9323 best=0.9323 patience=0/10 *
    [gnn] epoch 07/30: train_loss=0.9981 val_auc=0.9339 best=0.9339 patience=0/10 *
    [gnn] epoch 08/30: train_loss=0.8962 val_auc=0.9369 best=0.9369 patience=0/10 *
    [gnn] epoch 09/30: train_loss=0.8214 val_auc=0.9384 best=0.9384 patience=0/10 *
    [gnn] epoch 10/30: train_loss=0.8322 val_auc=0.9359 best=0.9384 patience=1/10
    [gnn] epoch 11/30: train_loss=0.8083 val_auc=0.9364 best=0.9384 patience=2/10
    [gnn] epoch 12/30: train_loss=0.7581 val_auc=0.9357 best=0.9384 patience=3/10
    [gnn] epoch 13/30: train_loss=0.7337 val_auc=0.9369 best=0.9384 patience=4/10
    [gnn] epoch 14/30: train_loss=0.6375 val_auc=0.9355 best=0.9384 patience=5/10
    [gnn] epoch 15/30: train_loss=0.6000 val_auc=0.9343 best=0.9384 patience=6/10
    [gnn] epoch 16/30: train_loss=0.5728 val_auc=0.9327 best=0.9384 patience=7/10
    [gnn] epoch 17/30: train_loss=0.5861 val_auc=0.9298 best=0.9384 patience=8/10
    [gnn] epoch 18/30: train_loss=0.4942 val_auc=0.9322 best=0.9384 patience=9/10
    [gnn] epoch 19/30: train_loss=0.5196 val_auc=0.9318 best=0.9384 patience=10/10
    [gnn] early stop at epoch 19
  [gnn] fold 14/25: AUC=0.9384
    [gnn] epoch 01/30: train_loss=1.3222 val_auc=0.6959 best=0.6959 patience=0/10 *
    [gnn] epoch 02/30: train_loss=1.2503 val_auc=0.7063 best=0.7063 patience=0/10 *
    [gnn] epoch 03/30: train_loss=1.1877 val_auc=0.7156 best=0.7156 patience=0/10 *
    [gnn] epoch 04/30: train_loss=1.1052 val_auc=0.7401 best=0.7401 patience=0/10 *
    [gnn] epoch 05/30: train_loss=1.0188 val_auc=0.7509 best=0.7509 patience=0/10 *
    [gnn] epoch 06/30: train_loss=0.9403 val_auc=0.7607 best=0.7607 patience=0/10 *
    [gnn] epoch 07/30: train_loss=0.9706 val_auc=0.7729 best=0.7729 patience=0/10 *
    [gnn] epoch 08/30: train_loss=0.9344 val_auc=0.7754 best=0.7754 patience=0/10 *
    [gnn] epoch 09/30: train_loss=0.7984 val_auc=0.7764 best=0.7764 patience=0/10 *
    [gnn] epoch 10/30: train_loss=0.7487 val_auc=0.7808 best=0.7808 patience=0/10 *
    [gnn] epoch 11/30: train_loss=0.8258 val_auc=0.7831 best=0.7831 patience=0/10 *
    [gnn] epoch 12/30: train_loss=0.6659 val_auc=0.7793 best=0.7831 patience=1/10
    [gnn] epoch 13/30: train_loss=0.6527 val_auc=0.7796 best=0.7831 patience=2/10
    [gnn] epoch 14/30: train_loss=0.6890 val_auc=0.7776 best=0.7831 patience=3/10
    [gnn] epoch 15/30: train_loss=0.5554 val_auc=0.7717 best=0.7831 patience=4/10
    [gnn] epoch 16/30: train_loss=0.7264 val_auc=0.7700 best=0.7831 patience=5/10
    [gnn] epoch 17/30: train_loss=0.6416 val_auc=0.7700 best=0.7831 patience=6/10
    [gnn] epoch 18/30: train_loss=0.5287 val_auc=0.7700 best=0.7831 patience=7/10
    [gnn] epoch 19/30: train_loss=0.5078 val_auc=0.7682 best=0.7831 patience=8/10
    [gnn] epoch 20/30: train_loss=0.4909 val_auc=0.7675 best=0.7831 patience=9/10
    [gnn] epoch 21/30: train_loss=0.3958 val_auc=0.7671 best=0.7831 patience=10/10
    [gnn] early stop at epoch 21
  [gnn] fold 15/25: AUC=0.7831
    [gnn] epoch 01/30: train_loss=1.3205 val_auc=0.7051 best=0.7051 patience=0/10 *
    [gnn] epoch 02/30: train_loss=1.2643 val_auc=0.7420 best=0.7420 patience=0/10 *
    [gnn] epoch 03/30: train_loss=1.2313 val_auc=0.7550 best=0.7550 patience=0/10 *
    [gnn] epoch 04/30: train_loss=1.1411 val_auc=0.7599 best=0.7599 patience=0/10 *
    [gnn] epoch 05/30: train_loss=1.1043 val_auc=0.7528 best=0.7599 patience=1/10
    [gnn] epoch 06/30: train_loss=1.0345 val_auc=0.7584 best=0.7599 patience=2/10
    [gnn] epoch 07/30: train_loss=1.0145 val_auc=0.7570 best=0.7599 patience=3/10
    [gnn] epoch 08/30: train_loss=0.9861 val_auc=0.7602 best=0.7602 patience=0/10 *
    [gnn] epoch 09/30: train_loss=0.8942 val_auc=0.7635 best=0.7635 patience=0/10 *
    [gnn] epoch 10/30: train_loss=0.9710 val_auc=0.7615 best=0.7635 patience=1/10
    [gnn] epoch 11/30: train_loss=0.8340 val_auc=0.7501 best=0.7635 patience=2/10
    [gnn] epoch 12/30: train_loss=1.0276 val_auc=0.7508 best=0.7635 patience=3/10
    [gnn] epoch 13/30: train_loss=1.1481 val_auc=0.7630 best=0.7635 patience=4/10
    [gnn] epoch 14/30: train_loss=0.7691 val_auc=0.7703 best=0.7703 patience=0/10 *
    [gnn] epoch 15/30: train_loss=0.9645 val_auc=0.7736 best=0.7736 patience=0/10 *
    [gnn] epoch 16/30: train_loss=1.0543 val_auc=0.7751 best=0.7751 patience=0/10 *
    [gnn] epoch 17/30: train_loss=0.8354 val_auc=0.7709 best=0.7751 patience=1/10
    [gnn] epoch 18/30: train_loss=0.6462 val_auc=0.7714 best=0.7751 patience=2/10
    [gnn] epoch 19/30: train_loss=0.7481 val_auc=0.7735 best=0.7751 patience=3/10
    [gnn] epoch 20/30: train_loss=0.6086 val_auc=0.7756 best=0.7756 patience=0/10 *
    [gnn] epoch 21/30: train_loss=0.6560 val_auc=0.7751 best=0.7756 patience=1/10
    [gnn] epoch 22/30: train_loss=0.6235 val_auc=0.7729 best=0.7756 patience=2/10
    [gnn] epoch 23/30: train_loss=0.5361 val_auc=0.7721 best=0.7756 patience=3/10
    [gnn] epoch 24/30: train_loss=0.5028 val_auc=0.7739 best=0.7756 patience=4/10
    [gnn] epoch 25/30: train_loss=0.4716 val_auc=0.7720 best=0.7756 patience=5/10
    [gnn] epoch 26/30: train_loss=0.4380 val_auc=0.7701 best=0.7756 patience=6/10
    [gnn] epoch 27/30: train_loss=0.4328 val_auc=0.7700 best=0.7756 patience=7/10
    [gnn] epoch 28/30: train_loss=0.3454 val_auc=0.7700 best=0.7756 patience=8/10
    [gnn] epoch 29/30: train_loss=0.2666 val_auc=0.7694 best=0.7756 patience=9/10
    [gnn] epoch 30/30: train_loss=0.2769 val_auc=0.7703 best=0.7756 patience=10/10
    [gnn] early stop at epoch 30
  [gnn] fold 16/25: AUC=0.7756
    [gnn] epoch 01/30: train_loss=1.3213 val_auc=0.7391 best=0.7391 patience=0/10 *
    [gnn] epoch 02/30: train_loss=1.2750 val_auc=0.7987 best=0.7987 patience=0/10 *
    [gnn] epoch 03/30: train_loss=1.2144 val_auc=0.8094 best=0.8094 patience=0/10 *
    [gnn] epoch 04/30: train_loss=1.1675 val_auc=0.8204 best=0.8204 patience=0/10 *
    [gnn] epoch 05/30: train_loss=1.1168 val_auc=0.8194 best=0.8204 patience=1/10
    [gnn] epoch 06/30: train_loss=1.0385 val_auc=0.8205 best=0.8205 patience=0/10 *
    [gnn] epoch 07/30: train_loss=1.0457 val_auc=0.8230 best=0.8230 patience=0/10 *
    [gnn] epoch 08/30: train_loss=0.9423 val_auc=0.8232 best=0.8232 patience=0/10 *
    [gnn] epoch 09/30: train_loss=0.8782 val_auc=0.8281 best=0.8281 patience=0/10 *
    [gnn] epoch 10/30: train_loss=0.8516 val_auc=0.8290 best=0.8290 patience=0/10 *
    [gnn] epoch 11/30: train_loss=0.8051 val_auc=0.8310 best=0.8310 patience=0/10 *
    [gnn] epoch 12/30: train_loss=0.7316 val_auc=0.8366 best=0.8366 patience=0/10 *
    [gnn] epoch 13/30: train_loss=0.7556 val_auc=0.8394 best=0.8394 patience=0/10 *
    [gnn] epoch 14/30: train_loss=0.6172 val_auc=0.8434 best=0.8434 patience=0/10 *
    [gnn] epoch 15/30: train_loss=0.6372 val_auc=0.8495 best=0.8495 patience=0/10 *
    [gnn] epoch 16/30: train_loss=0.5588 val_auc=0.8563 best=0.8563 patience=0/10 *
    [gnn] epoch 17/30: train_loss=0.6732 val_auc=0.8588 best=0.8588 patience=0/10 *
    [gnn] epoch 18/30: train_loss=0.5541 val_auc=0.8611 best=0.8611 patience=0/10 *
    [gnn] epoch 19/30: train_loss=0.6311 val_auc=0.8642 best=0.8642 patience=0/10 *
    [gnn] epoch 20/30: train_loss=0.5972 val_auc=0.8655 best=0.8655 patience=0/10 *
    [gnn] epoch 21/30: train_loss=0.4821 val_auc=0.8666 best=0.8666 patience=0/10 *
    [gnn] epoch 22/30: train_loss=0.4202 val_auc=0.8656 best=0.8666 patience=1/10
    [gnn] epoch 23/30: train_loss=0.5112 val_auc=0.8637 best=0.8666 patience=2/10
    [gnn] epoch 24/30: train_loss=0.4290 val_auc=0.8636 best=0.8666 patience=3/10
    [gnn] epoch 25/30: train_loss=0.4374 val_auc=0.8636 best=0.8666 patience=4/10
    [gnn] epoch 26/30: train_loss=0.4650 val_auc=0.8630 best=0.8666 patience=5/10
    [gnn] epoch 27/30: train_loss=0.3306 val_auc=0.8623 best=0.8666 patience=6/10
    [gnn] epoch 28/30: train_loss=0.3373 val_auc=0.8614 best=0.8666 patience=7/10
    [gnn] epoch 29/30: train_loss=0.2675 val_auc=0.8613 best=0.8666 patience=8/10
    [gnn] epoch 30/30: train_loss=0.2851 val_auc=0.8609 best=0.8666 patience=9/10
  [gnn] fold 17/25: AUC=0.8666
    [gnn] epoch 01/30: train_loss=1.3224 val_auc=0.7007 best=0.7007 patience=0/10 *
    [gnn] epoch 02/30: train_loss=1.2361 val_auc=0.7885 best=0.7885 patience=0/10 *
    [gnn] epoch 03/30: train_loss=1.1624 val_auc=0.7895 best=0.7895 patience=0/10 *
    [gnn] epoch 04/30: train_loss=1.1145 val_auc=0.7772 best=0.7895 patience=1/10
    [gnn] epoch 05/30: train_loss=1.1947 val_auc=0.7903 best=0.7903 patience=0/10 *
    [gnn] epoch 06/30: train_loss=1.0778 val_auc=0.7979 best=0.7979 patience=0/10 *
    [gnn] epoch 07/30: train_loss=1.0354 val_auc=0.7979 best=0.7979 patience=1/10
    [gnn] epoch 08/30: train_loss=0.9891 val_auc=0.7944 best=0.7979 patience=2/10
    [gnn] epoch 09/30: train_loss=0.9138 val_auc=0.7988 best=0.7988 patience=0/10 *
    [gnn] epoch 10/30: train_loss=0.8349 val_auc=0.8033 best=0.8033 patience=0/10 *
    [gnn] epoch 11/30: train_loss=0.8355 val_auc=0.8013 best=0.8033 patience=1/10
    [gnn] epoch 12/30: train_loss=0.7460 val_auc=0.7966 best=0.8033 patience=2/10
    [gnn] epoch 13/30: train_loss=0.8050 val_auc=0.7938 best=0.8033 patience=3/10
    [gnn] epoch 14/30: train_loss=0.6697 val_auc=0.7921 best=0.8033 patience=4/10
    [gnn] epoch 15/30: train_loss=0.7770 val_auc=0.7897 best=0.8033 patience=5/10
    [gnn] epoch 16/30: train_loss=0.7570 val_auc=0.7886 best=0.8033 patience=6/10
    [gnn] epoch 17/30: train_loss=0.5707 val_auc=0.7865 best=0.8033 patience=7/10
    [gnn] epoch 18/30: train_loss=0.6139 val_auc=0.7855 best=0.8033 patience=8/10
    [gnn] epoch 19/30: train_loss=0.5045 val_auc=0.7892 best=0.8033 patience=9/10
    [gnn] epoch 20/30: train_loss=0.6618 val_auc=0.7907 best=0.8033 patience=10/10
    [gnn] early stop at epoch 20
  [gnn] fold 18/25: AUC=0.8033
    [gnn] epoch 01/30: train_loss=1.3178 val_auc=0.7254 best=0.7254 patience=0/10 *
    [gnn] epoch 02/30: train_loss=1.2647 val_auc=0.7628 best=0.7628 patience=0/10 *
    [gnn] epoch 03/30: train_loss=1.2429 val_auc=0.7715 best=0.7715 patience=0/10 *
    [gnn] epoch 04/30: train_loss=1.1631 val_auc=0.7775 best=0.7775 patience=0/10 *
    [gnn] epoch 05/30: train_loss=1.1477 val_auc=0.7895 best=0.7895 patience=0/10 *
    [gnn] epoch 06/30: train_loss=1.0494 val_auc=0.7945 best=0.7945 patience=0/10 *
    [gnn] epoch 07/30: train_loss=1.0057 val_auc=0.8017 best=0.8017 patience=0/10 *
    [gnn] epoch 08/30: train_loss=0.9799 val_auc=0.8039 best=0.8039 patience=0/10 *
    [gnn] epoch 09/30: train_loss=0.8908 val_auc=0.8115 best=0.8115 patience=0/10 *
    [gnn] epoch 10/30: train_loss=0.8635 val_auc=0.8182 best=0.8182 patience=0/10 *
    [gnn] epoch 11/30: train_loss=0.8375 val_auc=0.8234 best=0.8234 patience=0/10 *
    [gnn] epoch 12/30: train_loss=0.7113 val_auc=0.8216 best=0.8234 patience=1/10
    [gnn] epoch 13/30: train_loss=0.8688 val_auc=0.8249 best=0.8249 patience=0/10 *
    [gnn] epoch 14/30: train_loss=0.6914 val_auc=0.8280 best=0.8280 patience=0/10 *
    [gnn] epoch 15/30: train_loss=0.7792 val_auc=0.8288 best=0.8288 patience=0/10 *
    [gnn] epoch 16/30: train_loss=0.7713 val_auc=0.8285 best=0.8288 patience=1/10
    [gnn] epoch 17/30: train_loss=0.5562 val_auc=0.8263 best=0.8288 patience=2/10
    [gnn] epoch 18/30: train_loss=0.5799 val_auc=0.8289 best=0.8289 patience=0/10 *
    [gnn] epoch 19/30: train_loss=0.5028 val_auc=0.8300 best=0.8300 patience=0/10 *
    [gnn] epoch 20/30: train_loss=0.5415 val_auc=0.8305 best=0.8305 patience=0/10 *
    [gnn] epoch 21/30: train_loss=0.4403 val_auc=0.8314 best=0.8314 patience=0/10 *
    [gnn] epoch 22/30: train_loss=0.3925 val_auc=0.8297 best=0.8314 patience=1/10
    [gnn] epoch 23/30: train_loss=0.4485 val_auc=0.8305 best=0.8314 patience=2/10
    [gnn] epoch 24/30: train_loss=0.3563 val_auc=0.8246 best=0.8314 patience=3/10
    [gnn] epoch 25/30: train_loss=0.7471 val_auc=0.8209 best=0.8314 patience=4/10
    [gnn] epoch 26/30: train_loss=0.7298 val_auc=0.8190 best=0.8314 patience=5/10
    [gnn] epoch 27/30: train_loss=0.2839 val_auc=0.8179 best=0.8314 patience=6/10
    [gnn] epoch 28/30: train_loss=0.6770 val_auc=0.8175 best=0.8314 patience=7/10
    [gnn] epoch 29/30: train_loss=0.8727 val_auc=0.8170 best=0.8314 patience=8/10
    [gnn] epoch 30/30: train_loss=0.5487 val_auc=0.8154 best=0.8314 patience=9/10
  [gnn] fold 19/25: AUC=0.8314
    [gnn] epoch 01/30: train_loss=1.3254 val_auc=0.7723 best=0.7723 patience=0/10 *
    [gnn] epoch 02/30: train_loss=1.2673 val_auc=0.8038 best=0.8038 patience=0/10 *
    [gnn] epoch 03/30: train_loss=1.2036 val_auc=0.8156 best=0.8156 patience=0/10 *
    [gnn] epoch 04/30: train_loss=1.1397 val_auc=0.8268 best=0.8268 patience=0/10 *
    [gnn] epoch 05/30: train_loss=1.0795 val_auc=0.8369 best=0.8369 patience=0/10 *
    [gnn] epoch 06/30: train_loss=0.9861 val_auc=0.8140 best=0.8369 patience=1/10
    [gnn] epoch 07/30: train_loss=1.1607 val_auc=0.8249 best=0.8369 patience=2/10
    [gnn] epoch 08/30: train_loss=1.0047 val_auc=0.8387 best=0.8387 patience=0/10 *
    [gnn] epoch 09/30: train_loss=0.9644 val_auc=0.8401 best=0.8401 patience=0/10 *
    [gnn] epoch 10/30: train_loss=0.9895 val_auc=0.8395 best=0.8401 patience=1/10
    [gnn] epoch 11/30: train_loss=0.7998 val_auc=0.8377 best=0.8401 patience=2/10
    [gnn] epoch 12/30: train_loss=0.8087 val_auc=0.8366 best=0.8401 patience=3/10
    [gnn] epoch 13/30: train_loss=0.7387 val_auc=0.8334 best=0.8401 patience=4/10
    [gnn] epoch 14/30: train_loss=0.6863 val_auc=0.8312 best=0.8401 patience=5/10
    [gnn] epoch 15/30: train_loss=0.6395 val_auc=0.8296 best=0.8401 patience=6/10
    [gnn] epoch 16/30: train_loss=0.7306 val_auc=0.8329 best=0.8401 patience=7/10
    [gnn] epoch 17/30: train_loss=0.5594 val_auc=0.8338 best=0.8401 patience=8/10
    [gnn] epoch 18/30: train_loss=0.6960 val_auc=0.8335 best=0.8401 patience=9/10
    [gnn] epoch 19/30: train_loss=0.6548 val_auc=0.8346 best=0.8401 patience=10/10
    [gnn] early stop at epoch 19
  [gnn] fold 20/25: AUC=0.8401
    [gnn] epoch 01/30: train_loss=1.3152 val_auc=0.6682 best=0.6682 patience=0/10 *
    [gnn] epoch 02/30: train_loss=1.2585 val_auc=0.6874 best=0.6874 patience=0/10 *
    [gnn] epoch 03/30: train_loss=1.1953 val_auc=0.6824 best=0.6874 patience=1/10
    [gnn] epoch 04/30: train_loss=1.1526 val_auc=0.6856 best=0.6874 patience=2/10
    [gnn] epoch 05/30: train_loss=1.1289 val_auc=0.6978 best=0.6978 patience=0/10 *
    [gnn] epoch 06/30: train_loss=1.0279 val_auc=0.6986 best=0.6986 patience=0/10 *
    [gnn] epoch 07/30: train_loss=0.9667 val_auc=0.7049 best=0.7049 patience=0/10 *
    [gnn] epoch 08/30: train_loss=0.8867 val_auc=0.7077 best=0.7077 patience=0/10 *
    [gnn] epoch 09/30: train_loss=0.8958 val_auc=0.7062 best=0.7077 patience=1/10
    [gnn] epoch 10/30: train_loss=0.8028 val_auc=0.7056 best=0.7077 patience=2/10
    [gnn] epoch 11/30: train_loss=0.9313 val_auc=0.6986 best=0.7077 patience=3/10
    [gnn] epoch 12/30: train_loss=0.8116 val_auc=0.6931 best=0.7077 patience=4/10
    [gnn] epoch 13/30: train_loss=0.7877 val_auc=0.6904 best=0.7077 patience=5/10
    [gnn] epoch 14/30: train_loss=0.7955 val_auc=0.6881 best=0.7077 patience=6/10
    [gnn] epoch 15/30: train_loss=0.6181 val_auc=0.6814 best=0.7077 patience=7/10
    [gnn] epoch 16/30: train_loss=0.5629 val_auc=0.6740 best=0.7077 patience=8/10
    [gnn] epoch 17/30: train_loss=0.7634 val_auc=0.6699 best=0.7077 patience=9/10
    [gnn] epoch 18/30: train_loss=0.7694 val_auc=0.6707 best=0.7077 patience=10/10
    [gnn] early stop at epoch 18
  [gnn] fold 21/25: AUC=0.7077
    [gnn] epoch 01/30: train_loss=1.3221 val_auc=0.7269 best=0.7269 patience=0/10 *
    [gnn] epoch 02/30: train_loss=1.2542 val_auc=0.7541 best=0.7541 patience=0/10 *
    [gnn] epoch 03/30: train_loss=1.2028 val_auc=0.7550 best=0.7550 patience=0/10 *
    [gnn] epoch 04/30: train_loss=1.1732 val_auc=0.7806 best=0.7806 patience=0/10 *
    [gnn] epoch 05/30: train_loss=1.0912 val_auc=0.7886 best=0.7886 patience=0/10 *
    [gnn] epoch 06/30: train_loss=1.0238 val_auc=0.7931 best=0.7931 patience=0/10 *
    [gnn] epoch 07/30: train_loss=1.0141 val_auc=0.7993 best=0.7993 patience=0/10 *
    [gnn] epoch 08/30: train_loss=0.9159 val_auc=0.8054 best=0.8054 patience=0/10 *
    [gnn] epoch 09/30: train_loss=0.9722 val_auc=0.8091 best=0.8091 patience=0/10 *
    [gnn] epoch 10/30: train_loss=0.9171 val_auc=0.8027 best=0.8091 patience=1/10
    [gnn] epoch 11/30: train_loss=0.8834 val_auc=0.8045 best=0.8091 patience=2/10
    [gnn] epoch 12/30: train_loss=0.8150 val_auc=0.8139 best=0.8139 patience=0/10 *
    [gnn] epoch 13/30: train_loss=0.7246 val_auc=0.8144 best=0.8144 patience=0/10 *
    [gnn] epoch 14/30: train_loss=0.6932 val_auc=0.8145 best=0.8145 patience=0/10 *
    [gnn] epoch 15/30: train_loss=0.7655 val_auc=0.8141 best=0.8145 patience=1/10
    [gnn] epoch 16/30: train_loss=0.6813 val_auc=0.8149 best=0.8149 patience=0/10 *
    [gnn] epoch 17/30: train_loss=0.5885 val_auc=0.8130 best=0.8149 patience=1/10
    [gnn] epoch 18/30: train_loss=0.5611 val_auc=0.8161 best=0.8161 patience=0/10 *
    [gnn] epoch 19/30: train_loss=0.6086 val_auc=0.8165 best=0.8165 patience=0/10 *
    [gnn] epoch 20/30: train_loss=0.5575 val_auc=0.8170 best=0.8170 patience=0/10 *
    [gnn] epoch 21/30: train_loss=0.4760 val_auc=0.8184 best=0.8184 patience=0/10 *
    [gnn] epoch 22/30: train_loss=0.4423 val_auc=0.8159 best=0.8184 patience=1/10
    [gnn] epoch 23/30: train_loss=0.5016 val_auc=0.8145 best=0.8184 patience=2/10
    [gnn] epoch 24/30: train_loss=0.4362 val_auc=0.8120 best=0.8184 patience=3/10
    [gnn] epoch 25/30: train_loss=0.3580 val_auc=0.8125 best=0.8184 patience=4/10
    [gnn] epoch 26/30: train_loss=0.3378 val_auc=0.8103 best=0.8184 patience=5/10
    [gnn] epoch 27/30: train_loss=0.3632 val_auc=0.8091 best=0.8184 patience=6/10
    [gnn] epoch 28/30: train_loss=0.3995 val_auc=0.8077 best=0.8184 patience=7/10
    [gnn] epoch 29/30: train_loss=0.2743 val_auc=0.8070 best=0.8184 patience=8/10
    [gnn] epoch 30/30: train_loss=0.2541 val_auc=0.8040 best=0.8184 patience=9/10
  [gnn] fold 22/25: AUC=0.8184
    [gnn] epoch 01/30: train_loss=1.3203 val_auc=0.7636 best=0.7636 patience=0/10 *
    [gnn] epoch 02/30: train_loss=1.2398 val_auc=0.8020 best=0.8020 patience=0/10 *
    [gnn] epoch 03/30: train_loss=1.1850 val_auc=0.7962 best=0.8020 patience=1/10
    [gnn] epoch 04/30: train_loss=1.1167 val_auc=0.7777 best=0.8020 patience=2/10
    [gnn] epoch 05/30: train_loss=1.1450 val_auc=0.8057 best=0.8057 patience=0/10 *
    [gnn] epoch 06/30: train_loss=0.9926 val_auc=0.8236 best=0.8236 patience=0/10 *
    [gnn] epoch 07/30: train_loss=0.9499 val_auc=0.8110 best=0.8236 patience=1/10
    [gnn] epoch 08/30: train_loss=1.0148 val_auc=0.8330 best=0.8330 patience=0/10 *
    [gnn] epoch 09/30: train_loss=0.8900 val_auc=0.8487 best=0.8487 patience=0/10 *
    [gnn] epoch 10/30: train_loss=0.9394 val_auc=0.8543 best=0.8543 patience=0/10 *
    [gnn] epoch 11/30: train_loss=0.9114 val_auc=0.8542 best=0.8543 patience=1/10
    [gnn] epoch 12/30: train_loss=0.7924 val_auc=0.8590 best=0.8590 patience=0/10 *
    [gnn] epoch 13/30: train_loss=0.7136 val_auc=0.8640 best=0.8640 patience=0/10 *
    [gnn] epoch 14/30: train_loss=0.7410 val_auc=0.8647 best=0.8647 patience=0/10 *
    [gnn] epoch 15/30: train_loss=0.6445 val_auc=0.8475 best=0.8647 patience=1/10
    [gnn] epoch 16/30: train_loss=0.9137 val_auc=0.8498 best=0.8647 patience=2/10
    [gnn] epoch 17/30: train_loss=0.9174 val_auc=0.8725 best=0.8725 patience=0/10 *
    [gnn] epoch 18/30: train_loss=0.5783 val_auc=0.8787 best=0.8787 patience=0/10 *
    [gnn] epoch 19/30: train_loss=0.8368 val_auc=0.8815 best=0.8815 patience=0/10 *
    [gnn] epoch 20/30: train_loss=0.9598 val_auc=0.8842 best=0.8842 patience=0/10 *
    [gnn] epoch 21/30: train_loss=0.7141 val_auc=0.8801 best=0.8842 patience=1/10
    [gnn] epoch 22/30: train_loss=0.5573 val_auc=0.8783 best=0.8842 patience=2/10
    [gnn] epoch 23/30: train_loss=0.5851 val_auc=0.8824 best=0.8842 patience=3/10
    [gnn] epoch 24/30: train_loss=0.4885 val_auc=0.8837 best=0.8842 patience=4/10
    [gnn] epoch 25/30: train_loss=0.5678 val_auc=0.8822 best=0.8842 patience=5/10
    [gnn] epoch 26/30: train_loss=0.5800 val_auc=0.8811 best=0.8842 patience=6/10
    [gnn] epoch 27/30: train_loss=0.4125 val_auc=0.8752 best=0.8842 patience=7/10
    [gnn] epoch 28/30: train_loss=0.6056 val_auc=0.8666 best=0.8842 patience=8/10
    [gnn] epoch 29/30: train_loss=0.9295 val_auc=0.8761 best=0.8842 patience=9/10
    [gnn] epoch 30/30: train_loss=0.6487 val_auc=0.8792 best=0.8842 patience=10/10
    [gnn] early stop at epoch 30
  [gnn] fold 23/25: AUC=0.8842
    [gnn] epoch 01/30: train_loss=1.3238 val_auc=0.8001 best=0.8001 patience=0/10 *
    [gnn] epoch 02/30: train_loss=1.2378 val_auc=0.7932 best=0.8001 patience=1/10
    [gnn] epoch 03/30: train_loss=1.1870 val_auc=0.7801 best=0.8001 patience=2/10
    [gnn] epoch 04/30: train_loss=1.2603 val_auc=0.7965 best=0.8001 patience=3/10
    [gnn] epoch 05/30: train_loss=1.1708 val_auc=0.8024 best=0.8024 patience=0/10 *
    [gnn] epoch 06/30: train_loss=1.1442 val_auc=0.8024 best=0.8024 patience=1/10
    [gnn] epoch 07/30: train_loss=1.0332 val_auc=0.7961 best=0.8024 patience=2/10
    [gnn] epoch 08/30: train_loss=0.9691 val_auc=0.7959 best=0.8024 patience=3/10
    [gnn] epoch 09/30: train_loss=0.9920 val_auc=0.8059 best=0.8059 patience=0/10 *
    [gnn] epoch 10/30: train_loss=0.8786 val_auc=0.8069 best=0.8069 patience=0/10 *
    [gnn] epoch 11/30: train_loss=0.8420 val_auc=0.7988 best=0.8069 patience=1/10
    [gnn] epoch 12/30: train_loss=0.8005 val_auc=0.7990 best=0.8069 patience=2/10
    [gnn] epoch 13/30: train_loss=0.7309 val_auc=0.8064 best=0.8069 patience=3/10
    [gnn] epoch 14/30: train_loss=0.7485 val_auc=0.8065 best=0.8069 patience=4/10
    [gnn] epoch 15/30: train_loss=0.6658 val_auc=0.7980 best=0.8069 patience=5/10
    [gnn] epoch 16/30: train_loss=0.8204 val_auc=0.8025 best=0.8069 patience=6/10
    [gnn] epoch 17/30: train_loss=0.7921 val_auc=0.8097 best=0.8097 patience=0/10 *
    [gnn] epoch 18/30: train_loss=0.5463 val_auc=0.8188 best=0.8188 patience=0/10 *
    [gnn] epoch 19/30: train_loss=0.8078 val_auc=0.8219 best=0.8219 patience=0/10 *
    [gnn] epoch 20/30: train_loss=0.8436 val_auc=0.8234 best=0.8234 patience=0/10 *
    [gnn] epoch 21/30: train_loss=0.5657 val_auc=0.8204 best=0.8234 patience=1/10
    [gnn] epoch 22/30: train_loss=0.7516 val_auc=0.8181 best=0.8234 patience=2/10
    [gnn] epoch 23/30: train_loss=1.1731 val_auc=0.8270 best=0.8270 patience=0/10 *
    [gnn] epoch 24/30: train_loss=0.7688 val_auc=0.8323 best=0.8323 patience=0/10 *
    [gnn] epoch 25/30: train_loss=0.4165 val_auc=0.8357 best=0.8357 patience=0/10 *
    [gnn] epoch 26/30: train_loss=0.4427 val_auc=0.8382 best=0.8382 patience=0/10 *
    [gnn] epoch 27/30: train_loss=0.3821 val_auc=0.8390 best=0.8390 patience=0/10 *
    [gnn] epoch 28/30: train_loss=0.3992 val_auc=0.8433 best=0.8433 patience=0/10 *
    [gnn] epoch 29/30: train_loss=0.3269 val_auc=0.8467 best=0.8467 patience=0/10 *
    [gnn] epoch 30/30: train_loss=0.3406 val_auc=0.8473 best=0.8473 patience=0/10 *
  [gnn] fold 24/25: AUC=0.8473
    [gnn] epoch 01/30: train_loss=1.3307 val_auc=0.7525 best=0.7525 patience=0/10 *
    [gnn] epoch 02/30: train_loss=1.2685 val_auc=0.7882 best=0.7882 patience=0/10 *
    [gnn] epoch 03/30: train_loss=1.2206 val_auc=0.7928 best=0.7928 patience=0/10 *
    [gnn] epoch 04/30: train_loss=1.1466 val_auc=0.8067 best=0.8067 patience=0/10 *
    [gnn] epoch 05/30: train_loss=1.0836 val_auc=0.8317 best=0.8317 patience=0/10 *
    [gnn] epoch 06/30: train_loss=1.0002 val_auc=0.8457 best=0.8457 patience=0/10 *
    [gnn] epoch 07/30: train_loss=1.1005 val_auc=0.8560 best=0.8560 patience=0/10 *
    [gnn] epoch 08/30: train_loss=0.8941 val_auc=0.8564 best=0.8564 patience=0/10 *
    [gnn] epoch 09/30: train_loss=1.0901 val_auc=0.8558 best=0.8564 patience=1/10
    [gnn] epoch 10/30: train_loss=0.9364 val_auc=0.8529 best=0.8564 patience=2/10
    [gnn] epoch 11/30: train_loss=0.9169 val_auc=0.8550 best=0.8564 patience=3/10
    [gnn] epoch 12/30: train_loss=0.9525 val_auc=0.8594 best=0.8594 patience=0/10 *
    [gnn] epoch 13/30: train_loss=0.7063 val_auc=0.8624 best=0.8624 patience=0/10 *
    [gnn] epoch 14/30: train_loss=0.6775 val_auc=0.8609 best=0.8624 patience=1/10
    [gnn] epoch 15/30: train_loss=0.8082 val_auc=0.8607 best=0.8624 patience=2/10
    [gnn] epoch 16/30: train_loss=0.6906 val_auc=0.8597 best=0.8624 patience=3/10
    [gnn] epoch 17/30: train_loss=0.6439 val_auc=0.8599 best=0.8624 patience=4/10
    [gnn] epoch 18/30: train_loss=0.6236 val_auc=0.8605 best=0.8624 patience=5/10
    [gnn] epoch 19/30: train_loss=0.6031 val_auc=0.8618 best=0.8624 patience=6/10
    [gnn] epoch 20/30: train_loss=0.5471 val_auc=0.8644 best=0.8644 patience=0/10 *
    [gnn] epoch 21/30: train_loss=0.5299 val_auc=0.8651 best=0.8651 patience=0/10 *
    [gnn] epoch 22/30: train_loss=0.4979 val_auc=0.8669 best=0.8669 patience=0/10 *
    [gnn] epoch 23/30: train_loss=0.5321 val_auc=0.8682 best=0.8682 patience=0/10 *
    [gnn] epoch 24/30: train_loss=0.4858 val_auc=0.8688 best=0.8688 patience=0/10 *
    [gnn] epoch 25/30: train_loss=0.4037 val_auc=0.8686 best=0.8688 patience=1/10
    [gnn] epoch 26/30: train_loss=0.3795 val_auc=0.8702 best=0.8702 patience=0/10 *
    [gnn] epoch 27/30: train_loss=0.4880 val_auc=0.8711 best=0.8711 patience=0/10 *
    [gnn] epoch 28/30: train_loss=0.4056 val_auc=0.8725 best=0.8725 patience=0/10 *
    [gnn] epoch 29/30: train_loss=0.3188 val_auc=0.8736 best=0.8736 patience=0/10 *
    [gnn] epoch 30/30: train_loss=0.2901 val_auc=0.8743 best=0.8743 patience=0/10 *
  [gnn] fold 25/25: AUC=0.8743
gnn: mean=0.8197, std=0.0496, q25=0.8033, q10=0.7545 over 25 folds
